20260666C/代码与数据/processed/daily_category.csv
date,cat_code,cat_name,qty_net,qty_sold,qty_returned,revenue_net,n_items,avg_retail_price,avg_wholesale_price
2020-07-01,1011010101,花叶类,205.40200000000002,205.40200000000002,0.0,1503.7896,16,7.3212,4.828
2020-07-02,1011010101,花叶类,198.362,198.362,0.0,1409.6647,16,7.1065,4.1626
2020-07-03,1011010101,花叶类,190.779,191.779,1.0,1399.5065,16,7.3335,4.3895
2020-07-08,1011010101,花叶类,152.57,158.57,6.0,1210.445,16,7.8946,4.8436
2020-07-10,1011010101,花叶类,179.833,179.833,0.0,1305.5266,16,7.2596,4.471
2020-08-03,1011010101,花叶类,207.843,207.843,0.0,1680.6198,16,8.086,4.8163
2020-08-08,1011010101,花叶类,311.161,311.161,0.0,2505.7686000000003,16,8.053,4.7875
2020-08-09,1011010101,花叶类,250.58999999999997,250.58999999999997,0.0,2007.366,16,8.0106,4.7152
2020-09-08,1011010101,花叶类,158.329,158.329,0.0,1168.783,16,7.382,4.3011
2020-09-14,1011010101,花叶类,175.844,175.844,0.0,1181.2894,16,6.7178,3.9603
2020-09-15,1011010101,花叶类,156.048,156.048,0.0,1083.0754,16,6.9407,4.0308
2020-09-20,1011010101,花叶类,317.998,317.998,0.0,2192.5508,16,6.8949,3.7218
2020-09-22,1011010101,花叶类,232.243,232.243,0.0,1687.4828,16,7.266,4.0181
2020-09-29,1011010101,花叶类,157.957,157.957,0.0,1291.7204000000002,16,8.1777,4.947
2020-09-30,1011010101,花叶类,177.12900000000002,177.12900000000002,0.0,1375.818,16,7.7673,4.6287
2020-10-02,1011010101,花叶类,244.124,244.124,0.0,1975.4443999999999,16,8.092,4.8081
2020-10-19,1011010101,花叶类,152.709,152.709,0.0,980.456,16,6.4204,3.7794
2020-10-20,1011010101,花叶类,186.078,186.078,0.0,1231.602,16,6.6187,3.9153
2020-10-22,1011010101,花叶类,117.235,117.235,0.0,794.8454,16,6.7799,4.032
2020-11-02,1011010101,花叶类,144.442,144.442,0.0,674.3918,16,4.6689,2.8987
2020-11-03,1011010101,花叶类,135.067,135.067,0.0,642.322,16,4.7556,2.8498
2020-11-05,1011010101,花叶类,146.327,146.327,0.0,698.3254000000001,16,4.7724,2.733
2020-11-06,1011010101,花叶类,142.586,142.586,0.0,689.5884,16,4.8363,2.7459
2020-11-07,1011010101,花叶类,223.593,224.29999999999998,0.707,1052.3028,16,4.6978,2.889
2020-11-08,1011010101,花叶类,209.80800000000002,209.80800000000002,0.0,1000.6624,16,4.7694,2.7284
2020-11-10,1011010101,花叶类,157.962,157.962,0.0,656.1002,16,4.1535,2.4061
2020-11-13,1011010101,花叶类,141.977,141.977,0.0,523.3356,16,3.6861,2.0463
2020-11-16,1011010101,花叶类,140.087,140.087,0.0,646.0148,16,4.6115,2.6643
2020-11-17,1011010101,花叶类,222.517,222.517,0.0,850.9528,16,3.8242,2.254
2020-11-20,1011010101,花叶类,244.555,244.555,0.0,756.6246,16,3.0939,1.8446
2020-11-25,1011010101,花叶类,237.713,237.713,0.0,822.822,16,3.4614,1.9928
2020-11-26,1011010101,花叶类,282.923,282.923,0.0,696.0344,16,2.4602,1.5247
2020-12-01,1011010101,花叶类,287.79699999999997,287.79699999999997,0.0,738.5806,16,2.5663,1.5498
2020-12-02,1011010101,花叶类,213.66500000000002,213.66500000000002,0.0,617.9328,16,2.8921,1.7239
2020-12-10,1011010101,花叶类,188.539,188.539,0.0,540.4644,16,2.8666,1.965
2020-12-14,1011010101,花叶类,197.654,197.654,0.0,618.0596,16,3.127,1.9819
2020-12-16,1011010101,花叶类,152.029,152.029,0.0,504.5324,16,3.3187,2.3542
2020-12-17,1011010101,花叶类,167.799,167.799,0.0,497.9648,16,2.9676,1.8718
2020-12-21,1011010101,花叶类,136.041,136.041,0.0,493.6224,16,3.6285,2.2602
2020-12-23,1011010101,花叶类,143.732,143.966,0.234,577.0702,16,4.0181,2.8286
2020-12-24,1011010101,花叶类,218.53300000000002,218.53300000000002,0.0,631.995,16,2.892,1.9171
2021-01-18,1011010101,花叶类,167.11899999999997,167.11899999999997,0.0,1106.7738,16,6.6227,4.182
2021-01-22,1011010101,花叶类,218.136,218.136,0.0,1295.8024,16,5.9403,4.0585
2021-01-24,1011010101,花叶类,350.342,350.342,0.0,1945.479,16,5.5531,3.8003
2021-01-25,1011010101,花叶类,224.149,224.149,0.0,1167.54,16,5.2088,3.5751
2021-01-29,1011010101,花叶类,151.96200000000002,151.96200000000002,0.0,838.3594,16,5.5169,3.6231
2021-02-17,1011010101,花叶类,180.052,180.052,0.0,943.6824,16,5.2412,3.3725
2021-02-18,1011010101,花叶类,227.336,227.336,0.0,1299.145,16,5.7146,3.8538
2021-02-19,1011010101,花叶类,184.16899999999998,184.16899999999998,0.0,994.0222,16,5.3973,3.8101
2021-02-24,1011010101,花叶类,190.158,190.158,0.0,959.482,16,5.0457,2.9397
2021-02-28,1011010101,花叶类,305.647,309.688,4.041,1446.1798000000001,16,4.6959,2.9815
2021-03-26,1011010101,花叶类,167.327,167.327,0.0,1299.9608,16,7.769,4.5493
2021-03-31,1011010101,花叶类,143.294,143.294,0.0,1024.061,16,7.1466,4.4709
2021-05-16,1011010101,花叶类,212.588,212.588,0.0,1029.1526,16,4.8411,2.7678
2021-05-25,1011010101,花叶类,130.32500000000002,130.32500000000002,0.0,664.0590000000001,16,5.0954,3.1798
2021-06-04,1011010101,花叶类,121.093,121.093,0.0,601.6274000000001,16,4.9683,3.0676
2021-06-17,1011010101,花叶类,113.507,113.507,0.0,546.9986,16,4.8191,2.7497
2021-06-19,1011010101,花叶类,203.369,203.369,0.0,1137.2068,16,5.5918,3.2107
2021-06-20,1011010101,花叶类,202.30700000000002,202.30700000000002,0.0,1083.797,16,5.3572,3.1377
2021-06-22,1011010101,花叶类,126.151,126.439,0.288,736.1124,16,5.8401,3.1454
2021-06-27,1011010101,花叶类,213.547,213.547,0.0,1296.8696,16,6.073,3.621
2021-07-14,1011010101,花叶类,163.863,163.863,0.0,892.806,16,5.4485,3.165
2021-07-16,1011010101,花叶类,236.055,236.055,0.0,1379.338,16,5.8433,3.1678
2021-07-24,1011010101,花叶类,206.923,206.923,0.0,1342.5908,16,6.4884,3.6293
2021-07-25,1011010101,花叶类,248.502,248.502,0.0,1560.2746,16,6.2787,3.7663
2021-07-26,1011010101,花叶类,155.365,155.365,0.0,986.5698,16,6.35,3.7294
2021-08-02,1011010101,花叶类,283.115,283.115,0.0,1894.6238,16,6.6921,3.8063
2021-08-05,1011010101,花叶类,245.944,245.944,0.0,1569.2484,16,6.3805,3.7712
2021-08-07,1011010101,花叶类,232.089,232.089,0.0,1516.8392000000001,16,6.5356,3.8746
2021-08-11,1011010101,花叶类,225.45,225.45,0.0,1570.7226,16,6.9671,4.0392
2021-08-22,1011010101,花叶类,281.156,281.156,0.0,2067.0782,16,7.3521,4.4037
2021-08-27,1011010101,花叶类,259.053,259.053,0.0,1971.2064,16,7.6093,4.5797
2021-10-05,1011010101,花叶类,180.889,183.026,2.137,1407.9388000000001,16,7.7716,4.6825
2021-10-22,1011010101,花叶类,75.936,75.936,0.0,759.924,16,10.0074,5.8986
2021-10-24,1011010101,花叶类,101.014,101.014,0.0,1038.1104,16,10.2769,6.0813
2021-10-25,1011010101,花叶类,48.556,48.556,0.0,479.7944,16,9.8813,6.289
2021-10-26,1011010101,花叶类,66.948,66.948,0.0,680.849,16,10.1698,6.5744
2021-10-28,1011010101,花叶类,80.941,80.941,0.0,688.715,16,8.5089,5.6487
2021-10-29,1011010101,花叶类,89.73,89.73,0.0,859.3716000000001,16,9.5773,6.3023
2021-10-31,1011010101,花叶类,92.342,92.342,0.0,847.749,16,9.1805,6.3622
2021-11-01,1011010101,花叶类,60.969,60.969,0.0,564.2226,16,9.2543,6.2319
2021-11-06,1011010101,花叶类,108.548,108.548,0.0,903.357,16,8.3222,5.0126
2021-11-14,1011010101,花叶类,99.456,99.456,0.0,861.476,16,8.6619,5.3047
2021-11-18,1011010101,花叶类,41.864000000000004,41.864000000000004,0.0,353.2604,16,8.4383,5.0204
2021-11-21,1011010101,花叶类,80.775,80.775,0.0,618.4202,16,7.6561,4.7125
2021-12-23,1011010101,花叶类,91.213,91.213,0.0,411.1322,16,4.5074,2.5938
2021-12-29,1011010101,花叶类,68.16499999999999,68.16499999999999,0.0,309.248,16,4.5368,2.6426
2022-02-25,1011010101,花叶类,96.432,96.432,0.0,584.8488,16,6.0649,3.7816
2022-03-10,1011010101,花叶类,73.508,73.508,0.0,376.8612,16,5.1268,3.1181
2022-03-12,1011010101,花叶类,129.766,129.766,0.0,890.7004000000001,16,6.8639,4.2262
2022-05-24,1011010101,花叶类,122.403,122.403,0.0,753.5644,16,6.1564,3.6734
2022-05-25,1011010101,花叶类,84.787,84.787,0.0,512.604,16,6.0458,3.5754
2022-06-01,1011010101,花叶类,90.488,90.488,0.0,412.1648,16,4.5549,2.9271
2022-06-21,1011010101,花叶类,110.973,110.973,0.0,512.5522,16,4.6187,2.7659
2022-07-20,1011010101,花叶类,160.945,161.158,0.213,1007.9658000000001,16,6.2632,3.8525
2022-07-26,1011010101,花叶类,161.551,161.702,0.151,998.211,16,6.1806,3.8607
2022-07-28,1011010101,花叶类,170.77100000000002,170.77100000000002,0.0,1037.2023,16,6.0736,3.8433
2022-08-02,1011010101,花叶类,270.798,270.798,0.0,1026.8516,16,3.792,2.2344
2022-08-09,1011010101,花叶类,322.432,322.432,0.0,1196.0281,16,3.7094,2.0579
2022-08-14,1011010101,花叶类,394.71500000000003,394.71500000000003,0.0,1512.0801,16,3.8308,2.1115
2022-08-15,1011010101,花叶类,347.367,347.367,0.0,1321.187,16,3.8034,2.2508
2022-08-19,1011010101,花叶类,399.426,401.426,2.0,1810.8704,16,4.5255,2.4757
2022-08-24,1011010101,花叶类,233.767,233.767,0.0,897.6639,16,3.84,2.5878
2022-09-01,1011010101,花叶类,311.034,311.034,0.0,1325.502,16,4.2616,2.9285
2022-09-05,1011010101,花叶类,285.889,285.889,0.0,1493.1119,16,5.2227,3.327
2022-09-06,1011010101,花叶类,250.203,250.203,0.0,1416.0133,16,5.6595,3.4001
2022-09-27,1011010101,花叶类,158.187,158.187,0.0,689.4802,16,4.3586,2.1639
2022-10-02,1011010101,花叶类,253.861,253.861,0.0,1199.859,16,4.7264,2.3734
2022-10-06,1011010101,花叶类,353.217,353.217,0.0,1476.3984,16,4.1799,1.9598
2022-10-09,1011010101,花叶类,342.075,342.075,0.0,1389.7198,16,4.0626,2.1618
2022-10-16,1011010101,花叶类,367.681,367.681,0.0,1506.0988,16,4.0962,2.1168
2022-10-18,1011010101,花叶类,273.91,273.91,0.0,1070.6236,16,3.9087,2.1582
2022-10-26,1011010101,花叶类,226.63299999999998,226.63299999999998,0.0,807.9788,16,3.5651,2.1166
2022-10-29,1011010101,花叶类,367.13100000000003,368.13100000000003,1.0,1363.9806,16,3.7174,2.061
2022-11-05,1011010101,花叶类,190.42100000000002,190.42100000000002,0.0,923.401,16,4.8493,2.8077
2022-11-14,1011010101,花叶类,180.626,180.626,0.0,410.3548,16,2.2719,1.0378
2022-11-24,1011010101,花叶类,260.618,260.618,0.0,831.5844,16,3.1908,1.1982
2022-11-26,1011010101,花叶类,352.51099999999997,352.51099999999997,0.0,1096.8766,16,3.1116,1.3086
2022-12-15,1011010101,花叶类,291.759,291.759,0.0,879.483,16,3.0144,1.6649
2022-12-19,1011010101,花叶类,201.178,201.178,0.0,791.6082,16,3.9349,2.2212
2022-12-22,1011010101,花叶类,223.248,223.75,0.502,859.971,16,3.8704,2.2127
2020-07-01,1011010201,花菜类,46.64,47.076,0.436,592.53,2,12.7163,8.4085
2020-07-02,1011010201,花菜类,43.943,43.943,0.0,546.032,2,12.4259,7.8359
2020-07-03,1011010201,花菜类,42.076,42.076,0.0,495.368,2,11.7732,7.4261
2020-07-04,1011010201,花菜类,55.662,55.662,0.0,702.1859999999999,2,12.6152,8.2175
2020-07-05,1011010201,花菜类,55.474000000000004,55.474000000000004,0.0,697.982,2,12.5821,8.3972
2020-07-06,1011010201,花菜类,42.721000000000004,42.721000000000004,0.0,506.3038,2,11.8514,7.8191
2020-07-07,1011010201,花菜类,45.749,45.749,0.0,526.991,2,11.5192,7.3143
2020-07-08,1011010201,花菜类,45.43300000000001,45.43300000000001,0.0,532.102,2,11.7118,7.3418
2020-07-09,1011010201,花菜类,41.131,41.131,0.0,496.204,2,12.064,7.5509
2020-07-10,1011010201,花菜类,62.343999999999994,62.343999999999994,0.0,659.9567999999999,2,10.5858,6.5459
2020-07-11,1011010201,花菜类,76.564,76.564,0.0,784.2707,2,10.2433,6.282
2020-07-12,1011010201,花菜类,71.615,71.615,0.0,777.0745000000001,2,10.8507,6.3266
2020-07-13,1011010201,花菜类,32.028,32.028,0.0,315.37620000000004,2,9.8469,5.7496
2020-07-14,1011010201,花菜类,57.575,57.575,0.0,558.9169,2,9.7076,5.2489
2020-07-15,1011010201,花菜类,37.962,37.962,0.0,375.1279,2,9.8817,5.2917
2020-07-16,1011010201,花菜类,39.45,39.45,0.0,417.22800000000007,2,10.5761,5.7357
2020-07-17,1011010201,花菜类,44.198,44.198,0.0,455.7297,2,10.3111,5.7805
2020-07-18,1011010201,花菜类,61.087999999999994,61.087999999999994,0.0,634.3341,2,10.3839,5.8223
2020-07-19,1011010201,花菜类,76.351,76.351,0.0,809.2379000000001,2,10.5989,5.9668
2020-07-20,1011010201,花菜类,47.431,47.431,0.0,411.38919999999996,2,8.6734,4.9678
2020-07-21,1011010201,花菜类,49.004999999999995,49.004999999999995,0.0,461.4358,2,9.4161,5.351
2020-07-22,1011010201,花菜类,53.675,53.675,0.0,531.4384,2,9.901,5.5923
2020-07-23,1011010201,花菜类,39.425,39.425,0.0,420.2273,2,10.6589,6.3552
2020-07-24,1011010201,花菜类,37.69500000000001,38.284000000000006,0.589,404.50509999999997,2,10.689,6.6025
2020-07-25,1011010201,花菜类,57.421,57.421,0.0,620.8881,2,10.8129,6.9298
2020-07-26,1011010201,花菜类,64.119,64.119,0.0,711.6964,2,11.0996,7.285
2020-07-27,1011010201,花菜类,42.876000000000005,42.876000000000005,0.0,463.1993,2,10.8032,7.0738
2020-07-28,1011010201,花菜类,34.937,34.937,0.0,379.23389999999995,2,10.8548,6.9257
2020-07-29,1011010201,花菜类,42.22,42.22,0.0,486.9335,2,11.5333,7.4894
2020-07-30,1011010201,花菜类,38.198,38.198,0.0,392.41679999999997,2,10.2732,6.4965
2020-07-31,1011010201,花菜类,37.549,37.549,0.0,393.0233,2,10.4669,6.6599
2020-08-01,1011010201,花菜类,54.361999999999995,54.361999999999995,0.0,607.9993000000001,2,11.1843,7.4588
2020-08-02,1011010201,花菜类,49.219,49.219,0.0,556.502,2,11.3066,7.584
2020-08-03,1011010201,花菜类,44.426,44.426,0.0,492.02799999999996,2,11.0752,7.0828
2020-08-04,1011010201,花菜类,44.534000000000006,44.534000000000006,0.0,484.39,2,10.8769,6.7143
2020-08-05,1011010201,花菜类,43.631,43.631,0.0,446.40999999999997,2,10.2315,6.2307
2020-08-06,1011010201,花菜类,40.827,40.827,0.0,394.476,2,9.6621,5.8416
2020-08-07,1011010201,花菜类,40.272000000000006,40.272000000000006,0.0,438.672,2,10.8927,6.6117
2020-08-08,1011010201,花菜类,58.156000000000006,58.156000000000006,0.0,619.8679999999999,2,10.6587,6.3856
2020-08-09,1011010201,花菜类,54.876,54.876,0.0,655.23,2,11.9402,8.1957
2020-08-10,1011010201,花菜类,50.7,50.7,0.0,589.83,2,11.6337,7.9973
2020-08-11,1011010201,花菜类,56.278999999999996,56.278999999999996,0.0,643.296,2,11.4305,7.0602
2020-08-12,1011010201,花菜类,50.065,50.065,0.0,581.3,2,11.6109,6.9638
2020-08-13,1011010201,花菜类,47.468,47.468,0.0,494.769,2,10.4232,6.9713
2020-08-14,1011010201,花菜类,58.581999999999994,58.581999999999994,0.0,598.5409999999999,2,10.2171,6.2603
2020-08-15,1011010201,花菜类,79.38,79.38,0.0,680.84,2,8.577,5.0877
2020-08-16,1011010201,花菜类,60.230999999999995,60.230999999999995,0.0,634.4398,2,10.5334,6.8012
2020-08-17,1011010201,花菜类,51.749,51.749,0.0,535.1469999999999,2,10.3412,6.31
2020-08-18,1011010201,花菜类,55.92,55.92,0.0,551.62,2,9.8644,6.1524
2020-08-19,1011010201,花菜类,64.061,64.061,0.0,591.306,2,9.2304,6.4993
2020-08-20,1011010201,花菜类,69.58699999999999,69.58699999999999,0.0,630.3,2,9.0577,6.1452
2020-08-21,1011010201,花菜类,50.062,50.062,0.0,507.66,2,10.1406,6.0669
2020-08-22,1011010201,花菜类,55.886,55.886,0.0,563.7560000000001,2,10.0876,5.9174
2020-08-23,1011010201,花菜类,71.556,71.556,0.0,775.273,2,10.8345,6.3645
2020-08-24,1011010201,花菜类,41.784,41.784,0.0,439.187,2,10.5109,6.6919
2020-08-25,1011010201,花菜类,47.760999999999996,47.760999999999996,0.0,527.521,2,11.045,6.8386
2020-08-26,1011010201,花菜类,82.544,82.544,0.0,915.261,2,11.0882,7.6111
2020-08-27,1011010201,花菜类,92.506,92.506,0.0,935.528,2,10.1132,7.7141
2020-08-28,1011010201,花菜类,39.93,39.93,0.0,387.05600000000004,2,9.6934,6.6447
2020-08-29,1011010201,花菜类,56.803,56.803,0.0,583.74,2,10.2766,7.134
2020-08-30,1011010201,花菜类,80.779,80.779,0.0,815.7,2,10.0979,6.7795
2020-08-31,1011010201,花菜类,54.722,54.722,0.0,546.932,2,9.9947,6.1627
2020-09-01,1011010201,花菜类,55.858000000000004,55.858000000000004,0.0,566.672,2,10.1449,6.5939
2020-09-02,1011010201,花菜类,38.715999999999994,38.715999999999994,0.0,393.956,2,10.1755,6.4813
2020-09-03,1011010201,花菜类,38.893,38.893,0.0,386.36,2,9.9339,6.0048
2020-09-04,1011010201,花菜类,46.612,46.612,0.0,460.088,2,9.8706,5.8006
2020-09-05,1011010201,花菜类,57.828,57.828,0.0,582.46,2,10.0723,6.0246
2020-09-06,1011010201,花菜类,53.202,53.202,0.0,592.318,2,11.1334,6.3201
2020-09-07,1011010201,花菜类,26.256999999999998,26.256999999999998,0.0,293.35400000000004,2,11.1724,6.3365
2020-09-08,1011010201,花菜类,33.239,33.239,0.0,371.65,2,11.1811,6.601
2020-09-09,1011010201,花菜类,32.730000000000004,32.730000000000004,0.0,363.64,2,11.1103,6.6891
2020-09-10,1011010201,花菜类,57.319,57.319,0.0,660.568,2,11.5244,7.6998
2020-09-11,1011010201,花菜类,31.537999999999997,31.537999999999997,0.0,290.536,2,9.2122,6.5882
2020-09-12,1011010201,花菜类,43.337,43.337,0.0,451.515,2,10.4187,7.3091
2020-09-13,1011010201,花菜类,41.704,41.704,0.0,419.798,2,10.0661,6.9787
2020-09-14,1011010201,花菜类,64.257,64.257,0.0,677.2249999999999,2,10.5393,6.6784
2020-09-15,1011010201,花菜类,29.878,29.878,0.0,305.848,2,10.2366,6.4287
2020-09-16,1011010201,花菜类,59.448,59.448,0.0,614.392,2,10.335,6.7716
2020-09-17,1011010201,花菜类,32.647999999999996,32.647999999999996,0.0,331.394,2,10.1505,6.467
2020-09-18,1011010201,花菜类,27.705,27.705,0.0,279.765,2,10.098,6.2968
2020-09-19,1011010201,花菜类,82.76,82.76,0.0,769.5468000000001,2,9.2985,6.3592
2020-09-20,1011010201,花菜类,53.497,53.497,0.0,480.424,2,8.9804,5.318
2020-09-21,1011010201,花菜类,39.191,39.191,0.0,366.707,2,9.3569,5.6798
2020-09-22,1011010201,花菜类,40.905,40.905,0.0,433.26,2,10.5919,6.6355
2020-09-23,1011010201,花菜类,31.971999999999998,31.971999999999998,0.0,356.026,2,11.1356,6.7116
2020-09-24,1011010201,花菜类,38.952,38.952,0.0,480.076,2,12.3248,8.0849
2020-09-25,1011010201,花菜类,41.561,41.561,0.0,545.658,2,13.1291,8.5127
2020-09-26,1011010201,花菜类,86.643,86.643,0.0,1074.982,2,12.407,7.7189
2020-09-27,1011010201,花菜类,35.964,35.964,0.0,420.324,2,11.6874,7.199
2020-09-28,1011010201,花菜类,24.576,24.576,0.0,296.928,2,12.082,7.5517
2020-09-29,1011010201,花菜类,28.105,28.105,0.0,341.57,2,12.1534,7.342
2020-09-30,1011010201,花菜类,60.771,60.771,0.0,742.159,2,12.2124,7.441
2020-10-01,1011010201,花菜类,93.92800000000001,93.92800000000001,0.0,1137.434,2,12.1096,7.6036
2020-10-02,1011010201,花菜类,67.14500000000001,67.14500000000001,0.0,807.854,2,12.0315,7.6552
2020-10-03,1011010201,花菜类,44.493,44.493,0.0,531.162,2,11.9381,7.6904
2020-10-04,1011010201,花菜类,34.491,34.491,0.0,397.086,2,11.5127,6.4484
2020-10-05,1011010201,花菜类,92.279,92.279,0.0,852.924,2,9.2429,5.9448
2020-10-06,1011010201,花菜类,108.157,108.157,0.0,806.134,2,7.4534,4.4993
2020-10-07,1011010201,花菜类,56.266000000000005,56.266000000000005,0.0,555.216,2,9.8677,5.8454
2020-10-08,1011010201,花菜类,49.58,49.58,0.0,455.944,2,9.1961,5.5981
2020-10-09,1011010201,花菜类,55.845,55.845,0.0,650.552,2,11.6492,6.6567
2020-10-10,1011010201,花菜类,37.393,37.393,0.0,380.184,2,10.1673,5.9592
2020-10-11,1011010201,花菜类,60.47,60.47,0.0,676.9000000000001,2,11.194,6.6782
2020-10-12,1011010201,花菜类,34.815,34.815,0.0,336.77,2,9.6731,5.6077
2020-10-13,1011010201,花菜类,47.321,47.321,0.0,423.006,2,8.9391,5.11
2020-10-14,1011010201,花菜类,48.259,48.259,0.0,434.52,2,9.0039,5.2777
2020-10-15,1011010201,花菜类,59.623999999999995,59.623999999999995,0.0,473.1296,2,7.9352,5.4578
2020-10-16,1011010201,花菜类,88.36099999999999,88.36099999999999,0.0,701.106,2,7.9346,5.0966
2020-10-17,1011010201,花菜类,109.31099999999999,109.31099999999999,0.0,988.018,2,9.0386,5.5072
2020-10-18,1011010201,花菜类,91.597,91.597,0.0,818.306,2,8.9338,5.5383
2020-10-19,1011010201,花菜类,57.412,57.412,0.0,490.304,2,8.5401,5.2611
2020-10-20,1011010201,花菜类,30.899,30.899,0.0,259.082,2,8.3848,4.934
