20260666C/代码与数据/processed/daily_category.csv
date,cat_code,cat_name,qty_net,qty_sold,qty_returned,revenue_net,n_items,avg_retail_price,avg_wholesale_price
2020-10-21,1011010201,花菜类,40.555,40.555,0.0,356.971,2,8.8021,5.3316
2020-10-22,1011010201,花菜类,26.166,26.166,0.0,223.062,2,8.5249,5.3948
2020-10-23,1011010201,花菜类,23.854,23.854,0.0,221.51800000000003,2,9.2864,5.5232
2020-10-24,1011010201,花菜类,31.113,31.113,0.0,278.339,2,8.9461,5.3144
2020-10-25,1011010201,花菜类,43.114,43.114,0.0,383.49,2,8.8948,5.5564
2020-10-26,1011010201,花菜类,22.371,22.371,0.0,213.357,2,9.5372,6.1534
2020-10-27,1011010201,花菜类,23.305,23.305,0.0,228.922,2,9.8229,6.9776
2020-10-28,1011010201,花菜类,30.296999999999997,30.296999999999997,0.0,274.37199999999996,2,9.0561,5.7596
2020-10-29,1011010201,花菜类,24.902,24.902,0.0,215.89600000000002,2,8.6698,5.8453
2020-10-30,1011010201,花菜类,28.939,28.939,0.0,243.1674,2,8.4028,5.8841
2020-10-31,1011010201,花菜类,82.701,82.701,0.0,712.5239999999999,2,8.6157,5.8783
2020-11-01,1011010201,花菜类,69.062,69.062,0.0,608.448,2,8.8102,6.0117
2020-11-02,1011010201,花菜类,32.726,32.726,0.0,271.2468,2,8.2884,5.6229
2020-11-03,1011010201,花菜类,51.94500000000001,52.370000000000005,0.425,440.26839999999993,2,8.4815,4.9207
2020-11-04,1011010201,花菜类,67.527,67.527,0.0,474.668,2,7.0293,4.6759
2020-11-05,1011010201,花菜类,57.354,57.354,0.0,400.5954,2,6.9846,4.4175
2020-11-06,1011010201,花菜类,95.136,95.136,0.0,458.1672,2,4.8159,3.2754
2020-11-07,1011010201,花菜类,121.453,121.453,0.0,703.7704,2,5.7946,3.8565
2020-11-08,1011010201,花菜类,125.591,125.591,0.0,705.308,2,5.6159,3.9458
2020-11-09,1011010201,花菜类,57.592,57.592,0.0,349.243,2,6.0641,4.2387
2020-11-10,1011010201,花菜类,25.698,25.698,0.0,160.224,2,6.2349,3.6085
2020-11-11,1011010201,花菜类,63.25,63.25,0.0,364.27200000000005,2,5.7592,4.5056
2020-11-12,1011010201,花菜类,13.405999999999999,13.405999999999999,0.0,77.774,2,5.8014,3.9098
2020-11-13,1011010201,花菜类,60.306,60.306,0.0,332.536,2,5.5141,4.0389
2020-11-14,1011010201,花菜类,84.001,84.001,0.0,457.3816,2,5.445,4.2224
2020-11-15,1011010201,花菜类,77.798,77.798,0.0,423.2864,2,5.4408,4.0017
2020-11-16,1011010201,花菜类,48.64,48.64,0.0,260.72159999999997,2,5.3602,3.7682
2020-11-17,1011010201,花菜类,43.621,43.621,0.0,238.60879999999997,2,5.47,3.9115
2020-11-18,1011010201,花菜类,50.438,50.438,0.0,240.732,2,4.7728,3.6596
2020-11-19,1011010201,花菜类,77.165,77.165,0.0,362.2798,2,4.6949,3.305
2020-11-20,1011010201,花菜类,52.70099999999999,52.70099999999999,0.0,256.383,2,4.8649,3.3797
2020-11-21,1011010201,花菜类,114.066,114.066,0.0,487.836,2,4.2768,2.9721
2020-11-22,1011010201,花菜类,119.596,119.596,0.0,508.1144,2,4.2486,2.4219
2020-11-23,1011010201,花菜类,74.623,74.623,0.0,304.9214,2,4.0862,2.2688
2020-11-24,1011010201,花菜类,60.92700000000001,60.92700000000001,0.0,268.04519999999997,2,4.3994,2.3518
2020-11-25,1011010201,花菜类,37.137,37.137,0.0,152.5724,2,4.1084,2.6115
2020-11-26,1011010201,花菜类,34.766000000000005,34.766000000000005,0.0,162.3144,2,4.6688,3.0661
2020-11-27,1011010201,花菜类,28.934,28.934,0.0,135.982,2,4.6997,2.9598
2020-11-28,1011010201,花菜类,79.441,79.441,0.0,429.05600000000004,2,5.4009,3.722
2020-11-29,1011010201,花菜类,77.33500000000001,77.33500000000001,0.0,423.094,2,5.4709,3.938
2020-11-30,1011010201,花菜类,41.156000000000006,41.156000000000006,0.0,217.5304,2,5.2855,3.4781
2020-12-01,1011010201,花菜类,25.82,25.82,0.0,140.336,2,5.4352,3.6702
2020-12-02,1011010201,花菜类,24.46,24.46,0.0,134.512,2,5.4993,3.6647
2020-12-03,1011010201,花菜类,27.342,27.342,0.0,162.4644,2,5.9419,4.1776
2020-12-04,1011010201,花菜类,27.457,27.457,0.0,169.067,2,6.1575,4.4528
2020-12-05,1011010201,花菜类,72.116,72.116,0.0,422.49120000000005,2,5.8585,4.8162
2020-12-06,1011010201,花菜类,67.968,67.968,0.0,486.784,2,7.162,4.7444
2020-12-07,1011010201,花菜类,29.017,29.017,0.0,196.98000000000002,2,6.7884,4.7071
2020-12-08,1011010201,花菜类,29.686,29.686,0.0,211.39999999999998,2,7.1212,5.038
2020-12-09,1011010201,花菜类,20.825,20.825,0.0,146.632,2,7.0412,5.0603
2020-12-10,1011010201,花菜类,20.405,20.405,0.0,137.45,2,6.7361,4.8985
2020-12-11,1011010201,花菜类,30.644,30.644,0.0,220.46599999999998,2,7.1944,5.1665
2020-12-12,1011010201,花菜类,65.466,65.792,0.326,464.554,2,7.1006,5.1543
2020-12-13,1011010201,花菜类,78.67,78.67,0.0,560.8199999999999,2,7.1288,4.8235
2020-12-14,1011010201,花菜类,33.376000000000005,33.376000000000005,0.0,228.478,2,6.8456,4.5734
2020-12-15,1011010201,花菜类,33.43,33.43,0.0,223.388,2,6.6823,4.4577
2020-12-16,1011010201,花菜类,26.065,26.065,0.0,190.154,2,7.2954,4.7285
2020-12-17,1011010201,花菜类,31.098,31.098,0.0,209.04399999999998,2,6.7221,4.3927
2020-12-18,1011010201,花菜类,26.454,26.454,0.0,186.44600000000003,2,7.0479,4.7583
2020-12-19,1011010201,花菜类,60.29,60.29,0.0,432.552,2,7.1745,4.8288
2020-12-20,1011010201,花菜类,89.851,89.851,0.0,648.932,2,7.2223,4.6867
2020-12-21,1011010201,花菜类,37.057,37.057,0.0,256.254,2,6.9151,4.8462
2020-12-22,1011010201,花菜类,27.345999999999997,27.345999999999997,0.0,199.29999999999998,2,7.2881,5.18
2020-12-23,1011010201,花菜类,39.823,39.823,0.0,310.532,2,7.7978,5.4462
2020-12-24,1011010201,花菜类,39.293,39.293,0.0,288.801,2,7.3499,5.1984
2020-12-25,1011010201,花菜类,33.711,33.711,0.0,253.322,2,7.5145,5.6972
2020-12-26,1011010201,花菜类,62.717,62.717,0.0,539.789,2,8.6067,5.8494
2020-12-27,1011010201,花菜类,51.016000000000005,51.016000000000005,0.0,403.328,2,7.9059,5.8038
2020-12-28,1011010201,花菜类,33.949,33.949,0.0,257.134,2,7.5741,5.5859
2020-12-29,1011010201,花菜类,33.714,33.714,0.0,273.704,2,8.1184,5.8557
2020-12-30,1011010201,花菜类,33.438,33.438,0.0,283.356,2,8.4741,5.7939
2020-12-31,1011010201,花菜类,23.092,23.092,0.0,208.71,2,9.0382,5.8311
2021-01-01,1011010201,花菜类,55.985,55.985,0.0,503.328,2,8.9904,5.8503
2021-01-02,1011010201,花菜类,31.833,31.833,0.0,275.116,2,8.6425,5.6175
2021-01-03,1011010201,花菜类,50.09,50.09,0.0,464.002,2,9.2634,6.2091
2021-01-04,1011010201,花菜类,24.728,24.728,0.0,223.92399999999998,2,9.0555,6.2133
2021-01-05,1011010201,花菜类,49.049,49.049,0.0,429.084,2,8.7481,6.0528
2021-01-06,1011010201,花菜类,51.711,51.711,0.0,439.13,2,8.492,6.1886
2021-01-07,1011010201,花菜类,42.427,42.427,0.0,379.626,2,8.9477,6.1145
2021-01-08,1011010201,花菜类,29.703000000000003,29.703000000000003,0.0,287.149,2,9.6673,6.2274
2021-01-09,1011010201,花菜类,47.188,47.188,0.0,525.928,2,11.1454,7.0285
2021-01-10,1011010201,花菜类,57.696,57.696,0.0,649.778,2,11.2621,7.4353
2021-01-11,1011010201,花菜类,28.862000000000002,28.862000000000002,0.0,339.026,2,11.7464,7.1694
2021-01-12,1011010201,花菜类,18.847,18.847,0.0,235.887,2,12.5159,7.5744
2021-01-13,1011010201,花菜类,25.301,25.301,0.0,305.3544,2,12.0689,8.1295
2021-01-14,1011010201,花菜类,34.119,34.119,0.0,408.191,2,11.9637,8.6066
2021-01-15,1011010201,花菜类,30.979,30.979,0.0,385.207,2,12.4345,8.179
2021-01-16,1011010201,花菜类,45.807,45.807,0.0,570.161,2,12.447,8.2164
2021-01-18,1011010201,花菜类,33.17,33.17,0.0,424.442,2,12.796,8.4805
2021-01-22,1011010201,花菜类,32.636,32.636,0.0,421.646,2,12.9197,8.4442
2021-01-25,1011010201,花菜类,34.554,34.554,0.0,408.48519999999996,2,11.8216,8.4384
2021-01-28,1011010201,花菜类,47.788,47.788,0.0,527.25,2,11.0331,7.0225
2021-01-30,1011010201,花菜类,63.123999999999995,63.123999999999995,0.0,631.24,2,10.0,6.582
2021-01-31,1011010201,花菜类,37.907,37.907,0.0,379.07,2,10.0,6.4608
2021-02-01,1011010201,花菜类,25.144,25.144,0.0,251.44,2,10.0,6.5444
2021-02-02,1011010201,花菜类,41.328,41.328,0.0,413.28,2,10.0,6.5273
2021-02-03,1011010201,花菜类,84.61500000000001,84.61500000000001,0.0,697.917,2,8.2481,6.0095
2021-02-04,1011010201,花菜类,69.983,69.983,0.0,580.8679999999999,2,8.3001,5.1909
2021-02-05,1011010201,花菜类,58.169,58.169,0.0,482.49199999999996,2,8.2947,5.1262
2021-02-06,1011010201,花菜类,75.497,75.497,0.0,631.751,2,8.3679,5.0712
2021-02-07,1011010201,花菜类,53.682,53.682,0.0,463.148,2,8.6276,5.0697
2021-02-08,1011010201,花菜类,122.215,122.215,0.0,961.794,2,7.8697,4.8325
2021-02-10,1011010201,花菜类,167.055,167.055,0.0,1508.258,2,9.0285,4.9451
2021-02-14,1011010201,花菜类,16.607,16.607,0.0,138.567,2,8.3439,5.3581
2021-02-15,1011010201,花菜类,41.123,41.123,0.0,327.813,2,7.9715,5.0792
2021-02-16,1011010201,花菜类,40.493,40.493,0.0,337.344,2,8.3309,5.7151
2021-02-17,1011010201,花菜类,33.589,33.589,0.0,255.793,2,7.6154,5.5762
2021-02-18,1011010201,花菜类,56.001000000000005,56.001000000000005,0.0,366.756,2,6.5491,5.3037
2021-02-19,1011010201,花菜类,47.197,47.197,0.0,285.22900000000004,2,6.0434,4.8938
2021-02-20,1011010201,花菜类,39.445,39.445,0.0,255.507,2,6.4776,4.466
2021-02-21,1011010201,花菜类,35.248000000000005,35.248000000000005,0.0,246.91700000000003,2,7.0051,4.7046
2021-02-22,1011010201,花菜类,30.813,30.813,0.0,193.83999999999997,2,6.2909,4.715
2021-02-23,1011010201,花菜类,24.456,24.456,0.0,153.632,2,6.282,4.7138
2021-02-24,1011010201,花菜类,37.41,37.41,0.0,224.46,2,6.0,3.9674
2021-02-25,1011010201,花菜类,39.885000000000005,39.885000000000005,0.0,239.31,2,6.0,4.1451
2021-02-26,1011010201,花菜类,70.064,70.064,0.0,490.668,2,7.0031,4.7371
2021-02-27,1011010201,花菜类,74.70400000000001,74.70400000000001,0.0,577.005,2,7.7239,4.8804
2021-02-28,1011010201,花菜类,54.382,54.673,0.291,407.9008,2,7.5065,4.8923
2021-03-01,1011010201,花菜类,28.579,28.579,0.0,230.27,2,8.0573,4.7972
2021-03-02,1011010201,花菜类,40.61,40.61,0.0,330.168,2,8.1302,5.2497
2021-03-03,1011010201,花菜类,22.009999999999998,22.009999999999998,0.0,186.7806,2,8.4862,4.806
2021-03-04,1011010201,花菜类,18.951999999999998,18.951999999999998,0.0,157.2054,2,8.2949,4.6965
2021-03-05,1011010201,花菜类,41.955,41.955,0.0,344.398,2,8.2087,4.7801
2021-03-06,1011010201,花菜类,64.332,64.332,0.0,527.4452,2,8.1988,4.9238
2021-03-07,1011010201,花菜类,84.586,84.586,0.0,561.3355999999999,2,6.6363,4.4619
2021-03-08,1011010201,花菜类,45.65,45.65,0.0,323.4144,2,7.0847,3.972
2021-03-09,1011010201,花菜类,34.073,34.073,0.0,241.632,2,7.0916,4.2959
2021-03-10,1011010201,花菜类,25.101,25.101,0.0,197.311,2,7.8607,4.3299
2021-03-11,1011010201,花菜类,30.749000000000002,30.749000000000002,0.0,257.843,2,8.3854,4.1682
2021-03-12,1011010201,花菜类,31.281999999999996,31.281999999999996,0.0,267.604,2,8.5546,4.8508
2021-03-13,1011010201,花菜类,43.016999999999996,43.016999999999996,0.0,381.08799999999997,2,8.859,5.0414
2021-03-14,1011010201,花菜类,41.13,41.13,0.0,376.356,2,9.1504,5.9582
2021-03-15,1011010201,花菜类,28.603,28.603,0.0,249.53799999999998,2,8.7242,5.94
2021-03-16,1011010201,花菜类,19.792,19.792,0.0,171.139,2,8.6469,5.9121
2021-03-17,1011010201,花菜类,29.326,29.326,0.0,267.166,2,9.1102,6.136
2021-03-18,1011010201,花菜类,29.081000000000003,29.081000000000003,0.0,239.65699999999998,2,8.241,5.8371
2021-03-19,1011010201,花菜类,42.902,42.902,0.0,315.692,2,7.3584,5.033
2021-03-20,1011010201,花菜类,34.377,34.377,0.0,289.518,2,8.4219,5.5873
2021-03-21,1011010201,花菜类,51.413,51.413,0.0,394.756,2,7.6781,4.6586
2021-03-22,1011010201,花菜类,30.625,30.625,0.0,266.10040000000004,2,8.689,5.0071
2021-03-23,1011010201,花菜类,28.634,28.634,0.0,258.62,2,9.0319,5.8869
2021-03-24,1011010201,花菜类,27.331000000000003,27.331000000000003,0.0,239.98200000000003,2,8.7806,5.8513
2021-03-25,1011010201,花菜类,25.174,25.174,0.0,222.566,2,8.8411,5.9249
2021-03-26,1011010201,花菜类,48.956,48.956,0.0,453.628,2,9.266,6.2548
2021-03-27,1011010201,花菜类,51.805,51.805,0.0,508.62199999999996,2,9.818,6.5578
2021-03-28,1011010201,花菜类,50.119,50.119,0.0,482.32399999999996,2,9.6236,6.7099
2021-03-29,1011010201,花菜类,60.434000000000005,60.434000000000005,0.0,535.972,2,8.8687,6.4976
2021-03-30,1011010201,花菜类,26.924,26.924,0.0,278.00800000000004,2,10.3257,6.7234
2021-03-31,1011010201,花菜类,28.740000000000002,28.740000000000002,0.0,301.82,2,10.5017,6.3045
2021-04-01,1011010201,花菜类,39.108999999999995,39.108999999999995,0.0,350.45399999999995,2,8.961,6.2444
2021-04-02,1011010201,花菜类,69.53,69.53,0.0,494.456,2,7.1114,6.049
2021-04-03,1011010201,花菜类,68.593,68.593,0.0,566.114,2,8.2532,6.0894
2021-04-04,1011010201,花菜类,71.456,71.456,0.0,565.492,2,7.9138,5.7092
2021-04-05,1011010201,花菜类,76.701,76.701,0.0,679.942,2,8.8648,6.2013
2021-04-06,1011010201,花菜类,13.129999999999999,13.129999999999999,0.0,103.404,2,7.8754,5.7496
2021-04-07,1011010201,花菜类,26.939,26.939,0.0,212.65499999999997,2,7.8939,6.0501
2021-04-08,1011010201,花菜类,22.294,22.294,0.0,190.028,2,8.5237,6.1826
2021-04-09,1011010201,花菜类,51.978,51.978,0.0,399.163,2,7.6795,6.3043
2021-04-10,1011010201,花菜类,50.186,50.186,0.0,379.74,2,7.5667,5.7573
2021-04-11,1011010201,花菜类,47.112,47.112,0.0,325.418,2,6.9073,5.3964
2021-04-12,1011010201,花菜类,32.027,32.027,0.0,226.352,2,7.0675,5.371
2021-04-13,1011010201,花菜类,28.593,28.593,0.0,195.392,2,6.8336,4.6768
2021-04-14,1011010201,花菜类,30.12,30.12,0.0,205.60500000000002,2,6.8262,4.6346
2021-04-15,1011010201,花菜类,27.05,27.05,0.0,171.954,2,6.3569,4.2543
2021-04-16,1011010201,花菜类,40.232,40.232,0.0,217.84859999999998,2,5.4148,3.4575
2021-04-17,1011010201,花菜类,77.636,77.636,0.0,455.0196,2,5.8609,3.9476
2021-04-18,1011010201,花菜类,48.315,48.315,0.0,285.003,2,5.8989,3.9661
2021-04-19,1011010201,花菜类,25.092,25.092,0.0,129.3288,2,5.1542,3.5864
2021-04-20,1011010201,花菜类,30.338,30.338,0.0,168.81580000000002,2,5.5645,4.0587
2021-04-21,1011010201,花菜类,49.748000000000005,49.748000000000005,0.0,234.094,2,4.7056,3.1711
2021-04-22,1011010201,花菜类,34.614999999999995,34.614999999999995,0.0,155.31740000000002,2,4.487,2.9158
2021-04-23,1011010201,花菜类,47.035000000000004,47.035000000000004,0.0,216.0528,2,4.5934,3.7155
2021-04-24,1011010201,花菜类,107.309,107.309,0.0,365.8678,2,3.4095,2.6893
2021-04-25,1011010201,花菜类,94.264,94.264,0.0,323.828,2,3.4353,2.3148
2021-04-26,1011010201,花菜类,43.118,43.118,0.0,151.9592,2,3.5243,2.382
2021-04-27,1011010201,花菜类,26.490000000000002,26.490000000000002,0.0,96.8418,2,3.6558,2.7009
2021-04-28,1011010201,花菜类,29.405,29.405,0.0,132.7064,2,4.5131,2.5608
2021-04-29,1011010201,花菜类,33.858000000000004,33.858000000000004,0.0,136.6938,2,4.0373,2.9559
2021-04-30,1011010201,花菜类,38.125,38.125,0.0,150.3458,2,3.9435,3.4763
2021-05-01,1011010201,花菜类,57.443,57.443,0.0,269.28000000000003,2,4.6878,2.9834
2021-05-02,1011010201,花菜类,36.466,36.466,0.0,180.8418,2,4.9592,2.9129
2021-05-03,1011010201,花菜类,37.613,37.613,0.0,192.054,2,5.1061,2.867
2021-05-04,1011010201,花菜类,37.838,37.838,0.0,178.5666,2,4.7192,2.7242
2021-05-05,1011010201,花菜类,34.156,34.156,0.0,173.078,2,5.0673,3.1825
2021-05-06,1011010201,花菜类,21.199,21.199,0.0,125.636,2,5.9265,4.1244
2021-05-07,1011010201,花菜类,26.046,26.046,0.0,144.947,2,5.565,3.7711
2021-05-08,1011010201,花菜类,28.122,28.122,0.0,155.276,2,5.5215,3.4675
2021-05-09,1011010201,花菜类,37.443,37.443,0.0,209.252,2,5.5885,3.4415
2021-05-10,1011010201,花菜类,30.866,30.866,0.0,169.933,2,5.5055,3.2903
2021-05-11,1011010201,花菜类,27.768,27.768,0.0,154.377,2,5.5595,3.3204
2021-05-12,1011010201,花菜类,19.252,19.252,0.0,108.703,2,5.6463,3.414
2021-05-13,1011010201,花菜类,24.095,24.095,0.0,156.49699999999999,2,6.495,3.5699
2021-05-14,1011010201,花菜类,40.997,40.997,0.0,246.091,2,6.0027,3.7978
2021-05-15,1011010201,花菜类,37.346999999999994,37.346999999999994,0.0,234.279,2,6.273,4.2385
2021-05-16,1011010201,花菜类,52.382000000000005,52.382000000000005,0.0,355.86400000000003,2,6.7936,4.5579
2021-05-17,1011010201,花菜类,27.587000000000003,27.587000000000003,0.0,174.97,2,6.3425,3.8516
2021-05-18,1011010201,花菜类,31.098,31.098,0.0,220.047,2,7.0759,4.1493
2021-05-19,1011010201,花菜类,33.900999999999996,33.900999999999996,0.0,215.813,2,6.366,4.0908
2021-05-20,1011010201,花菜类,17.189,17.189,0.0,110.458,2,6.4261,3.7032
2021-05-21,1011010201,花菜类,33.979,33.979,0.0,249.524,2,7.3435,4.3987
2021-05-22,1011010201,花菜类,34.961999999999996,34.961999999999996,0.0,276.90959999999995,2,7.9203,4.938
2021-05-23,1011010201,花菜类,64.231,64.231,0.0,506.43359999999996,2,7.8846,4.7418
2021-05-24,1011010201,花菜类,40.924,40.924,0.0,302.762,2,7.3982,4.5768
2021-05-25,1011010201,花菜类,29.554000000000002,29.554000000000002,0.0,224.739,2,7.6044,4.6281
2021-05-26,1011010201,花菜类,46.547,46.547,0.0,347.63,2,7.4684,4.4957
2021-05-27,1011010201,花菜类,43.952,43.952,0.0,335.414,2,7.6314,4.6518
2021-05-28,1011010201,花菜类,42.189,42.189,0.0,323.658,2,7.6716,4.7882
2021-05-29,1011010201,花菜类,52.779,52.779,0.0,348.8,2,6.6087,5.0921
2021-05-30,1011010201,花菜类,21.296,21.296,0.0,120.827,2,5.6737,4.6823
2021-05-31,1011010201,花菜类,39.165,39.165,0.0,249.173,2,6.3621,5.0175
2021-06-01,1011010201,花菜类,41.593,41.593,0.0,286.175,2,6.8804,4.9043
2021-06-02,1011010201,花菜类,43.414,43.414,0.0,296.502,2,6.8296,4.1836
2021-06-03,1011010201,花菜类,36.284,36.284,0.0,262.136,2,7.2246,4.5525
2021-06-04,1011010201,花菜类,31.416000000000004,31.416000000000004,0.0,249.53699999999998,2,7.943,4.8454
2021-06-05,1011010201,花菜类,61.486,61.486,0.0,499.182,2,8.1186,4.9022
2021-06-06,1011010201,花菜类,42.143,42.143,0.0,302.292,2,7.173,4.6012
2021-06-07,1011010201,花菜类,24.819000000000003,24.819000000000003,0.0,197.02800000000002,2,7.9386,4.7921
2021-06-08,1011010201,花菜类,25.106,25.106,0.0,185.61599999999999,2,7.3933,4.5082
2021-06-09,1011010201,花菜类,26.845,26.845,0.0,219.741,2,8.1855,4.9867
2021-06-10,1011010201,花菜类,13.847,13.847,0.0,103.589,2,7.481,4.3668
2021-06-11,1011010201,花菜类,21.048000000000002,21.048000000000002,0.0,164.928,2,7.8358,4.8235
2021-06-12,1011010201,花菜类,52.462,52.462,0.0,388.222,2,7.4001,5.4131
2021-06-13,1011010201,花菜类,62.324,62.324,0.0,476.27779999999996,2,7.6419,6.1117
2021-06-14,1011010201,花菜类,73.037,73.037,0.0,547.068,2,7.4903,5.6376
2021-06-15,1011010201,花菜类,45.326,45.326,0.0,379.8,2,8.3793,5.1452
2021-06-16,1011010201,花菜类,12.99,12.99,0.0,110.964,2,8.5423,5.2687
2021-06-17,1011010201,花菜类,48.477,48.477,0.0,387.122,2,7.9857,5.7181
2021-06-18,1011010201,花菜类,34.971000000000004,34.971000000000004,0.0,280.474,2,8.0202,5.1752
2021-06-19,1011010201,花菜类,44.510999999999996,44.510999999999996,0.0,392.409,2,8.816,5.3568
2021-06-20,1011010201,花菜类,43.614000000000004,43.614000000000004,0.0,374.973,2,8.5975,5.3071
2021-06-21,1011010201,花菜类,54.07,54.07,0.0,492.096,2,9.1011,5.4766
2021-06-22,1011010201,花菜类,26.162,26.162,0.0,235.68,2,9.0085,5.5929
2021-06-23,1011010201,花菜类,57.723,57.723,0.0,511.89,2,8.868,5.7672
2021-06-24,1011010201,花菜类,34.885,34.885,0.0,313.81,2,8.9956,5.9019
2021-06-25,1011010201,花菜类,40.437,40.437,0.0,361.436,2,8.9382,5.8808
2021-06-26,1011010201,花菜类,71.821,71.821,0.0,679.586,2,9.4622,6.1231
2021-06-27,1011010201,花菜类,56.542,56.542,0.0,523.866,2,9.2651,5.7804
2021-06-28,1011010201,花菜类,35.784,35.784,0.0,328.412,2,9.1776,5.6599
