20260666C/代码与数据/processed/daily_category.csv
date,cat_code,cat_name,qty_net,qty_sold,qty_returned,revenue_net,n_items,avg_retail_price,avg_wholesale_price
2021-06-29,1011010201,花菜类,34.383,34.383,0.0,320.576,2,9.3237,5.7913
2021-06-30,1011010201,花菜类,27.052,27.052,0.0,249.29399999999998,2,9.2154,5.6938
2021-07-01,1011010201,花菜类,33.72,33.72,0.0,298.347,2,8.8478,5.7025
2021-07-02,1011010201,花菜类,24.972,24.972,0.0,231.672,2,9.2773,5.4289
2021-07-03,1011010201,花菜类,48.497,48.497,0.0,428.04599999999994,2,8.8262,5.2655
2021-07-04,1011010201,花菜类,45.679,45.679,0.0,397.654,2,8.7054,5.0365
2021-07-05,1011010201,花菜类,66.35499999999999,66.35499999999999,0.0,533.562,2,8.041,4.5962
2021-07-06,1011010201,花菜类,44.900999999999996,44.900999999999996,0.0,394.034,2,8.7756,4.9725
2021-07-07,1011010201,花菜类,40.488,40.488,0.0,347.548,2,8.584,4.9153
2021-07-08,1011010201,花菜类,61.361000000000004,61.361000000000004,0.0,480.01800000000003,2,7.8229,4.5536
2021-07-09,1011010201,花菜类,28.476,28.476,0.0,238.07600000000002,2,8.3606,4.7934
2021-07-10,1011010201,花菜类,70.59,70.59,0.0,565.133,2,8.0058,4.9467
2021-07-11,1011010201,花菜类,75.634,75.634,0.0,564.162,2,7.4591,4.8941
2021-07-12,1011010201,花菜类,24.48,24.48,0.0,199.42100000000002,2,8.1463,5.4668
2021-07-13,1011010201,花菜类,47.258,47.258,0.0,376.538,2,7.9677,5.3549
2021-07-14,1011010201,花菜类,50.126999999999995,50.126999999999995,0.0,372.325,2,7.4276,4.7956
2021-07-15,1011010201,花菜类,27.631999999999998,27.631999999999998,0.0,213.479,2,7.7258,5.001
2021-07-16,1011010201,花菜类,39.074,39.074,0.0,298.02,2,7.6271,5.0181
2021-07-17,1011010201,花菜类,79.35300000000001,79.35300000000001,0.0,592.918,2,7.4719,4.7246
2021-07-18,1011010201,花菜类,60.809999999999995,60.809999999999995,0.0,458.842,2,7.5455,4.6164
2021-07-19,1011010201,花菜类,34.935,34.935,0.0,270.339,2,7.7383,4.9044
2021-07-20,1011010201,花菜类,46.461,46.461,0.0,363.393,2,7.8215,5.0847
2021-07-21,1011010201,花菜类,52.983,52.983,0.0,412.202,2,7.7799,5.5276
2021-07-22,1011010201,花菜类,34.223,34.223,0.0,273.784,2,8.0,5.4377
2021-07-23,1011010201,花菜类,38.509,38.509,0.0,291.478,2,7.5691,4.5959
2021-07-24,1011010201,花菜类,50.323,50.974000000000004,0.651,421.921,2,8.4049,5.9371
2021-07-25,1011010201,花菜类,60.229,60.229,0.0,542.634,2,9.0095,6.67
2021-07-26,1011010201,花菜类,25.066,25.066,0.0,195.163,2,7.7859,6.6857
2021-07-27,1011010201,花菜类,53.678000000000004,53.678000000000004,0.0,473.765,2,8.8261,6.753
2021-07-28,1011010201,花菜类,58.303000000000004,58.303000000000004,0.0,551.396,2,9.4574,6.704
2021-07-29,1011010201,花菜类,31.376,31.376,0.0,291.748,2,9.2984,6.4631
2021-07-30,1011010201,花菜类,43.631,43.631,0.0,412.5012,2,9.4543,6.33
2021-07-31,1011010201,花菜类,47.858999999999995,47.858999999999995,0.0,468.086,2,9.7805,6.3908
2021-08-03,1011010201,花菜类,20.641,20.641,0.0,189.122,2,9.1624,6.8971
2021-08-04,1011010201,花菜类,14.278,14.278,0.0,129.144,2,9.045,5.8158
2021-08-05,1011010201,花菜类,26.638,26.638,0.0,245.48399999999998,2,9.2156,6.3589
2021-08-06,1011010201,花菜类,28.948,28.948,0.0,287.25899999999996,2,9.9233,6.9558
2021-08-10,1011010201,花菜类,11.233,11.233,0.0,110.43299999999999,2,9.8311,6.5598
2021-08-12,1011010201,花菜类,12.870000000000001,12.870000000000001,0.0,128.7,2,10.0,5.8268
2021-08-18,1011010201,花菜类,8.645,8.645,0.0,83.316,2,9.6375,7.2997
2021-08-20,1011010201,花菜类,47.274,47.274,0.0,396.66600000000005,2,8.3908,6.4855
2021-08-21,1011010201,花菜类,34.9,34.9,0.0,303.31399999999996,2,8.691,6.5678
2021-08-25,1011010201,花菜类,2.219,2.219,0.0,22.189999999999998,2,10.0,6.6906
2021-08-26,1011010201,花菜类,5.452,5.452,0.0,54.52,2,10.0,7.1396
2021-08-27,1011010201,花菜类,19.567999999999998,19.567999999999998,0.0,165.22,2,8.4434,5.8429
2021-08-28,1011010201,花菜类,35.501999999999995,35.501999999999995,0.0,319.94,2,9.0119,6.409
2021-08-29,1011010201,花菜类,56.181,56.181,0.0,489.53200000000004,2,8.7135,5.987
2021-08-30,1011010201,花菜类,48.287000000000006,48.287000000000006,0.0,408.78600000000006,2,8.4657,5.9867
2021-08-31,1011010201,花菜类,42.879,42.879,0.0,361.952,2,8.4412,5.6803
2021-09-05,1011010201,花菜类,51.129,51.129,0.0,612.022,2,11.9702,8.8751
2021-09-09,1011010201,花菜类,14.255,14.255,0.0,143.152,2,10.0422,7.7244
2021-09-11,1011010201,花菜类,18.06,18.06,0.0,145.926,2,8.0801,7.9927
2021-09-20,1011010201,花菜类,69.54199999999999,70.42599999999999,0.8839999999999999,693.2764,2,9.9696,6.3826
2021-09-28,1011010201,花菜类,12.669,12.669,0.0,122.598,2,9.677,6.2806
2021-10-15,1011010201,花菜类,23.991,23.991,0.0,297.052,2,12.3818,8.4284
2021-10-18,1011010201,花菜类,20.606,20.606,0.0,293.11240000000004,2,14.2246,9.816
2021-11-05,1011010201,花菜类,37.479,37.479,0.0,448.344,2,11.9625,8.6161
2021-12-13,1011010201,花菜类,27.924999999999997,27.924999999999997,0.0,298.064,2,10.6737,8.0931
2021-12-23,1011010201,花菜类,24.073,24.073,0.0,191.174,2,7.9414,5.0229
2021-12-31,1011010201,花菜类,69.793,69.793,0.0,395.916,2,5.6727,3.8905
2022-01-09,1011010201,花菜类,114.262,114.262,0.0,684.5120000000001,2,5.9907,3.7545
2022-01-23,1011010201,花菜类,74.249,74.249,0.0,590.2622,2,7.9498,5.0995
2022-01-30,1011010201,花菜类,102.12800000000001,102.12800000000001,0.0,999.3668,2,9.7854,6.0574
2022-02-08,1011010201,花菜类,44.616,44.616,0.0,341.60720000000003,2,7.6566,5.1773
2022-02-20,1011010201,花菜类,36.386,36.386,0.0,278.538,2,7.6551,4.9806
2022-03-06,1011010201,花菜类,31.384,31.384,0.0,310.01,2,9.878,6.5346
2022-03-11,1011010201,花菜类,19.221,19.221,0.0,161.42800000000003,2,8.3985,5.0488
2022-03-12,1011010201,花菜类,27.529,27.529,0.0,229.57399999999998,2,8.3394,6.5611
2022-03-16,1011010201,花菜类,11.877,11.877,0.0,119.898,2,10.095,7.086
2022-03-25,1011010201,花菜类,14.528,14.528,0.0,168.9096,2,11.6265,7.1652
2022-04-06,1011010201,花菜类,17.497,17.497,0.0,168.786,2,9.6466,5.9699
2022-04-21,1011010201,花菜类,8.548000000000002,8.548000000000002,0.0,120.086,2,14.0484,9.5573
2022-04-26,1011010201,花菜类,9.969000000000001,9.969000000000001,0.0,114.58,2,11.4936,8.003
2022-04-29,1011010201,花菜类,21.479,21.479,0.0,258.478,2,12.034,7.2196
2022-06-29,1011010201,花菜类,40.424,40.424,0.0,282.9644,2,6.9999,5.1771
2022-06-30,1011010201,花菜类,47.528,47.528,0.0,348.3233,2,7.3288,5.3961
2022-07-01,1011010201,花菜类,28.897,28.897,0.0,252.2208,2,8.7283,5.8167
2022-07-02,1011010201,花菜类,55.851,55.851,0.0,476.88159999999993,2,8.5385,5.6155
2022-07-03,1011010201,花菜类,47.944,48.366,0.422,456.24799999999993,2,9.5205,5.9876
2022-07-05,1011010201,花菜类,42.64,42.64,0.0,387.654,2,9.0913,5.6813
2022-07-06,1011010201,花菜类,31.186,31.186,0.0,273.644,2,8.7746,5.6349
2022-07-07,1011010201,花菜类,50.962,50.962,0.0,407.696,2,8.0,5.5501
2022-07-08,1011010201,花菜类,48.355999999999995,48.355999999999995,0.0,384.13599999999997,2,7.9439,5.3366
2022-07-10,1011010201,花菜类,67.457,67.457,0.0,537.928,2,7.9744,5.3329
2022-07-11,1011010201,花菜类,24.264000000000003,24.264000000000003,0.0,194.11200000000002,2,8.0,5.9415
2022-07-12,1011010201,花菜类,64.57900000000001,64.57900000000001,0.0,489.4984,2,7.5798,5.4237
2022-07-13,1011010201,花菜类,46.435,46.435,0.0,364.968,2,7.8598,5.8599
2022-07-17,1011010201,花菜类,53.705,53.705,0.0,535.818,2,9.9771,6.0962
2022-07-19,1011010201,花菜类,33.363,33.363,0.0,332.274,2,9.9594,5.5055
2022-07-25,1011010201,花菜类,79.565,79.565,0.0,687.5147999999999,2,8.6409,6.2598
2022-07-26,1011010201,花菜类,73.97,74.221,0.251,647.968,2,8.7614,6.0404
2022-07-27,1011010201,花菜类,67.503,67.503,0.0,645.2292,2,9.5585,5.9879
2022-07-28,1011010201,花菜类,60.76,60.76,0.0,573.9504,2,9.4462,5.8308
2022-07-29,1011010201,花菜类,64.225,64.225,0.0,585.8761999999999,2,9.1222,5.5657
2022-07-30,1011010201,花菜类,61.873,61.873,0.0,568.0508,2,9.1809,5.3169
2022-07-31,1011010201,花菜类,49.207,49.207,0.0,452.8907,2,9.2038,5.1572
2022-08-01,1011010201,花菜类,82.282,82.282,0.0,693.778,2,8.4317,5.1239
2022-08-02,1011010201,花菜类,80.493,80.493,0.0,701.4390000000001,2,8.7143,4.7151
2022-08-03,1011010201,花菜类,68.436,68.436,0.0,528.081,2,7.7164,5.3257
2022-08-04,1011010201,花菜类,65.154,65.154,0.0,497.003,2,7.6281,5.1335
2022-08-05,1011010201,花菜类,72.799,72.799,0.0,521.8036999999999,2,7.1677,4.7189
2022-08-06,1011010201,花菜类,96.079,96.079,0.0,679.929,2,7.0768,4.4645
2022-08-07,1011010201,花菜类,86.982,86.982,0.0,607.7996,2,6.9877,4.4486
2022-08-08,1011010201,花菜类,76.689,76.689,0.0,555.4641,2,7.2431,4.6012
2022-08-09,1011010201,花菜类,75.303,75.303,0.0,551.0155,2,7.3173,4.5883
2022-08-10,1011010201,花菜类,70.518,70.98599999999999,0.468,518.4081,2,7.361,4.5173
2022-08-11,1011010201,花菜类,73.029,73.029,0.0,536.8167,2,7.3507,4.538
2022-08-12,1011010201,花菜类,74.91,74.91,0.0,559.3908,2,7.4675,4.3356
2022-08-13,1011010201,花菜类,102.596,102.596,0.0,729.9025,2,7.1143,4.2316
2022-08-14,1011010201,花菜类,120.907,120.907,0.0,899.2903,2,7.4379,3.9931
2022-08-15,1011010201,花菜类,85.398,85.398,0.0,628.8495,2,7.3638,4.1835
2022-08-16,1011010201,花菜类,81.22,81.22,0.0,618.6484,2,7.6169,4.2252
2022-08-17,1011010201,花菜类,87.672,87.672,0.0,651.3697000000001,2,7.4296,4.2045
2022-08-18,1011010201,花菜类,121.725,121.725,0.0,927.6407,2,7.6208,4.166
2022-08-19,1011010201,花菜类,186.155,186.155,0.0,1516.4584,2,8.1462,4.5238
2022-08-20,1011010201,花菜类,123.124,123.124,0.0,1020.8008,2,8.2908,4.4992
2022-08-21,1011010201,花菜类,82.19800000000001,82.19800000000001,0.0,684.2439999999999,2,8.3243,4.4657
2022-08-22,1011010201,花菜类,45.20399999999999,45.20399999999999,0.0,407.6388,2,9.0178,4.4187
2022-08-23,1011010201,花菜类,43.039,43.039,0.0,390.24559999999997,2,9.0673,4.5684
2022-08-24,1011010201,花菜类,46.96,46.96,0.0,406.6472,2,8.6594,4.2926
2022-08-25,1011010201,花菜类,63.776,63.776,0.0,574.5003999999999,2,9.0081,4.8256
2022-08-26,1011010201,花菜类,48.086,48.086,0.0,426.874,2,8.8773,5.1842
2022-08-27,1011010201,花菜类,57.998000000000005,57.998000000000005,0.0,565.3100000000001,2,9.7471,5.6338
2022-08-28,1011010201,花菜类,88.504,88.504,0.0,850.6,2,9.6109,5.8825
2022-08-29,1011010201,花菜类,45.738,45.738,0.0,416.0827,2,9.0971,6.8985
2022-08-30,1011010201,花菜类,66.738,66.738,0.0,800.856,2,12.0,6.6173
2022-08-31,1011010201,花菜类,35.261,35.261,0.0,462.716,2,13.1226,7.4764
2022-09-01,1011010201,花菜类,47.503,47.503,0.0,608.5260000000001,2,12.8103,7.9257
2022-09-02,1011010201,花菜类,42.416,42.416,0.0,547.22,2,12.9013,8.0964
2022-09-03,1011010201,花菜类,53.626000000000005,53.626000000000005,0.0,665.5663999999999,2,12.4113,8.2154
2022-09-04,1011010201,花菜类,62.544,62.544,0.0,784.2152000000001,2,12.5386,8.0279
2022-09-05,1011010201,花菜类,53.158,53.158,0.0,674.4252,2,12.6872,8.3508
2022-09-06,1011010201,花菜类,39.138999999999996,39.138999999999996,0.0,469.8184,2,12.0038,8.406
2022-09-09,1011010201,花菜类,66.968,67.57,0.602,937.552,2,14.0,8.3476
2022-09-10,1011010201,花菜类,72.293,72.293,0.0,1012.102,2,14.0,8.7204
2022-09-11,1011010201,花菜类,63.233999999999995,63.233999999999995,0.0,851.8496,2,13.4714,9.3491
2022-09-12,1011010201,花菜类,71.588,71.588,0.0,971.1856,2,13.5663,9.1347
2022-09-13,1011010201,花菜类,47.126,47.126,0.0,587.3752,2,12.4639,8.1764
2022-09-14,1011010201,花菜类,41.840999999999994,41.840999999999994,0.0,505.2248,2,12.0749,8.1303
2022-09-15,1011010201,花菜类,27.430999999999997,27.430999999999997,0.0,319.3748,2,11.6428,7.9791
2022-09-16,1011010201,花菜类,41.283,41.283,0.0,456.446,2,11.0565,8.0219
2022-09-17,1011010201,花菜类,69.613,69.613,0.0,773.1366,2,11.1062,7.7377
2022-09-18,1011010201,花菜类,57.715999999999994,57.715999999999994,0.0,668.7760000000001,2,11.5874,6.9712
2022-09-19,1011010201,花菜类,38.815,38.815,0.0,442.16900000000004,2,11.3917,6.363
2022-09-20,1011010201,花菜类,42.297,42.297,0.0,440.849,2,10.4227,5.8873
2022-09-21,1011010201,花菜类,32.068,32.068,0.0,344.40639999999996,2,10.7399,5.9449
2022-09-22,1011010201,花菜类,50.388000000000005,50.388000000000005,0.0,517.8931,2,10.2781,5.7434
2022-09-23,1011010201,花菜类,64.25999999999999,65.003,0.743,603.6043999999999,2,9.3487,5.6937
2022-09-24,1011010201,花菜类,75.743,75.743,0.0,750.887,2,9.9136,5.8431
2022-09-25,1011010201,花菜类,55.324,55.324,0.0,572.498,2,10.3481,6.2139
2022-09-26,1011010201,花菜类,30.759999999999998,30.759999999999998,0.0,317.4007,2,10.3186,6.3593
2022-09-27,1011010201,花菜类,29.389,29.389,0.0,261.1885,2,8.8873,5.7793
2022-09-28,1011010201,花菜类,32.625,32.625,0.0,329.3771,2,10.0958,6.1121
2022-09-29,1011010201,花菜类,31.877,31.877,0.0,284.048,2,8.9108,5.7702
2022-09-30,1011010201,花菜类,53.33,53.33,0.0,477.5613,2,8.9548,5.8974
2022-10-01,1011010201,花菜类,76.799,76.799,0.0,763.2776,2,9.9387,6.2493
2022-10-02,1011010201,花菜类,61.869,61.869,0.0,603.1703,2,9.7492,6.1573
2022-10-03,1011010201,花菜类,59.161,59.161,0.0,532.7191,2,9.0046,5.7535
2022-10-04,1011010201,花菜类,49.869,49.869,0.0,526.8417,2,10.5645,6.0705
2022-10-05,1011010201,花菜类,40.769,40.769,0.0,482.9232,2,11.8454,7.1386
2022-10-06,1011010201,花菜类,71.588,71.588,0.0,761.2072000000001,2,10.6332,5.9013
2022-10-07,1011010201,花菜类,87.40299999999999,87.818,0.415,829.7007000000001,2,9.4914,6.2475
2022-10-08,1011010201,花菜类,37.814,37.814,0.0,356.9464,2,9.4395,6.4546
2022-10-09,1011010201,花菜类,53.058,53.058,0.0,467.202,2,8.8055,6.1063
2022-10-10,1011010201,花菜类,47.046,47.046,0.0,432.95129999999995,2,9.2027,6.0661
2022-10-11,1011010201,花菜类,29.660000000000004,29.660000000000004,0.0,300.48629999999997,2,10.131,6.3088
2022-10-12,1011010201,花菜类,29.309,29.309,0.0,297.42,2,10.1477,6.3829
2022-10-13,1011010201,花菜类,30.605,30.605,0.0,315.7141,2,10.3158,6.5121
2022-10-14,1011010201,花菜类,11.594999999999999,11.594999999999999,0.0,115.9248,2,9.9978,6.656
2022-10-15,1011010201,花菜类,60.965,60.965,0.0,644.794,2,10.5764,6.7167
2022-10-16,1011010201,花菜类,62.739999999999995,62.739999999999995,0.0,621.2737,2,9.9023,6.6741
2022-10-17,1011010201,花菜类,35.260999999999996,35.260999999999996,0.0,343.5816,2,9.744,6.6945
2022-10-18,1011010201,花菜类,56.15899999999999,56.15899999999999,0.0,537.5874,2,9.5726,6.4916
2022-10-19,1011010201,花菜类,33.063,33.063,0.0,347.93300000000005,2,10.5233,7.6097
2022-10-20,1011010201,花菜类,30.363,30.363,0.0,335.2528,2,11.0415,6.7438
2022-10-21,1011010201,花菜类,95.213,95.213,0.0,1025.7456,2,10.7732,6.3687
2022-10-22,1011010201,花菜类,56.495999999999995,56.495999999999995,0.0,586.1904,2,10.3758,5.8952
2022-10-23,1011010201,花菜类,38.944,38.944,0.0,414.522,2,10.6441,6.1873
2022-10-24,1011010201,花菜类,30.369,30.369,0.0,294.623,2,9.7014,6.2626
2022-10-25,1011010201,花菜类,36.506,36.506,0.0,375.1738,2,10.277,6.3347
2022-10-26,1011010201,花菜类,38.152,38.152,0.0,348.533,2,9.1354,5.811
2022-10-27,1011010201,花菜类,31.661,31.661,0.0,274.65459999999996,2,8.6749,6.5503
2022-10-28,1011010201,花菜类,40.855000000000004,40.855000000000004,0.0,344.5014,2,8.4323,6.2163
2022-10-29,1011010201,花菜类,64.036,64.488,0.452,567.715,2,8.8735,5.8417
2022-10-30,1011010201,花菜类,76.791,76.791,0.0,626.6171999999999,2,8.16,4.5855
2022-10-31,1011010201,花菜类,47.777,47.777,0.0,349.751,2,7.3205,4.3298
2022-11-01,1011010201,花菜类,39.603,39.603,0.0,316.9736,2,8.0038,4.9198
2022-11-03,1011010201,花菜类,63.801,63.801,0.0,440.0036,2,6.8965,4.2549
2022-11-05,1011010201,花菜类,73.537,73.537,0.0,515.7019,2,7.0128,4.0542
2022-11-06,1011010201,花菜类,75.888,75.888,0.0,519.408,2,6.8444,4.1825
2022-11-07,1011010201,花菜类,47.225,47.225,0.0,298.7728,2,6.3266,4.1621
2022-11-08,1011010201,花菜类,41.117000000000004,41.117000000000004,0.0,259.1152,2,6.3019,4.1137
2022-11-09,1011010201,花菜类,35.22,35.22,0.0,212.32139999999998,2,6.0284,4.035
2022-11-10,1011010201,花菜类,39.756,39.756,0.0,242.7966,2,6.1072,3.4183
2022-11-11,1011010201,花菜类,45.043000000000006,45.043000000000006,0.0,286.9112,2,6.3697,3.3546
2022-11-12,1011010201,花菜类,56.455,56.455,0.0,363.3371,2,6.4359,3.5869
2022-11-13,1011010201,花菜类,50.639,50.639,0.0,326.95,2,6.4565,3.6176
2022-11-14,1011010201,花菜类,38.303,38.303,0.0,233.55400000000003,2,6.0976,3.4199
2022-11-15,1011010201,花菜类,38.944,38.944,0.0,235.963,2,6.059,3.91
2022-11-16,1011010201,花菜类,18.714,18.714,0.0,117.6756,2,6.2881,4.0682
2022-11-17,1011010201,花菜类,38.752,38.752,0.0,212.821,2,5.4919,2.7751
2022-11-18,1011010201,花菜类,68.424,68.424,0.0,404.817,2,5.9163,3.1903
2022-11-19,1011010201,花菜类,122.161,122.87899999999999,0.718,788.6452,2,6.459,3.8206
2022-11-20,1011010201,花菜类,97.969,97.969,0.0,581.4634,2,5.9352,3.3693
2022-11-21,1011010201,花菜类,132.212,132.212,0.0,851.587,2,6.4411,3.7551
2022-11-22,1011010201,花菜类,36.972,36.972,0.0,202.5324,2,5.478,2.7701
2022-11-23,1011010201,花菜类,31.839999999999996,31.839999999999996,0.0,191.0482,2,6.0003,3.1284
2022-11-24,1011010201,花菜类,31.131,31.131,0.0,187.5174,2,6.0235,3.1078
2022-11-25,1011010201,花菜类,46.435,46.435,0.0,277.921,2,5.9852,3.8109
2022-11-26,1011010201,花菜类,47.408,47.408,0.0,265.74379999999996,2,5.6055,1.3728
2022-11-28,1011010201,花菜类,10.707999999999998,10.707999999999998,0.0,56.013999999999996,2,5.231,1.8677
2022-11-29,1011010201,花菜类,7.6240000000000006,7.6240000000000006,0.0,40.2934,2,5.2851,1.9096
2022-12-04,1011010201,花菜类,24.721999999999998,24.721999999999998,0.0,125.0522,2,5.0583,1.667
2022-12-06,1011010201,花菜类,38.551,38.551,0.0,237.29860000000002,2,6.1555,3.4895
2022-12-07,1011010201,花菜类,25.636,25.636,0.0,172.1104,2,6.7136,4.1513
2022-12-08,1011010201,花菜类,46.357,46.357,0.0,270.54179999999997,2,5.8361,3.6095
2022-12-09,1011010201,花菜类,41.33,41.33,0.0,215.5593,2,5.2155,2.8507
2022-12-10,1011010201,花菜类,55.053,55.053,0.0,304.71479999999997,2,5.5349,3.3871
2022-12-11,1011010201,花菜类,62.536,62.536,0.0,326.8383,2,5.2264,2.7998
2022-12-12,1011010201,花菜类,27.823,27.823,0.0,128.5437,2,4.6201,2.4528
2022-12-13,1011010201,花菜类,37.876000000000005,37.876000000000005,0.0,208.14600000000002,2,5.4954,3.8526
2022-12-14,1011010201,花菜类,40.701,40.701,0.0,250.3956,2,6.1521,3.7492
2022-12-15,1011010201,花菜类,44.891000000000005,44.891000000000005,0.0,271.4558,2,6.047,3.6608
2022-12-16,1011010201,花菜类,28.131,28.131,0.0,190.6338,2,6.7766,4.6854
2022-12-17,1011010201,花菜类,43.945,43.945,0.0,306.2752,2,6.9695,5.0724
2022-12-18,1011010201,花菜类,68.962,68.962,0.0,404.7022,2,5.8685,3.7805
2022-12-19,1011010201,花菜类,47.456,47.456,0.0,265.2482,2,5.5894,3.6229
2022-12-20,1011010201,花菜类,45.501000000000005,45.501000000000005,0.0,294.8592,2,6.4803,4.1605
2022-12-21,1011010201,花菜类,76.358,76.358,0.0,451.5748,2,5.9139,4.0006
2022-12-22,1011010201,花菜类,33.67100000000001,33.67100000000001,0.0,213.7264,2,6.3475,4.3713
2020-07-01,1011010402,水生根茎类,4.85,4.85,0.0,70.2838,2,14.4915,9.2342
2020-07-02,1011010402,水生根茎类,4.6,4.6,0.0,53.1208,2,11.548,7.0937
2020-07-04,1011010402,水生根茎类,5.439,5.439,0.0,118.75319999999999,2,21.8336,14.0151
2020-07-08,1011010402,水生根茎类,10.605,10.605,0.0,155.484,2,14.6614,8.2124
