20260666C/代码与数据/processed/daily_category.csv
date,cat_code,cat_name,qty_net,qty_sold,qty_returned,revenue_net,n_items,avg_retail_price,avg_wholesale_price
2020-07-10,1011010402,水生根茎类,9.025,9.025,0.0,128.7304,2,14.2638,7.9843
2020-07-11,1011010402,水生根茎类,8.928,8.928,0.0,132.1233,2,14.7988,8.4113
2020-07-13,1011010402,水生根茎类,11.605,11.605,0.0,164.1054,2,14.141,8.039
2020-07-14,1011010402,水生根茎类,9.007,9.007,0.0,135.8165,2,15.079,7.5946
2020-07-15,1011010402,水生根茎类,10.238000000000001,10.238000000000001,0.0,151.4427,2,14.7922,7.5104
2020-07-16,1011010402,水生根茎类,11.354000000000001,11.354000000000001,0.0,162.7251,2,14.3319,7.3033
2020-07-17,1011010402,水生根茎类,10.727,10.727,0.0,154.124,2,14.3679,7.2982
2020-07-18,1011010402,水生根茎类,10.418,10.418,0.0,151.25990000000002,2,14.5191,7.5489
2020-07-19,1011010402,水生根茎类,11.123999999999999,11.123999999999999,0.0,159.4384,2,14.3328,7.4324
2020-07-20,1011010402,水生根茎类,9.548,9.548,0.0,134.2522,2,14.0608,7.3495
2020-07-25,1011010402,水生根茎类,10.424,10.424,0.0,150.716,2,14.4586,7.8037
2020-07-28,1011010402,水生根茎类,13.959,13.959,0.0,166.78640000000001,2,11.9483,7.2532
2020-07-29,1011010402,水生根茎类,18.597,18.597,0.0,226.9722,2,12.2048,7.2877
2020-07-30,1011010402,水生根茎类,10.645000000000001,10.645000000000001,0.0,126.79490000000001,2,11.9112,7.3826
2020-07-31,1011010402,水生根茎类,19.062,19.062,0.0,213.33,2,11.1914,7.5196
2020-08-01,1011010402,水生根茎类,21.432000000000002,21.432000000000002,0.0,237.8084,2,11.096,7.5707
2020-08-29,1011010402,水生根茎类,65.814,65.814,0.0,544.4688,2,8.2728,5.5854
2020-09-03,1011010402,水生根茎类,15.996,15.996,0.0,133.144,2,8.3236,5.6876
2020-09-04,1011010402,水生根茎类,16.634999999999998,16.634999999999998,0.0,146.93599999999998,2,8.8329,5.5763
2020-09-05,1011010402,水生根茎类,42.553999999999995,42.553999999999995,0.0,331.0884,2,7.7804,5.2222
2020-09-06,1011010402,水生根茎类,46.963,46.963,0.0,357.95799999999997,2,7.6222,5.1972
2020-09-07,1011010402,水生根茎类,38.925999999999995,38.925999999999995,0.0,299.60720000000003,2,7.6968,5.1967
2020-09-09,1011010402,水生根茎类,12.161000000000001,12.161000000000001,0.0,102.436,2,8.4233,5.5838
2020-09-10,1011010402,水生根茎类,14.491999999999999,14.491999999999999,0.0,120.616,2,8.3229,5.5876
2020-09-11,1011010402,水生根茎类,13.364,13.364,0.0,110.77600000000001,2,8.2891,5.4731
2020-09-14,1011010402,水生根茎类,17.360999999999997,17.360999999999997,0.0,145.75199999999998,2,8.3954,5.5848
2020-09-15,1011010402,水生根茎类,19.219,19.219,0.0,182.978,2,9.5207,5.7191
2020-09-16,1011010402,水生根茎类,18.817999999999998,18.817999999999998,0.0,138.923,2,7.3824,5.7038
2020-09-18,1011010402,水生根茎类,11.389,11.389,0.0,88.536,2,7.7738,5.7002
2020-09-19,1011010402,水生根茎类,39.431,39.431,0.0,322.018,2,8.1666,5.6139
2020-09-20,1011010402,水生根茎类,39.551,39.551,0.0,323.61400000000003,2,8.1822,5.7692
2020-09-22,1011010402,水生根茎类,37.808,37.808,0.0,310.666,2,8.2169,5.8892
2020-09-23,1011010402,水生根茎类,18.629,18.629,0.0,157.108,2,8.4335,6.4647
2020-09-24,1011010402,水生根茎类,51.886,51.886,0.0,409.3,2,7.8885,5.6371
2020-09-25,1011010402,水生根茎类,22.732,22.732,0.0,196.19,2,8.6306,5.967
2020-09-26,1011010402,水生根茎类,65.744,65.744,0.0,543.382,2,8.2651,5.9003
2020-09-27,1011010402,水生根茎类,28.289,28.289,0.0,233.35,2,8.2488,5.8921
2020-09-28,1011010402,水生根茎类,11.860999999999999,11.860999999999999,0.0,100.258,2,8.4527,5.9683
2020-09-29,1011010402,水生根茎类,24.134999999999998,24.134999999999998,0.0,197.886,2,8.1991,5.8694
2020-09-30,1011010402,水生根茎类,36.839,36.839,0.0,301.972,2,8.1971,5.8568
2020-10-01,1011010402,水生根茎类,55.356,55.356,0.0,450.028,2,8.1297,5.8331
2020-10-02,1011010402,水生根茎类,21.930999999999997,21.930999999999997,0.0,189.63199999999998,2,8.6468,5.9164
2020-10-03,1011010402,水生根茎类,18.497,18.497,0.0,153.088,2,8.2764,5.8332
2020-10-04,1011010402,水生根茎类,19.254,19.254,0.0,157.40800000000002,2,8.1753,5.8057
2020-10-05,1011010402,水生根茎类,79.752,79.752,0.0,650.336,2,8.1545,5.8046
2020-10-06,1011010402,水生根茎类,25.784,25.784,0.0,208.444,2,8.0842,5.8023
2020-10-07,1011010402,水生根茎类,52.907,52.907,0.0,424.588,2,8.0251,5.8016
2020-10-08,1011010402,水生根茎类,31.951999999999998,31.951999999999998,0.0,261.15999999999997,2,8.1735,5.803
2020-10-09,1011010402,水生根茎类,51.476000000000006,51.476000000000006,0.0,395.632,2,7.6858,5.798
2020-10-10,1011010402,水生根茎类,22.07,22.07,0.0,177.62800000000001,2,8.0484,5.7959
2020-10-11,1011010402,水生根茎类,57.223000000000006,57.223000000000006,0.0,460.38800000000003,2,8.0455,5.6873
2020-10-12,1011010402,水生根茎类,38.333000000000006,38.333000000000006,0.0,297.284,2,7.7553,5.7851
2020-10-13,1011010402,水生根茎类,50.519,50.519,0.0,400.032,2,7.9185,5.7851
2020-10-23,1011010402,水生根茎类,30.801000000000002,30.801000000000002,0.0,245.63799999999998,2,7.975,5.7946
2020-11-11,1011010402,水生根茎类,17.155,17.155,0.0,153.452,2,8.945,6.1974
2020-11-12,1011010402,水生根茎类,15.237,15.951,0.714,132.80599999999998,2,8.684,6.232
2020-11-13,1011010402,水生根茎类,13.766,13.766,0.0,114.394,2,8.3099,6.0051
2020-11-19,1011010402,水生根茎类,22.976999999999997,22.976999999999997,0.0,199.492,2,8.6823,6.4061
2020-11-20,1011010402,水生根茎类,22.48,22.48,0.0,183.078,2,8.1441,5.7077
2020-11-21,1011010402,水生根茎类,95.375,95.789,0.414,779.872,2,8.1761,5.6993
2020-12-02,1011010402,水生根茎类,22.979,22.979,0.0,182.662,2,7.9491,5.9478
2020-12-03,1011010402,水生根茎类,35.348,35.348,0.0,273.116,2,7.7265,5.5868
2020-12-04,1011010402,水生根茎类,87.25,87.25,0.0,551.384,2,6.3196,4.821
2020-12-05,1011010402,水生根茎类,43.518,43.518,0.0,314.501,2,7.2269,5.7194
2020-12-06,1011010402,水生根茎类,93.761,93.761,0.0,653.519,2,6.97,5.5263
2020-12-07,1011010402,水生根茎类,60.127,60.127,0.0,419.313,2,6.9738,5.6457
2020-12-14,1011010402,水生根茎类,65.517,65.517,0.0,424.73,2,6.4828,5.8557
2020-12-17,1011010402,水生根茎类,47.929,47.929,0.0,371.222,2,7.7453,5.7273
2020-12-22,1011010402,水生根茎类,38.698,38.698,0.0,320.184,2,8.2739,5.9038
2020-12-23,1011010402,水生根茎类,43.83,43.83,0.0,340.329,2,7.7647,5.8472
2020-12-24,1011010402,水生根茎类,61.288,61.82299999999999,0.535,481.15200000000004,2,7.8606,5.8298
2021-02-19,1011010402,水生根茎类,73.044,73.044,0.0,693.03,2,9.4878,7.831
2021-03-01,1011010402,水生根茎类,29.048,29.048,0.0,289.98,2,9.9828,7.2582
2021-03-02,1011010402,水生根茎类,46.406,46.406,0.0,461.56,2,9.9461,7.8081
2021-03-03,1011010402,水生根茎类,20.756999999999998,20.756999999999998,0.0,206.27000000000004,2,9.9374,7.119
2021-03-04,1011010402,水生根茎类,28.177,28.177,0.0,280.77,2,9.9645,7.0
2021-03-05,1011010402,水生根茎类,35.138000000000005,35.138000000000005,0.0,349.68,2,9.9516,6.8451
2021-03-06,1011010402,水生根茎类,61.735,61.735,0.0,613.85,2,9.9433,6.8224
2021-03-07,1011010402,水生根茎类,36.888999999999996,36.888999999999996,0.0,367.89,2,9.9729,6.7157
2021-03-08,1011010402,水生根茎类,26.921,26.921,0.0,268.91,2,9.9889,6.6446
2021-03-09,1011010402,水生根茎类,42.608,42.608,0.0,389.864,2,9.15,6.6939
2021-03-12,1011010402,水生根茎类,21.764,21.764,0.0,183.912,2,8.4503,6.6478
2021-03-13,1011010402,水生根茎类,47.086,47.086,0.0,517.26,2,10.9854,6.7359
2021-03-14,1011010402,水生根茎类,30.295,30.295,0.0,329.05,2,10.8615,6.8674
2021-03-15,1011010402,水生根茎类,22.597,22.597,0.0,240.47,2,10.6417,6.7991
2021-03-16,1011010402,水生根茎类,19.772,19.772,0.0,209.32,2,10.5867,6.7821
2021-03-18,1011010402,水生根茎类,20.852,20.852,0.0,223.02,2,10.6954,6.8158
2021-03-19,1011010402,水生根茎类,39.292,39.292,0.0,439.32,2,11.1809,6.9665
2021-04-06,1011010402,水生根茎类,3.622,3.622,0.0,36.88,2,10.1822,7.2191
2021-04-07,1011010402,水生根茎类,17.735,17.735,0.0,179.988,2,10.1487,7.2231
2021-04-08,1011010402,水生根茎类,9.582,9.582,0.0,104.728,2,10.9297,7.193
2021-04-12,1011010402,水生根茎类,4.178,4.178,0.0,46.268,2,11.0742,7.1213
2021-04-13,1011010402,水生根茎类,5.553,5.553,0.0,57.598,2,10.3724,7.3852
2021-04-21,1011010402,水生根茎类,13.078000000000001,13.078000000000001,0.0,132.784,2,10.1532,7.1142
2021-04-22,1011010402,水生根茎类,11.64,11.64,0.0,119.05799999999999,2,10.2284,7.0835
2021-04-23,1011010402,水生根茎类,10.413,10.413,0.0,104.13,2,10.0,7.0806
2021-04-24,1011010402,水生根茎类,17.178,17.178,0.0,171.78,2,10.0,7.0763
2021-04-25,1011010402,水生根茎类,11.454,11.454,0.0,114.54,2,10.0,7.1397
2021-04-26,1011010402,水生根茎类,11.870999999999999,11.870999999999999,0.0,122.94999999999999,2,10.3572,6.9196
2021-04-27,1011010402,水生根茎类,9.127,9.127,0.0,91.904,2,10.0695,7.1812
2021-04-28,1011010402,水生根茎类,7.359,7.359,0.0,76.344,2,10.3742,7.1345
2021-04-29,1011010402,水生根茎类,8.818,8.818,0.0,92.688,2,10.5112,7.0978
2021-04-30,1011010402,水生根茎类,14.856000000000002,14.856000000000002,0.0,152.616,2,10.273,7.0212
2021-05-01,1011010402,水生根茎类,18.075,18.075,0.0,183.172,2,10.134,7.1122
2021-05-02,1011010402,水生根茎类,17.439,17.439,0.0,178.264,2,10.2221,7.0534
2021-05-03,1011010402,水生根茎类,18.743000000000002,18.743000000000002,0.0,189.584,2,10.1149,7.1236
2021-05-04,1011010402,水生根茎类,8.799,8.799,0.0,90.276,2,10.2598,7.2039
2021-05-05,1011010402,水生根茎类,15.352,15.352,0.0,159.05,2,10.3602,7.137
2021-05-06,1011010402,水生根茎类,5.992,5.992,0.0,62.32599999999999,2,10.4015,7.0956
2021-05-07,1011010402,水生根茎类,6.436,6.436,0.0,68.434,2,10.633,7.0449
2021-05-08,1011010402,水生根茎类,11.456999999999999,11.456999999999999,0.0,119.764,2,10.4533,7.1569
2021-05-15,1011010402,水生根茎类,12.399000000000001,12.399000000000001,0.0,123.99000000000001,2,10.0,6.787
2021-05-16,1011010402,水生根茎类,6.386,6.386,0.0,63.86,2,10.0,6.7256
2021-05-17,1011010402,水生根茎类,5.011,5.011,0.0,50.11,2,10.0,6.6119
2021-05-19,1011010402,水生根茎类,12.199,12.199,0.0,121.99000000000001,2,10.0,6.041
2021-05-20,1011010402,水生根茎类,8.975,9.406,0.431,89.75,2,10.0,5.3164
2021-05-21,1011010402,水生根茎类,4.178,4.178,0.0,41.78,2,10.0,6.5573
2021-05-22,1011010402,水生根茎类,9.18,9.18,0.0,91.8,2,10.0,6.9441
2021-05-24,1011010402,水生根茎类,4.28,4.28,0.0,42.8,2,10.0,6.6199
2021-05-25,1011010402,水生根茎类,5.412,5.412,0.0,54.120000000000005,2,10.0,6.6639
2021-05-26,1011010402,水生根茎类,4.008,4.008,0.0,40.08,2,10.0,6.0318
2021-05-27,1011010402,水生根茎类,8.319,8.319,0.0,83.19000000000001,2,10.0,6.7348
2021-05-28,1011010402,水生根茎类,6.205,6.205,0.0,62.05,2,10.0,6.192
2021-05-29,1011010402,水生根茎类,9.57,9.57,0.0,95.69999999999999,2,10.0,6.4494
2021-05-30,1011010402,水生根茎类,4.719,4.719,0.0,47.19,2,10.0,6.2802
2021-05-31,1011010402,水生根茎类,5.404,5.404,0.0,54.04,2,10.0,5.6736
2021-06-01,1011010402,水生根茎类,7.2170000000000005,7.2170000000000005,0.0,72.17,2,10.0,5.8835
2021-06-02,1011010402,水生根茎类,8.681000000000001,8.681000000000001,0.0,86.81,2,10.0,5.1536
2021-06-03,1011010402,水生根茎类,11.019,11.019,0.0,110.19,2,10.0,5.542
2021-06-04,1011010402,水生根茎类,13.461,13.461,0.0,150.706,2,11.1958,6.8438
2021-06-05,1011010402,水生根茎类,19.494999999999997,19.494999999999997,0.0,216.074,2,11.0836,6.8055
2021-06-06,1011010402,水生根茎类,7.1819999999999995,7.1819999999999995,0.0,94.656,2,13.1796,7.9242
2021-06-07,1011010402,水生根茎类,8.757,8.757,0.0,101.11,2,11.5462,6.2347
2021-06-08,1011010402,水生根茎类,7.394,7.394,0.0,82.376,2,11.1409,5.8263
2021-07-09,1011010402,水生根茎类,4.507,4.507,0.0,61.78399999999999,2,13.7085,8.9634
2021-07-25,1011010402,水生根茎类,24.134,24.134,0.0,279.75600000000003,2,11.5918,7.9591
2021-07-29,1011010402,水生根茎类,17.107,17.107,0.0,191.83440000000002,2,11.2138,7.712
2021-08-02,1011010402,水生根茎类,22.943,22.943,0.0,231.808,2,10.1036,7.284
2021-08-04,1011010402,水生根茎类,22.617,22.617,0.0,232.64,2,10.286,7.4848
2021-08-05,1011010402,水生根茎类,14.856,15.634,0.778,152.422,2,10.3466,7.4553
2021-08-09,1011010402,水生根茎类,19.711000000000002,19.711000000000002,0.0,197.11,2,10.0,6.3482
2021-08-11,1011010402,水生根茎类,20.738,20.738,0.0,207.38,2,10.0,6.3238
2021-08-12,1011010402,水生根茎类,28.536,28.536,0.0,233.508,2,8.1829,6.0119
2021-08-15,1011010402,水生根茎类,49.471000000000004,49.471000000000004,0.0,413.318,2,8.3548,6.0335
2021-08-16,1011010402,水生根茎类,50.533,50.533,0.0,429.262,2,8.4946,6.0277
2021-08-17,1011010402,水生根茎类,56.144999999999996,56.144999999999996,0.0,480.298,2,8.5546,6.0414
2021-08-18,1011010402,水生根茎类,54.55,54.55,0.0,467.276,2,8.566,6.074
2021-08-19,1011010402,水生根茎类,28.569,28.569,0.0,242.398,2,8.4847,6.097
2021-08-20,1011010402,水生根茎类,27.29,27.29,0.0,235.224,2,8.6194,6.1311
2021-08-21,1011010402,水生根茎类,37.692,37.692,0.0,326.094,2,8.6516,5.7896
2021-08-22,1011010402,水生根茎类,51.313,51.313,0.0,523.218,2,10.1966,5.9537
2021-08-23,1011010402,水生根茎类,38.788,38.788,0.0,390.47200000000004,2,10.0668,5.6484
2021-08-24,1011010402,水生根茎类,31.616,31.616,0.0,323.284,2,10.2253,5.7577
2021-08-25,1011010402,水生根茎类,35.363,35.363,0.0,291.73199999999997,2,8.2496,5.6886
2021-08-26,1011010402,水生根茎类,63.126,63.126,0.0,515.144,2,8.1606,5.657
2021-08-27,1011010402,水生根茎类,56.396,56.396,0.0,459.668,2,8.1507,5.2169
2021-08-28,1011010402,水生根茎类,49.574,49.574,0.0,412.984,2,8.3307,5.1604
2021-08-29,1011010402,水生根茎类,55.375,55.375,0.0,454.136,2,8.2011,5.1071
2021-08-30,1011010402,水生根茎类,40.953,40.953,0.0,332.54,2,8.12,5.066
2021-08-31,1011010402,水生根茎类,31.335,31.335,0.0,256.564,2,8.1878,5.1033
2021-09-01,1011010402,水生根茎类,47.449,47.449,0.0,303.064,2,6.3872,5.0861
2021-09-02,1011010402,水生根茎类,45.638,45.638,0.0,293.418,2,6.4292,5.0415
2021-09-03,1011010402,水生根茎类,54.833999999999996,54.833999999999996,0.0,364.792,2,6.6527,5.0624
2021-09-04,1011010402,水生根茎类,66.40899999999999,66.40899999999999,0.0,430.156,2,6.4774,5.0236
2021-09-05,1011010402,水生根茎类,58.946,58.946,0.0,374.14200000000005,2,6.3472,5.0352
2021-09-06,1011010402,水生根茎类,33.471,33.471,0.0,270.24399999999997,2,8.074,5.0246
2021-09-07,1011010402,水生根茎类,34.141999999999996,34.141999999999996,0.0,275.07599999999996,2,8.0568,5.0186
2021-09-08,1011010402,水生根茎类,38.571,38.571,0.0,311.44399999999996,2,8.0746,5.0261
2021-09-13,1011010402,水生根茎类,29.936999999999998,29.936999999999998,0.0,182.232,2,6.0872,4.6352
2021-09-25,1011010402,水生根茎类,43.444,43.444,0.0,267.77599999999995,2,6.1637,4.2565
2021-09-26,1011010402,水生根茎类,48.230000000000004,48.868,0.638,301.47600000000006,2,6.2475,4.2851
2021-09-27,1011010402,水生根茎类,42.394999999999996,42.394999999999996,0.0,257.522,2,6.0743,4.3046
2021-09-28,1011010402,水生根茎类,33.697,33.697,0.0,205.966,2,6.1123,4.5178
2021-09-30,1011010402,水生根茎类,38.451,38.451,0.0,263.478,2,6.8523,4.6699
2021-10-02,1011010402,水生根茎类,61.245999999999995,61.245999999999995,0.0,434.0752,2,7.0874,4.7133
2021-10-03,1011010402,水生根茎类,51.096000000000004,52.697,1.601,345.5068,2,6.757,4.6448
2021-10-05,1011010402,水生根茎类,53.813,53.813,0.0,460.0,2,8.5481,4.7891
2021-10-06,1011010402,水生根茎类,50.349,50.852,0.503,339.1484,2,6.7346,4.6373
2021-10-07,1011010402,水生根茎类,51.57,51.57,0.0,345.18679999999995,2,6.6936,4.626
2021-10-10,1011010402,水生根茎类,58.704,58.704,0.0,398.1024,2,6.7815,4.6483
2021-10-11,1011010402,水生根茎类,45.351,45.351,0.0,290.7138,2,6.4103,4.6902
2021-10-12,1011010402,水生根茎类,29.953000000000003,29.953000000000003,0.0,186.0968,2,6.213,4.6441
2021-10-14,1011010402,水生根茎类,38.263999999999996,38.263999999999996,0.0,237.6336,2,6.2104,4.6339
2021-10-18,1011010402,水生根茎类,44.513,44.513,0.0,280.34779999999995,2,6.2982,4.6494
2021-10-20,1011010402,水生根茎类,41.248,41.248,0.0,266.5148,2,6.4613,4.6828
2021-10-22,1011010402,水生根茎类,45.315,45.315,0.0,284.3686,2,6.2754,4.687
2021-10-24,1011010402,水生根茎类,47.917,47.917,0.0,296.50600000000003,2,6.1879,4.6556
2021-10-25,1011010402,水生根茎类,33.696,33.696,0.0,209.3298,2,6.2123,4.651
2021-10-26,1011010402,水生根茎类,37.215999999999994,37.215999999999994,0.0,226.183,2,6.0775,4.6175
2021-10-30,1011010402,水生根茎类,59.756,59.756,0.0,372.5046,2,6.2338,4.7205
2021-11-04,1011010402,水生根茎类,42.366,42.366,0.0,269.025,2,6.35,4.7699
2021-11-06,1011010402,水生根茎类,63.927,63.927,0.0,391.7862,2,6.1286,4.6318
2021-11-07,1011010402,水生根茎类,64.62200000000001,64.62200000000001,0.0,393.1296,2,6.0836,4.6157
2021-11-09,1011010402,水生根茎类,43.617000000000004,43.617000000000004,0.0,271.9474,2,6.2349,4.8417
2021-11-10,1011010402,水生根茎类,49.851,49.851,0.0,307.9312,2,6.177,4.8389
2021-11-12,1011010402,水生根茎类,50.696,50.696,0.0,359.33919999999995,2,7.0881,4.839
2021-11-17,1011010402,水生根茎类,34.26,34.26,0.0,242.72,2,7.0846,4.8642
2021-11-20,1011010402,水生根茎类,54.147,55.583999999999996,1.437,374.47999999999996,2,6.9182,4.7689
2021-11-21,1011010402,水生根茎类,47.590999999999994,47.590999999999994,0.0,290.216,2,6.0981,4.7752
2021-11-22,1011010402,水生根茎类,32.75,32.75,0.0,198.612,2,6.0645,4.765
2021-11-23,1011010402,水生根茎类,31.403,31.403,0.0,191.406,2,6.0951,4.7907
2021-11-29,1011010402,水生根茎类,29.919999999999998,29.919999999999998,0.0,181.99200000000002,2,6.0826,4.6043
2021-11-30,1011010402,水生根茎类,30.369,30.369,0.0,184.356,2,6.0705,4.6636
2021-12-04,1011010402,水生根茎类,62.259,62.259,0.0,373.554,2,6.0,4.6715
2021-12-05,1011010402,水生根茎类,50.994,50.994,0.0,305.964,2,6.0,4.672
2021-12-06,1011010402,水生根茎类,12.844,12.844,0.0,88.33000000000001,2,6.8771,4.6391
2021-12-07,1011010402,水生根茎类,31.831,31.831,0.0,216.89299999999997,2,6.8139,4.5543
2021-12-08,1011010402,水生根茎类,25.319000000000003,25.319000000000003,0.0,174.43,2,6.8893,4.655
2021-12-09,1011010402,水生根茎类,25.262,25.262,0.0,171.41400000000002,2,6.7854,4.5254
2021-12-10,1011010402,水生根茎类,32.792,32.792,0.0,225.92,2,6.8895,4.6585
2021-12-11,1011010402,水生根茎类,124.24000000000001,124.24000000000001,0.0,669.496,2,5.3887,4.1713
2021-12-12,1011010402,水生根茎类,61.198,61.198,0.0,358.55999999999995,2,5.859,4.6759
2021-12-13,1011010402,水生根茎类,21.832,21.832,0.0,130.59,2,5.9816,4.7516
2021-12-14,1011010402,水生根茎类,33.175000000000004,33.175000000000004,0.0,190.726,2,5.7491,4.6131
2021-12-16,1011010402,水生根茎类,39.568999999999996,39.568999999999996,0.0,237.414,2,6.0,4.681
2021-12-17,1011010402,水生根茎类,40.153999999999996,40.153999999999996,0.0,240.92399999999998,2,6.0,4.6419
2021-12-19,1011010402,水生根茎类,67.19,67.19,0.0,376.9652,2,5.6104,4.5976
2021-12-20,1011010402,水生根茎类,38.283,38.283,0.0,222.86300000000003,2,5.8215,4.5786
2021-12-21,1011010402,水生根茎类,48.369,48.369,0.0,289.045,2,5.9758,4.7703
2021-12-22,1011010402,水生根茎类,31.469,31.469,0.0,184.378,2,5.859,4.5928
2021-12-23,1011010402,水生根茎类,30.021,30.021,0.0,180.126,2,6.0,4.7014
2021-12-25,1011010402,水生根茎类,66.839,66.839,0.0,401.034,2,6.0,4.7207
2021-12-26,1011010402,水生根茎类,95.584,95.584,0.0,573.504,2,6.0,4.7236
2021-12-27,1011010402,水生根茎类,42.155,42.155,0.0,252.93,2,6.0,4.6675
2021-12-28,1011010402,水生根茎类,35.054,35.054,0.0,210.324,2,6.0,4.6755
2021-12-29,1011010402,水生根茎类,34.882000000000005,34.882000000000005,0.0,209.292,2,6.0,4.6451
2021-12-30,1011010402,水生根茎类,37.37,37.37,0.0,224.22,2,6.0,4.5605
2021-12-31,1011010402,水生根茎类,60.713,60.713,0.0,364.278,2,6.0,4.7336
2022-01-01,1011010402,水生根茎类,82.658,82.658,0.0,495.948,2,6.0,4.6665
2022-01-02,1011010402,水生根茎类,27.438000000000002,27.438000000000002,0.0,164.628,2,6.0,4.5981
