20260666C/代码与数据/processed/daily_category.csv
date,cat_code,cat_name,qty_net,qty_sold,qty_returned,revenue_net,n_items,avg_retail_price,avg_wholesale_price
2022-01-03,1011010402,水生根茎类,59.009,59.009,0.0,354.054,2,6.0,4.7909
2022-01-04,1011010402,水生根茎类,46.598,46.598,0.0,279.58799999999997,2,6.0,4.7899
2022-01-05,1011010402,水生根茎类,34.15,34.15,0.0,204.9,2,6.0,4.6893
2022-01-06,1011010402,水生根茎类,34.198,34.198,0.0,205.188,2,6.0,4.6932
2022-01-07,1011010402,水生根茎类,46.045,46.045,0.0,276.27,2,6.0,4.703
2022-01-08,1011010402,水生根茎类,60.006,60.006,0.0,360.036,2,6.0,4.7698
2022-01-13,1011010402,水生根茎类,22.185000000000002,22.185000000000002,0.0,133.11,2,6.0,4.4824
2022-01-18,1011010402,水生根茎类,32.418,32.418,0.0,194.508,2,6.0,4.6909
2022-01-19,1011010402,水生根茎类,50.388999999999996,50.388999999999996,0.0,302.334,2,6.0,4.7619
2022-01-20,1011010402,水生根茎类,55.56,55.56,0.0,333.36,2,6.0,4.7601
2022-01-21,1011010402,水生根茎类,58.294,58.294,0.0,405.039,2,6.9482,4.7342
2022-01-22,1011010402,水生根茎类,64.682,64.682,0.0,631.7159999999999,2,9.7665,5.3085
2022-01-23,1011010402,水生根茎类,68.285,68.285,0.0,722.19,2,10.5761,7.5838
2022-01-24,1011010402,水生根茎类,38.076,38.076,0.0,444.432,2,11.6722,8.7198
2022-01-25,1011010402,水生根茎类,70.849,70.849,0.0,804.174,2,11.3505,8.4436
2022-01-26,1011010402,水生根茎类,64.858,64.858,0.0,745.971,2,11.5016,8.4837
2022-02-02,1011010402,水生根茎类,37.868,37.868,0.0,514.747,2,13.5932,8.5185
2022-02-03,1011010402,水生根茎类,7.01,7.01,0.0,74.07600000000001,2,10.5672,7.1475
2022-02-04,1011010402,水生根茎类,55.923,55.923,0.0,666.018,2,11.9096,7.5319
2022-02-06,1011010402,水生根茎类,66.88,66.88,0.0,779.7439999999999,2,11.6589,6.8859
2022-02-07,1011010402,水生根茎类,41.735,41.735,0.0,494.184,2,11.841,6.934
2022-02-08,1011010402,水生根茎类,29.778,29.778,0.0,294.99,2,9.9063,6.9222
2022-02-09,1011010402,水生根茎类,30.194,30.194,0.0,300.006,2,9.9359,6.9472
2022-02-10,1011010402,水生根茎类,29.540000000000003,29.540000000000003,0.0,293.59000000000003,2,9.9387,6.9491
2022-02-11,1011010402,水生根茎类,38.286,38.286,0.0,375.374,2,9.8045,5.9535
2022-02-14,1011010402,水生根茎类,24.829,24.829,0.0,198.632,2,8.0,5.1529
2022-02-18,1011010402,水生根茎类,34.695,34.695,0.0,274.46,2,7.9106,5.1599
2022-02-19,1011010402,水生根茎类,38.763,38.763,0.0,307.00399999999996,2,7.92,4.3748
2022-02-25,1011010402,水生根茎类,43.644,43.644,0.0,387.152,2,8.8707,6.1456
2022-03-15,1011010402,水生根茎类,15.026,15.026,0.0,112.89080000000001,2,7.513,4.9715
2022-03-17,1011010402,水生根茎类,30.851,30.851,0.0,226.0456,2,7.327,4.9077
2022-03-18,1011010402,水生根茎类,28.674,28.674,0.0,208.1788,2,7.2602,5.1213
2022-03-20,1011010402,水生根茎类,43.592000000000006,43.592000000000006,0.0,339.664,2,7.7919,5.0993
2022-03-23,1011010402,水生根茎类,15.255,15.255,0.0,123.2168,2,8.0771,5.4017
2022-03-27,1011010402,水生根茎类,41.214,41.214,0.0,352.11199999999997,2,8.5435,5.59
2022-04-01,1011010402,水生根茎类,25.437,25.437,0.0,220.29600000000002,2,8.6605,5.5897
2022-04-03,1011010402,水生根茎类,42.998000000000005,42.998000000000005,0.0,374.81280000000004,2,8.717,5.7076
2022-04-06,1011010402,水生根茎类,5.8549999999999995,5.8549999999999995,0.0,58.27199999999999,2,9.9525,7.5764
2022-04-08,1011010402,水生根茎类,6.3660000000000005,6.3660000000000005,0.0,60.55200000000001,2,9.5118,6.7134
2022-04-09,1011010402,水生根茎类,11.218,11.218,0.0,94.152,2,8.3929,5.7355
2022-04-10,1011010402,水生根茎类,18.378999999999998,18.378999999999998,0.0,153.048,2,8.3273,5.6795
2022-04-14,1011010402,水生根茎类,6.495,6.495,0.0,67.2462,2,10.3535,6.2698
2022-04-15,1011010402,水生根茎类,14.180000000000001,14.180000000000001,0.0,147.5784,2,10.4075,6.2744
2022-04-16,1011010402,水生根茎类,15.042,15.042,0.0,140.4,2,9.3339,5.6411
2022-04-20,1011010402,水生根茎类,2.7720000000000002,2.7720000000000002,0.0,29.512,2,10.6465,7.244
2022-04-21,1011010402,水生根茎类,3.552,3.552,0.0,39.1068,2,11.0098,6.8497
2022-04-22,1011010402,水生根茎类,7.417,7.417,0.0,70.70100000000001,2,9.5323,5.9954
2022-04-25,1011010402,水生根茎类,4.202,4.202,0.0,46.771,2,11.1307,7.6037
2022-04-26,1011010402,水生根茎类,4.904999999999999,4.904999999999999,0.0,44.7504,2,9.1234,6.9819
2022-04-27,1011010402,水生根茎类,2.398,2.398,0.0,22.150199999999998,2,9.2369,8.4882
2022-04-28,1011010402,水生根茎类,2.1390000000000002,2.1390000000000002,0.0,26.489,2,12.3838,8.9482
2022-04-29,1011010402,水生根茎类,7.15,7.15,0.0,81.306,2,11.3715,7.1127
2022-05-02,1011010402,水生根茎类,8.503,8.503,0.0,84.8214,2,9.9755,5.9202
2022-05-04,1011010402,水生根茎类,6.398,6.398,0.0,65.3256,2,10.2103,6.0455
2022-05-19,1011010402,水生根茎类,3.425,3.425,0.0,45.153400000000005,2,13.1835,9.5392
2022-05-21,1011010402,水生根茎类,4.691,4.691,0.0,49.9926,2,10.6571,6.8913
2022-05-23,1011010402,水生根茎类,4.436999999999999,4.436999999999999,0.0,51.9456,2,11.7074,7.5286
2022-08-31,1011010402,水生根茎类,28.994,28.994,0.0,226.7568,2,7.8208,5.5622
2022-09-24,1011010402,水生根茎类,49.291,49.291,0.0,495.4082,2,10.0507,7.0666
2022-10-19,1011010402,水生根茎类,38.515,38.515,0.0,259.084,2,6.7268,4.9862
2022-10-20,1011010402,水生根茎类,52.368,52.368,0.0,391.86080000000004,2,7.4828,5.325
2022-10-23,1011010402,水生根茎类,61.265,61.265,0.0,417.48400000000004,2,6.8144,4.9309
2022-11-03,1011010402,水生根茎类,13.926,13.926,0.0,121.1152,2,8.6971,6.3403
2022-11-28,1011010402,水生根茎类,1.8090000000000002,1.8090000000000002,0.0,15.330400000000001,2,8.4745,5.5153
2022-11-29,1011010402,水生根茎类,9.193999999999999,9.193999999999999,0.0,61.8864,2,6.7312,4.6917
2022-12-04,1011010402,水生根茎类,18.158,18.158,0.0,132.8848,2,7.3183,4.9243
2022-12-05,1011010402,水生根茎类,41.811,41.811,0.0,421.3416,2,10.0773,6.5778
2022-12-06,1011010402,水生根茎类,67.863,67.863,0.0,497.3328,2,7.3285,5.276
2022-12-07,1011010402,水生根茎类,64.33099999999999,64.33099999999999,0.0,469.6536,2,7.3006,5.141
2022-12-08,1011010402,水生根茎类,47.48,47.48,0.0,290.0,2,6.1078,4.8657
2020-07-01,1011010501,茄类,35.374,35.374,0.0,176.81799999999998,2,4.9985,4.0914
2020-07-02,1011010501,茄类,32.199,32.199,0.0,172.09199999999998,2,5.3446,2.473
2020-07-03,1011010501,茄类,35.896,35.896,0.0,196.243,2,5.467,3.9641
2020-07-04,1011010501,茄类,57.067,57.067,0.0,327.403,2,5.7372,3.115
2020-07-07,1011010501,茄类,32.112,32.112,0.0,186.848,2,5.8186,3.2776
2020-07-08,1011010501,茄类,39.67,39.67,0.0,232.2832,2,5.8554,3.5347
2020-07-11,1011010501,茄类,68.277,68.277,0.0,405.20640000000003,2,5.9347,3.7996
2020-08-06,1011010501,茄类,31.596,31.596,0.0,252.768,2,8.0,4.7039
2020-12-16,1011010501,茄类,9.313,9.313,0.0,74.504,2,8.0,5.4167
2020-12-25,1011010501,茄类,10.328,10.328,0.0,78.19999999999999,2,7.5716,5.6961
2020-12-27,1011010501,茄类,11.874,11.874,0.0,99.642,2,8.3916,5.9276
2021-01-01,1011010501,茄类,18.037,18.037,0.0,159.249,2,8.829,6.5176
2021-01-02,1011010501,茄类,18.302,18.302,0.0,161.774,2,8.8391,6.5833
2021-01-03,1011010501,茄类,13.385,13.385,0.0,119.074,2,8.8961,6.7613
2021-01-04,1011010501,茄类,9.866999999999999,9.866999999999999,0.0,87.901,2,8.9086,6.4366
2021-01-05,1011010501,茄类,14.439,14.439,0.0,128.98600000000002,2,8.9332,6.4831
2021-01-06,1011010501,茄类,13.689,13.689,0.0,133.28199999999998,2,9.7364,6.5068
2021-01-07,1011010501,茄类,12.56,12.56,0.0,123.068,2,9.7984,6.6856
2021-01-08,1011010501,茄类,12.049,12.049,0.0,119.387,2,9.9085,7.1914
2021-01-09,1011010501,茄类,17.965,17.965,0.0,179.004,2,9.964,7.1752
2021-01-10,1011010501,茄类,23.755,23.755,0.0,235.033,2,9.894,6.6927
2021-01-11,1011010501,茄类,15.841000000000001,15.841000000000001,0.0,156.628,2,9.8875,6.8611
2021-01-14,1011010501,茄类,18.643,18.643,0.0,171.174,2,9.1817,6.4591
2021-01-15,1011010501,茄类,14.644,14.644,0.0,135.712,2,9.2674,6.4781
2021-01-16,1011010501,茄类,20.109,20.109,0.0,183.423,2,9.1214,6.1016
2021-01-17,1011010501,茄类,24.613,24.613,0.0,227.12699999999998,2,9.2279,6.0227
2021-01-18,1011010501,茄类,10.266,10.266,0.0,103.83600000000001,2,10.1146,6.0235
2021-01-19,1011010501,茄类,9.304,9.304,0.0,94.225,2,10.1274,6.2676
2021-01-20,1011010501,茄类,19.320999999999998,19.320999999999998,0.0,196.406,2,10.1654,6.342
2021-01-21,1011010501,茄类,23.411,23.411,0.0,240.78500000000003,2,10.2851,6.5178
2021-01-22,1011010501,茄类,12.332999999999998,12.332999999999998,0.0,112.76299999999999,2,9.1432,6.3152
2021-01-23,1011010501,茄类,20.333000000000002,20.333000000000002,0.0,189.317,2,9.3108,6.751
2021-01-24,1011010501,茄类,23.807,23.807,0.0,219.601,2,9.2242,6.5015
2021-01-25,1011010501,茄类,20.041,20.041,0.0,189.411,2,9.4512,6.6895
2021-01-26,1011010501,茄类,16.078,16.078,0.0,152.34,2,9.4751,6.9147
2021-01-27,1011010501,茄类,11.937000000000001,11.937000000000001,0.0,114.04500000000002,2,9.5539,7.0773
2021-01-28,1011010501,茄类,17.791999999999998,17.791999999999998,0.0,185.162,2,10.407,6.9183
2021-01-29,1011010501,茄类,15.072,15.072,0.0,154.728,2,10.2659,6.9936
2021-02-09,1011010501,茄类,87.912,87.912,0.0,1080.738,2,12.2934,8.6917
2021-02-19,1011010501,茄类,13.768999999999998,13.768999999999998,0.0,160.8572,2,11.6826,8.7257
2021-03-05,1011010501,茄类,22.986,22.986,0.0,183.888,2,8.0,5.1758
2021-03-06,1011010501,茄类,38.176,38.176,0.0,305.408,2,8.0,4.8391
2021-03-09,1011010501,茄类,20.838,20.838,0.0,182.70600000000002,2,8.7679,5.8752
2021-03-10,1011010501,茄类,14.35,14.35,0.0,114.8,2,8.0,6.1788
2021-03-15,1011010501,茄类,13.658000000000001,13.658000000000001,0.0,109.26400000000001,2,8.0,6.1041
2021-03-17,1011010501,茄类,19.313,19.313,0.0,154.504,2,8.0,6.1775
2021-03-22,1011010501,茄类,11.561,11.561,0.0,96.358,2,8.3347,5.859
2021-03-24,1011010501,茄类,15.113,15.113,0.0,125.694,2,8.3169,5.831
2021-04-08,1011010501,茄类,20.319000000000003,20.319000000000003,0.0,123.742,2,6.09,5.513
2021-04-12,1011010501,茄类,10.203,10.203,0.0,86.994,2,8.5263,6.6132
2021-06-24,1011010501,茄类,19.543,19.543,0.0,91.69680000000001,2,4.6921,2.8121
2021-10-14,1011010501,茄类,10.190999999999999,10.190999999999999,0.0,101.91,2,10.0,6.3572
2021-10-22,1011010501,茄类,5.062,5.062,0.0,70.44,2,13.9154,7.2449
2021-10-23,1011010501,茄类,9.346,9.346,0.0,129.192,2,13.8232,7.8541
2021-11-10,1011010501,茄类,3.044,3.044,0.0,36.528,2,12.0,6.9256
2021-11-25,1011010501,茄类,5.166,5.166,0.0,64.892,2,12.5614,8.0809
2021-12-03,1011010501,茄类,5.683,5.683,0.0,60.126000000000005,2,10.58,5.9471
2021-12-09,1011010501,茄类,7.254,7.254,0.0,71.316,2,9.8313,6.3205
2021-12-13,1011010501,茄类,1.537,1.537,0.0,17.46,2,11.3598,7.4884
2021-12-22,1011010501,茄类,4.455,4.455,0.0,52.614,2,11.8101,7.7135
2021-12-26,1011010501,茄类,9.123000000000001,9.123000000000001,0.0,105.47399999999999,2,11.5613,7.0022
2021-12-27,1011010501,茄类,5.35,5.35,0.0,60.724,2,11.3503,6.8397
2021-12-29,1011010501,茄类,3.0269999999999997,3.0269999999999997,0.0,29.113999999999997,2,9.6181,5.5859
2022-01-05,1011010501,茄类,9.827,9.827,0.0,102.402,2,10.4205,6.3712
2022-02-05,1011010501,茄类,43.637,43.637,0.0,541.492,2,12.409,10.9072
2022-02-12,1011010501,茄类,19.233,19.233,0.0,189.786,2,9.8677,7.1958
2022-02-13,1011010501,茄类,18.593,18.593,0.0,178.25900000000001,2,9.5874,6.752
2022-02-14,1011010501,茄类,22.165,22.165,0.0,215.701,2,9.7316,7.1357
2022-02-17,1011010501,茄类,16.258000000000003,16.258000000000003,0.0,151.975,2,9.3477,6.006
2022-02-18,1011010501,茄类,13.181000000000001,13.181000000000001,0.0,124.178,2,9.421,6.0545
2022-02-20,1011010501,茄类,19.499,19.499,0.0,188.78300000000002,2,9.6817,6.7023
2022-02-22,1011010501,茄类,14.992999999999999,14.992999999999999,0.0,140.705,2,9.3847,7.4037
2022-03-03,1011010501,茄类,14.024999999999999,14.024999999999999,0.0,193.3822,2,13.7884,9.6281
2022-03-14,1011010501,茄类,12.678,12.678,0.0,167.53320000000002,2,13.2145,8.1417
2022-03-23,1011010501,茄类,17.569000000000003,17.569000000000003,0.0,228.9552,2,13.0318,7.9514
2022-03-26,1011010501,茄类,23.286,23.286,0.0,298.1052,2,12.8019,8.7516
2022-04-01,1011010501,茄类,16.697000000000003,16.697000000000003,0.0,250.1894,2,14.9841,9.362
2022-04-18,1011010501,茄类,23.28,23.28,0.0,202.362,2,8.6925,5.1409
2022-04-28,1011010501,茄类,21.918,21.918,0.0,205.512,2,9.3764,6.1781
2022-07-15,1011010501,茄类,11.364,11.364,0.0,86.44500000000001,2,7.6069,2.6031
2022-08-02,1011010501,茄类,14.100999999999999,14.100999999999999,0.0,88.79,2,6.2967,4.2556
2022-08-21,1011010501,茄类,19.233,19.233,0.0,194.573,2,10.1166,4.4669
2022-09-02,1011010501,茄类,4.884,4.884,0.0,43.653999999999996,2,8.9382,4.8156
2022-09-03,1011010501,茄类,15.738,15.738,0.0,143.333,2,9.1074,6.0841
2022-09-04,1011010501,茄类,18.362000000000002,18.362000000000002,0.0,171.937,2,9.3637,7.4326
2022-09-05,1011010501,茄类,10.812,10.812,0.0,109.3418,2,10.113,8.1692
2022-10-15,1011010501,茄类,12.033,12.033,0.0,121.371,2,10.0865,5.1303
2022-10-18,1011010501,茄类,7.186999999999999,7.186999999999999,0.0,59.099999999999994,2,8.2232,5.5613
2022-10-21,1011010501,茄类,38.486000000000004,38.486000000000004,0.0,384.056,2,9.9791,5.3545
2022-11-19,1011010501,茄类,35.948,35.948,0.0,216.492,2,6.0224,3.373
2022-11-21,1011010501,茄类,55.692,55.692,0.0,339.94,2,6.1039,3.4879
2022-11-23,1011010501,茄类,8.243,8.243,0.0,52.248000000000005,2,6.3385,3.8577
2022-11-24,1011010501,茄类,8.455,8.455,0.0,52.238,2,6.1784,3.7489
2022-11-25,1011010501,茄类,16.927,16.927,0.0,105.782,2,6.2493,3.5806
2022-11-26,1011010501,茄类,9.863999999999999,9.863999999999999,0.0,60.013999999999996,2,6.0841,2.2548
2022-12-11,1011010501,茄类,3.6290000000000004,3.6290000000000004,0.0,29.9488,2,8.2526,5.6763
2022-12-16,1011010501,茄类,6.839,6.839,0.0,55.2748,2,8.0823,5.5468
2022-12-17,1011010501,茄类,16.786,16.786,0.0,139.1096,2,8.2872,5.6877
