20260666C/代码与数据/processed/daily_category.csv
date,cat_code,cat_name,qty_net,qty_sold,qty_returned,revenue_net,n_items,avg_retail_price,avg_wholesale_price
2020-07-01,1011010504,辣椒类,76.715,76.715,0.0,759.9902,9,9.9067,5.3191
2020-07-11,1011010504,辣椒类,85.93599999999999,85.93599999999999,0.0,1060.3598,9,12.3389,7.0745
2020-07-20,1011010504,辣椒类,67.35,67.35,0.0,677.3548999999999,9,10.0572,6.6056
2020-07-22,1011010504,辣椒类,81.309,81.36,0.051,800.0899,9,9.8463,5.9573
2020-07-24,1011010504,辣椒类,57.58,58.738,1.158,590.1563,9,10.2247,6.6424
2020-07-26,1011010504,辣椒类,102.061,102.061,0.0,1058.5517,9,10.3718,6.8485
2020-08-10,1011010504,辣椒类,78.735,78.905,0.17,781.3778,9,9.9243,6.4854
2020-08-13,1011010504,辣椒类,61.767999999999994,61.767999999999994,0.0,613.2288,9,9.9279,6.2824
2020-08-16,1011010504,辣椒类,95.285,95.285,0.0,943.0663999999999,9,9.8973,6.0249
2020-08-17,1011010504,辣椒类,72.953,72.953,0.0,690.9762,9,9.4715,5.889
2020-08-19,1011010504,辣椒类,80.919,80.919,0.0,658.47,9,8.1374,5.5124
2020-08-22,1011010504,辣椒类,116.801,116.801,0.0,959.5360000000001,9,8.2151,5.6621
2020-08-23,1011010504,辣椒类,93.71400000000001,93.71400000000001,0.0,770.576,9,8.2226,5.583
2020-08-25,1011010504,辣椒类,107.213,107.213,0.0,839.8614000000001,9,7.8336,5.4083
2020-08-28,1011010504,辣椒类,156.11,156.11,0.0,993.381,9,6.3633,4.5039
2020-08-31,1011010504,辣椒类,117.96499999999999,117.96499999999999,0.0,790.7804,9,6.7035,4.4286
2020-09-03,1011010504,辣椒类,87.119,87.119,0.0,591.0916,9,6.7849,4.3772
2020-09-05,1011010504,辣椒类,110.439,110.439,0.0,789.6522,9,7.1501,4.9128
2020-09-06,1011010504,辣椒类,126.5,126.5,0.0,1095.6204,9,8.661,5.5765
2020-09-09,1011010504,辣椒类,39.795,39.795,0.0,359.266,9,9.0279,5.6214
2020-09-11,1011010504,辣椒类,50.22,50.22,0.0,518.5636,9,10.3258,5.9015
2020-09-14,1011010504,辣椒类,48.550000000000004,48.550000000000004,0.0,512.871,9,10.5638,7.0878
2020-09-17,1011010504,辣椒类,46.145,46.145,0.0,546.804,9,11.8497,7.2431
2020-09-19,1011010504,辣椒类,84.269,84.269,0.0,863.851,9,10.2511,7.8841
2020-09-21,1011010504,辣椒类,56.561,56.561,0.0,640.6618,9,11.3269,7.3041
2020-09-23,1011010504,辣椒类,54.327,54.327,0.0,656.8228,9,12.0902,8.4586
2020-09-26,1011010504,辣椒类,68.09400000000001,68.09400000000001,0.0,770.6292000000001,9,11.3171,7.5943
2020-09-29,1011010504,辣椒类,57.017,57.017,0.0,570.487,9,10.0056,7.1564
2020-10-03,1011010504,辣椒类,84.72800000000001,84.72800000000001,0.0,895.931,9,10.5742,6.3444
2020-10-04,1011010504,辣椒类,75.21,75.21,0.0,804.531,9,10.6971,7.1394
2020-10-05,1011010504,辣椒类,87.93299999999999,87.93299999999999,0.0,969.3614,9,11.0239,6.7601
2020-10-06,1011010504,辣椒类,81.727,81.727,0.0,920.1356000000001,9,11.2586,6.8653
2020-10-07,1011010504,辣椒类,63.150999999999996,63.150999999999996,0.0,757.9943999999999,9,12.0029,7.5791
2020-10-08,1011010504,辣椒类,72.023,72.023,0.0,851.7548,9,11.8261,7.5235
2020-10-09,1011010504,辣椒类,51.243,51.243,0.0,570.2036,9,11.1274,7.7781
2020-10-10,1011010504,辣椒类,52.510999999999996,52.510999999999996,0.0,557.3166,9,10.6133,7.5451
2020-10-11,1011010504,辣椒类,70.214,70.214,0.0,790.5902,9,11.2597,7.5821
2020-10-12,1011010504,辣椒类,48.979,48.979,0.0,535.7464,9,10.9383,7.3006
2020-10-14,1011010504,辣椒类,46.36,46.36,0.0,524.5342,9,11.3144,7.3297
2020-10-16,1011010504,辣椒类,44.67,44.67,0.0,467.9844,9,10.4765,6.7295
2020-10-18,1011010504,辣椒类,88.24700000000001,88.24700000000001,0.0,829.5527999999999,9,9.4004,5.9169
2020-10-20,1011010504,辣椒类,49.296,49.296,0.0,484.3752,9,9.8259,6.1819
2020-10-21,1011010504,辣椒类,48.047,48.047,0.0,489.3048,9,10.1839,6.6364
2020-10-22,1011010504,辣椒类,50.037,50.037,0.0,491.2958,9,9.8187,6.6113
2020-10-24,1011010504,辣椒类,77.097,77.097,0.0,755.7422,9,9.8025,6.6645
2020-10-27,1011010504,辣椒类,45.479,45.479,0.0,462.3914,9,10.1671,6.9054
2020-11-03,1011010504,辣椒类,66.83399999999999,66.83399999999999,0.0,551.5728,9,8.2529,6.5543
2020-11-13,1011010504,辣椒类,70.24600000000001,70.24600000000001,0.0,566.3542,9,8.0624,5.7051
2020-11-18,1011010504,辣椒类,45.407,45.407,0.0,462.781,9,10.1918,6.7608
2020-11-21,1011010504,辣椒类,79.34400000000001,79.774,0.43000000000000005,769.8436,9,9.6968,6.6639
2020-11-23,1011010504,辣椒类,59.056,59.056,0.0,499.0114,9,8.4498,5.5694
2020-11-24,1011010504,辣椒类,52.157,52.157,0.0,479.5806,9,9.1949,5.8732
2020-11-25,1011010504,辣椒类,39.054,39.054,0.0,386.1988,9,9.8888,6.4367
2020-11-26,1011010504,辣椒类,48.086,48.086,0.0,447.85499999999996,9,9.3136,6.0544
2020-11-27,1011010504,辣椒类,53.11600000000001,53.11600000000001,0.0,470.1752,9,8.8519,6.1405
2020-11-29,1011010504,辣椒类,66.151,66.151,0.0,612.9718,9,9.2663,6.1731
2020-12-01,1011010504,辣椒类,47.882,47.882,0.0,421.15639999999996,9,8.7957,5.694
2020-12-04,1011010504,辣椒类,42.929,42.929,0.0,438.33979999999997,9,10.2108,6.6186
2020-12-07,1011010504,辣椒类,39.565999999999995,39.565999999999995,0.0,559.2496,9,14.1346,8.1439
2020-12-10,1011010504,辣椒类,45.747,45.747,0.0,609.4304,9,13.3218,9.195
2020-12-12,1011010504,辣椒类,54.731,55.182,0.451,779.1784,9,14.2019,10.1991
2020-12-13,1011010504,辣椒类,76.78399999999999,76.78399999999999,0.0,996.6764,9,12.9803,9.3519
2020-12-16,1011010504,辣椒类,34.839999999999996,34.839999999999996,0.0,563.5352,9,16.1749,10.5197
2020-12-17,1011010504,辣椒类,33.18,33.18,0.0,518.3186000000001,9,15.6214,10.3428
2020-12-21,1011010504,辣椒类,30.846,30.846,0.0,494.1502,9,16.0199,11.7529
2020-12-26,1011010504,辣椒类,52.907000000000004,52.907000000000004,0.0,1056.713,9,19.973,13.3715
2020-12-30,1011010504,辣椒类,32.167,32.167,0.0,666.8054,9,20.7295,14.5896
2020-12-31,1011010504,辣椒类,45.583999999999996,45.583999999999996,0.0,1013.3386,9,22.2301,15.5997
2021-01-02,1011010504,辣椒类,61.501999999999995,62.422,0.92,1153.8285999999998,9,18.7201,14.9933
2021-01-03,1011010504,辣椒类,73.797,73.797,0.0,1266.7624,9,17.1655,13.4778
2021-01-09,1011010504,辣椒类,78.49799999999999,78.49799999999999,0.0,1389.4342,9,17.7003,13.928
2021-01-15,1011010504,辣椒类,39.211,39.211,0.0,755.986,9,19.2799,14.6051
2021-01-19,1011010504,辣椒类,50.827,50.827,0.0,1120.584,9,22.047,15.8361
2021-01-20,1011010504,辣椒类,51.058,51.058,0.0,1132.4638,9,22.1799,16.3449
2021-01-31,1011010504,辣椒类,84.45100000000001,84.45100000000001,0.0,1562.9996,9,18.5078,12.0608
2021-02-01,1011010504,辣椒类,71.64,71.64,0.0,1241.2154,9,17.3257,13.0755
2021-02-02,1011010504,辣椒类,92.145,92.145,0.0,1498.7264,9,16.2649,12.5442
2021-02-04,1011010504,辣椒类,96.194,96.194,0.0,1677.4798,9,17.4385,12.2355
2021-02-09,1011010504,辣椒类,423.696,423.696,0.0,8576.881599999999,9,20.243,12.5756
2021-02-15,1011010504,辣椒类,168.272,168.272,0.0,3213.7122,9,19.0983,12.5487
2021-02-17,1011010504,辣椒类,133.64600000000002,133.64600000000002,0.0,2373.1406,9,17.7569,13.1734
2021-02-18,1011010504,辣椒类,105.697,105.697,0.0,1851.734,9,17.5193,13.4537
2021-02-20,1011010504,辣椒类,119.306,119.306,0.0,1420.9138,9,11.9098,7.3332
2021-02-26,1011010504,辣椒类,135.777,135.777,0.0,1269.97,9,9.3534,5.676
2021-03-04,1011010504,辣椒类,93.076,93.076,0.0,586.6376,9,6.3028,4.2498
2021-03-06,1011010504,辣椒类,167.583,167.583,0.0,1248.37,9,7.4493,4.4244
2021-03-13,1011010504,辣椒类,104.089,104.089,0.0,817.1816,9,7.8508,4.8484
2021-03-21,1011010504,辣椒类,112.176,112.176,0.0,725.9603999999999,9,6.4716,3.9698
2021-03-27,1011010504,辣椒类,78.794,78.794,0.0,698.8318,9,8.8691,5.3625
2021-03-28,1011010504,辣椒类,78.41000000000001,78.41000000000001,0.0,601.6106000000001,9,7.6726,5.0943
2021-03-31,1011010504,辣椒类,59.255,59.255,0.0,482.5164,9,8.143,4.8589
2021-04-13,1011010504,辣椒类,51.480000000000004,51.480000000000004,0.0,343.67740000000003,9,6.6759,4.5454
2021-04-16,1011010504,辣椒类,62.197,62.197,0.0,482.3854,9,7.7558,5.1655
2021-04-23,1011010504,辣椒类,53.397,53.397,0.0,440.9288,9,8.2576,4.9146
2021-05-03,1011010504,辣椒类,83.419,83.419,0.0,798.7620000000001,9,9.5753,5.6826
2021-05-08,1011010504,辣椒类,69.52900000000001,69.52900000000001,0.0,569.7040000000001,9,8.1938,6.2013
2021-05-10,1011010504,辣椒类,60.824999999999996,60.824999999999996,0.0,430.027,9,7.0699,4.9052
2021-05-13,1011010504,辣椒类,47.949,47.949,0.0,376.6764,9,7.8558,5.5275
2021-05-14,1011010504,辣椒类,51.909,51.909,0.0,365.3772,9,7.0388,4.6807
2021-05-16,1011010504,辣椒类,153.409,153.409,0.0,874.3258,9,5.6993,3.4185
2021-05-17,1011010504,辣椒类,76.099,76.099,0.0,359.8514,9,4.7287,2.8518
2021-05-22,1011010504,辣椒类,98.93599999999999,98.93599999999999,0.0,521.9258,9,5.2754,3.6727
2021-05-25,1011010504,辣椒类,57.519,57.519,0.0,353.8548,9,6.152,3.9722
2021-05-27,1011010504,辣椒类,37.078,37.078,0.0,280.15160000000003,9,7.5557,3.9653
2021-05-28,1011010504,辣椒类,67.01,67.01,0.0,363.1592,9,5.4195,3.4463
2021-05-29,1011010504,辣椒类,116.845,116.845,0.0,616.5252,9,5.2764,3.3093
2021-05-31,1011010504,辣椒类,60.118,60.118,0.0,273.3956,9,4.5476,2.7966
2021-06-01,1011010504,辣椒类,76.648,76.648,0.0,357.77660000000003,9,4.6678,2.6299
2021-06-04,1011010504,辣椒类,63.703,63.703,0.0,355.5244,9,5.581,2.9709
2021-06-06,1011010504,辣椒类,88.671,88.671,0.0,509.7354,9,5.7486,2.8447
2021-06-08,1011010504,辣椒类,56.101,56.101,0.0,295.1468,9,5.261,2.9248
2021-06-09,1011010504,辣椒类,52.093,52.093,0.0,316.9268,9,6.0839,3.0173
2021-06-10,1011010504,辣椒类,57.091,57.091,0.0,278.432,9,4.877,2.8081
2021-06-12,1011010504,辣椒类,77.636,77.636,0.0,500.0742,9,6.4413,3.1335
2021-06-15,1011010504,辣椒类,60.187000000000005,61.187000000000005,1.0,369.6196,9,6.317,3.163
2021-06-16,1011010504,辣椒类,46.695,46.695,0.0,258.48720000000003,9,5.5357,3.0519
2021-06-21,1011010504,辣椒类,58.693000000000005,58.693000000000005,0.0,295.504,9,5.0347,2.798
2021-06-22,1011010504,辣椒类,56.135,56.135,0.0,343.2924,9,6.1155,3.1429
2021-06-23,1011010504,辣椒类,53.900999999999996,53.900999999999996,0.0,342.8034,9,6.3599,2.8546
2021-06-24,1011010504,辣椒类,41.586,41.586,0.0,254.4178,9,6.1179,3.0967
2021-06-30,1011010504,辣椒类,39.114000000000004,39.114000000000004,0.0,266.0906,9,6.803,3.5502
2021-07-12,1011010504,辣椒类,42.472,42.472,0.0,308.5996,9,7.266,4.7246
2021-07-13,1011010504,辣椒类,24.629,24.629,0.0,245.562,9,9.9704,5.1858
2021-07-14,1011010504,辣椒类,51.339,51.339,0.0,300.0606,9,5.8447,4.4493
2021-07-19,1011010504,辣椒类,40.146,40.146,0.0,339.608,9,8.4593,4.081
2021-08-07,1011010504,辣椒类,69.382,69.382,0.0,506.55199999999996,9,7.3009,4.8222
2021-08-08,1011010504,辣椒类,54.567,54.567,0.0,371.165,9,6.802,4.6384
2021-08-11,1011010504,辣椒类,61.666,61.666,0.0,431.338,9,6.9947,3.6365
2021-08-16,1011010504,辣椒类,52.116,52.116,0.0,434.341,9,8.3341,4.6951
2021-08-17,1011010504,辣椒类,59.86000000000001,59.86000000000001,0.0,465.638,9,7.7788,4.8491
2021-08-18,1011010504,辣椒类,54.410000000000004,54.410000000000004,0.0,441.72299999999996,9,8.1184,4.867
2021-08-19,1011010504,辣椒类,50.98800000000001,50.98800000000001,0.0,373.81600000000003,9,7.3315,5.0024
2021-08-27,1011010504,辣椒类,64.045,64.045,0.0,343.342,9,5.3609,3.4274
2021-09-12,1011010504,辣椒类,52.389,52.389,0.0,487.5578,9,9.3065,6.7775
2021-09-26,1011010504,辣椒类,46.272,46.272,0.0,406.6904,9,8.7891,6.2262
2021-10-01,1011010504,辣椒类,80.011,81.648,1.6369999999999998,595.4026,9,7.4278,4.9835
2021-10-06,1011010504,辣椒类,78.097,79.233,1.1360000000000001,461.352,9,5.8801,4.082
2021-10-07,1011010504,辣椒类,62.908,62.908,0.0,359.87600000000003,9,5.7207,3.8272
2021-10-10,1011010504,辣椒类,109.84100000000001,111.30600000000001,1.4649999999999999,610.102,9,5.534,3.7683
2021-10-17,1011010504,辣椒类,64.30799999999999,64.30799999999999,0.0,468.47600000000006,9,7.2849,4.6944
2021-10-18,1011010504,辣椒类,40.29,40.29,0.0,321.784,9,7.9867,4.992
2021-10-22,1011010504,辣椒类,30.077999999999996,30.077999999999996,0.0,300.154,9,9.9792,6.0685
2021-10-23,1011010504,辣椒类,51.363,51.363,0.0,468.248,9,9.1164,6.0829
2021-10-25,1011010504,辣椒类,27.46,27.46,0.0,262.4644,9,9.5581,6.9943
2021-10-28,1011010504,辣椒类,25.502,25.502,0.0,292.4822,9,11.469,7.054
2021-12-10,1011010504,辣椒类,26.56,26.56,0.0,277.56,9,10.4503,7.3405
2021-12-14,1011010504,辣椒类,30.287000000000003,30.287000000000003,0.0,328.813,9,10.8566,7.7654
2021-12-20,1011010504,辣椒类,50.948,50.948,0.0,478.58360000000005,9,9.3936,6.5756
2021-12-21,1011010504,辣椒类,31.633,31.633,0.0,295.0144,9,9.3262,6.3629
2021-12-23,1011010504,辣椒类,33.503,33.503,0.0,317.8904,9,9.4884,6.2174
2021-12-24,1011010504,辣椒类,52.243,52.243,0.0,478.48,9,9.1587,6.0238
2021-12-25,1011010504,辣椒类,65.339,65.339,0.0,616.0354,9,9.4283,6.243
2022-01-01,1011010504,辣椒类,57.833,57.833,0.0,521.5504,9,9.0182,6.1619
2022-01-02,1011010504,辣椒类,45.686,45.828,0.142,427.0514,9,9.3558,6.22
2022-01-03,1011010504,辣椒类,81.754,81.754,0.0,638.0602,9,7.8046,5.8592
2022-01-04,1011010504,辣椒类,58.207,58.207,0.0,441.17940000000004,9,7.5795,5.714
2022-01-07,1011010504,辣椒类,49.32,49.32,0.0,464.467,9,9.4174,5.6495
2022-01-13,1011010504,辣椒类,63.208999999999996,63.208999999999996,0.0,521.677,9,8.2532,5.2343
2022-02-01,1011010504,辣椒类,52.92,52.92,0.0,1049.8752000000002,9,19.8389,12.6976
2022-02-02,1011010504,辣椒类,89.27,89.27,0.0,1687.0262,9,18.898,12.32
2022-02-03,1011010504,辣椒类,125.952,125.952,0.0,2348.7062,9,18.6476,13.3897
2022-02-16,1011010504,辣椒类,50.306000000000004,50.306000000000004,0.0,404.0908,9,8.0327,5.6518
2022-04-14,1011010504,辣椒类,59.010999999999996,59.010999999999996,0.0,735.0268,9,12.4558,9.4675
2022-06-29,1011010504,辣椒类,21.954,21.954,0.0,224.38920000000002,9,10.2209,5.2247
2022-07-03,1011010504,辣椒类,58.67,58.67,0.0,617.706,9,10.5285,7.4736
2022-10-08,1011010504,辣椒类,114.62899999999999,114.62899999999999,0.0,712.9151,9,6.2193,3.3341
2022-10-14,1011010504,辣椒类,49.262,49.262,0.0,292.4712,9,5.9371,3.5096
2022-10-22,1011010504,辣椒类,155.908,155.908,0.0,804.1622000000001,9,5.1579,2.3599
2022-11-17,1011010504,辣椒类,104.356,104.356,0.0,412.8383,9,3.9561,2.0244
2022-11-23,1011010504,辣椒类,98.441,98.441,0.0,409.3136,9,4.158,1.4259
2022-11-24,1011010504,辣椒类,105.612,105.612,0.0,429.1026,9,4.063,1.3164
2022-11-25,1011010504,辣椒类,103.304,103.304,0.0,434.2372,9,4.2035,1.4259
2022-11-26,1011010504,辣椒类,89.276,89.276,0.0,388.2042,9,4.3484,1.4192
2022-12-10,1011010504,辣椒类,161.982,161.982,0.0,600.1038,9,3.7048,1.401
2022-12-11,1011010504,辣椒类,171.695,171.695,0.0,595.3558,9,3.4675,1.2977
2022-12-13,1011010504,辣椒类,103.872,103.872,0.0,367.741,9,3.5403,1.4206
2022-12-16,1011010504,辣椒类,147.869,147.869,0.0,532.4316,9,3.6007,1.2008
