20260666C/代码与数据/processed/daily_category.csv
date,cat_code,cat_name,qty_net,qty_sold,qty_returned,revenue_net,n_items,avg_retail_price,avg_wholesale_price
2020-07-01,1011010801,食用菌,35.364999999999995,35.364999999999995,0.0,368.602,5,10.4228,6.5019
2020-07-02,1011010801,食用菌,48.510000000000005,48.510000000000005,0.0,605.929,5,12.4908,7.3129
2020-07-03,1011010801,食用菌,42.44199999999999,42.44199999999999,0.0,546.2950000000001,5,12.8716,7.3578
2020-07-04,1011010801,食用菌,47.262,47.262,0.0,578.7036,5,12.2446,7.3352
2020-07-05,1011010801,食用菌,73.213,73.213,0.0,732.6238000000001,5,10.0067,5.8855
2020-07-08,1011010801,食用菌,43.968,43.968,0.0,565.4192,5,12.8598,7.6078
2020-07-09,1011010801,食用菌,37.837,37.837,0.0,464.1238,5,12.2664,7.2093
2020-07-11,1011010801,食用菌,52.238,52.238,0.0,700.3148000000001,5,13.4062,7.9285
2020-07-13,1011010801,食用菌,42.113,42.113,0.0,544.001,5,12.9177,7.4828
2020-08-10,1011010801,食用菌,36.094,36.094,0.0,497.3138,5,13.7783,7.8323
2020-08-11,1011010801,食用菌,40.016999999999996,40.016999999999996,0.0,529.7576,5,13.2383,7.4856
2020-08-13,1011010801,食用菌,35.65,35.65,0.0,480.52570000000003,5,13.479,8.0
2021-09-26,1011010801,食用菌,27.192,27.192,0.0,262.0142,5,9.6357,5.7595
2021-10-10,1011010801,食用菌,77.62100000000001,78.23400000000001,0.613,688.1966,5,8.9518,5.6083
2021-10-12,1011010801,食用菌,38.769,38.769,0.0,303.0844,5,7.8177,4.9163
2021-10-13,1011010801,食用菌,39.51,39.51,0.0,376.798,5,9.5368,5.9912
2021-10-15,1011010801,食用菌,84.89,84.89,0.0,971.1220000000001,5,11.4398,7.2069
2021-10-16,1011010801,食用菌,73.514,73.514,0.0,664.2024,5,9.035,5.4823
2021-10-17,1011010801,食用菌,65.816,65.816,0.0,788.76,5,11.9843,7.3757
2021-10-26,1011010801,食用菌,48.637,48.637,0.0,420.192,5,8.6393,5.6727
2021-11-01,1011010801,食用菌,40.999,40.999,0.0,381.0138,5,9.2932,5.8976
2021-11-02,1011010801,食用菌,49.667,49.667,0.0,414.8628,5,8.3529,5.0915
2021-11-03,1011010801,食用菌,82.957,82.957,0.0,669.734,5,8.0733,5.2891
2021-11-04,1011010801,食用菌,61.122,61.122,0.0,643.0156,5,10.5202,6.305
2021-11-06,1011010801,食用菌,128.993,128.993,0.0,1282.1978000000001,5,9.9401,5.4292
2021-11-07,1011010801,食用菌,155.029,155.029,0.0,1448.5414,5,9.3437,5.1853
2021-11-21,1011010801,食用菌,102.367,102.367,0.0,723.5840000000001,5,7.0685,4.6106
2021-12-08,1011010801,食用菌,48.245999999999995,48.245999999999995,0.0,328.73600000000005,5,6.8138,5.0233
2021-12-09,1011010801,食用菌,42.728,42.728,0.0,345.48199999999997,5,8.0856,6.4038
2021-12-12,1011010801,食用菌,80.30199999999999,80.30199999999999,0.0,670.008,5,8.3436,5.7934
2022-01-03,1011010801,食用菌,59.045,59.045,0.0,495.81,5,8.3972,5.8045
2022-01-04,1011010801,食用菌,63.48,63.48,0.0,528.222,5,8.3211,5.7037
2022-01-06,1011010801,食用菌,44.163,44.278,0.115,341.694,5,7.7534,5.3195
2022-01-07,1011010801,食用菌,78.764,78.764,0.0,673.948,5,8.5565,6.8781
2022-01-08,1011010801,食用菌,112.41199999999999,112.41199999999999,0.0,922.816,5,8.2092,6.1605
2022-01-12,1011010801,食用菌,46.619,46.619,0.0,291.51,5,6.253,3.9254
2022-02-19,1011010801,食用菌,49.453,49.453,0.0,330.154,5,6.6761,3.962
2022-02-20,1011010801,食用菌,29.076,29.076,0.0,238.268,5,8.1947,4.8714
2022-02-23,1011010801,食用菌,16.979,16.979,0.0,123.322,5,7.2632,4.212
2022-02-24,1011010801,食用菌,27.097,27.097,0.0,182.74599999999998,5,6.7441,4.0265
2022-02-25,1011010801,食用菌,33.498,33.498,0.0,282.664,5,8.4382,3.4127
2022-02-27,1011010801,食用菌,29.748,30.748,1.0,214.164,5,7.092,4.0255
2022-03-01,1011010801,食用菌,18.112000000000002,18.112000000000002,0.0,141.716,5,7.8244,4.6265
2022-03-04,1011010801,食用菌,28.908,28.908,0.0,171.04399999999998,5,5.9168,3.7785
2022-03-06,1011010801,食用菌,39.323,39.323,0.0,285.914,5,7.2709,4.4525
2022-03-08,1011010801,食用菌,14.096,14.096,0.0,180.69160000000002,5,12.8186,7.7289
2022-04-03,1011010801,食用菌,46.766,46.766,0.0,318.3404,5,6.8071,3.835
2022-04-04,1011010801,食用菌,40.745000000000005,40.745000000000005,0.0,415.54060000000004,5,10.1986,5.6442
2022-04-11,1011010801,食用菌,11.87,11.87,0.0,148.48440000000002,5,12.5092,8.078
2022-04-14,1011010801,食用菌,21.589,21.589,0.0,218.6252,5,10.1267,6.2181
2022-04-30,1011010801,食用菌,34.150999999999996,34.150999999999996,0.0,348.2198,5,10.1965,6.2463
2022-05-07,1011010801,食用菌,34.837,34.837,0.0,240.7726,5,6.9114,4.2164
2022-05-14,1011010801,食用菌,26.77,26.77,0.0,298.1148,5,11.1362,7.3256
2022-05-15,1011010801,食用菌,34.51,34.51,0.0,266.3264,5,7.7174,5.0175
2022-05-17,1011010801,食用菌,12.789,12.789,0.0,120.44839999999999,5,9.4181,5.9455
2022-05-21,1011010801,食用菌,43.484,43.484,0.0,362.58320000000003,5,8.3383,5.3682
2022-05-22,1011010801,食用菌,23.398,23.398,0.0,214.3804,5,9.1623,5.9579
2022-05-28,1011010801,食用菌,46.827,46.827,0.0,425.57460000000003,5,9.0882,5.7381
2022-05-30,1011010801,食用菌,16.585,16.585,0.0,161.68300000000002,5,9.7487,6.4734
2022-05-31,1011010801,食用菌,39.474000000000004,39.474000000000004,0.0,266.1852,5,6.7433,4.4036
2022-06-01,1011010801,食用菌,35.603,35.603,0.0,291.5394,5,8.1886,5.2953
2022-06-02,1011010801,食用菌,36.405,36.405,0.0,319.619,5,8.7795,5.7082
2022-06-06,1011010801,食用菌,26.543,26.543,0.0,209.1514,5,7.8797,5.1595
2022-06-07,1011010801,食用菌,28.139,28.139,0.0,182.5522,5,6.4875,4.0852
2022-06-10,1011010801,食用菌,27.152,27.152,0.0,216.3096,5,7.9666,5.1601
2022-06-12,1011010801,食用菌,49.293,49.293,0.0,358.3014,5,7.2688,4.7422
2022-06-13,1011010801,食用菌,35.013999999999996,35.013999999999996,0.0,256.47720000000004,5,7.325,4.7051
2022-06-16,1011010801,食用菌,32.228,32.228,0.0,223.8144,5,6.9447,4.5411
2022-06-17,1011010801,食用菌,36.568,36.568,0.0,265.3464,5,7.2562,4.7847
2022-06-18,1011010801,食用菌,50.206,50.206,0.0,349.1788,5,6.9549,4.5538
2022-06-19,1011010801,食用菌,49.153,49.153,0.0,351.70480000000003,5,7.1553,4.5296
2022-06-20,1011010801,食用菌,35.656,35.656,0.0,269.3696,5,7.5547,4.9606
2022-06-21,1011010801,食用菌,29.804,29.804,0.0,205.709,5,6.9021,4.4651
2022-06-22,1011010801,食用菌,28.097,28.097,0.0,245.704,5,8.7448,5.4261
2022-06-26,1011010801,食用菌,54.309,54.309,0.0,366.3182,5,6.7451,4.2231
2022-06-28,1011010801,食用菌,39.702,39.702,0.0,262.4614,5,6.6108,4.2218
2022-07-03,1011010801,食用菌,42.18,42.18,0.0,277.5108,5,6.5792,4.4371
2022-07-04,1011010801,食用菌,36.688,36.688,0.0,294.653,5,8.0313,5.7409
2022-07-05,1011010801,食用菌,50.367000000000004,50.367000000000004,0.0,270.5498,5,5.3715,3.9156
2022-07-07,1011010801,食用菌,29.189,29.189,0.0,166.70340000000002,5,5.7112,4.2126
2022-08-10,1011010801,食用菌,39.034,39.034,0.0,404.9911,5,10.3753,6.3263
2022-08-31,1011010801,食用菌,30.29,30.29,0.0,277.3802,5,9.1575,6.1322
2022-09-19,1011010801,食用菌,30.316,30.316,0.0,302.9322,5,9.9925,5.8918
