20260666C/代码与数据/processed/daily_category.csv
date,cat_code,cat_name,qty_net,qty_sold,qty_returned,revenue_net,n_items,avg_retail_price,avg_wholesale_price
2020-07-02,1011010504,辣椒类,66.06400000000001,66.06400000000001,0.0,669.7044,10,10.1372,5.7044
2020-07-03,1011010504,辣椒类,64.253,64.253,0.0,670.6646,10,10.4379,6.2537
2020-07-04,1011010504,辣椒类,81.28200000000001,81.28200000000001,0.0,826.4166,10,10.1673,5.7147
2020-07-05,1011010504,辣椒类,98.496,98.496,0.0,1016.2366,10,10.3175,6.0411
2020-07-06,1011010504,辣椒类,58.682,58.682,0.0,645.2908,10,10.9964,6.2249
2020-07-07,1011010504,辣椒类,42.213,42.213,0.0,531.0704,10,12.5807,6.8122
2020-07-08,1011010504,辣椒类,65.88,65.88,0.0,768.061,10,11.6585,6.4542
2020-07-09,1011010504,辣椒类,58.86,58.86,0.0,615.355,10,10.4546,5.6904
2020-07-12,1011010504,辣椒类,72.168,72.459,0.291,852.3497,10,11.8034,6.6235
2020-07-13,1011010504,辣椒类,61.24,61.24,0.0,662.7452,10,10.8221,6.4366
2020-07-14,1011010504,辣椒类,66.745,66.745,0.0,710.1373,10,10.6396,6.1896
2020-07-15,1011010504,辣椒类,73.35400000000001,73.35400000000001,0.0,749.7708,10,10.2213,6.1179
2020-07-16,1011010504,辣椒类,72.656,72.656,0.0,764.0534,10,10.5161,6.3894
2020-07-17,1011010504,辣椒类,61.025000000000006,61.025000000000006,0.0,690.4716,10,11.3146,6.6226
2020-07-18,1011010504,辣椒类,85.051,85.051,0.0,987.4653,10,11.6103,6.6111
2020-07-19,1011010504,辣椒类,102.71100000000001,103.77600000000001,1.065,1106.7812,10,10.7575,6.5608
2020-07-21,1011010504,辣椒类,56.992999999999995,56.992999999999995,0.0,571.6611,10,10.0304,6.0776
2020-07-23,1011010504,辣椒类,57.638999999999996,57.638999999999996,0.0,640.9893,10,11.1208,6.503
2020-07-25,1011010504,辣椒类,94.20600000000002,94.20600000000002,0.0,951.9404999999999,10,10.1049,6.968
2020-07-27,1011010504,辣椒类,71.402,71.402,0.0,776.7883999999999,10,10.8791,6.8735
2020-07-28,1011010504,辣椒类,66.001,66.001,0.0,667.8376000000001,10,10.1186,6.8627
2020-07-29,1011010504,辣椒类,82.494,82.494,0.0,815.1328,10,9.8811,6.8054
2020-07-30,1011010504,辣椒类,67.643,68.219,0.576,643.0350999999999,10,9.4936,6.3765
2020-07-31,1011010504,辣椒类,41.104,41.104,0.0,440.091,10,10.7068,6.6834
2020-08-07,1011010504,辣椒类,78.61099999999999,78.61099999999999,0.0,789.528,10,10.0435,6.4064
2020-08-09,1011010504,辣椒类,73.684,73.684,0.0,729.5186,10,9.9006,6.4145
2020-08-11,1011010504,辣椒类,73.292,73.292,0.0,747.7902,10,10.2029,6.4783
2020-08-12,1011010504,辣椒类,85.166,85.166,0.0,860.6532,10,10.1056,6.4041
2020-08-14,1011010504,辣椒类,76.489,76.489,0.0,776.5717999999999,10,10.1527,6.3716
2020-08-15,1011010504,辣椒类,94.285,94.285,0.0,956.6032,10,10.1459,6.2047
2020-08-18,1011010504,辣椒类,76.92,76.92,0.0,725.141,10,9.4272,5.6649
2020-08-20,1011010504,辣椒类,75.953,75.953,0.0,633.024,10,8.3344,5.4295
2020-08-21,1011010504,辣椒类,85.19800000000001,85.19800000000001,0.0,694.994,10,8.1574,5.4183
2020-08-24,1011010504,辣椒类,97.07900000000001,97.07900000000001,0.0,760.6728,10,7.8356,5.5878
2020-08-26,1011010504,辣椒类,82.32,82.32,0.0,644.126,10,7.8247,5.3691
2020-08-27,1011010504,辣椒类,89.92,89.92,0.0,709.0151999999999,10,7.885,5.2979
2020-08-29,1011010504,辣椒类,145.627,145.627,0.0,945.657,10,6.4937,4.5064
2020-08-30,1011010504,辣椒类,155.81099999999998,155.81099999999998,0.0,1023.8159999999999,10,6.5709,4.4631
2020-09-01,1011010504,辣椒类,102.504,102.504,0.0,684.0116,10,6.673,4.412
2020-09-02,1011010504,辣椒类,83.96900000000001,83.96900000000001,0.0,559.7978,10,6.6667,4.0494
2020-09-04,1011010504,辣椒类,91.579,91.579,0.0,616.0522,10,6.727,4.801
2020-09-07,1011010504,辣椒类,56.473000000000006,56.473000000000006,0.0,496.26680000000005,10,8.7877,5.4739
2020-09-08,1011010504,辣椒类,50.259,50.259,0.0,444.6856,10,8.8479,5.3517
2020-09-10,1011010504,辣椒类,49.321,49.321,0.0,504.62100000000004,10,10.2314,5.731
2020-09-16,1011010504,辣椒类,46.894999999999996,46.894999999999996,0.0,542.3644,10,11.5655,7.2185
2020-09-18,1011010504,辣椒类,48.075,48.075,0.0,513.4474,10,10.6801,7.88
2020-09-20,1011010504,辣椒类,99.148,99.148,0.0,1115.9916,10,11.2558,6.9352
2020-09-22,1011010504,辣椒类,77.009,77.009,0.0,866.3646,10,11.2502,8.1865
2020-09-24,1011010504,辣椒类,50.486000000000004,50.486000000000004,0.0,608.2412,10,12.0477,7.9714
2020-09-25,1011010504,辣椒类,53.937999999999995,53.937999999999995,0.0,663.8968,10,12.3085,7.9252
2020-09-27,1011010504,辣椒类,54.459,54.459,0.0,626.7256000000001,10,11.5082,7.3007
2020-09-28,1011010504,辣椒类,37.410000000000004,37.410000000000004,0.0,404.08820000000003,10,10.8016,7.5628
2020-09-30,1011010504,辣椒类,53.628,53.628,0.0,542.9572000000001,10,10.1245,7.1708
2020-10-01,1011010504,辣椒类,64.092,64.092,0.0,678.0898,10,10.5799,7.0513
2020-10-02,1011010504,辣椒类,69.054,69.054,0.0,736.9588,10,10.6722,6.8876
2020-10-19,1011010504,辣椒类,56.69,56.69,0.0,546.0218,10,9.6317,6.6782
2020-10-23,1011010504,辣椒类,43.758,43.758,0.0,464.33000000000004,10,10.6113,6.9752
2020-10-25,1011010504,辣椒类,72.537,72.537,0.0,756.3009999999999,10,10.4264,6.8374
2020-10-26,1011010504,辣椒类,45.43900000000001,45.43900000000001,0.0,461.73820000000006,10,10.1617,6.8331
2020-10-29,1011010504,辣椒类,52.654,52.654,0.0,532.7496,10,10.1179,6.7677
2020-10-30,1011010504,辣椒类,46.452,46.452,0.0,504.0126,10,10.8502,7.1351
2020-10-31,1011010504,辣椒类,81.292,81.292,0.0,885.327,10,10.8907,7.2226
2020-11-01,1011010504,辣椒类,73.72200000000001,73.72200000000001,0.0,731.8592,10,9.9273,7.069
2020-11-05,1011010504,辣椒类,45.282,45.282,0.0,482.5766,10,10.6571,6.9006
2020-11-06,1011010504,辣椒类,49.287,49.287,0.0,485.6466,10,9.8534,6.2539
2020-11-07,1011010504,辣椒类,69.738,69.738,0.0,743.7168,10,10.6644,6.8815
2020-11-08,1011010504,辣椒类,78.907,78.907,0.0,720.006,10,9.1247,6.3687
2020-11-09,1011010504,辣椒类,64.616,64.616,0.0,538.0967999999999,10,8.3276,5.841
2020-11-10,1011010504,辣椒类,54.663,54.663,0.0,456.89,10,8.3583,5.7876
2020-11-11,1011010504,辣椒类,65.834,65.834,0.0,590.5645999999999,10,8.9705,6.0897
2020-11-12,1011010504,辣椒类,58.851,58.851,0.0,515.6316,10,8.7616,6.0963
2020-11-14,1011010504,辣椒类,71.84,71.84,0.0,738.8982,10,10.2853,6.7774
2020-11-15,1011010504,辣椒类,74.078,74.078,0.0,710.5856,10,9.5924,6.375
2020-11-16,1011010504,辣椒类,45.345,45.345,0.0,430.45259999999996,10,9.4928,6.2983
2020-11-19,1011010504,辣椒类,59.111000000000004,59.111000000000004,0.0,543.5856,10,9.196,6.2675
2020-11-20,1011010504,辣椒类,53.492,53.492,0.0,545.285,10,10.1938,6.6905
2020-11-22,1011010504,辣椒类,99.221,99.221,0.0,834.0508,10,8.406,6.0102
2020-11-28,1011010504,辣椒类,82.485,82.485,0.0,668.034,10,8.0989,5.7856
2020-11-30,1011010504,辣椒类,54.214,54.214,0.0,498.776,10,9.2001,5.9897
2020-12-02,1011010504,辣椒类,48.74,48.74,0.0,461.395,10,9.4665,6.1337
2020-12-05,1011010504,辣椒类,50.32,50.32,0.0,590.9724,10,11.7443,7.7968
2020-12-06,1011010504,辣椒类,61.77,61.77,0.0,769.1412,10,12.4517,7.7417
2020-12-08,1011010504,辣椒类,37.891,38.132,0.241,514.5545999999999,10,13.5572,8.4349
2020-12-09,1011010504,辣椒类,36.059,36.059,0.0,477.8674,10,13.2524,8.6595
2020-12-11,1011010504,辣椒类,44.514,44.514,0.0,579.8594,10,13.0265,8.9276
2020-12-15,1011010504,辣椒类,41.065999999999995,41.065999999999995,0.0,572.8149999999999,10,13.9486,9.7069
2020-12-18,1011010504,辣椒类,41.801,41.801,0.0,646.9970000000001,10,15.478,10.7614
2020-12-19,1011010504,辣椒类,68.24,68.24,0.0,1035.8708000000001,10,15.1798,11.0119
2020-12-20,1011010504,辣椒类,64.273,64.273,0.0,992.5268,10,15.4424,11.6382
2020-12-22,1011010504,辣椒类,38.615,38.615,0.0,584.1572,10,15.1277,11.1503
2020-12-23,1011010504,辣椒类,41.738,41.738,0.0,645.0766,10,15.4554,11.276
2020-12-24,1011010504,辣椒类,37.463,37.463,0.0,624.1382,10,16.6601,11.5098
2020-12-25,1011010504,辣椒类,53.083,53.083,0.0,883.9124,10,16.6515,11.1962
2020-12-27,1011010504,辣椒类,52.745,52.745,0.0,1010.3044,10,19.1545,13.0538
2020-12-28,1011010504,辣椒类,45.863,45.863,0.0,892.2475999999999,10,19.4546,13.6305
2021-01-01,1011010504,辣椒类,67.733,67.733,0.0,1412.1458,10,20.8487,15.0768
2021-01-05,1011010504,辣椒类,37.556,37.556,0.0,728.413,10,19.3954,13.348
2021-01-06,1011010504,辣椒类,44.528000000000006,44.528000000000006,0.0,832.8802000000001,10,18.7046,14.0938
2021-01-07,1011010504,辣椒类,50.183,50.183,0.0,889.2625999999999,10,17.7204,14.4192
2021-01-08,1011010504,辣椒类,37.342,37.342,0.0,725.6312,10,19.432,14.961
2021-01-10,1011010504,辣椒类,68.36500000000001,68.36500000000001,0.0,1300.1862,10,19.0183,14.0676
2021-01-11,1011010504,辣椒类,46.768,46.768,0.0,922.2998,10,19.7207,14.7606
2021-01-13,1011010504,辣椒类,37.065000000000005,37.065000000000005,0.0,749.026,10,20.2084,14.4736
2021-01-14,1011010504,辣椒类,39.296,39.296,0.0,828.259,10,21.0774,15.3799
2021-01-16,1011010504,辣椒类,76.17399999999999,76.17399999999999,0.0,1452.2698,10,19.0652,14.6685
2021-01-17,1011010504,辣椒类,74.534,74.534,0.0,1643.2842,10,22.0474,14.704
2021-01-18,1011010504,辣椒类,48.166,48.166,0.0,1024.5664,10,21.2716,15.0865
2021-01-21,1011010504,辣椒类,57.724000000000004,57.724000000000004,0.0,1358.3964,10,23.5326,16.8903
2021-02-03,1011010504,辣椒类,79.053,79.053,0.0,1370.2106,10,17.3328,13.5081
2021-02-24,1011010504,辣椒类,60.043,60.043,0.0,684.9318,10,11.4074,8.1382
2021-03-07,1011010504,辣椒类,122.568,122.568,0.0,956.1306,10,7.8008,4.4729
2021-03-30,1011010504,辣椒类,57.85099999999999,59.57299999999999,1.722,495.40040000000005,10,8.4893,5.3402
2021-05-23,1011010504,辣椒类,137.485,137.485,0.0,672.2948,10,4.89,3.4618
2021-05-24,1011010504,辣椒类,54.77199999999999,54.77199999999999,0.0,320.7176,10,5.8555,3.7007
2021-05-30,1011010504,辣椒类,106.61500000000001,106.61500000000001,0.0,488.1136,10,4.5783,3.1666
2021-06-05,1011010504,辣椒类,91.95,91.95,0.0,519.5194,10,5.65,2.9546
2021-06-11,1011010504,辣椒类,74.87299999999999,74.87299999999999,0.0,412.3522,10,5.5074,2.7776
2021-06-13,1011010504,辣椒类,88.876,88.876,0.0,483.08529999999996,10,5.4355,3.0134
2021-06-19,1011010504,辣椒类,87.633,87.633,0.0,490.29699999999997,10,5.5949,3.1407
2021-06-20,1011010504,辣椒类,84.134,85.134,1.0,430.579,10,5.2562,2.8647
2021-06-26,1011010504,辣椒类,82.43900000000001,82.43900000000001,0.0,464.73699999999997,10,5.6373,2.8642
2021-06-27,1011010504,辣椒类,79.121,79.121,0.0,411.0442,10,5.1951,2.9679
2021-06-28,1011010504,辣椒类,45.809999999999995,45.809999999999995,0.0,300.2122,10,6.5534,3.1189
2021-06-29,1011010504,辣椒类,40.321,40.321,0.0,277.4828,10,6.8818,3.7357
2021-07-01,1011010504,辣椒类,54.567,54.567,0.0,347.4836,10,6.368,3.4118
2021-07-02,1011010504,辣椒类,51.785,51.785,0.0,403.27090000000004,10,7.7874,4.2997
2021-07-05,1011010504,辣椒类,53.877,53.877,0.0,391.438,10,7.2654,4.3327
2021-07-06,1011010504,辣椒类,46.553000000000004,46.553000000000004,0.0,355.636,10,7.6394,3.8451
2021-07-07,1011010504,辣椒类,38.244,38.244,0.0,272.74399999999997,10,7.1317,4.1401
2021-07-10,1011010504,辣椒类,52.771,52.771,0.0,373.02459999999996,10,7.0687,4.2828
2021-07-11,1011010504,辣椒类,39.195,39.195,0.0,299.916,10,7.6519,4.4715
2021-07-15,1011010504,辣椒类,48.957,48.957,0.0,331.63,10,6.7739,4.2801
2021-07-25,1011010504,辣椒类,72.38499999999999,72.38499999999999,0.0,530.6142,10,7.3304,4.006
2021-07-27,1011010504,辣椒类,54.649,54.649,0.0,385.495,10,7.054,4.5163
2021-07-30,1011010504,辣椒类,50.32099999999999,50.32099999999999,0.0,372.582,10,7.4041,4.4553
2021-08-03,1011010504,辣椒类,55.900999999999996,55.900999999999996,0.0,491.046,10,8.7842,5.0962
2021-08-05,1011010504,辣椒类,65.069,65.069,0.0,494.604,10,7.6012,4.868
2021-08-09,1011010504,辣椒类,61.457,61.457,0.0,410.056,10,6.6722,3.921
2021-08-14,1011010504,辣椒类,96.491,96.491,0.0,658.863,10,6.8282,4.5298
2021-08-15,1011010504,辣椒类,78.097,78.349,0.252,601.957,10,7.7023,4.5247
2021-08-25,1011010504,辣椒类,53.903,53.903,0.0,289.696,10,5.3744,3.2196
2021-09-07,1011010504,辣椒类,45.236,45.236,0.0,386.3088,10,8.5399,5.8836
2021-09-21,1011010504,辣椒类,100.19999999999999,100.446,0.246,969.7138,10,9.6761,6.3699
2021-09-22,1011010504,辣椒类,50.36,50.963,0.603,473.943,10,9.3944,6.4299
2021-09-23,1011010504,辣椒类,45.190000000000005,45.501000000000005,0.311,418.4636,10,9.2652,6.3449
2021-09-24,1011010504,辣椒类,39.936,40.147,0.211,399.2593,10,9.9975,6.7506
2021-09-25,1011010504,辣椒类,76.729,77.276,0.5469999999999999,679.447,10,8.8491,6.5062
2021-10-03,1011010504,辣椒类,37.727,37.899,0.17200000000000001,294.4304,10,7.8191,4.4908
2021-10-04,1011010504,辣椒类,67.602,70.16499999999999,2.5629999999999997,441.76,10,6.6154,4.212
2021-10-05,1011010504,辣椒类,73.28,74.013,0.7330000000000001,493.66400000000004,10,6.7096,4.51
2021-10-15,1011010504,辣椒类,54.93300000000001,54.93300000000001,0.0,459.2886,10,8.3609,4.4856
2021-10-16,1011010504,辣椒类,93.373,93.373,0.0,750.6456000000001,10,8.0392,4.7441
2022-01-08,1011010504,辣椒类,80.046,80.046,0.0,738.5088,10,9.2261,5.7083
2022-01-09,1011010504,辣椒类,81.556,81.556,0.0,719.5474,10,8.8227,5.506
2022-01-12,1011010504,辣椒类,74.888,74.888,0.0,579.28,10,7.7353,5.2621
2022-01-17,1011010504,辣椒类,47.324,47.324,0.0,455.0512,10,9.6157,5.5626
2022-01-18,1011010504,辣椒类,56.238,56.238,0.0,518.9558,10,9.2278,6.0377
2022-02-15,1011010504,辣椒类,65.561,65.561,0.0,663.9596,10,10.1274,6.3649
2022-06-18,1011010504,辣椒类,79.94,80.225,0.285,474.72,10,5.9287,3.556
2022-06-19,1011010504,辣椒类,79.31099999999999,79.31099999999999,0.0,526.102,10,6.6334,3.8222
2022-06-21,1011010504,辣椒类,32.467,32.467,0.0,180.1708,10,5.5494,3.6573
2022-06-26,1011010504,辣椒类,43.418,43.418,0.0,292.4352,10,6.7353,3.8083
2022-09-14,1011010504,辣椒类,70.053,70.053,0.0,469.0022,10,6.695,4.316
2022-09-22,1011010504,辣椒类,73.801,73.801,0.0,453.346,10,6.1428,3.8314
2022-10-04,1011010504,辣椒类,115.099,115.099,0.0,851.41,10,7.3972,3.838
2022-10-13,1011010504,辣椒类,84.845,84.845,0.0,468.0356,10,5.5164,2.9753
2022-10-16,1011010504,辣椒类,178.909,178.909,0.0,997.467,10,5.5753,3.4873
2022-10-17,1011010504,辣椒类,111.662,111.662,0.0,625.6062000000001,10,5.6027,3.3585
2022-10-20,1011010504,辣椒类,105.947,105.947,0.0,512.9576000000001,10,4.8416,2.5841
2022-10-25,1011010504,辣椒类,125.16000000000001,125.16000000000001,0.0,551.6129,10,4.4073,2.5657
2022-10-28,1011010504,辣椒类,136.101,136.101,0.0,681.5889,10,5.008,2.8847
2022-11-01,1011010504,辣椒类,101.963,101.963,0.0,426.6304,10,4.1842,2.7961
2022-11-13,1011010504,辣椒类,188.274,188.274,0.0,776.341,10,4.1235,1.9284
2022-11-15,1011010504,辣椒类,93.884,93.884,0.0,400.7171,10,4.2682,1.8782
2022-11-16,1011010504,辣椒类,105.807,105.807,0.0,431.7127,10,4.0802,1.9085
2022-11-18,1011010504,辣椒类,212.654,212.654,0.0,824.9563,10,3.8793,1.8093
2022-12-14,1011010504,辣椒类,96.19800000000001,96.19800000000001,0.0,355.3038,10,3.6935,1.3416
2022-12-15,1011010504,辣椒类,151.972,151.972,0.0,524.3136,10,3.4501,1.1866
2022-12-17,1011010504,辣椒类,153.757,153.757,0.0,596.0876000000001,10,3.8768,1.3894
