20260666C/代码与数据/processed/daily_category.csv
date,cat_code,cat_name,qty_net,qty_sold,qty_returned,revenue_net,n_items,avg_retail_price,avg_wholesale_price
2020-07-03,1011010402,水生根茎类,9.572000000000001,9.572000000000001,0.0,76.693,1,8.0122,5.61
2020-07-05,1011010402,水生根茎类,4.019,4.019,0.0,40.19,1,10.0,5.42
2020-07-06,1011010402,水生根茎类,3.089,3.089,0.0,30.7757,1,9.963,5.45
2020-07-07,1011010402,水生根茎类,3.117,3.117,0.0,31.17,1,10.0,5.46
2020-07-09,1011010402,水生根茎类,2.106,2.106,0.0,21.060000000000002,1,10.0,5.47
2020-09-08,1011010402,水生根茎类,19.127,19.127,0.0,153.016,1,8.0,5.2
2020-09-12,1011010402,水生根茎类,16.957,16.957,0.0,135.656,1,8.0,5.6
2020-09-17,1011010402,水生根茎类,17.437,17.437,0.0,122.059,1,7.0,5.5
2020-09-21,1011010402,水生根茎类,16.289,16.289,0.0,130.312,1,8.0,5.77
2020-10-14,1011010402,水生根茎类,46.207,46.207,0.0,369.656,1,8.0,5.66
2020-10-15,1011010402,水生根茎类,42.162,42.162,0.0,323.682,1,7.6771,5.8
2020-10-16,1011010402,水生根茎类,58.973,58.973,0.0,459.408,1,7.7901,5.8
2020-10-17,1011010402,水生根茎类,87.12,87.12,0.0,692.176,1,7.9451,5.8
2020-10-18,1011010402,水生根茎类,79.338,79.338,0.0,626.04,1,7.8908,5.8
2020-10-19,1011010402,水生根茎类,40.6,40.6,0.0,322.36,1,7.9399,5.69
2020-10-20,1011010402,水生根茎类,49.434,49.434,0.0,389.45,1,7.8782,5.71
2020-10-21,1011010402,水生根茎类,21.201,21.201,0.0,162.752,1,7.6766,5.8
2020-10-22,1011010402,水生根茎类,35.917,35.917,0.0,272.92,1,7.5986,5.8
2020-10-24,1011010402,水生根茎类,67.932,67.932,0.0,529.104,1,7.7887,5.6
2020-10-25,1011010402,水生根茎类,71.16,71.16,0.0,553.124,1,7.773,5.78
2020-10-26,1011010402,水生根茎类,20.666,20.666,0.0,165.328,1,8.0,5.8
2020-10-27,1011010402,水生根茎类,21.273,21.273,0.0,169.148,1,7.9513,5.8
2020-10-28,1011010402,水生根茎类,32.418,32.418,0.0,223.758,1,6.9023,5.8
2020-10-29,1011010402,水生根茎类,15.828,15.828,0.0,126.624,1,8.0,5.8
2020-10-30,1011010402,水生根茎类,18.769000000000002,18.769000000000002,0.0,146.672,1,7.8146,5.8
2020-10-31,1011010402,水生根茎类,79.265,79.265,0.0,622.716,1,7.8561,5.8
2020-11-01,1011010402,水生根茎类,71.332,71.332,0.0,537.742,1,7.5386,5.8
2020-11-02,1011010402,水生根茎类,15.053,15.053,0.0,120.424,1,8.0,5.8
2020-11-03,1011010402,水生根茎类,15.727,15.727,0.0,122.83800000000001,1,7.8106,5.65
2020-11-04,1011010402,水生根茎类,18.183,18.183,0.0,145.464,1,8.0,5.8
2020-11-05,1011010402,水生根茎类,8.347,8.347,0.0,66.776,1,8.0,5.8
2020-11-06,1011010402,水生根茎类,13.443,13.443,0.0,103.798,1,7.7213,5.61
2020-11-07,1011010402,水生根茎类,71.413,71.413,0.0,549.494,1,7.6946,5.79
2020-11-08,1011010402,水生根茎类,58.207,58.207,0.0,460.406,1,7.9098,5.8
2020-11-09,1011010402,水生根茎类,14.579,14.579,0.0,114.28999999999999,1,7.8394,5.8
2020-11-10,1011010402,水生根茎类,12.103,12.103,0.0,92.444,1,7.6381,5.8
2020-11-14,1011010402,水生根茎类,58.127,58.127,0.0,400.467,1,6.8895,5.2
2020-11-15,1011010402,水生根茎类,45.353,45.353,0.0,311.349,1,6.865,5.2
2020-11-16,1011010402,水生根茎类,14.450000000000001,14.450000000000001,0.0,114.696,1,7.9374,5.2
2020-11-17,1011010402,水生根茎类,24.762,24.762,0.0,189.802,1,7.6651,5.8
2020-11-18,1011010402,水生根茎类,19.171,19.171,0.0,148.318,1,7.7366,5.8
2020-11-22,1011010402,水生根茎类,67.538,67.538,0.0,540.304,1,8.0,5.6
2020-11-23,1011010402,水生根茎类,34.987,34.987,0.0,279.896,1,8.0,5.6
2020-11-24,1011010402,水生根茎类,44.692,44.692,0.0,349.208,1,7.8137,6.0
2020-11-25,1011010402,水生根茎类,38.697,38.697,0.0,295.796,1,7.6439,6.0
2020-11-26,1011010402,水生根茎类,24.099,24.099,0.0,192.792,1,8.0,6.07
2020-11-27,1011010402,水生根茎类,23.178,23.178,0.0,179.268,1,7.7344,6.2
2020-11-28,1011010402,水生根茎类,30.289,30.289,0.0,242.312,1,8.0,6.18
2020-11-29,1011010402,水生根茎类,31.494,31.494,0.0,251.952,1,8.0,6.0
2020-11-30,1011010402,水生根茎类,18.480999999999998,18.480999999999998,0.0,143.096,1,7.7429,6.0
2020-12-01,1011010402,水生根茎类,25.029,25.029,0.0,200.232,1,8.0,6.0
2021-02-13,1011010402,水生根茎类,50.0,50.0,0.0,645.0,1,12.9,8.5
2021-02-16,1011010402,水生根茎类,67.819,67.819,0.0,949.466,1,14.0,8.53
2021-02-17,1011010402,水生根茎类,53.632,53.632,0.0,643.5840000000001,1,12.0,8.37
2021-02-18,1011010402,水生根茎类,62.327,62.327,0.0,747.924,1,12.0,8.0
2021-03-10,1011010402,水生根茎类,24.891000000000002,24.891000000000002,0.0,199.12800000000001,1,8.0,6.6
2021-08-13,1011010402,水生根茎类,37.722,37.722,0.0,306.392,1,8.1224,6.02
2021-08-14,1011010402,水生根茎类,27.112000000000002,27.112000000000002,0.0,224.206,1,8.2696,6.0
2021-10-13,1011010402,水生根茎类,36.526,36.526,0.0,221.0406,1,6.0516,4.6
2021-10-21,1011010402,水生根茎类,46.91,46.91,0.0,283.3716,1,6.0408,4.6
2021-10-27,1011010402,水生根茎类,36.161,36.161,0.0,218.4474,1,6.041,4.6
2021-10-28,1011010402,水生根茎类,37.949,37.949,0.0,230.4564,1,6.0728,4.6
2021-10-29,1011010402,水生根茎类,40.045,40.045,0.0,242.9136,1,6.066,4.6
2021-10-31,1011010402,水生根茎类,55.961,55.961,0.0,340.2204,1,6.0796,4.6
2021-11-01,1011010402,水生根茎类,44.316,44.316,0.0,269.5452,1,6.0823,4.6
2021-11-02,1011010402,水生根茎类,39.893,39.893,0.0,240.8946,1,6.0385,4.6
2021-11-03,1011010402,水生根茎类,39.941,39.941,0.0,242.4264,1,6.0696,4.6
2021-11-05,1011010402,水生根茎类,58.696,58.696,0.0,355.6152,1,6.0586,4.6
2021-11-15,1011010402,水生根茎类,28.879,28.879,0.0,202.153,1,7.0,4.8
2021-11-16,1011010402,水生根茎类,19.63,19.63,0.0,137.41,1,7.0,4.8
2021-11-18,1011010402,水生根茎类,21.426,21.426,0.0,149.982,1,7.0,4.8
2021-11-19,1011010402,水生根茎类,28.706,28.706,0.0,200.942,1,7.0,4.8
2021-12-15,1011010402,水生根茎类,2.6020000000000003,2.6020000000000003,0.0,11.382000000000001,1,4.3743,3.52
2021-12-24,1011010402,水生根茎类,35.441,35.441,0.0,212.64600000000002,1,6.0,4.8
2022-02-20,1011010402,水生根茎类,35.58,35.58,0.0,284.64,1,8.0,4.74
2022-02-21,1011010402,水生根茎类,26.034,26.034,0.0,208.272,1,8.0,5.1
2022-02-22,1011010402,水生根茎类,25.201,25.201,0.0,201.608,1,8.0,5.0
2022-02-23,1011010402,水生根茎类,17.076,17.076,0.0,136.608,1,8.0,5.0
2022-02-24,1011010402,水生根茎类,19.778,19.778,0.0,158.224,1,8.0,5.0
2022-02-26,1011010402,水生根茎类,40.831,40.831,0.0,326.648,1,8.0,4.85
2022-02-27,1011010402,水生根茎类,33.006,33.609,0.603,264.048,1,8.0,4.8
2022-02-28,1011010402,水生根茎类,27.837999999999997,29.583,1.745,167.028,1,6.0,4.61
2022-03-01,1011010402,水生根茎类,5.051,5.051,0.0,30.306,1,6.0,4.6
2022-03-02,1011010402,水生根茎类,23.171,23.171,0.0,139.026,1,6.0,4.6
2022-03-03,1011010402,水生根茎类,27.705000000000002,27.705000000000002,0.0,166.23,1,6.0,4.6
2022-03-04,1011010402,水生根茎类,21.276,21.276,0.0,127.65599999999999,1,6.0,4.6
2022-03-05,1011010402,水生根茎类,44.23,44.23,0.0,265.38,1,6.0,4.6
2022-03-06,1011010402,水生根茎类,47.119,47.119,0.0,282.714,1,6.0,4.6
2022-03-07,1011010402,水生根茎类,24.482,24.482,0.0,146.892,1,6.0,4.76
2022-03-08,1011010402,水生根茎类,6.754,6.754,0.0,47.278,1,7.0,4.8
2022-03-09,1011010402,水生根茎类,17.2,17.2,0.0,120.4,1,7.0,4.8
2022-03-10,1011010402,水生根茎类,16.626,16.626,0.0,116.382,1,7.0,4.8
2022-03-11,1011010402,水生根茎类,29.63,29.63,0.0,207.41,1,7.0,4.8
2022-03-12,1011010402,水生根茎类,37.329,37.329,0.0,261.303,1,7.0,4.76
2022-03-13,1011010402,水生根茎类,28.204,28.204,0.0,197.428,1,7.0,4.8
2022-03-14,1011010402,水生根茎类,15.345,15.345,0.0,107.41499999999999,1,7.0,4.8
2022-03-16,1011010402,水生根茎类,16.886,16.886,0.0,118.202,1,7.0,4.8
2022-03-19,1011010402,水生根茎类,45.815,45.815,0.0,311.542,1,6.8,4.8
2022-03-21,1011010402,水生根茎类,25.391,25.391,0.0,182.8152,1,7.2,4.8
2022-03-22,1011010402,水生根茎类,27.306,27.306,0.0,196.60320000000002,1,7.2,4.8
2022-03-24,1011010402,水生根茎类,16.899,16.899,0.0,135.192,1,8.0,4.92
2022-04-04,1011010402,水生根茎类,31.759,31.759,0.0,254.072,1,8.0,5.0
2022-04-05,1011010402,水生根茎类,21.71,21.71,0.0,173.68,1,8.0,5.0
2022-04-07,1011010402,水生根茎类,6.533,6.533,0.0,52.264,1,8.0,5.0
2022-04-11,1011010402,水生根茎类,1.03,1.03,0.0,8.24,1,8.0,5.4
2022-04-12,1011010402,水生根茎类,7.538,7.538,0.0,60.304,1,8.0,5.4
2022-04-13,1011010402,水生根茎类,4.61,4.61,0.0,36.88,1,8.0,5.4
2022-04-17,1011010402,水生根茎类,9.701,9.701,0.0,87.309,1,9.0,5.46
2022-04-18,1011010402,水生根茎类,3.024,3.024,0.0,27.216,1,9.0,5.4
2022-04-24,1011010402,水生根茎类,4.52,4.52,0.0,40.68,1,9.0,5.4
2022-04-30,1011010402,水生根茎类,9.22,9.22,0.0,82.98,1,9.0,5.4
2022-05-03,1011010402,水生根茎类,2.8680000000000003,2.8680000000000003,0.0,25.811999999999998,1,9.0,5.4
2022-05-18,1011010402,水生根茎类,0.9259999999999999,0.9259999999999999,0.0,8.334,1,9.0,5.8
2022-11-27,1011010402,水生根茎类,3.165,3.165,0.0,17.723999999999997,1,5.6,4.55
2020-07-04,1011010101,花叶类,236.587,236.587,0.0,1841.4,13,7.7832,4.8071
2020-07-05,1011010101,花叶类,223.899,223.899,0.0,1573.1793,13,7.0263,4.2734
2020-07-13,1011010101,花叶类,190.832,190.832,0.0,1422.2043999999999,13,7.4527,4.6821
2020-07-14,1011010101,花叶类,190.59900000000002,190.59900000000002,0.0,1375.1632,13,7.215,4.3406
2020-07-16,1011010101,花叶类,212.526,215.526,3.0,1517.8922,13,7.1267,4.2801
2020-07-18,1011010101,花叶类,274.265,275.265,1.0,2017.5223,13,7.3512,4.5037
2020-07-21,1011010101,花叶类,214.99,214.99,0.0,1592.4823000000001,13,7.4072,4.4622
2020-07-22,1011010101,花叶类,232.41,232.78300000000002,0.373,1645.7257,13,7.081,4.2067
2020-07-23,1011010101,花叶类,199.984,200.441,0.457,1422.4458,13,7.1171,4.1541
2020-07-25,1011010101,花叶类,227.137,227.137,0.0,1805.9512,13,7.9509,4.7378
2020-07-26,1011010101,花叶类,250.825,250.825,0.0,2045.4513,13,8.1549,4.7839
2020-07-28,1011010101,花叶类,165.443,165.443,0.0,1326.3971000000001,13,8.0172,4.6249
2020-07-31,1011010101,花叶类,197.166,197.166,0.0,1534.2384000000002,13,7.7815,4.4095
2020-08-16,1011010101,花叶类,241.48000000000002,241.48000000000002,0.0,1826.1872,13,7.5625,4.3198
2020-08-17,1011010101,花叶类,215.63299999999998,215.63299999999998,0.0,1440.412,13,6.6799,4.055
2020-08-18,1011010101,花叶类,225.113,225.113,0.0,1601.7918,13,7.1155,4.3204
2020-08-19,1011010101,花叶类,214.173,214.173,0.0,1519.7384,13,7.0958,4.1915
2020-08-20,1011010101,花叶类,233.53199999999998,233.53199999999998,0.0,1683.267,13,7.2079,4.2057
2020-08-21,1011010101,花叶类,207.076,207.076,0.0,1551.367,13,7.4918,4.5482
2020-08-23,1011010101,花叶类,261.552,261.552,0.0,1988.1942,13,7.6015,4.4911
2020-08-28,1011010101,花叶类,195.032,195.032,0.0,1479.211,13,7.5845,4.4512
2020-08-29,1011010101,花叶类,267.031,267.031,0.0,2101.76,13,7.8708,4.7906
2020-09-03,1011010101,花叶类,193.463,193.463,0.0,1344.2868,13,6.9486,4.14
2020-09-10,1011010101,花叶类,119.91900000000001,119.91900000000001,0.0,852.5874,13,7.1097,4.0033
2020-10-04,1011010101,花叶类,232.776,232.776,0.0,1732.616,13,7.4433,4.3282
2020-10-12,1011010101,花叶类,170.21200000000002,170.21200000000002,0.0,1234.194,13,7.2509,4.6086
2020-10-14,1011010101,花叶类,182.96,182.96,0.0,1332.636,13,7.2838,4.3548
2021-01-14,1011010101,花叶类,148.947,148.947,0.0,761.967,13,5.1157,3.45
2021-01-15,1011010101,花叶类,171.213,171.213,0.0,899.3304,13,5.2527,3.4284
2021-01-16,1011010101,花叶类,252.82500000000002,252.82500000000002,0.0,1387.805,13,5.4892,3.6397
2021-02-13,1011010101,花叶类,243.48499999999999,243.48499999999999,0.0,1814.1526,13,7.4508,3.9358
2021-02-15,1011010101,花叶类,300.13,300.13,0.0,1664.2622,13,5.5451,3.5385
2021-02-16,1011010101,花叶类,253.696,253.696,0.0,1518.1286,13,5.984,3.9724
2021-11-24,1011010101,花叶类,39.991,39.991,0.0,280.052,13,7.0029,4.1018
2021-11-27,1011010101,花叶类,68.057,68.057,0.0,470.8972,13,6.9192,4.3028
2021-11-29,1011010101,花叶类,57.865,57.865,0.0,353.5784,13,6.1104,3.7417
2021-11-30,1011010101,花叶类,43.009,43.009,0.0,301.6016,13,7.0125,4.1848
2021-12-04,1011010101,花叶类,93.905,93.905,0.0,571.4062,13,6.0849,4.0728
2021-12-06,1011010101,花叶类,64.231,64.231,0.0,434.38480000000004,13,6.7629,4.1634
2021-12-13,1011010101,花叶类,61.915,61.915,0.0,340.7078,13,5.5028,3.4171
2021-12-14,1011010101,花叶类,66.116,66.116,0.0,391.4882,13,5.9212,3.388
2021-12-21,1011010101,花叶类,71.006,71.006,0.0,293.738,13,4.1368,2.5351
2022-02-02,1011010101,花叶类,88.41199999999999,88.41199999999999,0.0,698.808,13,7.904,4.2234
2022-02-16,1011010101,花叶类,99.015,99.015,0.0,358.37300000000005,13,3.6194,1.95
2022-05-13,1011010101,花叶类,102.98,102.98,0.0,705.4628,13,6.8505,4.0016
2022-05-17,1011010101,花叶类,67.12,67.12,0.0,440.54380000000003,13,6.5635,4.0506
2022-05-20,1011010101,花叶类,90.647,90.647,0.0,624.334,13,6.8875,4.3259
2022-05-21,1011010101,花叶类,154.655,154.655,0.0,1073.8874,13,6.9438,4.3065
2022-06-03,1011010101,花叶类,185.595,185.595,0.0,854.6286,13,4.6048,2.6963
2022-06-04,1011010101,花叶类,113.331,113.331,0.0,509.4,13,4.4948,2.5568
2022-06-05,1011010101,花叶类,102.505,102.505,0.0,487.998,13,4.7607,2.7991
2022-06-07,1011010101,花叶类,105.767,105.767,0.0,482.7654,13,4.5644,2.7001
2022-06-08,1011010101,花叶类,113.86200000000001,113.86200000000001,0.0,546.4596,13,4.7993,2.7404
2022-06-11,1011010101,花叶类,195.647,195.647,0.0,818.072,13,4.1814,2.35
2022-06-12,1011010101,花叶类,166.51500000000001,166.51500000000001,0.0,739.6814,13,4.4421,2.5336
2022-06-13,1011010101,花叶类,116.051,116.051,0.0,550.7454,13,4.7457,2.6998
2022-06-14,1011010101,花叶类,110.67099999999999,110.67099999999999,0.0,523.7242,13,4.7323,2.7962
2022-06-15,1011010101,花叶类,105.84,106.544,0.704,450.1206,13,4.2419,2.4197
2022-07-15,1011010101,花叶类,118.425,118.425,0.0,697.7156,13,5.8916,3.2994
2022-10-11,1011010101,花叶类,244.75900000000001,244.75900000000001,0.0,918.1318,13,3.7512,2.2071
2022-12-07,1011010101,花叶类,272.787,272.787,0.0,851.332,13,3.1209,1.671
2020-07-05,1011010501,茄类,61.816,61.816,0.0,411.3631,3,6.6546,4.0219
2020-07-06,1011010501,茄类,30.727000000000004,30.727000000000004,0.0,201.412,3,6.5549,3.3204
2020-07-09,1011010501,茄类,25.921,25.921,0.0,205.52,3,7.9287,3.8986
2020-07-10,1011010501,茄类,37.86,37.86,0.0,268.35069999999996,3,7.088,4.6364
2020-07-12,1011010501,茄类,81.706,81.706,0.0,582.6195,3,7.1307,4.2825
2020-07-13,1011010501,茄类,44.379,44.379,0.0,306.6984,3,6.9109,4.0284
2020-07-14,1011010501,茄类,34.747,34.747,0.0,225.4722,3,6.489,3.8425
2020-07-15,1011010501,茄类,38.17,38.17,0.0,274.55,3,7.1928,4.0827
2020-07-16,1011010501,茄类,26.586,26.586,0.0,192.9674,3,7.2583,4.135
2020-07-17,1011010501,茄类,37.251000000000005,37.251000000000005,0.0,294.065,3,7.8942,4.5717
2020-07-18,1011010501,茄类,56.585,56.585,0.0,393.6409,3,6.9566,3.8987
2020-07-19,1011010501,茄类,71.772,71.772,0.0,556.3027999999999,3,7.751,4.3009
2020-07-20,1011010501,茄类,33.947,33.947,0.0,280.5997,3,8.2658,4.3969
2020-07-21,1011010501,茄类,27.094,27.094,0.0,206.34199999999998,3,7.6158,4.2462
2020-07-22,1011010501,茄类,48.247,48.247,0.0,372.4259,3,7.7192,4.1242
2020-07-23,1011010501,茄类,44.141999999999996,44.141999999999996,0.0,338.846,3,7.6763,4.356
2020-07-24,1011010501,茄类,34.97,34.97,0.0,289.3317,3,8.2737,4.8236
2020-07-25,1011010501,茄类,61.874,61.874,0.0,435.2305,3,7.0341,4.6915
2020-07-26,1011010501,茄类,69.521,69.521,0.0,515.1741,3,7.4104,4.6264
2020-07-27,1011010501,茄类,36.121,36.121,0.0,265.8719,3,7.3606,4.8091
2020-07-28,1011010501,茄类,40.34,40.34,0.0,313.6707,3,7.7756,4.9788
2020-07-29,1011010501,茄类,40.777,40.777,0.0,324.2181,3,7.951,4.8942
2020-07-30,1011010501,茄类,46.311,46.311,0.0,355.9828,3,7.6868,4.7999
2020-07-31,1011010501,茄类,34.092,34.092,0.0,265.107,3,7.7762,4.7814
2020-08-01,1011010501,茄类,48.80499999999999,48.80499999999999,0.0,353.9742,3,7.2528,4.4196
2020-08-02,1011010501,茄类,50.893,50.893,0.0,352.942,3,6.935,4.2775
2020-08-03,1011010501,茄类,45.191,45.191,0.0,302.953,3,6.7038,3.8289
2020-08-04,1011010501,茄类,30.591,30.591,0.0,228.63600000000002,3,7.474,3.8325
2020-08-05,1011010501,茄类,49.472,49.472,0.0,368.65,3,7.4517,4.0477
2020-08-07,1011010501,茄类,51.799,51.799,0.0,266.15999999999997,3,5.1383,3.8551
2020-08-08,1011010501,茄类,63.763999999999996,63.763999999999996,0.0,323.176,3,5.0683,2.6097
2020-08-09,1011010501,茄类,51.834999999999994,51.834999999999994,0.0,259.75,3,5.0111,2.8249
2020-08-10,1011010501,茄类,47.664,47.664,0.0,237.186,3,4.9762,2.6794
2020-08-11,1011010501,茄类,33.572,33.572,0.0,167.394,3,4.9861,2.5628
2020-08-12,1011010501,茄类,36.009,36.009,0.0,244.553,3,6.7914,3.4007
2020-08-13,1011010501,茄类,31.109,31.109,0.0,212.742,3,6.8386,2.7338
2020-08-14,1011010501,茄类,37.826,37.826,0.0,276.063,3,7.2982,5.2772
2020-08-15,1011010501,茄类,43.278999999999996,43.278999999999996,0.0,318.823,3,7.3667,5.1186
2020-08-16,1011010501,茄类,48.366,48.366,0.0,341.816,3,7.0673,4.2057
2020-08-17,1011010501,茄类,35.013999999999996,35.013999999999996,0.0,259.046,3,7.3984,5.1136
2020-08-18,1011010501,茄类,34.019000000000005,34.019000000000005,0.0,259.425,3,7.6259,4.7078
2020-08-19,1011010501,茄类,30.347,30.347,0.0,232.61599999999999,3,7.6652,4.8343
2020-08-20,1011010501,茄类,37.957,37.957,0.0,329.806,3,8.6889,5.6684
2020-08-21,1011010501,茄类,29.694,29.694,0.0,247.648,3,8.34,5.3631
2020-08-22,1011010501,茄类,30.422,30.422,0.0,295.327,3,9.7077,5.6342
2020-08-23,1011010501,茄类,47.316,47.316,0.0,454.528,3,9.6062,6.479
2020-08-24,1011010501,茄类,26.874000000000002,26.874000000000002,0.0,233.149,3,8.6756,5.7422
2020-08-25,1011010501,茄类,23.272,23.272,0.0,230.43099999999998,3,9.9016,6.3525
2020-08-26,1011010501,茄类,30.722,30.722,0.0,304.66499999999996,3,9.9168,6.7916
2020-08-28,1011010501,茄类,24.597,24.597,0.0,259.176,3,10.5369,6.4076
2020-08-29,1011010501,茄类,30.675,30.675,0.0,324.78000000000003,3,10.5878,6.4545
2020-08-30,1011010501,茄类,21.641,21.641,0.0,219.287,3,10.1329,6.3826
2020-08-31,1011010501,茄类,15.943,15.943,0.0,157.332,3,9.8684,7.5347
2020-09-01,1011010501,茄类,26.328999999999997,26.328999999999997,0.0,263.517,3,10.0086,7.3241
2020-09-02,1011010501,茄类,13.873000000000001,13.873000000000001,0.0,138.294,3,9.9686,7.5097
2020-09-03,1011010501,茄类,14.172,14.172,0.0,141.414,3,9.9784,7.0623
2020-09-04,1011010501,茄类,20.233,20.233,0.0,186.4,3,9.2127,6.9718
2020-09-11,1011010501,茄类,22.019000000000002,22.019000000000002,0.0,166.36700000000002,3,7.5556,5.2168
2020-09-13,1011010501,茄类,28.737,28.737,0.0,281.08000000000004,3,9.7811,6.267
2020-09-14,1011010501,茄类,16.134,16.134,0.0,135.657,3,8.4081,5.4571
2020-09-15,1011010501,茄类,13.243,13.243,0.0,102.405,3,7.7328,4.1183
2020-09-16,1011010501,茄类,15.193999999999999,15.193999999999999,0.0,129.216,3,8.5044,5.5082
2020-09-17,1011010501,茄类,22.924,22.924,0.0,176.784,3,7.7117,5.1092
2020-09-18,1011010501,茄类,13.805,13.805,0.0,108.193,3,7.8372,4.7286
2020-09-19,1011010501,茄类,30.406,30.406,0.0,241.87,3,7.9547,4.9506
2020-09-20,1011010501,茄类,41.474000000000004,41.474000000000004,0.0,305.707,3,7.3711,4.7196
2020-09-21,1011010501,茄类,20.868000000000002,20.868000000000002,0.0,154.166,3,7.3877,4.1651
2020-09-22,1011010501,茄类,25.819000000000003,25.819000000000003,0.0,177.746,3,6.8843,3.9814
2020-09-23,1011010501,茄类,22.515,22.515,0.0,153.852,3,6.8333,4.1735
2020-09-24,1011010501,茄类,18.9,18.9,0.0,130.59,3,6.9095,4.2979
2020-09-25,1011010501,茄类,26.529,26.529,0.0,168.44799999999998,3,6.3496,3.8832
2020-09-26,1011010501,茄类,33.516999999999996,33.516999999999996,0.0,223.189,3,6.659,4.0969
