20260666C/代码与数据/processed/daily_category.csv
date,cat_code,cat_name,qty_net,qty_sold,qty_returned,revenue_net,n_items,avg_retail_price,avg_wholesale_price
2020-09-27,1011010501,茄类,20.532,20.532,0.0,146.238,3,7.1224,4.3989
2020-09-28,1011010501,茄类,18.401,18.401,0.0,112.09700000000001,3,6.0919,3.8793
2020-09-29,1011010501,茄类,24.719,24.719,0.0,147.128,3,5.952,4.1002
2020-09-30,1011010501,茄类,25.865000000000002,25.865000000000002,0.0,154.139,3,5.9594,3.8482
2020-10-01,1011010501,茄类,32.482,32.482,0.0,187.86499999999998,3,5.7837,3.6502
2020-10-02,1011010501,茄类,38.762,38.762,0.0,206.5024,3,5.3274,3.7709
2020-10-04,1011010501,茄类,43.849000000000004,43.849000000000004,0.0,228.37279999999998,3,5.2082,3.7889
2020-10-05,1011010501,茄类,31.128,31.128,0.0,184.84,3,5.9381,3.8641
2020-10-26,1011010501,茄类,10.797,10.797,0.0,70.918,3,6.5683,4.6106
2020-11-05,1011010501,茄类,9.067,9.067,0.0,59.2802,3,6.538,4.2402
2020-11-13,1011010501,茄类,8.044,8.044,0.0,48.0704,3,5.9759,4.0304
2020-11-23,1011010501,茄类,15.902,15.902,0.0,103.20599999999999,3,6.4901,4.9029
2020-12-09,1011010501,茄类,9.89,9.89,0.0,81.304,3,8.2208,5.7418
2020-12-14,1011010501,茄类,12.715,12.715,0.0,108.76599999999999,3,8.5541,5.1976
2020-12-19,1011010501,茄类,14.524000000000001,14.524000000000001,0.0,116.19200000000001,3,8.0,5.4488
2020-12-20,1011010501,茄类,14.386,14.386,0.0,115.088,3,8.0,5.6118
2020-12-21,1011010501,茄类,12.997,12.997,0.0,102.584,3,7.8929,5.7112
2020-12-24,1011010501,茄类,9.801,9.801,0.0,79.594,3,8.121,5.908
2020-12-26,1011010501,茄类,16.19,16.19,0.0,127.232,3,7.8587,5.356
2020-12-28,1011010501,茄类,13.266,13.266,0.0,116.472,3,8.7797,6.0492
2020-12-29,1011010501,茄类,12.741000000000001,12.741000000000001,0.0,109.29100000000001,3,8.5779,5.9454
2020-12-30,1011010501,茄类,16.318,16.318,0.0,146.629,3,8.9857,6.0369
2020-12-31,1011010501,茄类,20.724999999999998,20.724999999999998,0.0,187.641,3,9.0538,6.6277
2021-01-30,1011010501,茄类,23.084,23.084,0.0,279.616,3,12.113,8.1846
2021-01-31,1011010501,茄类,24.61,24.61,0.0,276.77,3,11.2462,7.9598
2021-02-10,1011010501,茄类,118.93100000000001,118.93100000000001,0.0,1433.7474000000002,3,12.0553,8.7051
2021-03-02,1011010501,茄类,16.541,16.541,0.0,132.84,3,8.031,5.1348
2021-03-07,1011010501,茄类,26.748,26.748,0.0,236.948,3,8.8585,5.0126
2021-03-08,1011010501,茄类,19.815,19.815,0.0,177.407,3,8.9532,5.7922
2021-03-11,1011010501,茄类,16.37,16.37,0.0,147.043,3,8.9825,5.3939
2021-03-12,1011010501,茄类,23.836000000000002,23.836000000000002,0.0,214.491,3,8.9986,5.1637
2021-03-13,1011010501,茄类,26.434,26.434,0.0,235.26100000000002,3,8.8999,6.2308
2021-03-14,1011010501,茄类,17.721,17.721,0.0,164.07,3,9.2585,6.287
2021-03-16,1011010501,茄类,13.577,13.577,0.0,110.68799999999999,3,8.1526,6.1637
2021-03-18,1011010501,茄类,11.866,11.866,0.0,97.86,3,8.2471,6.2688
2021-03-19,1011010501,茄类,16.235,16.235,0.0,133.534,3,8.2251,6.2894
2021-03-20,1011010501,茄类,21.477,21.477,0.0,190.952,3,8.891,6.0136
2021-03-21,1011010501,茄类,17.949,17.949,0.0,151.954,3,8.4659,5.8405
2021-03-23,1011010501,茄类,19.311999999999998,19.311999999999998,0.0,162.106,3,8.3941,5.7961
2021-03-25,1011010501,茄类,14.620999999999999,14.620999999999999,0.0,129.51399999999998,3,8.8581,5.9721
2021-03-26,1011010501,茄类,21.313,21.313,0.0,182.158,3,8.5468,5.8441
2021-03-27,1011010501,茄类,26.111,26.111,0.0,216.36599999999999,3,8.2864,6.0517
2021-03-28,1011010501,茄类,19.628,19.628,0.0,163.61999999999998,3,8.3361,5.9992
2021-03-29,1011010501,茄类,16.139,16.139,0.0,135.84799999999998,3,8.4174,6.05
2021-03-30,1011010501,茄类,21.407,21.407,0.0,178.872,3,8.3558,6.1189
2021-04-01,1011010501,茄类,20.604,20.604,0.0,191.844,3,9.311,6.3385
2021-04-03,1011010501,茄类,32.709999999999994,32.709999999999994,0.0,282.784,3,8.6452,6.1439
2021-04-05,1011010501,茄类,16.492,16.492,0.0,141.05599999999998,3,8.553,5.8939
2021-04-06,1011010501,茄类,3.138,3.138,0.0,26.272,3,8.3722,5.3793
2021-04-07,1011010501,茄类,16.213,16.213,0.0,118.714,3,7.3221,5.3509
2021-04-09,1011010501,茄类,17.451,17.451,0.0,165.081,3,9.4597,5.3831
2021-04-11,1011010501,茄类,24.901999999999997,24.901999999999997,0.0,253.23199999999997,3,10.1691,6.302
2021-04-14,1011010501,茄类,18.975,18.975,0.0,161.502,3,8.5113,6.3254
2021-04-21,1011010501,茄类,26.622,26.622,0.0,181.548,3,6.8195,4.794
2021-05-19,1011010501,茄类,20.578,20.578,0.0,116.524,3,5.6626,3.6227
2021-05-21,1011010501,茄类,21.886,21.886,0.0,127.547,3,5.8278,3.2911
2021-06-17,1011010501,茄类,28.237000000000002,28.237000000000002,0.0,145.978,3,5.1697,3.1854
2021-06-18,1011010501,茄类,27.339000000000002,27.339000000000002,0.0,147.666,3,5.4013,3.1293
2021-06-19,1011010501,茄类,30.488,30.488,0.0,145.54,3,4.7737,2.7863
2021-06-20,1011010501,茄类,61.881,61.881,0.0,319.55800000000005,3,5.1641,3.0068
2021-06-21,1011010501,茄类,18.566,18.566,0.0,80.476,3,4.3346,2.4785
2021-06-22,1011010501,茄类,30.314,30.919999999999998,0.606,146.516,3,4.7777,2.7219
2021-06-23,1011010501,茄类,24.859,24.859,0.0,105.392,3,4.2396,2.5986
2021-06-25,1011010501,茄类,12.895999999999999,12.895999999999999,0.0,67.6654,3,5.247,2.7827
2021-06-26,1011010501,茄类,35.449,35.449,0.0,185.3258,3,5.228,2.7065
2021-06-27,1011010501,茄类,31.775999999999996,31.775999999999996,0.0,205.97879999999998,3,6.4822,3.9238
2021-06-28,1011010501,茄类,21.088,21.088,0.0,122.33420000000001,3,5.8011,3.4461
2021-06-29,1011010501,茄类,19.721,19.721,0.0,98.915,3,5.0157,2.961
2021-06-30,1011010501,茄类,27.424999999999997,27.424999999999997,0.0,137.863,3,5.0269,2.8743
2021-07-01,1011010501,茄类,26.278,26.278,0.0,128.053,3,4.873,2.8121
2021-07-03,1011010501,茄类,47.285000000000004,47.285000000000004,0.0,224.18280000000001,3,4.7411,3.0561
2021-07-04,1011010501,茄类,39.241,39.241,0.0,194.218,3,4.9494,2.9172
2021-07-11,1011010501,茄类,40.365,40.365,0.0,185.3024,3,4.5907,2.5327
2021-07-12,1011010501,茄类,24.025,24.025,0.0,121.89240000000001,3,5.0736,2.7585
2021-07-13,1011010501,茄类,28.125,28.125,0.0,148.3748,3,5.2755,3.0365
2021-07-15,1011010501,茄类,17.221,17.221,0.0,112.035,3,6.5057,3.5248
2021-07-23,1011010501,茄类,19.1,19.1,0.0,168.033,3,8.7975,5.1569
2021-07-26,1011010501,茄类,16.386,16.386,0.0,151.355,3,9.2368,6.3567
2021-07-30,1011010501,茄类,33.845,33.845,0.0,227.4,3,6.7189,4.0455
2021-08-01,1011010501,茄类,20.536,20.536,0.0,143.3434,3,6.9801,5.2143
2021-08-08,1011010501,茄类,32.192,32.192,0.0,361.536,3,11.2306,7.8164
2021-08-16,1011010501,茄类,24.663,24.663,0.0,164.122,3,6.6546,4.0841
2021-08-26,1011010501,茄类,34.842,34.842,0.0,248.52,3,7.1328,4.0787
2021-09-16,1011010501,茄类,28.808,28.808,0.0,207.409,3,7.1997,4.2282
2021-09-18,1011010501,茄类,25.935000000000002,25.935000000000002,0.0,178.031,3,6.8645,4.1588
2021-09-24,1011010501,茄类,15.31,15.31,0.0,109.819,3,7.173,4.2339
2021-09-25,1011010501,茄类,35.553999999999995,36.043,0.489,241.96300000000002,3,6.7945,4.3669
2021-10-16,1011010501,茄类,14.772,14.772,0.0,180.23000000000002,3,12.2008,6.7733
2021-10-19,1011010501,茄类,8.766,8.766,0.0,101.846,3,11.6183,7.7587
2021-10-25,1011010501,茄类,7.279,7.279,0.0,97.404,3,13.3815,8.864
2021-10-27,1011010501,茄类,6.836,6.836,0.0,97.2324,3,14.2236,9.3737
2021-10-28,1011010501,茄类,3.122,3.122,0.0,44.8044,3,14.3512,9.7361
2021-10-29,1011010501,茄类,11.123999999999999,11.123999999999999,0.0,125.136,3,11.2492,8.7753
2021-10-30,1011010501,茄类,12.133,12.133,0.0,129.792,3,10.6974,9.4384
2021-11-01,1011010501,茄类,10.293000000000001,10.293000000000001,0.0,114.52,3,11.126,7.2185
2021-11-04,1011010501,茄类,12.227,12.227,0.0,132.4,3,10.8285,6.6771
2021-11-05,1011010501,茄类,6.524,6.524,0.0,68.56400000000001,3,10.5095,6.7427
2021-11-06,1011010501,茄类,9.658000000000001,9.658000000000001,0.0,101.28,3,10.4866,6.5819
2021-11-08,1011010501,茄类,10.661999999999999,10.661999999999999,0.0,128.23,3,12.0268,6.8712
2021-11-11,1011010501,茄类,3.602,3.602,0.0,44.858000000000004,3,12.4536,7.6286
2021-11-12,1011010501,茄类,10.337,10.337,0.0,131.926,3,12.7625,8.0832
2021-11-13,1011010501,茄类,10.383,10.383,0.0,114.23400000000001,3,11.002,7.2808
2021-11-14,1011010501,茄类,14.612,14.612,0.0,175.088,3,11.9825,7.9871
2021-11-15,1011010501,茄类,7.193999999999999,7.193999999999999,0.0,80.712,3,11.2193,7.3562
2021-11-16,1011010501,茄类,2.834,2.834,0.0,34.814,3,12.2844,7.6394
2021-11-17,1011010501,茄类,7.203,7.203,0.0,81.086,3,11.2573,6.886
2021-11-18,1011010501,茄类,3.246,3.246,0.0,37.936,3,11.687,7.1407
2021-11-19,1011010501,茄类,6.776,6.776,0.0,77.75999999999999,3,11.4758,6.9719
2021-11-20,1011010501,茄类,9.051,9.051,0.0,107.478,3,11.8747,7.3065
2021-11-21,1011010501,茄类,17.990000000000002,17.990000000000002,0.0,195.91600000000003,3,10.8903,6.7223
2021-11-22,1011010501,茄类,9.175,9.175,0.0,101.89,3,11.1052,7.0509
2021-11-23,1011010501,茄类,5.163,5.163,0.0,63.722,3,12.342,7.2235
2021-11-26,1011010501,茄类,6.0600000000000005,6.0600000000000005,0.0,67.744,3,11.1789,6.9591
2021-11-28,1011010501,茄类,9.693999999999999,9.693999999999999,0.0,101.001,3,10.4189,6.3003
2021-12-01,1011010501,茄类,5.252,5.252,0.0,55.632,3,10.5925,5.8159
2021-12-02,1011010501,茄类,4.474,4.474,0.0,48.58,3,10.8583,6.1309
2021-12-04,1011010501,茄类,9.205,9.205,0.0,98.28,3,10.6768,6.3148
2021-12-05,1011010501,茄类,10.65,10.65,0.0,116.65800000000002,3,10.9538,6.2725
2021-12-06,1011010501,茄类,8.862,8.862,0.0,83.86,3,9.4628,6.0681
2021-12-08,1011010501,茄类,7.96,7.96,0.0,75.074,3,9.4314,6.2935
2021-12-10,1011010501,茄类,8.928,8.928,0.0,77.9,3,8.7254,5.9104
2021-12-11,1011010501,茄类,10.713999999999999,10.713999999999999,0.0,114.90599999999999,3,10.7248,5.8886
2021-12-17,1011010501,茄类,10.173,10.173,0.0,111.22800000000001,3,10.9336,6.5534
2021-12-18,1011010501,茄类,11.996,11.996,0.0,137.49599999999998,3,11.4618,6.9413
2021-12-19,1011010501,茄类,9.451,9.451,0.0,105.48599999999999,3,11.1614,6.6885
2021-12-20,1011010501,茄类,6.115,6.115,0.0,66.738,3,10.9138,6.4985
2021-12-23,1011010501,茄类,6.563,6.563,0.0,62.928,3,9.5883,6.3427
2021-12-24,1011010501,茄类,8.624,8.624,0.0,75.776,3,8.7866,5.8785
2021-12-25,1011010501,茄类,13.596,13.596,0.0,127.31799999999998,3,9.3644,6.2807
2021-12-28,1011010501,茄类,5.317,5.317,0.0,54.708000000000006,3,10.2893,6.5729
2021-12-30,1011010501,茄类,11.272,11.272,0.0,118.17200000000001,3,10.4837,7.0755
2021-12-31,1011010501,茄类,12.997,12.997,0.0,134.936,3,10.3821,6.5752
2022-01-01,1011010501,茄类,18.427999999999997,18.427999999999997,0.0,190.128,3,10.3173,5.9724
2022-01-02,1011010501,茄类,13.349,13.349,0.0,134.054,3,10.0423,5.9658
2022-01-03,1011010501,茄类,12.782,12.782,0.0,131.34199999999998,3,10.2755,6.1427
2022-01-04,1011010501,茄类,8.174,8.174,0.0,80.444,3,9.8414,5.7687
2022-01-06,1011010501,茄类,7.001,7.001,0.0,78.09200000000001,3,11.1544,5.9636
2022-01-10,1011010501,茄类,8.581999999999999,8.581999999999999,0.0,92.157,3,10.7384,6.3091
2022-01-14,1011010501,茄类,6.196,6.196,0.0,70.362,3,11.356,6.376
2022-01-15,1011010501,茄类,9.146,9.146,0.0,93.468,3,10.2195,6.2936
2022-01-16,1011010501,茄类,14.67,14.67,0.0,153.406,3,10.4571,6.4601
2022-01-17,1011010501,茄类,10.665,10.665,0.0,111.798,3,10.4827,6.5025
2022-01-18,1011010501,茄类,8.478000000000002,8.478000000000002,0.0,89.446,3,10.5504,6.4503
2022-01-21,1011010501,茄类,23.798,23.798,0.0,254.98200000000003,3,10.7144,6.4052
2022-01-23,1011010501,茄类,25.009,25.009,0.0,356.997,3,14.2747,9.0231
2022-01-24,1011010501,茄类,25.579,25.579,0.0,367.668,3,14.3738,9.3688
2022-02-02,1011010501,茄类,29.266000000000002,29.266000000000002,0.0,507.798,3,17.3511,10.5031
2022-02-03,1011010501,茄类,51.214999999999996,51.214999999999996,0.0,732.486,3,14.3022,10.9063
2022-02-06,1011010501,茄类,38.299,38.299,0.0,476.72400000000005,3,12.4474,10.5171
2022-02-07,1011010501,茄类,25.718,25.718,0.0,319.606,3,12.4273,10.6056
2022-02-08,1011010501,茄类,28.360999999999997,28.360999999999997,0.0,349.44599999999997,3,12.3214,8.379
2022-02-09,1011010501,茄类,17.826999999999998,17.826999999999998,0.0,217.334,3,12.1913,7.9562
2022-02-10,1011010501,茄类,18.122,18.122,0.0,205.86,3,11.3597,7.9433
2022-02-11,1011010501,茄类,16.355999999999998,16.355999999999998,0.0,188.334,3,11.5147,7.8099
2022-02-15,1011010501,茄类,13.33,13.33,0.0,131.351,3,9.8538,7.0694
2022-02-19,1011010501,茄类,19.604000000000003,19.604000000000003,0.0,194.12699999999998,3,9.9024,6.3962
2022-02-21,1011010501,茄类,12.818999999999999,12.818999999999999,0.0,124.01400000000001,3,9.6742,6.8984
2022-02-24,1011010501,茄类,11.295,11.295,0.0,129.84,3,11.4954,7.476
2022-02-25,1011010501,茄类,15.162,15.162,0.0,166.196,3,10.9614,6.9895
2022-02-27,1011010501,茄类,17.194000000000003,17.194000000000003,0.0,203.20000000000002,3,11.8181,8.7308
2022-02-28,1011010501,茄类,14.358,14.358,0.0,156.606,3,10.9072,7.3238
2022-03-01,1011010501,茄类,13.075,13.075,0.0,169.784,3,12.9854,9.4696
2022-03-04,1011010501,茄类,9.297,9.297,0.0,111.927,3,12.039,7.8849
2022-03-06,1011010501,茄类,19.160999999999998,19.160999999999998,0.0,229.5456,3,11.9798,7.9728
2022-03-07,1011010501,茄类,11.448,11.448,0.0,143.7516,3,12.5569,7.8088
2022-03-08,1011010501,茄类,9.594000000000001,9.594000000000001,0.0,125.44399999999999,3,13.0753,8.3669
2022-03-09,1011010501,茄类,8.401,8.401,0.0,114.39520000000002,3,13.6169,8.8566
2022-03-10,1011010501,茄类,10.189,10.189,0.0,137.57080000000002,3,13.5019,8.7619
2022-03-11,1011010501,茄类,15.262,15.262,0.0,216.53680000000003,3,14.188,9.5091
2022-03-12,1011010501,茄类,24.795,24.795,0.0,341.552,3,13.775,9.2286
2022-03-13,1011010501,茄类,19.47,19.47,0.0,248.44880000000003,3,12.7606,7.733
2022-03-15,1011010501,茄类,12.815999999999999,12.815999999999999,0.0,164.3842,3,12.8265,7.4306
2022-03-16,1011010501,茄类,12.564,12.564,0.0,164.55,3,13.0969,8.1344
2022-03-18,1011010501,茄类,16.346,16.346,0.0,223.454,3,13.6703,8.5283
2022-03-20,1011010501,茄类,21.443,21.443,0.0,292.992,3,13.6638,8.5138
2022-03-21,1011010501,茄类,25.338,25.338,0.0,331.74559999999997,3,13.0928,7.9909
2022-03-22,1011010501,茄类,21.947000000000003,21.947000000000003,0.0,287.2934,3,13.0903,8.036
2022-03-25,1011010501,茄类,17.128,17.128,0.0,242.96640000000002,3,14.1853,9.7182
2022-03-27,1011010501,茄类,26.977,26.977,0.0,353.91020000000003,3,13.119,8.8979
2022-03-28,1011010501,茄类,15.998,15.998,0.0,211.49560000000002,3,13.2201,9.0041
2022-03-29,1011010501,茄类,13.184000000000001,13.184000000000001,0.0,176.71460000000002,3,13.4037,9.1373
2022-03-30,1011010501,茄类,17.223,17.223,0.0,243.9284,3,14.1629,9.8271
2022-03-31,1011010501,茄类,10.145,10.145,0.0,160.5566,3,15.8262,10.0709
2022-04-02,1011010501,茄类,18.016000000000002,18.016000000000002,0.0,270.2158,3,14.9987,9.3887
2022-04-03,1011010501,茄类,23.887,23.887,0.0,362.5468,3,15.1776,10.4987
2022-04-04,1011010501,茄类,23.387,23.387,0.0,365.1374,3,15.6128,11.5427
2022-04-05,1011010501,茄类,15.356,15.356,0.0,224.45540000000003,3,14.6168,9.6202
2022-04-06,1011010501,茄类,11.695,11.695,0.0,190.82279999999997,3,16.3166,10.8518
2022-04-07,1011010501,茄类,14.479,14.479,0.0,211.828,3,14.63,9.6113
2022-04-08,1011010501,茄类,12.371,12.371,0.0,154.1644,3,12.4618,9.3387
2022-04-09,1011010501,茄类,27.258,27.258,0.0,318.8298,3,11.6967,8.9332
2022-04-10,1011010501,茄类,24.485,24.485,0.0,270.04359999999997,3,11.0289,7.6483
2022-04-11,1011010501,茄类,10.687000000000001,10.687000000000001,0.0,128.83159999999998,3,12.055,7.9106
2022-04-12,1011010501,茄类,20.041,20.041,0.0,202.224,3,10.0905,6.2801
2022-04-13,1011010501,茄类,20.903,20.903,0.0,236.36599999999999,3,11.3078,7.421
2022-04-14,1011010501,茄类,21.356,21.356,0.0,225.89600000000002,3,10.5776,6.5307
2022-04-15,1011010501,茄类,17.358,17.358,0.0,185.42839999999998,3,10.6826,7.0281
2022-04-16,1011010501,茄类,32.118,32.118,0.0,336.50159999999994,3,10.477,6.88
2022-04-17,1011010501,茄类,32.008,32.008,0.0,306.704,3,9.5821,6.0843
2022-04-20,1011010501,茄类,18.031,18.031,0.0,178.85,3,9.919,5.2166
2022-04-21,1011010501,茄类,11.668000000000001,11.668000000000001,0.0,124.46719999999999,3,10.6674,5.8347
2022-04-22,1011010501,茄类,20.471,20.471,0.0,187.156,3,9.1425,5.4594
2022-04-24,1011010501,茄类,13.678999999999998,13.678999999999998,0.0,117.642,3,8.6002,5.6162
2022-04-26,1011010501,茄类,14.113,14.113,0.0,139.246,3,9.8665,6.1054
2022-04-29,1011010501,茄类,29.707,29.707,0.0,234.4008,3,7.8904,5.169
2022-04-30,1011010501,茄类,35.229,35.229,0.0,318.1612,3,9.0312,5.5304
2022-05-02,1011010501,茄类,47.126999999999995,47.126999999999995,0.0,347.6456,3,7.3768,5.3208
2022-05-06,1011010501,茄类,32.15,32.15,0.0,237.96839999999997,3,7.4018,6.4183
2022-05-18,1011010501,茄类,21.794,21.794,0.0,208.002,3,9.544,5.875
2022-05-23,1011010501,茄类,26.0,26.0,0.0,221.768,3,8.5295,5.856
2022-05-28,1011010501,茄类,54.447,54.447,0.0,280.6748,3,5.155,3.933
2022-05-29,1011010501,茄类,55.666000000000004,55.666000000000004,0.0,357.4074,3,6.4206,3.9959
2022-05-30,1011010501,茄类,25.618,25.618,0.0,135.7424,3,5.2987,3.3751
2022-06-01,1011010501,茄类,21.105,21.105,0.0,133.187,3,6.3107,3.7174
2022-06-04,1011010501,茄类,39.752,39.752,0.0,227.114,3,5.7133,2.9773
2022-06-05,1011010501,茄类,42.328,42.328,0.0,218.9058,3,5.1717,2.6541
2022-06-08,1011010501,茄类,27.37,27.37,0.0,126.99300000000001,3,4.6399,2.8573
2022-06-10,1011010501,茄类,38.775999999999996,38.775999999999996,0.0,192.547,3,4.9656,3.3268
2022-06-11,1011010501,茄类,48.32,48.32,0.0,251.951,3,5.2142,3.5093
2022-06-12,1011010501,茄类,49.505,49.505,0.0,274.6454,3,5.5478,3.1408
2022-06-14,1011010501,茄类,29.762,29.762,0.0,197.5306,3,6.637,3.5353
2022-06-16,1011010501,茄类,35.463,35.463,0.0,181.8748,3,5.1286,2.9608
2022-06-18,1011010501,茄类,47.584,48.073,0.489,328.92600000000004,3,6.9155,4.4223
2022-06-19,1011010501,茄类,40.858,40.858,0.0,256.7484,3,6.2839,3.9475
2022-06-20,1011010501,茄类,27.415999999999997,27.415999999999997,0.0,176.72160000000002,3,6.4459,3.762
2022-06-21,1011010501,茄类,27.152,27.152,0.0,194.3994,3,7.1597,4.3007
2022-06-23,1011010501,茄类,17.152,17.152,0.0,100.59720000000002,3,5.865,3.7457
2022-06-26,1011010501,茄类,33.783,33.783,0.0,258.274,3,7.6451,4.9776
2022-07-02,1011010501,茄类,27.475,27.475,0.0,169.2184,3,6.159,3.7907
2022-07-03,1011010501,茄类,42.368,42.368,0.0,315.1256,3,7.4378,4.3275
2022-07-04,1011010501,茄类,17.802,17.802,0.0,118.5072,3,6.657,3.4763
2022-07-05,1011010501,茄类,17.524,17.524,0.0,105.91220000000001,3,6.0438,3.4118
2022-07-06,1011010501,茄类,9.038,9.038,0.0,58.964,3,6.524,3.2905
2022-07-07,1011010501,茄类,14.602,14.602,0.0,99.92099999999999,3,6.843,3.7126
2022-07-08,1011010501,茄类,7.971,7.971,0.0,55.827999999999996,3,7.0039,3.7726
2022-07-09,1011010501,茄类,26.107,26.107,0.0,189.086,3,7.2427,4.1925
2022-07-11,1011010501,茄类,30.141,30.141,0.0,231.333,3,7.675,4.6835
