20260666C/代码与数据/processed/daily_category.csv
date,cat_code,cat_name,qty_net,qty_sold,qty_returned,revenue_net,n_items,avg_retail_price,avg_wholesale_price
2022-07-12,1011010501,茄类,19.218,19.218,0.0,142.25900000000001,3,7.4024,3.7193
2022-07-14,1011010501,茄类,14.374,14.374,0.0,112.30199999999999,3,7.8129,3.2829
2022-07-18,1011010501,茄类,11.582,11.582,0.0,102.2544,3,8.8287,3.9394
2022-07-19,1011010501,茄类,20.509,20.509,0.0,137.9192,3,6.7248,3.8567
2022-07-20,1011010501,茄类,17.192,17.192,0.0,115.49959999999999,3,6.7182,3.5829
2022-07-21,1011010501,茄类,18.296,18.296,0.0,100.971,3,5.5187,3.2133
2022-07-22,1011010501,茄类,16.448999999999998,16.448999999999998,0.0,100.24459999999999,3,6.0943,4.376
2022-07-23,1011010501,茄类,20.601,20.601,0.0,141.566,3,6.8718,4.7352
2022-07-24,1011010501,茄类,10.549,10.549,0.0,63.823,3,6.0501,4.05
2022-07-25,1011010501,茄类,17.972,17.972,0.0,121.798,3,6.7771,4.9501
2022-07-26,1011010501,茄类,18.262,18.262,0.0,113.05499999999999,3,6.1907,4.2181
2022-07-27,1011010501,茄类,14.402000000000001,14.402000000000001,0.0,104.6026,3,7.2631,4.6844
2022-07-28,1011010501,茄类,22.580000000000002,22.580000000000002,0.0,160.6842,3,7.1162,4.6449
2022-07-29,1011010501,茄类,15.616,15.616,0.0,109.568,3,7.0164,4.3209
2022-07-31,1011010501,茄类,19.875,19.875,0.0,133.234,3,6.7036,4.5498
2022-08-01,1011010501,茄类,29.243000000000002,29.243000000000002,0.0,226.39780000000002,3,7.742,5.3524
2022-08-03,1011010501,茄类,15.585,15.585,0.0,123.155,3,7.9021,5.1023
2022-08-05,1011010501,茄类,13.431999999999999,13.431999999999999,0.0,105.374,3,7.845,5.6053
2022-08-10,1011010501,茄类,17.255,17.255,0.0,162.74,3,9.4315,5.546
2022-08-12,1011010501,茄类,15.139,15.139,0.0,141.765,3,9.3642,4.6763
2022-08-13,1011010501,茄类,28.497999999999998,28.497999999999998,0.0,252.71500000000003,3,8.8678,4.8236
2022-08-14,1011010501,茄类,32.987,32.987,0.0,294.671,3,8.933,3.0564
2022-08-15,1011010501,茄类,24.222,24.222,0.0,223.29,3,9.2185,3.3664
2022-08-16,1011010501,茄类,18.14,18.14,0.0,169.08800000000002,3,9.3213,3.1422
2022-08-17,1011010501,茄类,20.658,20.658,0.0,191.0996,3,9.2506,3.4298
2022-08-18,1011010501,茄类,26.979,26.979,0.0,246.517,3,9.1374,3.5299
2022-08-19,1011010501,茄类,89.61600000000001,89.61600000000001,0.0,855.428,3,9.5455,3.3465
2022-08-20,1011010501,茄类,18.641000000000002,18.641000000000002,0.0,152.442,3,8.1778,4.421
2022-08-22,1011010501,茄类,14.33,14.33,0.0,102.351,3,7.1424,3.9408
2022-08-23,1011010501,茄类,13.572,13.572,0.0,124.99800000000002,3,9.21,4.2869
2022-08-24,1011010501,茄类,14.23,14.23,0.0,127.388,3,8.9521,4.425
2022-08-25,1011010501,茄类,12.514000000000001,12.514000000000001,0.0,120.976,3,9.6673,4.3564
2022-08-26,1011010501,茄类,11.488,11.488,0.0,100.8416,3,8.778,5.3112
2022-08-27,1011010501,茄类,19.554000000000002,19.554000000000002,0.0,168.6676,3,8.6257,3.795
2022-08-29,1011010501,茄类,13.378,13.378,0.0,115.3274,3,8.6207,4.8144
2022-08-30,1011010501,茄类,7.933999999999999,7.933999999999999,0.0,58.9694,3,7.4325,4.444
2022-08-31,1011010501,茄类,3.3040000000000003,3.3040000000000003,0.0,24.323,3,7.3617,4.2753
2022-09-01,1011010501,茄类,11.463999999999999,11.463999999999999,0.0,123.0206,3,10.731,5.5591
2022-09-06,1011010501,茄类,11.684000000000001,11.684000000000001,0.0,109.6372,3,9.3835,7.2589
2022-09-07,1011010501,茄类,12.388,12.388,0.0,147.21439999999998,3,11.8836,7.4662
2022-09-08,1011010501,茄类,7.917999999999999,7.917999999999999,0.0,92.7148,3,11.7094,8.0234
2022-09-09,1011010501,茄类,4.65,4.65,0.0,50.896,3,10.9454,7.7252
2020-07-06,1011010101,花叶类,195.74,195.74,0.0,1511.5968,14,7.7225,4.8642
2020-07-17,1011010101,花叶类,195.67000000000002,201.67000000000002,6.0,1343.7054,14,6.831,4.1091
2020-08-01,1011010101,花叶类,229.89,229.89,0.0,1835.8272,14,7.9857,4.5885
2020-08-12,1011010101,花叶类,206.877,206.877,0.0,1561.0814,14,7.5459,4.6539
2020-08-15,1011010101,花叶类,245.136,245.136,0.0,1933.717,14,7.8883,4.5792
2020-08-22,1011010101,花叶类,273.081,273.081,0.0,2003.071,14,7.3351,4.3972
2020-08-25,1011010101,花叶类,343.427,343.427,0.0,1911.8020000000001,14,5.5668,3.6766
2020-08-26,1011010101,花叶类,241.686,241.686,0.0,1632.57,14,6.7549,3.9768
2020-08-27,1011010101,花叶类,199.007,199.007,0.0,1573.879,14,7.9087,4.6437
2020-08-31,1011010101,花叶类,224.882,224.882,0.0,1721.1057999999998,14,7.6534,4.6569
2020-09-02,1011010101,花叶类,179.819,179.819,0.0,1354.1118000000001,14,7.5304,4.3847
2020-09-04,1011010101,花叶类,176.316,176.316,0.0,1276.8378,14,7.2418,4.2603
2020-09-11,1011010101,花叶类,151.957,151.957,0.0,1064.8528000000001,14,7.0076,4.1341
2020-09-13,1011010101,花叶类,263.345,263.345,0.0,1810.301,14,6.8743,4.0103
2020-10-03,1011010101,花叶类,298.341,298.341,0.0,2252.0622,14,7.5486,4.6363
2020-10-05,1011010101,花叶类,294.623,294.623,0.0,1926.411,14,6.5386,3.8925
2020-10-07,1011010101,花叶类,255.378,255.378,0.0,1871.2559999999999,14,7.3274,4.1279
2020-10-08,1011010101,花叶类,252.73,252.73,0.0,1907.876,14,7.5491,4.4367
2020-10-09,1011010101,花叶类,162.518,162.518,0.0,1305.6100000000001,14,8.0336,4.7002
2020-10-11,1011010101,花叶类,238.081,238.081,0.0,1864.7259999999999,14,7.8323,4.6493
2020-10-15,1011010101,花叶类,190.238,190.238,0.0,1356.509,14,7.1306,4.0507
2020-11-24,1011010101,花叶类,220.189,220.189,0.0,871.6004,14,3.9584,2.2821
2020-12-27,1011010101,花叶类,288.755,288.755,0.0,850.3522,14,2.9449,1.9884
2020-12-28,1011010101,花叶类,251.45499999999998,251.45499999999998,0.0,724.4485999999999,14,2.881,1.8809
2021-01-05,1011010101,花叶类,154.654,154.654,0.0,709.0251999999999,14,4.5846,2.9019
2021-01-09,1011010101,花叶类,233.427,233.427,0.0,1205.1096,14,5.1627,3.564
2021-01-10,1011010101,花叶类,250.645,250.645,0.0,1093.6132,14,4.3632,2.8801
2021-01-11,1011010101,花叶类,182.204,182.204,0.0,778.0854,14,4.2704,2.8925
2021-01-13,1011010101,花叶类,172.101,172.101,0.0,816.0732,14,4.7418,2.955
2021-01-17,1011010101,花叶类,228.99099999999999,228.99099999999999,0.0,1196.0910000000001,14,5.2233,3.4451
2021-01-28,1011010101,花叶类,160.384,160.384,0.0,989.4408,14,6.1692,3.8987
2021-02-26,1011010101,花叶类,276.322,276.322,0.0,1512.9768,14,5.4754,3.0505
2021-06-14,1011010101,花叶类,169.858,170.272,0.414,872.1036,14,5.1301,3.0059
2021-06-18,1011010101,花叶类,150.875,150.875,0.0,809.407,14,5.3648,3.0233
2021-08-17,1011010101,花叶类,183.216,183.216,0.0,1402.9066,14,7.6571,4.63
2021-11-15,1011010101,花叶类,42.62,42.62,0.0,349.28499999999997,14,8.1953,4.9134
2021-11-16,1011010101,花叶类,53.515,53.515,0.0,439.6341,14,8.2151,5.0761
2021-11-22,1011010101,花叶类,42.247,42.247,0.0,389.7362,14,9.2252,5.2317
2021-11-25,1011010101,花叶类,44.906,44.906,0.0,332.2348,14,7.3985,4.3047
2021-11-26,1011010101,花叶类,51.836,51.836,0.0,411.5536,14,7.9395,4.809
2021-11-28,1011010101,花叶类,78.347,78.347,0.0,533.3474,14,6.8075,4.156
2021-12-01,1011010101,花叶类,73.794,74.607,0.813,431.8352,14,5.8663,3.8239
2021-12-05,1011010101,花叶类,115.184,115.184,0.0,678.942,14,5.8944,3.9041
2021-12-07,1011010101,花叶类,63.263,63.263,0.0,396.1328,14,6.2617,4.0487
2021-12-09,1011010101,花叶类,57.675000000000004,57.675000000000004,0.0,328.8956,14,5.7026,3.8181
2021-12-10,1011010101,花叶类,68.296,68.296,0.0,387.6958,14,5.6767,3.7296
2021-12-18,1011010101,花叶类,109.389,109.389,0.0,524.7852,14,4.7974,2.9369
2021-12-22,1011010101,花叶类,75.729,75.729,0.0,346.277,14,4.5726,2.7669
2022-02-17,1011010101,花叶类,112.077,112.077,0.0,458.30899999999997,14,4.0892,2.3873
2022-03-09,1011010101,花叶类,66.059,66.059,0.0,360.4636,14,5.4567,3.4559
2022-04-30,1011010101,花叶类,142.03900000000002,142.03900000000002,0.0,857.508,14,6.0371,3.6282
2022-05-03,1011010101,花叶类,88.193,88.193,0.0,604.928,14,6.8591,3.9641
2022-05-10,1011010101,花叶类,95.42,95.42,0.0,603.1856,14,6.3214,3.7557
2022-05-14,1011010101,花叶类,159.404,159.404,0.0,1153.6584,14,7.2373,4.3103
2022-05-16,1011010101,花叶类,82.78,82.78,0.0,552.7604,14,6.6775,3.9185
2022-05-23,1011010101,花叶类,92.654,92.654,0.0,603.2676,14,6.511,3.876
2022-05-27,1011010101,花叶类,86.554,86.554,0.0,556.384,14,6.4282,3.7311
2022-05-30,1011010101,花叶类,92.512,92.512,0.0,470.0318,14,5.0808,3.0496
2022-05-31,1011010101,花叶类,87.827,87.827,0.0,432.1968,14,4.921,2.9475
2022-06-09,1011010101,花叶类,281.247,281.247,0.0,1425.944,14,5.0701,2.826
2022-06-17,1011010101,花叶类,118.682,119.07300000000001,0.391,522.9046000000001,14,4.4,2.6023
2022-06-18,1011010101,花叶类,191.228,192.524,1.2959999999999998,824.6844,14,4.3093,2.5353
2022-06-19,1011010101,花叶类,187.62300000000002,187.62300000000002,0.0,829.0606,14,4.4188,2.5618
2022-07-04,1011010101,花叶类,116.605,116.605,0.0,681.672,14,5.846,3.2779
2022-07-05,1011010101,花叶类,133.21,133.21,0.0,681.1204,14,5.1131,2.9284
2022-07-16,1011010101,花叶类,175.925,175.925,0.0,1154.7206,14,6.5637,3.9105
2022-08-20,1011010101,花叶类,429.043,429.043,0.0,1818.3066000000001,14,4.238,2.4159
2022-08-28,1011010101,花叶类,252.244,252.244,0.0,1390.1163999999999,14,5.511,3.1989
2022-09-07,1011010101,花叶类,260.624,260.624,0.0,1469.3916,14,5.638,2.4004
2022-09-15,1011010101,花叶类,201.569,201.569,0.0,1055.4448,14,5.2361,2.9276
2022-10-07,1011010101,花叶类,468.85699999999997,470.332,1.475,2042.1875,14,4.3588,2.3404
2022-10-12,1011010101,花叶类,240.312,240.312,0.0,920.9144,14,3.8322,2.1019
2022-10-19,1011010101,花叶类,225.807,225.807,0.0,849.1465000000001,14,3.7605,2.3242
2022-10-23,1011010101,花叶类,242.892,242.892,0.0,957.4434,14,3.9419,2.0161
2022-12-06,1011010101,花叶类,226.171,226.171,0.0,845.0966000000001,14,3.7365,2.0761
2022-12-09,1011010101,花叶类,140.88,140.88,0.0,497.41179999999997,14,3.5307,2.1454
2022-12-20,1011010101,花叶类,252.22400000000002,252.22400000000002,0.0,785.5078,14,3.1143,1.7971
2020-07-06,1011010801,食用菌,40.578,40.578,0.0,487.60300000000007,6,12.0164,7.1784
2020-07-10,1011010801,食用菌,41.429,41.429,0.0,470.8101,6,11.3643,6.7694
2020-07-12,1011010801,食用菌,55.96,55.96,0.0,678.7291,6,12.1288,7.2321
2020-08-12,1011010801,食用菌,34.195,34.195,0.0,459.80460000000005,6,13.4465,7.9585
2021-10-06,1011010801,食用菌,55.723,55.723,0.0,622.3236,6,11.1682,7.9108
2022-01-11,1011010801,食用菌,33.489,33.489,0.0,240.61599999999999,6,7.1849,4.6167
2022-01-23,1011010801,食用菌,89.483,89.483,0.0,935.89,6,10.4589,6.6093
2022-02-17,1011010801,食用菌,28.335,28.335,0.0,250.23000000000002,6,8.8311,5.5455
2022-02-18,1011010801,食用菌,44.249,44.249,0.0,328.682,6,7.428,4.5178
2022-02-26,1011010801,食用菌,44.56,44.56,0.0,309.48,6,6.9452,3.7581
2022-03-03,1011010801,食用菌,15.525,15.525,0.0,105.25,6,6.7794,4.0386
2022-03-17,1011010801,食用菌,22.721,22.721,0.0,309.082,6,13.6034,7.8535
2022-03-20,1011010801,食用菌,43.0,43.0,0.0,452.83260000000007,6,10.531,6.2235
2022-03-24,1011010801,食用菌,18.106,18.106,0.0,184.5044,6,10.1902,5.7735
2022-03-26,1011010801,食用菌,43.183,43.183,0.0,513.4005,6,11.8889,6.619
2022-03-28,1011010801,食用菌,21.238,21.238,0.0,194.604,6,9.163,5.0519
2022-03-31,1011010801,食用菌,26.203,26.203,0.0,235.81760000000003,6,8.9996,4.9556
2022-04-02,1011010801,食用菌,30.03,30.03,0.0,268.5094,6,8.9414,5.1112
2022-04-05,1011010801,食用菌,31.476,31.476,0.0,289.0568,6,9.1834,5.1101
2022-04-06,1011010801,食用菌,20.492,20.492,0.0,192.7036,6,9.4038,5.7546
2022-04-10,1011010801,食用菌,30.945999999999998,30.945999999999998,0.0,253.83530000000002,6,8.2025,5.1245
2022-04-13,1011010801,食用菌,31.963,31.963,0.0,227.8254,6,7.1278,4.4234
2022-05-09,1011010801,食用菌,34.581,34.581,0.0,275.9038,6,7.9785,4.8856
2022-05-13,1011010801,食用菌,26.1,26.1,0.0,206.28,6,7.9035,5.0077
2022-06-30,1011010801,食用菌,38.626999999999995,38.626999999999995,0.0,250.60240000000002,6,6.4877,4.2851
2022-07-06,1011010801,食用菌,32.226,32.226,0.0,223.58020000000005,6,6.9379,5.0076
2022-07-08,1011010801,食用菌,49.425,49.425,0.0,237.08160000000004,6,4.7968,3.9296
2022-07-11,1011010801,食用菌,55.108000000000004,55.108000000000004,0.0,290.1384,6,5.2649,3.7047
2022-07-18,1011010801,食用菌,52.193,52.193,0.0,304.8524,6,5.8408,4.1583
2022-07-20,1011010801,食用菌,37.088,37.088,0.0,313.3208,6,8.448,6.1925
2022-07-31,1011010801,食用菌,98.219,98.219,0.0,558.6268,6,5.6876,3.787
2022-08-12,1011010801,食用菌,60.39,60.39,0.0,371.216,6,6.147,3.8767
2022-09-01,1011010801,食用菌,58.419,58.419,0.0,534.6304,6,9.1517,5.6019
2022-09-20,1011010801,食用菌,47.235,47.235,0.0,510.5666,6,10.8091,6.4873
2022-09-21,1011010801,食用菌,46.791,46.791,0.0,445.888,6,9.5294,5.7986
2022-10-03,1011010801,食用菌,81.689,82.006,0.317,652.4548,6,8.0258,5.0398
2022-12-07,1011010801,食用菌,124.352,124.352,0.0,801.232,6,6.4433,3.9165
2022-12-08,1011010801,食用菌,82.678,82.678,0.0,554.07,6,6.7015,4.3321
2022-12-09,1011010801,食用菌,71.48400000000001,71.48400000000001,0.0,503.65999999999997,6,7.0458,4.3786
