20260666C/代码与数据/processed/daily_category.csv
date,cat_code,cat_name,qty_net,qty_sold,qty_returned,revenue_net,n_items,avg_retail_price,avg_wholesale_price
2020-07-07,1011010101,花叶类,172.052,175.052,3.0,1328.409,15,7.7046,4.7932
2020-07-09,1011010101,花叶类,187.439,187.439,0.0,1395.7574,15,7.4465,4.5449
2020-07-11,1011010101,花叶类,270.34299999999996,271.12,0.777,2100.1127,15,7.769,4.7945
2020-07-12,1011010101,花叶类,300.189,300.189,0.0,2195.9922,15,7.3154,4.4882
2020-08-10,1011010101,花叶类,210.292,210.292,0.0,1730.7,15,8.23,4.8471
2020-08-11,1011010101,花叶类,216.71300000000002,216.71300000000002,0.0,1614.1096,15,7.4481,4.6141
2020-08-13,1011010101,花叶类,188.208,188.208,0.0,1360.5064,15,7.2287,4.4496
2020-08-14,1011010101,花叶类,217.758,217.758,0.0,1606.1536,15,7.3759,4.331
2020-08-24,1011010101,花叶类,260.694,260.694,0.0,1777.826,15,6.8196,4.1805
2020-09-05,1011010101,花叶类,249.559,249.559,0.0,1875.2993999999999,15,7.5145,4.3746
2020-09-06,1011010101,花叶类,275.793,276.111,0.318,2150.701,15,7.8121,4.4238
2020-09-07,1011010101,花叶类,148.221,148.221,0.0,1164.2198,15,7.8546,4.4018
2020-09-09,1011010101,花叶类,131.492,131.492,0.0,980.7452,15,7.4586,4.1797
2020-09-12,1011010101,花叶类,231.525,231.88400000000001,0.359,1689.0216,15,7.3146,4.1884
2020-09-19,1011010101,花叶类,235.87400000000002,235.87400000000002,0.0,1639.4566,15,6.9506,3.8608
2020-09-21,1011010101,花叶类,212.997,212.997,0.0,1403.691,15,6.5902,3.3378
2020-09-23,1011010101,花叶类,179.262,179.262,0.0,1292.233,15,7.2086,3.9318
2020-09-28,1011010101,花叶类,114.933,114.933,0.0,942.4538,15,8.2,4.7312
2020-10-01,1011010101,花叶类,248.415,248.415,0.0,2004.5306,15,8.0693,4.8207
2020-10-06,1011010101,花叶类,286.959,287.297,0.338,2221.675,15,7.7518,4.2867
2020-10-10,1011010101,花叶类,175.163,175.163,0.0,1443.301,15,8.2398,4.712
2020-10-13,1011010101,花叶类,177.945,178.246,0.301,1188.9266,15,6.687,4.0515
2020-10-16,1011010101,花叶类,170.77,170.77,0.0,1224.072,15,7.168,4.0007
2020-10-21,1011010101,花叶类,168.76500000000001,168.76500000000001,0.0,1078.5602000000001,15,6.3909,3.7105
2020-10-23,1011010101,花叶类,211.914,211.914,0.0,1155.419,15,5.4523,3.5079
2020-10-24,1011010101,花叶类,282.107,282.107,0.0,1656.383,15,5.8715,3.6088
2020-11-04,1011010101,花叶类,122.11399999999999,122.11399999999999,0.0,571.8402,15,4.6828,2.7063
2020-12-09,1011010101,花叶类,180.673,180.673,0.0,540.6844,15,2.9926,1.9905
2020-12-15,1011010101,花叶类,203.80800000000002,203.80800000000002,0.0,628.2684,15,3.0826,2.0723
2020-12-22,1011010101,花叶类,152.185,152.185,0.0,483.6388,15,3.178,2.1096
2020-12-25,1011010101,花叶类,159.654,159.654,0.0,619.9966,15,3.8834,2.5784
2020-12-26,1011010101,花叶类,285.224,285.224,0.0,871.8724,15,3.0568,2.0151
2020-12-29,1011010101,花叶类,223.512,223.512,0.0,647.989,15,2.8991,1.9371
2020-12-30,1011010101,花叶类,146.39,146.39,0.0,554.7568,15,3.7896,2.2558
2020-12-31,1011010101,花叶类,179.177,179.177,0.0,830.7594,15,4.6365,2.8259
2021-01-01,1011010101,花叶类,224.797,224.797,0.0,976.433,15,4.3436,2.723
2021-01-02,1011010101,花叶类,212.911,212.911,0.0,942.0994000000001,15,4.4249,2.8462
2021-01-03,1011010101,花叶类,224.88,224.88,0.0,934.1736,15,4.1541,2.6755
2021-01-04,1011010101,花叶类,177.80100000000002,177.80100000000002,0.0,707.2598,15,3.9778,2.608
2021-01-06,1011010101,花叶类,176.82399999999998,176.82399999999998,0.0,721.8798,15,4.0825,2.6997
2021-01-07,1011010101,花叶类,161.628,161.628,0.0,756.4826,15,4.6804,3.0686
2021-01-08,1011010101,花叶类,234.46200000000002,234.46200000000002,0.0,1025.355,15,4.3732,2.8126
2021-01-19,1011010101,花叶类,216.055,216.055,0.0,1039.964,15,4.8134,3.2401
2021-01-20,1011010101,花叶类,197.824,197.824,0.0,1148.1551,15,5.8039,4.1157
2021-01-21,1011010101,花叶类,219.93,219.93,0.0,1127.933,15,5.1286,3.5289
2021-01-23,1011010101,花叶类,214.81500000000003,214.81500000000003,0.0,1125.9848,15,5.2417,3.4964
2021-01-27,1011010101,花叶类,208.029,208.029,0.0,1220.949,15,5.8691,3.773
2021-01-30,1011010101,花叶类,236.77700000000002,236.77700000000002,0.0,1240.2452,15,5.238,3.3383
2021-01-31,1011010101,花叶类,249.269,249.269,0.0,1405.8184,15,5.6398,3.7648
2021-02-01,1011010101,花叶类,181.621,181.621,0.0,914.8342,15,5.0371,3.1412
2021-02-03,1011010101,花叶类,223.102,223.102,0.0,980.756,15,4.396,2.9573
2021-02-04,1011010101,花叶类,197.832,197.832,0.0,1015.608,15,5.1337,3.3716
2021-02-14,1011010101,花叶类,195.74,195.74,0.0,1281.958,15,6.5493,3.8785
2021-02-21,1011010101,花叶类,144.855,144.855,0.0,896.6858,15,6.1902,4.4243
2021-02-22,1011010101,花叶类,139.491,139.491,0.0,753.278,15,5.4002,3.9133
2021-02-23,1011010101,花叶类,136.05,136.05,0.0,814.9998,15,5.9904,4.1401
2021-05-23,1011010101,花叶类,217.25900000000001,217.25900000000001,0.0,1105.2308,15,5.0872,2.8359
2021-06-16,1011010101,花叶类,104.991,104.991,0.0,559.5713,15,5.3297,3.0966
2021-06-21,1011010101,花叶类,150.07,150.07,0.0,809.2008000000001,15,5.3922,3.2456
2021-06-26,1011010101,花叶类,197.69,197.69,0.0,1211.443,15,6.128,3.6126
2021-06-30,1011010101,花叶类,125.41499999999999,125.41499999999999,0.0,795.0218,15,6.3391,3.6573
2021-07-13,1011010101,花叶类,149.772,149.772,0.0,980.757,15,6.5483,3.8332
2021-08-04,1011010101,花叶类,313.269,313.269,0.0,1981.2976,15,6.3246,3.7192
2021-08-15,1011010101,花叶类,297.499,297.827,0.328,2072.1218,15,6.9619,4.2104
2021-08-23,1011010101,花叶类,178.374,178.374,0.0,1321.0729999999999,15,7.4062,4.335
2021-08-25,1011010101,花叶类,145.216,145.216,0.0,1236.846,15,8.5173,5.1561
2021-10-27,1011010101,花叶类,94.727,94.727,0.0,768.9448,15,8.1175,5.3557
2021-11-04,1011010101,花叶类,64.051,64.051,0.0,484.37300000000005,15,7.5623,4.6912
2021-11-07,1011010101,花叶类,145.887,145.887,0.0,1285.215,15,8.8097,5.1712
2021-11-10,1011010101,花叶类,49.063,49.063,0.0,364.34000000000003,15,7.426,4.0438
2021-11-12,1011010101,花叶类,51.422,51.422,0.0,391.15500000000003,15,7.6068,4.1563
2021-11-13,1011010101,花叶类,70.452,70.452,0.0,567.164,15,8.0504,4.6971
2021-11-17,1011010101,花叶类,45.689,45.689,0.0,392.125,15,8.5825,5.1767
2021-11-19,1011010101,花叶类,38.008,38.008,0.0,313.109,15,8.238,4.8159
2021-11-23,1011010101,花叶类,55.622,55.622,0.0,415.019,15,7.4614,4.382
2021-12-02,1011010101,花叶类,58.359,58.359,0.0,309.54200000000003,15,5.3041,3.4986
2021-12-03,1011010101,花叶类,73.84700000000001,73.84700000000001,0.0,394.2322,15,5.3385,3.6576
2021-12-08,1011010101,花叶类,70.377,70.377,0.0,414.1696,15,5.885,3.9426
2021-12-11,1011010101,花叶类,141.287,141.287,0.0,837.066,15,5.9246,3.7806
2021-12-12,1011010101,花叶类,116.349,116.349,0.0,699.8226,15,6.0149,3.827
2021-12-15,1011010101,花叶类,101.666,101.666,0.0,505.6702,15,4.9738,3.1483
2021-12-19,1011010101,花叶类,147.891,147.891,0.0,669.8892000000001,15,4.5296,2.8122
2021-12-20,1011010101,花叶类,82.832,82.832,0.0,343.534,15,4.1474,2.5611
2022-01-29,1011010101,花叶类,207.671,208.256,0.585,1433.705,15,6.918,4.0107
2022-01-30,1011010101,花叶类,229.022,229.022,0.0,1825.693,15,7.9717,4.3385
2022-02-20,1011010101,花叶类,105.91799999999999,105.91799999999999,0.0,660.4082,15,6.2351,3.505
2022-02-21,1011010101,花叶类,85.387,85.387,0.0,477.6952,15,5.5945,3.1627
2022-02-22,1011010101,花叶类,78.356,78.356,0.0,451.291,15,5.7595,3.3898
2022-02-24,1011010101,花叶类,75.146,75.146,0.0,363.918,15,4.8428,2.9259
2022-02-27,1011010101,花叶类,94.607,94.607,0.0,574.5276,15,6.0728,3.4192
2022-05-04,1011010101,花叶类,105.769,105.769,0.0,716.9224,15,6.7782,4.069
2022-05-05,1011010101,花叶类,90.652,90.652,0.0,559.9934000000001,15,6.1774,3.6994
2022-05-06,1011010101,花叶类,95.683,95.683,0.0,596.7356,15,6.2366,3.6697
2022-05-07,1011010101,花叶类,113.896,113.896,0.0,720.4954,15,6.3259,3.7646
2022-05-08,1011010101,花叶类,116.51899999999999,116.51899999999999,0.0,746.6143999999999,15,6.4077,3.7809
2022-05-09,1011010101,花叶类,91.68,91.68,0.0,638.0502,15,6.9595,3.8673
2022-05-15,1011010101,花叶类,156.705,157.108,0.403,1007.5424,15,6.4284,3.7614
2022-05-18,1011010101,花叶类,92.724,92.724,0.0,625.0178000000001,15,6.7406,4.2457
2022-05-19,1011010101,花叶类,92.356,92.356,0.0,599.575,15,6.492,4.1674
2022-05-22,1011010101,花叶类,164.269,164.686,0.417,1095.1822,15,6.6587,4.2146
2022-05-26,1011010101,花叶类,88.361,88.361,0.0,548.176,15,6.2038,3.681
2022-05-28,1011010101,花叶类,188.829,188.829,0.0,999.5818,15,5.2936,3.1765
2022-05-29,1011010101,花叶类,178.516,178.516,0.0,924.1214,15,5.1767,3.0642
2022-06-16,1011010101,花叶类,109.346,109.346,0.0,488.562,15,4.468,2.5956
2022-06-20,1011010101,花叶类,123.54,123.54,0.0,557.3336,15,4.5114,2.6202
2022-06-24,1011010101,花叶类,104.325,104.325,0.0,483.137,15,4.6311,2.7114
2022-06-26,1011010101,花叶类,163.919,163.919,0.0,777.5194,15,4.7433,2.7588
2022-06-27,1011010101,花叶类,105.20700000000001,105.20700000000001,0.0,532.3742,15,5.0603,2.9655
2022-07-03,1011010101,花叶类,188.672,189.083,0.411,1029.525,15,5.4518,3.0408
2022-07-06,1011010101,花叶类,164.461,164.461,0.0,854.6882,15,5.1969,2.8591
2022-07-07,1011010101,花叶类,134.04399999999998,134.04399999999998,0.0,722.7684,15,5.392,2.9998
2022-07-08,1011010101,花叶类,129.05,129.05,0.0,735.0228,15,5.6956,3.2593
2022-07-09,1011010101,花叶类,173.971,173.971,0.0,1015.6832,15,5.8382,3.42
2022-07-10,1011010101,花叶类,186.916,186.916,0.0,1031.0776,15,5.5163,3.136
2022-07-11,1011010101,花叶类,133.262,133.768,0.506,700.8996,15,5.2518,3.0852
2022-07-12,1011010101,花叶类,129.271,129.271,0.0,666.988,15,5.1596,3.0401
2022-07-13,1011010101,花叶类,150.034,150.034,0.0,842.4026,15,5.6147,3.1308
2022-07-14,1011010101,花叶类,131.965,131.965,0.0,798.3542,15,6.0497,3.3784
2022-07-17,1011010101,花叶类,190.249,190.249,0.0,1126.1988000000001,15,5.9196,3.5915
2022-07-18,1011010101,花叶类,132.053,132.053,0.0,795.8266,15,6.0266,3.5785
2022-07-19,1011010101,花叶类,134.06,134.777,0.717,786.6632,15,5.8719,3.4266
2022-07-21,1011010101,花叶类,140.656,140.656,0.0,803.201,15,5.7104,3.3735
2022-07-22,1011010101,花叶类,119.449,119.449,0.0,745.2212,15,6.2388,3.6693
2022-07-23,1011010101,花叶类,163.238,163.238,0.0,1026.582,15,6.2889,3.8244
2022-07-24,1011010101,花叶类,187.595,187.595,0.0,1095.2766,15,5.8385,3.6432
2022-07-25,1011010101,花叶类,128.305,128.305,0.0,739.2714,15,5.7618,3.6926
2022-07-27,1011010101,花叶类,131.633,131.633,0.0,823.4824,15,6.2559,3.8816
2022-07-29,1011010101,花叶类,331.236,331.236,0.0,1189.484,15,3.591,2.0419
2022-07-31,1011010101,花叶类,320.998,320.998,0.0,1227.5339999999999,15,3.8241,2.2694
2022-08-01,1011010101,花叶类,304.399,304.399,0.0,1130.8186,15,3.7149,2.1579
2022-08-08,1011010101,花叶类,302.077,302.077,0.0,1067.2838,15,3.5332,1.937
2022-08-17,1011010101,花叶类,358.863,358.863,0.0,1338.1236999999999,15,3.7288,2.0743
2022-08-21,1011010101,花叶类,432.675,432.675,0.0,1744.45,15,4.0318,2.4399
2022-08-22,1011010101,花叶类,303.2,303.2,0.0,1078.5568,15,3.5572,2.1529
2022-08-30,1011010101,花叶类,236.727,236.727,0.0,982.1636,15,4.1489,2.6344
2022-08-31,1011010101,花叶类,242.409,242.409,0.0,975.2332,15,4.0231,2.6144
2022-10-10,1011010101,花叶类,288.07,288.07,0.0,1199.6836,15,4.1645,2.2425
2022-10-13,1011010101,花叶类,151.966,152.506,0.54,637.5464999999999,15,4.2003,2.0427
2022-10-15,1011010101,花叶类,375.026,377.25600000000003,2.23,1530.1834,15,4.0816,2.0573
2022-10-17,1011010101,花叶类,247.30200000000002,247.30200000000002,0.0,904.474,15,3.6574,1.9829
2022-10-24,1011010101,花叶类,199.326,199.326,0.0,745.5516,15,3.7404,2.1163
2022-10-25,1011010101,花叶类,217.397,217.397,0.0,812.7171999999999,15,3.7384,2.247
2022-10-28,1011010101,花叶类,229.524,229.524,0.0,842.3097,15,3.6698,2.088
2022-10-31,1011010101,花叶类,85.398,85.398,0.0,494.393,15,5.7893,3.4346
2022-11-07,1011010101,花叶类,102.67699999999999,102.67699999999999,0.0,441.94120000000004,15,4.3042,2.3725
2022-12-08,1011010101,花叶类,173.924,173.924,0.0,506.35300000000007,15,2.9113,1.5709
2022-12-16,1011010101,花叶类,305.67,306.951,1.2810000000000001,863.731,15,2.8286,1.4148
2022-12-18,1011010101,花叶类,295.364,295.364,0.0,926.2246,15,3.1359,1.5997
