20260666C/代码与数据/processed/daily_category.csv
date,cat_code,cat_name,qty_net,qty_sold,qty_returned,revenue_net,n_items,avg_retail_price,avg_wholesale_price
2020-07-07,1011010801,食用菌,52.56,52.56,0.0,622.3339,7,11.8405,6.9649
2020-07-14,1011010801,食用菌,44.836,44.836,0.0,537.0122,7,11.9772,6.5697
2020-07-15,1011010801,食用菌,42.196,42.196,0.0,494.03610000000003,7,11.7081,6.4407
2020-07-16,1011010801,食用菌,53.259,53.685,0.426,637.6838,7,11.9417,6.8105
2020-07-17,1011010801,食用菌,51.908,51.908,0.0,656.7742000000001,7,12.6526,7.2177
2020-07-18,1011010801,食用菌,71.69200000000001,71.884,0.192,880.7574000000001,7,12.3053,7.2063
2020-07-19,1011010801,食用菌,79.821,80.322,0.501,1118.7525,7,13.9845,8.1752
2020-07-20,1011010801,食用菌,52.617000000000004,52.617000000000004,0.0,627.6752,7,11.9291,6.8095
2020-07-21,1011010801,食用菌,45.905,45.905,0.0,570.2716,7,12.4229,7.0826
2020-07-22,1011010801,食用菌,66.678,66.794,0.116,743.2709,7,11.1622,6.6423
2020-07-23,1011010801,食用菌,56.759,56.759,0.0,623.9236,7,10.9925,6.4828
2020-07-24,1011010801,食用菌,49.201,49.201,0.0,573.4826,7,11.6559,6.8081
2020-07-25,1011010801,食用菌,67.013,67.013,0.0,809.1514999999999,7,12.0745,7.1119
2020-07-26,1011010801,食用菌,71.295,71.295,0.0,882.8239000000001,7,12.3827,7.3583
2020-07-29,1011010801,食用菌,54.315,54.315,0.0,660.9125,7,12.1682,7.0736
2020-07-30,1011010801,食用菌,50.774,50.774,0.0,578.2916,7,11.3895,6.5886
2020-07-31,1011010801,食用菌,45.587,45.587,0.0,522.947,7,11.4714,6.6587
2020-08-01,1011010801,食用菌,53.797,53.797,0.0,669.5794000000001,7,12.4464,7.3629
2020-08-04,1011010801,食用菌,45.301,45.301,0.0,570.8358000000001,7,12.601,7.3883
2020-08-05,1011010801,食用菌,62.84,62.84,0.0,757.8292,7,12.0597,7.1168
2020-09-08,1011010801,食用菌,32.388999999999996,32.388999999999996,0.0,446.3426,7,13.7807,8.2576
2020-09-14,1011010801,食用菌,31.147000000000002,31.147000000000002,0.0,444.7546,7,14.2792,8.9796
2021-05-03,1011010801,食用菌,54.995000000000005,54.995000000000005,0.0,405.065,7,7.3655,4.5077
2021-05-17,1011010801,食用菌,25.733,25.733,0.0,278.913,7,10.8387,6.6033
2021-05-30,1011010801,食用菌,33.492,33.492,0.0,383.1896,7,11.4412,7.4824
2021-06-21,1011010801,食用菌,24.224,24.224,0.0,301.9778,7,12.4661,8.4824
2021-10-31,1011010801,食用菌,75.305,75.305,0.0,689.213,7,9.1523,5.9032
2021-12-29,1011010801,食用菌,28.395,28.395,0.0,144.388,7,5.085,3.4097
2021-12-30,1011010801,食用菌,31.745,31.745,0.0,154.774,7,4.8755,3.2945
2021-12-31,1011010801,食用菌,88.954,88.954,0.0,759.354,7,8.5365,5.9103
2022-01-02,1011010801,食用菌,59.918,59.918,0.0,286.034,7,4.7738,2.9664
2022-01-09,1011010801,食用菌,84.804,84.804,0.0,751.564,7,8.8624,6.6845
2022-01-17,1011010801,食用菌,29.229,29.229,0.0,118.274,7,4.0465,2.5219
2022-01-18,1011010801,食用菌,38.751999999999995,38.751999999999995,0.0,327.268,7,8.4452,5.3095
2022-01-24,1011010801,食用菌,68.443,68.443,0.0,845.232,7,12.3494,7.7685
2022-01-25,1011010801,食用菌,83.043,83.043,0.0,962.25,7,11.5874,7.319
2022-01-29,1011010801,食用菌,195.987,195.987,0.0,1854.334,7,9.4615,5.9814
2022-02-02,1011010801,食用菌,104.52199999999999,104.52199999999999,0.0,834.5944000000001,7,7.9849,4.8842
2022-02-03,1011010801,食用菌,46.152,46.152,0.0,505.95540000000005,7,10.9628,7.4946
2022-02-04,1011010801,食用菌,62.232,62.232,0.0,585.0328000000001,7,9.4008,5.6989
2022-02-13,1011010801,食用菌,62.028,62.028,0.0,394.004,7,6.352,3.8841
2022-03-05,1011010801,食用菌,33.725,33.725,0.0,233.35,7,6.9192,4.3241
2022-03-09,1011010801,食用菌,21.91,21.91,0.0,193.056,7,8.8113,5.2575
2022-03-13,1011010801,食用菌,25.826999999999998,25.826999999999998,0.0,304.7208,7,11.7985,6.9716
2022-03-15,1011010801,食用菌,17.419999999999998,17.419999999999998,0.0,221.4152,7,12.7104,7.4563
2022-03-19,1011010801,食用菌,49.829,49.829,0.0,346.4658,7,6.9531,3.8669
2022-03-23,1011010801,食用菌,28.279,28.279,0.0,288.8138,7,10.213,5.9792
2022-03-30,1011010801,食用菌,22.45,22.45,0.0,256.045,7,11.4051,6.2764
2022-04-01,1011010801,食用菌,19.915,19.915,0.0,265.5426,7,13.3338,7.4581
2022-04-07,1011010801,食用菌,14.881,14.881,0.0,178.2252,7,11.9767,7.5121
2022-04-08,1011010801,食用菌,18.886,18.886,0.0,170.1519,7,9.0094,5.8021
2022-04-12,1011010801,食用菌,16.859,16.859,0.0,205.76319999999998,7,12.2049,7.5869
2022-04-15,1011010801,食用菌,39.135999999999996,39.135999999999996,0.0,388.117,7,9.9171,6.0046
2022-04-26,1011010801,食用菌,13.139,13.139,0.0,167.4491,7,12.7444,8.1374
2022-06-29,1011010801,食用菌,39.934,39.934,0.0,300.93260000000004,7,7.5357,4.9098
2022-07-09,1011010801,食用菌,55.629,55.629,0.0,358.4996,7,6.4445,4.5479
2022-07-10,1011010801,食用菌,80.418,80.418,0.0,360.2472,7,4.4797,3.4912
2022-07-13,1011010801,食用菌,63.603,63.603,0.0,322.4408,7,5.0696,3.7247
2022-07-14,1011010801,食用菌,44.709,44.709,0.0,348.1572,7,7.7872,5.4645
2022-08-11,1011010801,食用菌,68.939,68.939,0.0,334.2685,7,4.8487,3.565
2022-08-13,1011010801,食用菌,72.19,72.19,0.0,550.8167,7,7.6301,5.1198
2022-08-14,1011010801,食用菌,87.77,87.77,0.0,603.4118,7,6.8749,4.7123
2022-08-15,1011010801,食用菌,67.468,67.468,0.0,461.7496,7,6.844,5.1446
2022-08-20,1011010801,食用菌,70.643,70.643,0.0,482.7913,7,6.8342,4.2547
2022-08-22,1011010801,食用菌,47.201,47.201,0.0,281.91249999999997,7,5.9726,4.1387
2022-08-23,1011010801,食用菌,48.094,48.094,0.0,297.6045,7,6.188,4.3138
2022-08-24,1011010801,食用菌,59.056,59.056,0.0,370.0086,7,6.2654,4.2788
2022-08-29,1011010801,食用菌,74.182,74.182,0.0,421.5512,7,5.6827,3.6475
2022-08-30,1011010801,食用菌,33.987,33.987,0.0,458.5962,7,13.4933,8.6952
2022-09-02,1011010801,食用菌,61.119,61.119,0.0,474.5692,7,7.7647,5.2332
2022-09-03,1011010801,食用菌,77.887,77.887,0.0,685.8074,7,8.8051,5.3663
2022-09-05,1011010801,食用菌,47.452,47.452,0.0,405.0084,7,8.5351,6.2576
2022-09-06,1011010801,食用菌,40.620000000000005,40.620000000000005,0.0,424.45360000000005,7,10.4494,7.4294
2022-09-24,1011010801,食用菌,101.607,101.607,0.0,791.0069000000001,7,7.785,4.6312
2022-09-27,1011010801,食用菌,37.498999999999995,37.498999999999995,0.0,323.7912,7,8.6347,5.1443
2022-09-30,1011010801,食用菌,53.894999999999996,53.894999999999996,0.0,435.2726,7,8.0763,5.3513
2022-10-01,1011010801,食用菌,122.00999999999999,122.00999999999999,0.0,865.7402,7,7.0957,4.3358
2022-10-02,1011010801,食用菌,91.22999999999999,91.22999999999999,0.0,767.817,7,8.4163,5.1798
2022-10-05,1011010801,食用菌,87.491,87.935,0.444,833.0746,7,9.5656,5.6231
2022-10-08,1011010801,食用菌,108.094,108.094,0.0,763.4728,7,7.063,4.2514
2022-10-09,1011010801,食用菌,121.547,121.547,0.0,913.9244,7,7.5191,4.5961
2022-10-10,1011010801,食用菌,103.327,103.327,0.0,720.1328,7,6.9695,4.2642
2022-10-11,1011010801,食用菌,89.443,89.443,0.0,557.7182,7,6.2354,3.7865
2022-10-12,1011010801,食用菌,82.773,82.773,0.0,548.1518000000001,7,6.6223,4.1074
2022-11-23,1011010801,食用菌,68.562,68.562,0.0,377.07500000000005,7,5.4998,2.9597
2022-11-24,1011010801,食用菌,43.262,43.262,0.0,341.701,7,7.8984,4.118
2022-11-25,1011010801,食用菌,32.969,32.969,0.0,252.108,7,7.6468,4.0165
2022-11-26,1011010801,食用菌,57.284,57.284,0.0,294.802,7,5.1463,1.8758
2022-12-12,1011010801,食用菌,85.72200000000001,85.72200000000001,0.0,541.43,7,6.3161,4.1608
2020-07-10,1011010504,辣椒类,58.936,58.936,0.0,714.7903,8,12.1283,6.6108
2020-08-04,1011010504,辣椒类,73.36500000000001,73.36500000000001,0.0,706.3548000000001,8,9.628,6.0841
2020-08-08,1011010504,辣椒类,100.292,100.292,0.0,980.1271999999999,8,9.7727,6.3971
2020-09-15,1011010504,辣椒类,49.991,49.991,0.0,518.87,8,10.3793,6.8009
2020-10-13,1011010504,辣椒类,49.116,49.116,0.0,546.9048,8,11.135,7.2998
2020-10-15,1011010504,辣椒类,45.236,45.236,0.0,501.1804,8,11.0792,7.0622
2020-10-17,1011010504,辣椒类,96.27699999999999,97.15499999999999,0.878,889.4012,8,9.2534,6.1958
2020-10-28,1011010504,辣椒类,49.395,49.395,0.0,502.58480000000003,8,10.1748,6.8356
2020-11-02,1011010504,辣椒类,54.351,54.351,0.0,590.4854,8,10.8643,6.8145
2020-11-04,1011010504,辣椒类,59.731,59.731,0.0,500.4148,8,8.3778,6.101
2020-11-17,1011010504,辣椒类,43.486000000000004,43.486000000000004,0.0,383.019,8,8.8079,6.0112
2020-12-03,1011010504,辣椒类,48.794999999999995,48.794999999999995,0.0,516.5614,8,10.5864,6.9417
2021-01-04,1011010504,辣椒类,58.505,58.505,0.0,989.1726000000001,8,16.9075,12.9025
2021-01-12,1011010504,辣椒类,35.595,35.595,0.0,746.7238,8,20.9783,14.7711
2021-01-22,1011010504,辣椒类,54.45,54.45,0.0,1152.1048,8,21.1589,16.5795
2021-01-23,1011010504,辣椒类,87.038,87.038,0.0,1737.4954,8,19.9625,17.1766
2021-01-24,1011010504,辣椒类,99.11500000000001,99.11500000000001,0.0,1912.9851999999998,8,19.3007,15.6962
2021-01-25,1011010504,辣椒类,68.681,68.681,0.0,1389.4488,8,20.2305,14.2538
2021-01-26,1011010504,辣椒类,57.954,57.954,0.0,1212.6492,8,20.9243,14.461
2021-01-27,1011010504,辣椒类,105.094,105.094,0.0,1750.9002,8,16.6603,12.1035
2021-01-28,1011010504,辣椒类,70.075,70.075,0.0,1345.6932000000002,8,19.2036,12.464
2021-01-29,1011010504,辣椒类,66.029,66.029,0.0,1214.8758,8,18.3991,12.479
2021-02-05,1011010504,辣椒类,124.448,124.448,0.0,2152.8444,8,17.2991,12.019
2021-02-06,1011010504,辣椒类,194.842,194.842,0.0,2739.1974,8,14.0586,10.6399
2021-02-07,1011010504,辣椒类,159.904,159.904,0.0,2691.2367999999997,8,16.8303,10.7532
2021-02-08,1011010504,辣椒类,289.227,289.227,0.0,4716.9014,8,16.3086,11.1112
2021-02-16,1011010504,辣椒类,151.649,151.649,0.0,2974.4028,8,19.6137,13.7709
2021-02-21,1011010504,辣椒类,80.423,80.423,0.0,1066.6534,8,13.263,7.5075
2021-02-23,1011010504,辣椒类,85.425,85.425,0.0,865.8902,8,10.1363,5.9716
2021-02-25,1011010504,辣椒类,100.118,100.118,0.0,926.3979999999999,8,9.2531,5.825
2021-02-28,1011010504,辣椒类,114.677,114.677,0.0,1061.4208,8,9.2557,5.0603
2021-03-02,1011010504,辣椒类,83.36300000000001,83.36300000000001,0.0,729.2652,8,8.7481,5.2578
2021-03-05,1011010504,辣椒类,101.49799999999999,101.49799999999999,0.0,751.276,8,7.4019,4.8127
2021-03-08,1011010504,辣椒类,80.39900000000002,80.39900000000002,0.0,582.7694,8,7.2485,4.565
2021-03-09,1011010504,辣椒类,66.895,66.895,0.0,590.8882,8,8.8331,5.345
2021-03-10,1011010504,辣椒类,59.548,59.548,0.0,483.2532,8,8.1154,4.6227
2021-03-11,1011010504,辣椒类,57.357,57.357,0.0,495.21639999999996,8,8.6339,4.6434
2021-03-12,1011010504,辣椒类,102.131,102.131,0.0,695.681,8,6.8117,4.4414
2021-03-14,1011010504,辣椒类,117.089,117.089,0.0,711.196,8,6.074,3.8199
2021-03-15,1011010504,辣椒类,85.656,85.656,0.0,492.0996,8,5.7451,3.5972
2021-03-17,1011010504,辣椒类,83.755,83.755,0.0,635.9838,8,7.5934,4.3084
2021-03-18,1011010504,辣椒类,73.733,73.733,0.0,507.1216,8,6.8778,3.7124
2021-03-19,1011010504,辣椒类,67.509,67.509,0.0,526.0151999999999,8,7.7918,4.4896
2021-03-20,1011010504,辣椒类,117.89,117.89,0.0,812.0966,8,6.8886,3.9688
2021-03-26,1011010504,辣椒类,60.937,60.937,0.0,479.4946,8,7.8687,4.6701
2021-03-29,1011010504,辣椒类,62.153999999999996,62.153999999999996,0.0,471.09819999999996,8,7.5795,4.6215
2021-04-01,1011010504,辣椒类,52.994,52.994,0.0,428.9616,8,8.0945,4.9159
2021-04-02,1011010504,辣椒类,70.727,70.727,0.0,605.1859999999999,8,8.5566,5.2168
2021-04-03,1011010504,辣椒类,100.323,100.323,0.0,881.2146,8,8.7838,5.5311
2021-04-07,1011010504,辣椒类,62.9,62.9,0.0,532.0066,8,8.458,5.0416
2021-04-08,1011010504,辣椒类,52.596000000000004,52.596000000000004,0.0,436.3612,8,8.2965,5.2958
2021-04-09,1011010504,辣椒类,54.274,54.274,0.0,450.1898,8,8.2948,4.8996
2021-04-11,1011010504,辣椒类,94.32600000000001,94.32600000000001,0.0,686.7606000000001,8,7.2807,4.6622
2021-04-12,1011010504,辣椒类,38.756,38.756,0.0,324.682,8,8.3776,5.0424
2021-04-14,1011010504,辣椒类,47.052,47.052,0.0,365.0338,8,7.7581,5.1707
2021-04-17,1011010504,辣椒类,72.26599999999999,72.26599999999999,0.0,481.7624,8,6.6665,5.0576
2021-04-18,1011010504,辣椒类,118.06299999999999,118.06299999999999,0.0,789.4888,8,6.687,4.5909
2021-04-19,1011010504,辣椒类,59.01500000000001,59.01500000000001,0.0,405.3296,8,6.8682,4.626
2021-04-20,1011010504,辣椒类,64.062,64.062,0.0,463.98959999999994,8,7.2428,4.6221
2021-04-22,1011010504,辣椒类,47.905,47.905,0.0,375.7154,8,7.8429,4.5871
2021-04-24,1011010504,辣椒类,102.501,102.501,0.0,796.399,8,7.7697,5.1135
2021-04-25,1011010504,辣椒类,71.047,71.047,0.0,588.547,8,8.2839,5.0963
2021-04-26,1011010504,辣椒类,60.716,60.716,0.0,485.172,8,7.9908,4.9271
2021-04-27,1011010504,辣椒类,50.15,50.15,0.0,391.897,8,7.8145,5.018
2021-04-29,1011010504,辣椒类,54.543,54.543,0.0,425.583,8,7.8027,5.1216
2021-04-30,1011010504,辣椒类,52.865,52.865,0.0,484.578,8,9.1663,5.5991
2021-05-01,1011010504,辣椒类,77.396,77.396,0.0,698.937,8,9.0307,5.5956
2021-05-02,1011010504,辣椒类,80.42,80.42,0.0,765.947,8,9.5243,5.5624
2021-05-04,1011010504,辣椒类,43.846,43.846,0.0,492.674,8,11.2365,6.7883
2021-05-05,1011010504,辣椒类,72.08,72.08,0.0,740.2113999999999,8,10.2693,6.8529
2021-05-06,1011010504,辣椒类,73.006,73.006,0.0,541.5566,8,7.418,6.5494
2021-05-07,1011010504,辣椒类,73.96199999999999,73.96199999999999,0.0,578.2816,8,7.8186,6.0089
2021-05-09,1011010504,辣椒类,95.075,95.075,0.0,743.149,8,7.8165,5.449
2021-05-11,1011010504,辣椒类,46.524,46.524,0.0,333.3232,8,7.1645,4.8187
2021-05-15,1011010504,辣椒类,86.637,86.637,0.0,633.1406,8,7.308,4.4663
2021-05-19,1011010504,辣椒类,76.853,76.853,0.0,406.2444,8,5.286,3.2528
2021-05-20,1011010504,辣椒类,60.967,61.568,0.601,369.27,8,6.1344,3.3569
2021-05-21,1011010504,辣椒类,36.494,36.494,0.0,322.0414,8,8.8245,4.6349
2021-05-26,1011010504,辣椒类,65.416,65.416,0.0,387.21799999999996,8,5.9193,3.66
2021-06-02,1011010504,辣椒类,89.38600000000001,89.38600000000001,0.0,290.4744,8,3.2497,2.5562
2021-06-03,1011010504,辣椒类,75.206,75.206,0.0,283.7836,8,3.7734,2.7405
2021-06-07,1011010504,辣椒类,68.965,68.965,0.0,405.9273,8,5.886,2.814
2021-06-14,1011010504,辣椒类,69.072,69.697,0.625,375.0208,8,5.4311,3.1539
2021-06-17,1011010504,辣椒类,45.845,45.845,0.0,232.8422,8,5.0789,2.745
2021-06-18,1011010504,辣椒类,46.754000000000005,46.754000000000005,0.0,241.0446,8,5.1556,3.0763
2021-06-25,1011010504,辣椒类,35.531,35.531,0.0,178.2172,8,5.0158,2.9243
2021-08-10,1011010504,辣椒类,66.971,66.971,0.0,474.76,8,7.089,3.7807
2021-08-23,1011010504,辣椒类,15.773,15.773,0.0,135.953,8,8.6193,4.555
2021-09-16,1011010504,辣椒类,33.706,33.706,0.0,338.607,8,10.0459,5.9406
2021-09-17,1011010504,辣椒类,30.378,30.378,0.0,301.779,8,9.9341,6.3057
2021-09-18,1011010504,辣椒类,44.636,45.04900000000001,0.413,439.62699999999995,8,9.8414,6.5619
2021-09-30,1011010504,辣椒类,37.589000000000006,37.589000000000006,0.0,284.784,8,7.5763,5.4684
2021-10-02,1011010504,辣椒类,66.537,67.466,0.929,427.645,8,6.4282,4.2332
2021-10-08,1011010504,辣椒类,65.80499999999999,65.80499999999999,0.0,375.312,8,5.7034,3.8848
2021-10-09,1011010504,辣椒类,61.377,61.377,0.0,358.092,8,5.8343,4.02
2021-10-12,1011010504,辣椒类,57.257,57.257,0.0,334.2756,8,5.8382,3.5765
2021-10-13,1011010504,辣椒类,44.341,44.341,0.0,269.44,8,6.0765,3.9672
2021-10-14,1011010504,辣椒类,38.431,38.431,0.0,272.73060000000004,8,7.0966,4.3068
2021-10-19,1011010504,辣椒类,40.052,40.052,0.0,293.574,8,7.3298,5.1144
2021-10-20,1011010504,辣椒类,43.480000000000004,43.480000000000004,0.0,407.43,8,9.3705,5.3639
2021-10-21,1011010504,辣椒类,29.336,29.336,0.0,302.27,8,10.3037,5.5472
2021-10-24,1011010504,辣椒类,41.481,41.481,0.0,383.68600000000004,8,9.2497,6.707
2021-10-27,1011010504,辣椒类,32.692,32.692,0.0,346.3274,8,10.5936,6.6533
2021-10-29,1011010504,辣椒类,25.203,25.203,0.0,315.0944,8,12.5023,7.2211
2021-10-30,1011010504,辣椒类,26.181,26.181,0.0,333.82000000000005,8,12.7505,8.0435
2021-10-31,1011010504,辣椒类,35.237,35.237,0.0,444.7900000000001,8,12.6228,8.0277
2021-11-04,1011010504,辣椒类,24.241,24.241,0.0,313.538,8,12.9342,8.5999
2021-11-05,1011010504,辣椒类,37.123000000000005,37.123000000000005,0.0,441.742,8,11.8994,8.2119
2021-11-17,1011010504,辣椒类,23.355,23.355,0.0,291.33050000000003,8,12.474,8.3846
2021-11-20,1011010504,辣椒类,33.727,34.164,0.437,395.6114,8,11.7589,8.0949
2021-12-05,1011010504,辣椒类,37.123,37.123,0.0,440.752,8,11.8727,7.8512
2021-12-11,1011010504,辣椒类,43.575,43.575,0.0,461.85999999999996,8,10.5992,7.5282
2021-12-13,1011010504,辣椒类,33.333000000000006,33.333000000000006,0.0,310.385,8,9.3116,6.8477
2021-12-15,1011010504,辣椒类,29.243000000000002,29.243000000000002,0.0,277.034,8,9.4735,7.2022
2021-12-16,1011010504,辣椒类,33.831999999999994,33.831999999999994,0.0,329.48359999999997,8,9.7388,7.0027
2021-12-17,1011010504,辣椒类,34.227999999999994,34.227999999999994,0.0,346.7518,8,10.1306,7.6179
2021-12-18,1011010504,辣椒类,59.298,59.298,0.0,541.3783999999999,8,9.1298,6.7074
2021-12-26,1011010504,辣椒类,64.144,64.634,0.49,571.0742,8,8.8962,5.9417
2021-12-28,1011010504,辣椒类,42.784,42.784,0.0,384.4406,8,8.9856,6.2535
2021-12-29,1011010504,辣椒类,35.3,35.3,0.0,306.3432,8,8.6783,6.1806
2021-12-31,1011010504,辣椒类,66.31400000000001,66.714,0.4,613.8398,8,9.2478,6.1235
2022-01-05,1011010504,辣椒类,66.638,66.638,0.0,499.0404,8,7.4888,5.533
2022-01-06,1011010504,辣椒类,66.856,66.856,0.0,508.576,8,7.607,5.5339
2022-01-10,1011010504,辣椒类,57.480999999999995,57.480999999999995,0.0,537.8312,8,9.3567,5.6123
2022-01-11,1011010504,辣椒类,81.87,81.87,0.0,674.9308,8,8.244,5.4684
2022-02-06,1011010504,辣椒类,127.90299999999999,127.90299999999999,0.0,1530.6256,8,11.9671,8.9889
2022-05-03,1011010504,辣椒类,67.711,67.711,0.0,521.5,8,7.7019,5.3421
2022-06-20,1011010504,辣椒类,46.065,46.065,0.0,222.8324,8,4.8373,3.2905
2022-06-23,1011010504,辣椒类,29.211000000000002,29.211000000000002,0.0,177.60160000000002,8,6.08,3.3818
2022-06-28,1011010504,辣椒类,28.268,28.268,0.0,218.1388,8,7.7168,3.9484
2022-08-31,1011010504,辣椒类,61.621,61.621,0.0,325.3444,8,5.2798,2.968
2022-10-18,1011010504,辣椒类,155.233,155.233,0.0,788.345,8,5.0785,3.0582
2022-10-19,1011010504,辣椒类,96.132,96.132,0.0,491.1184,8,5.1088,3.0054
2022-11-20,1011010504,辣椒类,197.334,198.915,1.581,768.0394,8,3.8904,1.7178
2022-12-05,1011010504,辣椒类,118.657,118.657,0.0,458.3499,8,3.8628,1.3816
2022-12-06,1011010504,辣椒类,97.96300000000001,97.96300000000001,0.0,382.7088,8,3.9067,1.3494
2022-12-08,1011010504,辣椒类,131.273,131.273,0.0,454.1736,8,3.4598,1.1001
2022-12-09,1011010504,辣椒类,99.447,99.447,0.0,353.8304,8,3.558,1.3077
2022-12-12,1011010504,辣椒类,95.825,96.205,0.38,333.02700000000004,8,3.4743,1.3235
2022-12-18,1011010504,辣椒类,123.46900000000001,123.46900000000001,0.0,431.1906,8,3.4923,1.2647
2022-12-20,1011010504,辣椒类,88.82000000000001,88.82000000000001,0.0,323.06940000000003,8,3.6373,1.3987
2020-07-12,1011010402,水生根茎类,13.994,13.994,0.0,247.96040000000002,3,17.719,11.4938
2020-07-21,1011010402,水生根茎类,12.744,12.744,0.0,213.18280000000001,3,16.7281,10.0061
2020-07-22,1011010402,水生根茎类,10.85,11.049999999999999,0.2,177.7364,3,16.3743,8.6657
2020-07-23,1011010402,水生根茎类,30.417,30.417,0.0,207.4809,3,6.8212,3.5717
