20260666C/代码与数据/processed/daily_category.csv
date,cat_code,cat_name,qty_net,qty_sold,qty_returned,revenue_net,n_items,avg_retail_price,avg_wholesale_price
2020-07-24,1011010402,水生根茎类,11.739999999999998,11.739999999999998,0.0,197.4297,3,16.8168,9.2495
2020-07-26,1011010402,水生根茎类,12.988,12.988,0.0,234.4727,3,18.0531,10.5757
2020-07-27,1011010402,水生根茎类,17.265,17.265,0.0,246.9673,3,14.3045,9.1065
2020-08-02,1011010402,水生根茎类,56.153999999999996,56.153999999999996,0.0,627.7452000000001,3,11.179,7.7266
2020-08-03,1011010402,水生根茎类,15.555000000000001,15.555000000000001,0.0,195.6176,3,12.5759,8.152
2020-08-04,1011010402,水生根茎类,26.208,26.208,0.0,319.5464,3,12.1927,7.9048
2020-08-05,1011010402,水生根茎类,21.451999999999998,21.451999999999998,0.0,258.012,3,12.0274,7.8542
2020-08-06,1011010402,水生根茎类,19.115,19.115,0.0,220.89579999999998,3,11.5561,7.564
2020-08-09,1011010402,水生根茎类,25.900000000000002,25.900000000000002,0.0,289.34799999999996,3,11.1717,7.7495
2020-08-13,1011010402,水生根茎类,19.324,19.324,0.0,234.16140000000001,3,12.1176,7.9607
2020-08-15,1011010402,水生根茎类,25.642,25.642,0.0,272.6662,3,10.6336,7.1116
2020-08-16,1011010402,水生根茎类,24.454,24.454,0.0,244.59820000000002,3,10.0024,6.4573
2020-08-17,1011010402,水生根茎类,15.916,15.916,0.0,172.623,3,10.8459,7.2312
2020-08-18,1011010402,水生根茎类,21.753,21.753,0.0,208.04060000000004,3,9.5638,6.4384
2020-08-19,1011010402,水生根茎类,17.95,17.95,0.0,188.24040000000002,3,10.4869,6.9557
2020-08-20,1011010402,水生根茎类,22.966,22.966,0.0,223.08760000000004,3,9.7138,6.3951
2020-08-22,1011010402,水生根茎类,42.772,42.772,0.0,282.6736,3,6.6088,4.2765
2020-08-24,1011010402,水生根茎类,20.305,20.305,0.0,201.19940000000003,3,9.9089,6.464
2020-08-25,1011010402,水生根茎类,20.062,20.062,0.0,213.29840000000002,3,10.632,6.9331
2020-08-26,1011010402,水生根茎类,18.95,18.95,0.0,196.0036,3,10.3432,6.795
2020-08-30,1011010402,水生根茎类,30.005000000000003,30.005000000000003,0.0,286.332,3,9.5428,6.0438
2020-08-31,1011010402,水生根茎类,52.949,52.949,0.0,449.968,3,8.4981,5.8331
2020-09-01,1011010402,水生根茎类,47.658,47.658,0.0,411.3492,3,8.6313,6.1346
2020-09-02,1011010402,水生根茎类,17.941,17.941,0.0,154.654,3,8.6201,5.9801
2020-09-13,1011010402,水生根茎类,18.739,18.739,0.0,159.268,3,8.4993,5.5399
2020-12-08,1011010402,水生根茎类,78.345,78.345,0.0,537.735,3,6.8637,5.5386
2020-12-09,1011010402,水生根茎类,39.897,39.897,0.0,289.118,3,7.2466,6.13
2020-12-10,1011010402,水生根茎类,48.448,48.448,0.0,324.027,3,6.6882,5.9908
2020-12-11,1011010402,水生根茎类,55.358,55.726,0.368,372.4719999999999,3,6.7236,6.0737
2020-12-12,1011010402,水生根茎类,71.47,71.47,0.0,580.764,3,8.126,5.9677
2020-12-13,1011010402,水生根茎类,73.578,73.578,0.0,625.446,3,8.5004,6.1117
2020-12-16,1011010402,水生根茎类,47.282000000000004,47.282000000000004,0.0,379.878,3,8.0343,6.0562
2020-12-18,1011010402,水生根茎类,63.361999999999995,63.361999999999995,0.0,523.142,3,8.2564,6.4426
2020-12-19,1011010402,水生根茎类,85.825,86.825,1.0,790.1410000000001,3,9.2144,6.6959
2020-12-20,1011010402,水生根茎类,77.313,77.313,0.0,687.192,3,8.8884,6.2958
2020-12-21,1011010402,水生根茎类,48.468,48.468,0.0,403.65000000000003,3,8.3282,6.1905
2020-12-25,1011010402,水生根茎类,65.984,65.984,0.0,547.548,3,8.2982,6.1378
2020-12-27,1011010402,水生根茎类,93.232,93.232,0.0,761.976,3,8.1729,5.793
2020-12-28,1011010402,水生根茎类,63.262,63.262,0.0,515.289,3,8.1453,6.0629
2021-01-01,1011010402,水生根茎类,91.56899999999999,91.56899999999999,0.0,628.009,3,6.8583,5.9359
2021-01-02,1011010402,水生根茎类,102.214,102.214,0.0,760.113,3,7.4365,6.3632
2021-01-03,1011010402,水生根茎类,76.505,76.505,0.0,537.532,3,7.0261,6.055
2021-01-07,1011010402,水生根茎类,54.723,54.723,0.0,502.225,3,9.1776,7.0347
2021-01-08,1011010402,水生根茎类,53.903999999999996,53.903999999999996,0.0,455.226,3,8.4451,6.7973
2021-01-09,1011010402,水生根茎类,90.49000000000001,90.49000000000001,0.0,810.582,3,8.9577,7.0614
2021-01-10,1011010402,水生根茎类,79.56299999999999,79.56299999999999,0.0,727.418,3,9.1427,6.9186
2021-01-11,1011010402,水生根茎类,47.911,47.911,0.0,407.988,3,8.5155,6.9537
2021-01-12,1011010402,水生根茎类,55.595,55.595,0.0,526.5020000000001,3,9.4703,6.7779
2021-01-13,1011010402,水生根茎类,40.616,40.616,0.0,395.36,3,9.7341,6.9363
2021-01-14,1011010402,水生根茎类,43.510000000000005,43.510000000000005,0.0,400.16499999999996,3,9.1971,6.9494
2021-01-15,1011010402,水生根茎类,51.428,51.428,0.0,466.595,3,9.0728,6.8705
2021-01-16,1011010402,水生根茎类,82.624,82.624,0.0,755.797,3,9.1474,6.9246
2021-01-17,1011010402,水生根茎类,67.482,67.482,0.0,660.164,3,9.7828,7.0865
2021-01-18,1011010402,水生根茎类,48.095,48.095,0.0,458.298,3,9.529,6.7324
2021-01-19,1011010402,水生根茎类,42.265,42.265,0.0,403.182,3,9.5394,6.736
2021-01-20,1011010402,水生根茎类,44.546,44.546,0.0,431.904,3,9.6957,6.8532
2021-01-21,1011010402,水生根茎类,48.089,48.089,0.0,463.74600000000004,3,9.6435,6.8479
2021-01-22,1011010402,水生根茎类,48.728,48.728,0.0,466.808,3,9.5799,6.8308
2021-01-23,1011010402,水生根茎类,66.893,66.893,0.0,659.236,3,9.8551,7.1258
2021-01-24,1011010402,水生根茎类,88.664,88.664,0.0,864.742,3,9.753,7.0596
2021-01-25,1011010402,水生根茎类,86.892,86.892,0.0,853.7919999999999,3,9.8259,7.1217
2021-01-26,1011010402,水生根茎类,59.222,59.222,0.0,567.5600000000001,3,9.5836,6.7804
2021-01-27,1011010402,水生根茎类,50.075,50.075,0.0,491.68,3,9.8189,6.987
2021-01-28,1011010402,水生根茎类,58.18,58.18,0.0,578.4960000000001,3,9.9432,7.1029
2021-01-29,1011010402,水生根茎类,48.372,48.372,0.0,465.074,3,9.6145,6.8271
2021-01-30,1011010402,水生根茎类,39.938,39.938,0.0,390.78600000000006,3,9.7848,6.917
2021-01-31,1011010402,水生根茎类,47.573,47.573,0.0,455.30400000000003,3,9.5706,6.7837
2021-02-01,1011010402,水生根茎类,50.34,50.34,0.0,467.501,3,9.2869,7.1162
2021-02-02,1011010402,水生根茎类,47.32300000000001,47.32300000000001,0.0,427.89,3,9.0419,7.0399
2021-02-03,1011010402,水生根茎类,36.091,36.091,0.0,326.48199999999997,3,9.0461,7.0905
2021-02-04,1011010402,水生根茎类,61.4,61.4,0.0,550.876,3,8.9719,6.9618
2021-02-05,1011010402,水生根茎类,56.39,56.39,0.0,545.336,3,9.6708,7.0678
2021-02-06,1011010402,水生根茎类,55.471999999999994,55.471999999999994,0.0,552.268,3,9.9558,7.392
2021-02-07,1011010402,水生根茎类,101.527,101.527,0.0,1108.601,3,10.9193,7.7743
2021-02-08,1011010402,水生根茎类,124.55000000000001,124.55000000000001,0.0,1386.6640000000002,3,11.1334,7.9643
2021-02-09,1011010402,水生根茎类,211.43099999999998,211.43099999999998,0.0,2786.782,3,13.1806,8.05
2021-02-14,1011010402,水生根茎类,65.073,65.073,0.0,927.0640000000001,3,14.2465,9.8575
2021-02-20,1011010402,水生根茎类,60.611999999999995,60.611999999999995,0.0,726.5,3,11.9861,7.9933
2021-02-21,1011010402,水生根茎类,38.554,38.554,0.0,465.29600000000005,3,12.0687,8.0976
2021-02-22,1011010402,水生根茎类,40.444,40.444,0.0,418.94,3,10.3585,8.0237
2021-02-23,1011010402,水生根茎类,44.084,44.084,0.0,507.53999999999996,3,11.513,8.2463
2021-02-24,1011010402,水生根茎类,54.382,54.382,0.0,587.3199999999999,3,10.7999,7.3836
2021-02-26,1011010402,水生根茎类,72.508,72.508,0.0,829.48,3,11.4398,7.7172
2021-02-27,1011010402,水生根茎类,45.650999999999996,45.650999999999996,0.0,494.21000000000004,3,10.8258,7.4115
2021-02-28,1011010402,水生根茎类,49.705,49.705,0.0,495.15,3,9.9618,7.5562
2021-03-11,1011010402,水生根茎类,31.801000000000002,31.801000000000002,0.0,288.3406,3,9.067,6.633
2021-03-17,1011010402,水生根茎类,19.493000000000002,19.493000000000002,0.0,214.234,3,10.9903,6.964
2021-03-20,1011010402,水生根茎类,39.984,39.984,0.0,458.16,3,11.4586,7.175
2021-03-21,1011010402,水生根茎类,41.705,41.705,0.0,455.178,3,10.9142,7.0828
2021-03-22,1011010402,水生根茎类,10.113,10.113,0.0,113.97399999999999,3,11.27,7.0531
2021-03-23,1011010402,水生根茎类,13.349,13.349,0.0,144.41,3,10.818,6.9017
2021-03-24,1011010402,水生根茎类,14.013,14.013,0.0,151.254,3,10.7938,6.9726
2021-03-25,1011010402,水生根茎类,15.827,15.827,0.0,172.666,3,10.9096,6.9964
2021-03-26,1011010402,水生根茎类,40.178000000000004,40.178000000000004,0.0,442.70400000000006,3,11.0186,6.9271
2021-03-27,1011010402,水生根茎类,43.191,43.191,0.0,489.498,3,11.3333,7.0159
2021-03-28,1011010402,水生根茎类,30.709999999999997,30.709999999999997,0.0,326.12,3,10.6193,6.7855
2021-03-29,1011010402,水生根茎类,15.5,15.5,0.0,174.404,3,11.2519,7.0349
2021-03-30,1011010402,水生根茎类,14.905,14.905,0.0,167.594,3,11.2441,7.3242
2021-03-31,1011010402,水生根茎类,19.503,19.503,0.0,233.866,3,11.9913,7.3717
2021-04-03,1011010402,水生根茎类,38.786,38.786,0.0,387.236,3,9.9839,7.3134
2021-04-04,1011010402,水生根茎类,33.95,33.95,0.0,339.334,3,9.9951,7.3038
2021-04-05,1011010402,水生根茎类,24.241,24.241,0.0,207.20399999999998,3,8.5477,7.2153
2021-04-09,1011010402,水生根茎类,29.704,29.704,0.0,316.45,3,10.6535,7.269
2021-04-10,1011010402,水生根茎类,22.753,22.753,0.0,261.897,3,11.5104,7.2469
2021-04-11,1011010402,水生根茎类,22.196,22.196,0.0,258.365,3,11.6402,7.279
2021-04-14,1011010402,水生根茎类,19.197,19.197,0.0,214.15800000000002,3,11.1558,7.3729
2021-04-15,1011010402,水生根茎类,17.098,17.098,0.0,187.46800000000002,3,10.9643,7.2856
2021-04-16,1011010402,水生根茎类,19.018,19.018,0.0,213.454,3,11.2238,7.1775
2021-04-17,1011010402,水生根茎类,35.302,35.302,0.0,410.044,3,11.6153,7.2532
2021-04-18,1011010402,水生根茎类,22.237000000000002,22.237000000000002,0.0,253.65800000000002,3,11.407,7.2655
2021-04-19,1011010402,水生根茎类,12.658000000000001,12.658000000000001,0.0,143.086,3,11.304,7.2187
2021-04-20,1011010402,水生根茎类,12.167000000000002,12.167000000000002,0.0,126.24,3,10.3756,7.1382
2021-05-09,1011010402,水生根茎类,21.145,21.145,0.0,286.10999999999996,3,13.5309,9.7492
2021-05-10,1011010402,水生根茎类,8.06,8.06,0.0,113.40599999999999,3,14.0702,10.0608
2021-05-11,1011010402,水生根茎类,8.963000000000001,8.963000000000001,0.0,119.32999999999998,3,13.3136,9.7773
2021-05-12,1011010402,水生根茎类,6.0809999999999995,6.0809999999999995,0.0,70.71,3,11.628,8.3904
2021-05-13,1011010402,水生根茎类,14.949000000000002,14.949000000000002,0.0,179.19,3,11.9868,8.2301
2021-05-14,1011010402,水生根茎类,11.411999999999999,11.411999999999999,0.0,124.02,3,10.8675,7.4682
2021-05-18,1011010402,水生根茎类,12.309000000000001,12.309000000000001,0.0,123.09,3,10.0,8.6156
2021-05-23,1011010402,水生根茎类,17.229,17.229,0.0,202.29,3,11.7413,15.6537
2021-06-09,1011010402,水生根茎类,7.943,7.943,0.0,110.019,3,13.8511,8.7697
2021-06-10,1011010402,水生根茎类,10.34,10.34,0.0,174.5224,3,16.8784,10.5356
2021-06-11,1011010402,水生根茎类,6.744,6.744,0.0,112.4228,3,16.67,11.3839
2021-06-12,1011010402,水生根茎类,22.347,22.347,0.0,366.9466,3,16.4204,10.3564
2021-06-13,1011010402,水生根茎类,11.431000000000001,11.431000000000001,0.0,220.9804,3,19.3317,11.877
2021-06-14,1011010402,水生根茎类,14.049,14.049,0.0,258.692,3,18.4136,13.2815
2021-06-15,1011010402,水生根茎类,9.998000000000001,9.998000000000001,0.0,187.7056,3,18.7743,13.4384
2021-06-16,1011010402,水生根茎类,5.187,5.187,0.0,68.2764,3,13.163,8.2603
2021-06-17,1011010402,水生根茎类,9.409,9.409,0.0,136.409,3,14.4977,9.5417
2021-06-18,1011010402,水生根茎类,7.902000000000001,7.902000000000001,0.0,140.6044,3,17.7935,12.9507
2021-06-19,1011010402,水生根茎类,10.313,10.313,0.0,186.3838,3,18.0727,12.7201
2021-06-20,1011010402,水生根茎类,10.001000000000001,10.001000000000001,0.0,199.1202,3,19.91,13.3996
2021-06-21,1011010402,水生根茎类,9.9,9.9,0.0,156.4032,3,15.7983,10.5104
2021-06-22,1011010402,水生根茎类,13.910000000000002,13.910000000000002,0.0,202.1816,3,14.535,9.2012
2021-06-23,1011010402,水生根茎类,10.931,10.931,0.0,141.3774,3,12.9336,7.9957
2021-06-24,1011010402,水生根茎类,6.119,6.119,0.0,110.9536,3,18.1326,11.6391
2021-06-25,1011010402,水生根茎类,10.916,10.916,0.0,127.979,3,11.724,7.492
2021-06-26,1011010402,水生根茎类,20.953,20.953,0.0,260.1548,3,12.4161,8.3185
2021-06-27,1011010402,水生根茎类,19.982,19.982,0.0,276.0006,3,13.8125,9.4414
2021-06-28,1011010402,水生根茎类,9.933,9.933,0.0,128.496,3,12.9363,7.9682
2021-06-29,1011010402,水生根茎类,9.52,9.52,0.0,104.011,3,10.9255,6.5602
2021-06-30,1011010402,水生根茎类,7.4639999999999995,7.4639999999999995,0.0,109.7642,3,14.7058,9.5482
2021-07-01,1011010402,水生根茎类,8.512,8.512,0.0,113.2644,3,13.3064,8.5207
2021-07-02,1011010402,水生根茎类,10.79,10.79,0.0,138.6138,3,12.8465,8.1058
2021-07-06,1011010402,水生根茎类,7.861,7.861,0.0,90.4666,3,11.5083,6.7446
2021-07-07,1011010402,水生根茎类,8.404,8.404,0.0,120.95599999999999,3,14.3927,9.2357
2021-07-10,1011010402,水生根茎类,14.838,14.838,0.0,216.17059999999998,3,14.5687,9.4285
2021-07-11,1011010402,水生根茎类,14.099,14.099,0.0,229.7322,3,16.2942,10.5897
2021-07-15,1011010402,水生根茎类,5.779999999999999,5.779999999999999,0.0,78.5042,3,13.582,8.6844
2021-07-20,1011010402,水生根茎类,12.512,12.512,0.0,206.19339999999997,3,16.4796,10.2697
2021-07-22,1011010402,水生根茎类,17.843,17.843,0.0,265.0412,3,14.8541,8.7108
2021-07-23,1011010402,水生根茎类,13.844000000000001,13.844000000000001,0.0,166.7126,3,12.0422,8.3768
2021-07-24,1011010402,水生根茎类,32.222,32.222,0.0,414.317,3,12.8582,8.7502
2021-07-26,1011010402,水生根茎类,16.444,16.444,0.0,216.31560000000002,3,13.1547,9.1037
2021-07-27,1011010402,水生根茎类,33.891,33.891,0.0,461.22240000000005,3,13.609,9.3703
2021-07-28,1011010402,水生根茎类,32.418,32.418,0.0,446.9332,3,13.7866,9.5785
2021-07-30,1011010402,水生根茎类,20.72,20.72,0.0,247.3596,3,11.9382,8.1804
2021-07-31,1011010402,水生根茎类,23.282,23.282,0.0,292.81280000000004,3,12.5768,8.1861
2021-08-01,1011010402,水生根茎类,36.228,36.228,0.0,414.76370000000003,3,11.4487,8.382
2021-08-03,1011010402,水生根茎类,27.549,27.549,0.0,295.7504,3,10.7354,8.0333
2021-08-06,1011010402,水生根茎类,22.376,22.376,0.0,289.6244,3,12.9435,8.4852
2021-08-07,1011010402,水生根茎类,28.627,28.627,0.0,367.78760000000005,3,12.8476,8.0531
2021-08-08,1011010402,水生根茎类,24.273,24.273,0.0,272.2204,3,11.2149,7.6865
2021-08-10,1011010402,水生根茎类,24.532,24.532,0.0,273.6644,3,11.1554,7.1266
2021-09-09,1011010402,水生根茎类,39.028,39.028,0.0,329.06399999999996,3,8.4315,5.425
2021-09-10,1011010402,水生根茎类,43.851,43.851,0.0,301.728,3,6.8808,5.2789
2021-09-11,1011010402,水生根茎类,67.532,67.532,0.0,462.312,3,6.8458,5.0924
2021-09-12,1011010402,水生根茎类,57.208,57.208,0.0,381.13800000000003,3,6.6623,4.9517
2021-09-14,1011010402,水生根茎类,41.431000000000004,41.431000000000004,0.0,282.21,3,6.8116,5.0777
2021-09-15,1011010402,水生根茎类,32.841,32.841,0.0,244.22999999999996,3,7.4367,5.1829
2021-09-16,1011010402,水生根茎类,35.964999999999996,35.964999999999996,0.0,263.6766,3,7.3315,5.1173
2021-09-17,1011010402,水生根茎类,31.276,31.276,0.0,224.4552,3,7.1766,5.0101
2021-09-18,1011010402,水生根茎类,34.827,34.827,0.0,252.54719999999998,3,7.2515,5.0577
2021-09-19,1011010402,水生根茎类,93.77,93.77,0.0,743.4048,3,7.928,5.543
2021-09-20,1011010402,水生根茎类,94.882,94.882,0.0,730.5018,3,7.6991,5.3809
2021-09-21,1011010402,水生根茎类,93.256,94.155,0.899,666.5279999999999,3,7.1421,4.9818
2021-09-22,1011010402,水生根茎类,29.817999999999998,30.22,0.402,223.80720000000002,3,7.4991,5.0207
2021-09-23,1011010402,水生根茎类,19.216,19.216,0.0,157.132,3,8.1771,5.4917
2021-09-24,1011010402,水生根茎类,32.314,32.314,0.0,249.05200000000002,3,7.7072,5.3247
2021-09-29,1011010402,水生根茎类,39.563,39.563,0.0,280.5474,3,7.0912,4.8072
2021-10-01,1011010402,水生根茎类,69.809,69.809,0.0,474.54699999999997,3,6.7978,4.7015
2021-10-04,1011010402,水生根茎类,39.501,40.08,0.579,273.6636,3,6.9233,4.7318
2021-10-08,1011010402,水生根茎类,49.695,49.695,0.0,373.4844,3,7.5155,5.2861
2021-10-09,1011010402,水生根茎类,41.198,41.198,0.0,281.7924,3,6.84,4.745
2021-10-15,1011010402,水生根茎类,65.659,65.659,0.0,417.6166,3,6.3604,4.7281
2021-10-16,1011010402,水生根茎类,54.821,54.821,0.0,364.202,3,6.6434,4.8368
2021-10-17,1011010402,水生根茎类,56.019999999999996,56.019999999999996,0.0,356.4936,3,6.3637,4.697
2021-10-19,1011010402,水生根茎类,42.738,42.738,0.0,266.195,3,6.2285,4.6788
2021-10-23,1011010402,水生根茎类,61.274,61.274,0.0,386.3062,3,6.3046,4.7031
2021-11-08,1011010402,水生根茎类,58.811,58.811,0.0,378.6288,3,6.4381,4.9435
2021-11-11,1011010402,水生根茎类,35.903,35.903,0.0,260.621,3,7.259,4.8797
2021-11-13,1011010402,水生根茎类,55.708,55.708,0.0,411.5256,3,7.3872,5.0035
2021-11-14,1011010402,水生根茎类,53.001,53.547,0.546,379.9814,3,7.1676,4.9054
2021-11-24,1011010402,水生根茎类,33.315,33.315,0.0,245.482,3,7.3685,5.211
2021-11-25,1011010402,水生根茎类,30.299,30.299,0.0,188.011,3,6.2052,4.7677
2021-11-26,1011010402,水生根茎类,41.233999999999995,41.233999999999995,0.0,277.963,3,6.7411,5.0717
2021-11-27,1011010402,水生根茎类,58.68,58.68,0.0,368.21,3,6.2749,4.854
2021-11-28,1011010402,水生根茎类,49.546,49.546,0.0,306.00800000000004,3,6.1763,4.7551
2021-12-01,1011010402,水生根茎类,30.015,30.015,0.0,223.813,3,7.4567,4.9807
2021-12-02,1011010402,水生根茎类,25.404,25.404,0.0,174.34,3,6.8627,4.5184
2021-12-03,1011010402,水生根茎类,18.925,18.925,0.0,117.278,3,6.197,4.8561
2021-12-18,1011010402,水生根茎类,70.551,70.551,0.0,380.264,3,5.3899,4.3165
2022-01-09,1011010402,水生根茎类,59.741,59.741,0.0,393.546,3,6.5875,5.0955
2022-01-12,1011010402,水生根茎类,41.626000000000005,41.626000000000005,0.0,292.656,3,7.0306,5.3173
2022-01-14,1011010402,水生根茎类,48.285000000000004,48.285000000000004,0.0,340.41,3,7.05,5.3856
2022-01-15,1011010402,水生根茎类,56.825,56.825,0.0,376.05,3,6.6177,5.1374
2022-01-16,1011010402,水生根茎类,52.794,52.794,0.0,344.064,3,6.5171,4.9761
2022-01-17,1011010402,水生根茎类,42.312,42.312,0.0,257.772,3,6.0922,4.8282
2022-01-27,1011010402,水生根茎类,95.025,95.025,0.0,1118.58,3,11.7714,8.7622
2022-01-28,1011010402,水生根茎类,197.934,197.934,0.0,2192.236,3,11.0756,7.9426
2022-01-29,1011010402,水生根茎类,200.905,200.905,0.0,2262.968,3,11.2639,7.913
2022-01-30,1011010402,水生根茎类,234.678,234.678,0.0,2746.652,3,11.7039,7.9866
2022-02-01,1011010402,水生根茎类,38.25,38.25,0.0,458.31500000000005,3,11.9821,7.8581
2022-02-05,1011010402,水生根茎类,2.203,2.203,0.0,21.456000000000003,3,9.7394,6.479
2022-02-12,1011010402,水生根茎类,58.417,58.417,0.0,482.536,3,8.2602,5.6591
2022-02-15,1011010402,水生根茎类,50.086999999999996,50.086999999999996,0.0,399.596,3,7.978,5.1665
2022-02-16,1011010402,水生根茎类,25.240000000000002,25.240000000000002,0.0,199.72000000000003,3,7.9128,5.0996
2022-02-17,1011010402,水生根茎类,38.54,38.54,0.0,299.02,3,7.7587,5.0898
2022-03-25,1011010402,水生根茎类,43.221,43.221,0.0,388.1536,3,8.9807,5.7342
2022-03-26,1011010402,水生根茎类,43.227,43.227,0.0,375.49920000000003,3,8.6867,5.5726
2022-03-28,1011010402,水生根茎类,19.777,19.777,0.0,193.80800000000002,3,9.7997,6.259
2022-03-29,1011010402,水生根茎类,18.541,18.541,0.0,158.6928,3,8.559,5.549
2022-03-30,1011010402,水生根茎类,27.389000000000003,27.389000000000003,0.0,232.472,3,8.4878,5.4085
2022-03-31,1011010402,水生根茎类,30.993000000000002,30.993000000000002,0.0,287.216,3,9.2671,6.0909
2022-04-02,1011010402,水生根茎类,34.452,34.452,0.0,305.248,3,8.8601,5.7249
2022-04-19,1011010402,水生根茎类,5.106,5.106,0.0,60.257400000000004,3,11.8013,8.0988
2022-04-23,1011010402,水生根茎类,9.767,9.767,0.0,98.4694,3,10.0819,6.8858
2022-05-01,1011010402,水生根茎类,10.863,10.863,0.0,150.2738,3,13.8335,9.1713
