20260666C/代码与数据/processed/daily_category.csv
date,cat_code,cat_name,qty_net,qty_sold,qty_returned,revenue_net,n_items,avg_retail_price,avg_wholesale_price
2022-05-05,1011010402,水生根茎类,1.193,1.193,0.0,13.7306,3,11.5093,8.2368
2022-05-06,1011010402,水生根茎类,3.42,3.42,0.0,37.1198,3,10.8537,7.3497
2022-05-07,1011010402,水生根茎类,4.66,4.66,0.0,47.6844,3,10.2327,6.6294
2022-05-08,1011010402,水生根茎类,4.476,4.476,0.0,48.5658,3,10.8503,6.8658
2022-05-09,1011010402,水生根茎类,3.538,3.538,0.0,43.7094,3,12.3543,8.6241
2022-05-11,1011010402,水生根茎类,2.043,2.043,0.0,67.62060000000001,3,33.0987,29.3796
2022-05-13,1011010402,水生根茎类,2.792,2.792,0.0,65.25,3,23.3703,13.1946
2022-05-15,1011010402,水生根茎类,6.072000000000001,6.072000000000001,0.0,66.1178,3,10.889,7.6497
2022-05-20,1011010402,水生根茎类,3.575,3.575,0.0,59.695800000000006,3,16.6981,10.6673
2022-05-22,1011010402,水生根茎类,4.885,4.885,0.0,90.7902,3,18.5855,11.9869
2022-05-24,1011010402,水生根茎类,3.3609999999999998,3.3609999999999998,0.0,56.927600000000005,3,16.9377,11.2179
2022-05-25,1011010402,水生根茎类,4.619,4.619,0.0,72.3124,3,15.6554,9.9278
2022-05-26,1011010402,水生根茎类,4.438,4.438,0.0,86.1748,3,19.4175,13.1472
2022-05-29,1011010402,水生根茎类,7.4399999999999995,7.4399999999999995,0.0,118.64240000000001,3,15.9466,12.0642
2022-05-31,1011010402,水生根茎类,6.611000000000001,6.611000000000001,0.0,138.6908,3,20.9788,15.0747
2022-06-01,1011010402,水生根茎类,5.084,5.084,0.0,117.65719999999999,3,23.1426,16.4942
2022-06-04,1011010402,水生根茎类,5.135,5.135,0.0,109.0052,3,21.2279,14.796
2022-06-06,1011010402,水生根茎类,5.253,5.253,0.0,92.51639999999999,3,17.6121,11.7232
2022-07-02,1011010402,水生根茎类,28.667,28.667,0.0,552.19,3,19.2622,12.4039
2022-07-12,1011010402,水生根茎类,29.78,29.78,0.0,373.924,3,12.5562,8.3561
2022-07-13,1011010402,水生根茎类,31.994999999999997,31.994999999999997,0.0,450.9908,3,14.0957,9.3612
2022-07-14,1011010402,水生根茎类,12.376,12.376,0.0,145.75,3,11.7768,7.892
2022-08-26,1011010402,水生根茎类,48.72,48.72,0.0,314.4676,3,6.4546,4.812
2022-08-29,1011010402,水生根茎类,59.775,59.775,0.0,388.78000000000003,3,6.5041,4.7062
2022-09-02,1011010402,水生根茎类,53.186,53.186,0.0,480.4069,3,9.0326,6.655
2022-09-03,1011010402,水生根茎类,88.589,88.589,0.0,776.556,3,8.7658,6.4018
2022-09-19,1011010402,水生根茎类,9.274000000000001,9.274000000000001,0.0,83.83,3,9.0392,6.9159
2022-09-20,1011010402,水生根茎类,14.946000000000002,14.946000000000002,0.0,138.0888,3,9.2392,6.7708
2022-09-21,1011010402,水生根茎类,18.429000000000002,18.429000000000002,0.0,250.3084,3,13.5823,9.1963
2022-09-22,1011010402,水生根茎类,20.182000000000002,20.182000000000002,0.0,215.60680000000002,3,10.6831,7.299
2022-09-23,1011010402,水生根茎类,30.662,30.662,0.0,292.5312,3,9.5405,6.8017
2022-09-25,1011010402,水生根茎类,14.038,14.038,0.0,213.43210000000002,3,15.2039,7.8247
2022-09-28,1011010402,水生根茎类,62.641000000000005,62.641000000000005,0.0,442.73380000000003,3,7.0678,5.177
2022-10-01,1011010402,水生根茎类,102.731,102.731,0.0,766.3892000000001,3,7.4602,5.4696
2022-10-03,1011010402,水生根茎类,93.09,93.09,0.0,730.5584,3,7.8479,5.7752
2022-10-05,1011010402,水生根茎类,118.42099999999999,118.42099999999999,0.0,979.7786,3,8.2737,5.5219
2022-10-10,1011010402,水生根茎类,46.834,46.834,0.0,351.5464,3,7.5062,5.1127
2022-10-11,1011010402,水生根茎类,51.596000000000004,51.596000000000004,0.0,357.0864,3,6.9208,4.7541
2022-10-15,1011010402,水生根茎类,101.798,101.798,0.0,701.7256,3,6.8933,4.8256
2022-10-16,1011010402,水生根茎类,86.333,86.333,0.0,574.4729,3,6.6542,4.5906
2022-10-17,1011010402,水生根茎类,38.615,38.615,0.0,301.3024,3,7.8027,5.3264
2022-10-18,1011010402,水生根茎类,41.022,41.022,0.0,298.442,3,7.2752,5.0738
2022-10-21,1011010402,水生根茎类,97.068,98.057,0.989,897.8448,3,9.2128,5.6604
2022-10-22,1011010402,水生根茎类,77.747,77.747,0.0,525.8072,3,6.763,5.0485
2022-10-24,1011010402,水生根茎类,37.236,37.236,0.0,262.4278,3,7.0477,4.7352
2022-10-25,1011010402,水生根茎类,36.981,36.981,0.0,305.911,3,8.2721,5.3044
2022-10-26,1011010402,水生根茎类,35.475,35.475,0.0,270.058,3,7.6126,5.391
2022-10-27,1011010402,水生根茎类,35.991,35.991,0.0,283.948,3,7.8894,5.0769
2022-10-28,1011010402,水生根茎类,63.12,63.12,0.0,507.12559999999996,3,8.0343,5.5356
2022-10-29,1011010402,水生根茎类,98.462,98.462,0.0,748.094,3,7.5978,5.2072
2022-10-30,1011010402,水生根茎类,67.588,67.588,0.0,478.598,3,7.0811,4.9711
2022-10-31,1011010402,水生根茎类,32.213,32.213,0.0,214.72480000000002,3,6.6658,4.5353
2022-11-01,1011010402,水生根茎类,29.485,29.485,0.0,232.3244,3,7.8794,5.5462
2022-11-05,1011010402,水生根茎类,74.21600000000001,74.21600000000001,0.0,578.5548,3,7.7956,5.1122
2022-11-06,1011010402,水生根茎类,60.306000000000004,60.306000000000004,0.0,400.99440000000004,3,6.6493,4.6482
2022-11-07,1011010402,水生根茎类,22.799,22.799,0.0,174.5904,3,7.6578,4.8286
2022-11-08,1011010402,水生根茎类,31.054000000000002,31.054000000000002,0.0,264.9056,3,8.5305,5.3062
2022-11-09,1011010402,水生根茎类,21.313000000000002,21.313000000000002,0.0,166.51600000000002,3,7.8129,4.8639
2022-11-10,1011010402,水生根茎类,17.046,17.046,0.0,145.102,3,8.5124,5.787
2022-11-11,1011010402,水生根茎类,40.363,40.363,0.0,351.49080000000004,3,8.7083,5.5135
2022-11-12,1011010402,水生根茎类,73.358,73.358,0.0,550.7916,3,7.5083,4.9924
2022-11-13,1011010402,水生根茎类,54.61600000000001,54.61600000000001,0.0,393.779,3,7.21,4.6657
2022-11-14,1011010402,水生根茎类,27.892999999999997,27.892999999999997,0.0,202.149,3,7.2473,5.0914
2022-11-15,1011010402,水生根茎类,31.82,31.82,0.0,260.60240000000005,3,8.1899,5.3144
2022-11-16,1011010402,水生根茎类,17.224,17.224,0.0,136.70520000000002,3,7.9369,5.2228
2022-11-20,1011010402,水生根茎类,65.057,67.057,2.0,553.3826,3,8.5745,5.5628
2022-11-22,1011010402,水生根茎类,30.541,30.541,0.0,206.69359999999998,3,6.7677,4.5582
2022-11-23,1011010402,水生根茎类,50.24,50.24,0.0,405.128,3,8.0639,5.114
2022-11-24,1011010402,水生根茎类,29.738,29.738,0.0,196.0608,3,6.5929,4.1469
2022-11-25,1011010402,水生根茎类,62.003,62.003,0.0,486.3288,3,7.8436,4.5781
2022-11-26,1011010402,水生根茎类,37.043,37.043,0.0,331.8968,3,8.9598,5.0959
2022-12-09,1011010402,水生根茎类,30.039,30.039,0.0,227.5038,3,7.5736,5.4634
2022-12-11,1011010402,水生根茎类,63.385,63.385,0.0,498.61740000000003,3,7.8665,5.1792
2022-12-15,1011010402,水生根茎类,60.995999999999995,60.995999999999995,0.0,374.2204,3,6.1352,4.593
2022-12-16,1011010402,水生根茎类,59.198,59.198,0.0,337.3272,3,5.6983,4.1401
2022-12-17,1011010402,水生根茎类,97.791,97.791,0.0,735.7080000000001,3,7.5233,5.0317
2020-07-15,1011010101,花叶类,217.442,218.094,0.652,1478.0207,12,6.7949,4.0888
2020-07-19,1011010101,花叶类,319.791,321.164,1.373,2296.4243,12,7.1844,4.444
2020-07-20,1011010101,花叶类,204.99699999999999,204.99699999999999,0.0,1412.958,12,6.8926,4.1532
2020-07-27,1011010101,花叶类,198.00900000000001,198.00900000000001,0.0,1568.9211,12,7.9235,4.6031
2020-07-29,1011010101,花叶类,193.72899999999998,193.72899999999998,0.0,1516.066,12,7.8257,4.6647
2020-08-30,1011010101,花叶类,266.387,266.387,0.0,2080.0218,12,7.8083,4.6402
2020-09-01,1011010101,花叶类,190.627,191.655,1.028,1436.6490000000001,12,7.5389,4.7006
2021-01-12,1011010101,花叶类,173.449,173.449,0.0,741.7302,12,4.2764,2.7309
2022-02-01,1011010101,花叶类,63.003,63.003,0.0,596.783,12,9.4723,5.1753
2022-02-03,1011010101,花叶类,116.536,116.536,0.0,705.078,12,6.0503,3.7483
2022-06-02,1011010101,花叶类,112.624,112.624,0.0,503.80740000000003,12,4.4734,2.6532
2022-06-06,1011010101,花叶类,104.547,104.547,0.0,505.5236,12,4.8354,2.751
2022-06-10,1011010101,花叶类,115.09299999999999,115.09299999999999,0.0,464.61080000000004,12,4.0368,2.2529
2022-06-23,1011010101,花叶类,84.617,84.617,0.0,382.3718,12,4.5189,2.7117
2020-07-24,1011010101,花叶类,176.325,176.325,0.0,1340.1698999999999,11,7.6006,4.5456
2020-07-30,1011010101,花叶类,201.743,201.743,0.0,1575.9332,11,7.8116,4.6149
2021-02-27,1011010101,花叶类,218.04000000000002,218.04000000000002,0.0,1185.838,11,5.4386,3.2729
2022-05-11,1011010101,花叶类,86.213,86.213,0.0,550.5192000000001,11,6.3856,3.7544
2022-05-12,1011010101,花叶类,79.619,79.619,0.0,551.1759999999999,11,6.9227,4.1116
2022-11-29,1011010101,花叶类,31.298000000000002,31.298000000000002,0.0,92.7414,11,2.9632,1.2052
2022-12-04,1011010101,花叶类,99.399,99.399,0.0,315.7424,11,3.1765,1.5186
2022-12-05,1011010101,花叶类,170.093,170.093,0.0,558.7842,11,3.2852,1.5811
2020-07-27,1011010801,食用菌,52.777,52.777,0.0,654.2723000000001,8,12.3969,7.2208
2020-07-28,1011010801,食用菌,47.728,47.728,0.0,550.9985,8,11.5446,6.682
2020-08-02,1011010801,食用菌,54.961,54.961,0.0,617.6406000000001,8,11.2378,6.4323
2020-08-03,1011010801,食用菌,48.575,48.575,0.0,600.7601999999999,8,12.3677,7.2983
2020-08-06,1011010801,食用菌,48.611000000000004,48.611000000000004,0.0,596.5882,8,12.2727,7.2371
2020-08-18,1011010801,食用菌,45.716,45.716,0.0,523.6236,8,11.4538,6.643
2020-08-23,1011010801,食用菌,55.226,55.226,0.0,665.1796,8,12.0447,7.4108
2021-02-13,1011010801,食用菌,74.519,74.519,0.0,923.1536000000001,8,12.3882,8.0025
2021-04-06,1011010801,食用菌,11.671,11.671,0.0,124.30000000000001,8,10.6503,6.6727
2021-04-09,1011010801,食用菌,31.401,31.401,0.0,323.211,8,10.293,6.4374
2021-05-04,1011010801,食用菌,42.643,42.643,0.0,398.7894,8,9.3518,5.9613
2021-05-06,1011010801,食用菌,30.192,30.192,0.0,316.356,8,10.4781,6.4732
2021-05-10,1011010801,食用菌,26.427,26.427,0.0,243.216,8,9.2033,5.8604
2021-05-14,1011010801,食用菌,29.278,29.278,0.0,329.4322,8,11.2519,7.0511
2021-05-18,1011010801,食用菌,29.45,29.45,0.0,304.22999999999996,8,10.3304,6.601
2021-06-08,1011010801,食用菌,28.108,28.108,0.0,312.7006,8,11.125,7.5874
2021-06-13,1011010801,食用菌,74.602,74.602,0.0,921.3625999999999,8,12.3504,8.6033
2021-06-25,1011010801,食用菌,32.537,32.537,0.0,365.6764,8,11.2388,7.4413
2021-07-13,1011010801,食用菌,18.59,18.59,0.0,189.124,8,10.1734,5.8462
2021-07-22,1011010801,食用菌,31.031,31.031,0.0,311.7148,8,10.0453,6.112
2021-08-01,1011010801,食用菌,42.984,42.984,0.0,512.6758,8,11.9271,7.333
2021-08-22,1011010801,食用菌,60.822,60.822,0.0,960.0758000000001,8,15.785,9.9122
2021-09-13,1011010801,食用菌,31.415,31.415,0.0,452.75780000000003,8,14.4122,8.5719
2021-09-25,1011010801,食用菌,38.452,38.452,0.0,381.61400000000003,8,9.9244,5.8736
2022-01-05,1011010801,食用菌,40.437,40.437,0.0,353.70599999999996,8,8.7471,6.7996
2022-01-15,1011010801,食用菌,49.827,49.827,0.0,259.886,8,5.2158,3.3365
2022-01-16,1011010801,食用菌,55.987,55.987,0.0,303.81,8,5.4264,3.6922
2022-01-19,1011010801,食用菌,72.068,72.068,0.0,546.156,8,7.5783,4.6547
2022-01-22,1011010801,食用菌,97.333,97.639,0.306,805.306,8,8.3042,5.4685
2022-01-26,1011010801,食用菌,87.094,87.094,0.0,866.1840000000001,8,9.9454,6.2868
2022-01-27,1011010801,食用菌,66.621,66.621,0.0,678.1152,8,10.1787,6.3397
2022-01-30,1011010801,食用菌,153.261,153.261,0.0,1925.8152000000002,8,12.5656,7.5247
2022-02-01,1011010801,食用菌,46.534,46.534,0.0,423.7264,8,9.1057,5.4859
2022-02-11,1011010801,食用菌,44.35,44.35,0.0,309.1,8,6.9696,4.9906
2022-02-12,1011010801,食用菌,44.628,44.628,0.0,306.904,8,6.8769,4.4702
2022-02-14,1011010801,食用菌,43.618,43.618,0.0,351.324,8,8.0546,5.0535
2022-02-15,1011010801,食用菌,54.996,54.996,0.0,390.528,8,7.101,4.4862
2022-02-16,1011010801,食用菌,19.235,19.235,0.0,148.83,8,7.7375,4.8746
2022-03-16,1011010801,食用菌,17.088,17.088,0.0,200.9266,8,11.7584,7.0688
2022-03-21,1011010801,食用菌,28.073999999999998,28.073999999999998,0.0,291.55280000000005,8,10.3852,6.0101
2022-03-25,1011010801,食用菌,43.386,43.386,0.0,286.6091,8,6.606,3.5034
2022-03-27,1011010801,食用菌,24.078,24.078,0.0,249.3194,8,10.3547,5.9386
2022-03-29,1011010801,食用菌,26.983,26.983,0.0,249.10780000000003,8,9.232,5.228
2022-04-09,1011010801,食用菌,35.619,35.619,0.0,262.226,8,7.362,4.3827
2022-04-16,1011010801,食用菌,28.104,28.104,0.0,351.47580000000005,8,12.5063,7.8312
2022-04-23,1011010801,食用菌,27.473,27.473,0.0,278.8754,8,10.1509,6.2872
2022-04-25,1011010801,食用菌,28.121000000000002,28.121000000000002,0.0,226.27519999999998,8,8.0465,4.9498
2022-04-28,1011010801,食用菌,16.357,16.357,0.0,185.0972,8,11.3161,6.8306
2022-04-29,1011010801,食用菌,24.064,24.064,0.0,338.698,8,14.0749,8.7296
2022-07-19,1011010801,食用菌,44.352000000000004,44.352000000000004,0.0,351.2316,8,7.9192,5.7918
2022-07-21,1011010801,食用菌,43.486,43.486,0.0,309.255,8,7.1116,4.6044
2022-07-23,1011010801,食用菌,101.743,101.743,0.0,541.6182,8,5.3234,3.7379
2022-08-01,1011010801,食用菌,36.451,36.451,0.0,319.6856,8,8.7703,5.2817
2022-08-06,1011010801,食用菌,91.924,91.924,0.0,631.4444,8,6.8692,4.5653
2022-08-07,1011010801,食用菌,105.113,105.113,0.0,542.7066,8,5.1631,3.4462
2022-08-09,1011010801,食用菌,77.1,77.1,0.0,450.9094,8,5.8484,3.9326
2022-08-17,1011010801,食用菌,66.376,66.376,0.0,507.66470000000004,8,7.6483,5.266
2022-08-18,1011010801,食用菌,84.219,84.219,0.0,529.5474,8,6.2877,4.0767
2022-08-25,1011010801,食用菌,41.528,42.528,1.0,357.7777,8,8.528,5.3343
2022-08-28,1011010801,食用菌,71.953,71.953,0.0,503.7946,8,7.0017,4.6248
2022-09-04,1011010801,食用菌,87.775,87.775,0.0,828.5616,8,9.4396,6.4023
2022-09-07,1011010801,食用菌,44.356,44.356,0.0,458.3575,8,10.3336,7.667
2022-09-08,1011010801,食用菌,62.072,62.072,0.0,532.6012,8,8.5804,6.5344
2022-09-09,1011010801,食用菌,103.568,106.775,3.207,903.4892,8,8.6111,6.1835
2022-09-18,1011010801,食用菌,80.37299999999999,80.37299999999999,0.0,920.1772,8,11.4488,6.7497
2022-09-22,1011010801,食用菌,50.943,50.943,0.0,521.3978,8,10.2349,6.0843
2022-09-23,1011010801,食用菌,87.179,87.179,0.0,689.4262,8,7.9081,5.1343
2022-09-25,1011010801,食用菌,118.404,118.404,0.0,1031.2088,8,8.7092,5.5795
2022-09-28,1011010801,食用菌,53.384,53.384,0.0,457.2556,8,8.5654,5.2269
2022-09-29,1011010801,食用菌,44.333,44.333,0.0,333.297,8,7.5181,4.7856
2022-10-04,1011010801,食用菌,117.054,117.054,0.0,1032.6342,8,8.8219,5.3774
2022-10-13,1011010801,食用菌,70.04599999999999,70.04599999999999,0.0,501.59540000000004,8,7.1609,4.2172
2022-10-14,1011010801,食用菌,65.57900000000001,65.57900000000001,0.0,407.41499999999996,8,6.2126,3.9409
2022-10-17,1011010801,食用菌,104.537,104.537,0.0,652.3430000000001,8,6.2403,4.1932
2022-10-19,1011010801,食用菌,105.856,105.856,0.0,633.4079999999999,8,5.9837,3.5948
2022-10-20,1011010801,食用菌,88.041,88.041,0.0,546.431,8,6.2066,3.8004
2022-10-22,1011010801,食用菌,157.648,157.648,0.0,1218.338,8,7.7282,4.7143
2022-10-28,1011010801,食用菌,164.567,164.567,0.0,814.6379999999999,8,4.9502,3.4193
2022-10-30,1011010801,食用菌,197.429,197.429,0.0,1053.016,8,5.3336,3.463
2022-10-31,1011010801,食用菌,60.844,61.844,1.0,354.714,8,5.8617,3.8541
2022-11-03,1011010801,食用菌,120.85499999999999,120.85499999999999,0.0,705.783,8,5.8399,3.9244
2022-11-06,1011010801,食用菌,165.482,165.482,0.0,951.641,8,5.7507,3.7707
2022-11-08,1011010801,食用菌,82.087,82.087,0.0,470.8135,8,5.7355,3.7399
2022-11-10,1011010801,食用菌,74.627,74.627,0.0,312.931,8,4.1933,2.4626
2022-11-11,1011010801,食用菌,163.552,163.552,0.0,725.108,8,4.4335,2.7157
2022-11-13,1011010801,食用菌,206.762,206.762,0.0,1152.246,8,5.5728,3.0654
2022-11-14,1011010801,食用菌,99.074,99.074,0.0,537.8620000000001,8,5.4289,3.1074
2022-11-16,1011010801,食用菌,92.695,92.695,0.0,546.785,8,5.8988,3.4453
2022-11-20,1011010801,食用菌,156.828,156.828,0.0,807.4549999999999,8,5.1487,3.0203
2022-11-22,1011010801,食用菌,36.489000000000004,36.489000000000004,0.0,219.577,8,6.0176,3.2339
