20260666C/代码与数据/processed/daily_category.csv
date,cat_code,cat_name,qty_net,qty_sold,qty_returned,revenue_net,n_items,avg_retail_price,avg_wholesale_price
2020-08-01,1011010504,辣椒类,66.15599999999999,66.15599999999999,0.0,693.1243000000001,11,10.4771,6.8157
2020-08-02,1011010504,辣椒类,67.963,67.963,0.0,661.0504,11,9.7266,6.3783
2020-08-03,1011010504,辣椒类,86.474,86.474,0.0,854.4544000000001,11,9.8811,6.1179
2020-08-06,1011010504,辣椒类,74.047,74.047,0.0,731.4874,11,9.8787,6.3189
2020-09-12,1011010504,辣椒类,74.51,74.51,0.0,801.8314,11,10.7614,6.7536
2020-09-13,1011010504,辣椒类,83.723,83.723,0.0,890.1392,11,10.632,7.1199
2021-01-30,1011010504,辣椒类,91.796,91.796,0.0,1691.7538000000002,11,18.4295,12.1384
2021-02-13,1011010504,辣椒类,104.485,104.485,0.0,2624.4228000000003,11,25.1177,14.8429
2021-02-14,1011010504,辣椒类,116.812,116.812,0.0,2878.0942,11,24.6387,15.5207
2021-03-01,1011010504,辣椒类,97.068,97.068,0.0,809.952,11,8.3442,5.2169
2021-07-03,1011010504,辣椒类,73.552,73.552,0.0,481.92699999999996,11,6.5522,3.9488
2021-07-04,1011010504,辣椒类,57.583,57.583,0.0,393.914,11,6.8408,4.1424
2021-07-08,1011010504,辣椒类,44.995,44.995,0.0,317.628,11,7.0592,3.9235
2021-07-09,1011010504,辣椒类,34.612,34.612,0.0,268.3076,11,7.7519,4.0555
2021-07-16,1011010504,辣椒类,57.948,57.948,0.0,425.103,11,7.3359,4.7211
2021-07-18,1011010504,辣椒类,67.134,67.134,0.0,505.16300000000007,11,7.5247,4.2383
2021-07-20,1011010504,辣椒类,40.886,40.886,0.0,299.178,11,7.3174,4.6094
2021-07-23,1011010504,辣椒类,45.059999999999995,45.059999999999995,0.0,314.498,11,6.9795,4.5811
2021-07-28,1011010504,辣椒类,63.485,63.485,0.0,447.5016,11,7.0489,4.394
2021-07-31,1011010504,辣椒类,57.01499999999999,57.01499999999999,0.0,478.348,11,8.3899,4.8673
2021-08-02,1011010504,辣椒类,79.129,79.129,0.0,627.0964,11,7.925,5.1287
2021-08-04,1011010504,辣椒类,89.04,89.04,0.0,728.7744,11,8.1848,5.0605
2021-08-06,1011010504,辣椒类,51.048,51.048,0.0,389.19599999999997,11,7.6241,4.7277
2021-08-12,1011010504,辣椒类,83.793,83.793,0.0,583.412,11,6.9625,4.0844
2021-08-26,1011010504,辣椒类,61.124,61.124,0.0,359.49,11,5.8813,3.5518
2021-08-28,1011010504,辣椒类,75.85000000000001,75.85000000000001,0.0,440.058,11,5.8017,3.7171
2021-08-29,1011010504,辣椒类,81.325,81.325,0.0,427.007,11,5.2506,3.5726
2021-09-01,1011010504,辣椒类,44.769,44.769,0.0,325.5798,11,7.2724,4.6217
2021-09-02,1011010504,辣椒类,44.128,44.128,0.0,348.296,11,7.8929,4.9409
2021-09-09,1011010504,辣椒类,39.957,39.957,0.0,402.971,11,10.0851,6.4005
2021-09-11,1011010504,辣椒类,53.879999999999995,53.879999999999995,0.0,529.982,11,9.8363,6.7655
2021-09-19,1011010504,辣椒类,75.51100000000001,75.51100000000001,0.0,745.4878,11,9.8726,6.5295
2021-09-20,1011010504,辣椒类,88.257,88.648,0.391,864.8224,11,9.7954,6.1465
2021-09-28,1011010504,辣椒类,34.777,34.777,0.0,308.0652,11,8.8583,5.8494
2021-09-29,1011010504,辣椒类,50.474,50.474,0.0,379.30060000000003,11,7.5148,5.7072
2022-01-16,1011010504,辣椒类,87.336,88.336,1.0,729.2986,11,8.3341,5.2071
2022-01-22,1011010504,辣椒类,103.68,103.68,0.0,1249.931,11,12.0557,5.6912
2022-01-23,1011010504,辣椒类,124.431,124.431,0.0,1472.4866,11,11.8338,7.1664
2022-01-26,1011010504,辣椒类,93.362,93.362,0.0,1397.9538,11,14.9735,10.2689
2022-02-04,1011010504,辣椒类,168.229,168.229,0.0,2445.1094,11,14.5344,11.1883
2022-04-26,1011010504,辣椒类,61.327999999999996,61.327999999999996,0.0,482.3944,11,7.8658,5.1281
2022-07-02,1011010504,辣椒类,55.999,55.999,0.0,582.9486,11,10.41,6.9668
2022-07-07,1011010504,辣椒类,39.874,39.874,0.0,488.0754,11,12.2404,7.9186
2022-07-25,1011010504,辣椒类,66.762,66.762,0.0,319.56,11,4.7866,2.2654
2022-08-11,1011010504,辣椒类,159.507,159.507,0.0,520.0075,11,3.2601,2.1268
2022-08-20,1011010504,辣椒类,209.291,209.291,0.0,971.5183,11,4.6419,2.4734
2022-09-11,1011010504,辣椒类,83.984,83.984,0.0,644.0862999999999,11,7.6692,4.7802
2022-09-12,1011010504,辣椒类,145.6,145.6,0.0,910.0822000000001,11,6.2506,3.8003
2022-09-13,1011010504,辣椒类,104.849,104.849,0.0,705.4876,11,6.7286,3.7078
2022-09-15,1011010504,辣椒类,66.529,66.529,0.0,359.5448,11,5.4043,3.2902
2022-09-19,1011010504,辣椒类,45.683,45.683,0.0,210.7014,11,4.6122,2.3483
2022-09-20,1011010504,辣椒类,67.862,67.862,0.0,341.1082,11,5.0265,2.6851
2022-09-21,1011010504,辣椒类,86.458,86.458,0.0,518.1682000000001,11,5.9933,3.506
2022-09-27,1011010504,辣椒类,63.594,63.594,0.0,408.798,11,6.4282,3.9596
2022-09-30,1011010504,辣椒类,107.477,107.477,0.0,631.245,11,5.8733,3.7108
2022-10-01,1011010504,辣椒类,169.374,169.374,0.0,1052.366,11,6.2133,3.881
2022-10-02,1011010504,辣椒类,178.918,178.918,0.0,1069.9759000000001,11,5.9802,3.0713
2022-10-15,1011010504,辣椒类,203.098,204.274,1.176,1146.4048,11,5.6632,3.3017
2022-10-21,1011010504,辣椒类,398.396,399.685,1.289,2559.3458,11,6.4179,3.872
2022-10-23,1011010504,辣椒类,138.434,138.434,0.0,812.8202,11,5.8715,3.127
2022-10-24,1011010504,辣椒类,73.345,73.345,0.0,375.7242,11,5.1227,2.9246
2022-10-27,1011010504,辣椒类,114.668,114.668,0.0,535.159,11,4.667,2.9892
2022-10-29,1011010504,辣椒类,166.48499999999999,167.48499999999999,1.0,804.9482,11,4.827,2.9897
2022-10-31,1011010504,辣椒类,83.714,83.714,0.0,411.55559999999997,11,4.9162,3.1718
2022-11-06,1011010504,辣椒类,135.245,135.245,0.0,584.8703,11,4.3245,2.6082
2022-11-07,1011010504,辣椒类,108.169,108.169,0.0,444.1212,11,4.1058,2.4835
2022-11-08,1011010504,辣椒类,77.122,77.122,0.0,357.4596,11,4.635,3.0042
2022-11-09,1011010504,辣椒类,75.307,75.307,0.0,313.0386,11,4.1568,2.5159
2022-11-10,1011010504,辣椒类,88.303,88.303,0.0,355.1883,11,4.0224,2.3699
2022-11-11,1011010504,辣椒类,130.22899999999998,130.22899999999998,0.0,530.9987,11,4.0774,2.2929
2022-11-12,1011010504,辣椒类,204.119,204.119,0.0,788.468,11,3.8628,1.9851
2022-11-14,1011010504,辣椒类,104.647,104.647,0.0,415.4957,11,3.9705,1.6744
2022-12-21,1011010504,辣椒类,137.998,137.998,0.0,492.69079999999997,11,3.5703,1.3943
2020-08-02,1011010101,花叶类,243.138,243.138,0.0,2089.567,17,8.5942,4.9797
2020-08-04,1011010101,花叶类,180.012,180.012,0.0,1328.5652,17,7.3804,4.2688
2020-08-06,1011010101,花叶类,234.77700000000002,234.77700000000002,0.0,1788.7844,17,7.6191,4.508
2020-08-07,1011010101,花叶类,204.941,204.941,0.0,1683.3442,17,8.2138,4.7476
2020-09-16,1011010101,花叶类,176.949,176.949,0.0,1141.97,17,6.4537,4.2061
2020-09-17,1011010101,花叶类,143.534,143.534,0.0,1054.4646,17,7.3464,4.0797
2020-09-18,1011010101,花叶类,154.388,154.388,0.0,1117.1474,17,7.236,4.0174
2020-09-24,1011010101,花叶类,162.861,162.861,0.0,1263.2616,17,7.7567,4.4813
2020-09-27,1011010101,花叶类,199.81300000000002,199.81300000000002,0.0,1507.6782,17,7.5454,4.357
2020-10-17,1011010101,花叶类,248.762,249.493,0.731,1753.454,17,7.0486,4.0999
2020-10-18,1011010101,花叶类,226.73499999999999,226.73499999999999,0.0,1616.49,17,7.1294,4.2151
2020-10-25,1011010101,花叶类,223.397,223.397,0.0,1410.5256,17,6.314,3.8768
2020-10-26,1011010101,花叶类,157.373,157.832,0.459,936.82,17,5.9559,3.5423
2020-10-27,1011010101,花叶类,154.566,154.566,0.0,842.1276,17,5.4483,3.3338
2020-10-28,1011010101,花叶类,167.542,167.542,0.0,954.701,17,5.6983,3.4774
2020-10-31,1011010101,花叶类,248.102,248.102,0.0,1393.8188,17,5.6179,3.4746
2020-11-09,1011010101,花叶类,144.911,144.911,0.0,691.2118,17,4.7699,2.7271
2020-11-15,1011010101,花叶类,227.231,227.231,0.0,1019.4928,17,4.4866,2.4937
2020-11-19,1011010101,花叶类,207.79999999999998,207.79999999999998,0.0,681.16,17,3.278,1.9936
2020-11-22,1011010101,花叶类,371.968,371.968,0.0,1141.9126,17,3.0699,1.8146
2020-11-23,1011010101,花叶类,294.311,294.311,0.0,1016.226,17,3.4529,1.9989
2020-11-27,1011010101,花叶类,225.596,225.596,0.0,670.4739999999999,17,2.972,1.7075
2020-11-29,1011010101,花叶类,287.707,287.707,0.0,814.801,17,2.8321,1.7722
2020-11-30,1011010101,花叶类,207.35299999999998,207.35299999999998,0.0,629.2276,17,3.0346,1.8222
2020-12-08,1011010101,花叶类,183.98,183.98,0.0,523.691,17,2.8465,1.8495
2020-12-11,1011010101,花叶类,212.51,212.51,0.0,555.6912,17,2.6149,1.7065
2020-12-12,1011010101,花叶类,269.619,269.619,0.0,761.357,17,2.8238,1.8599
2020-12-13,1011010101,花叶类,375.781,375.781,0.0,1015.5982,17,2.7026,1.7105
2020-12-18,1011010101,花叶类,150.625,151.08,0.455,564.775,17,3.7443,2.3991
2021-01-26,1011010101,花叶类,215.643,215.643,0.0,1146.6654,17,5.3174,3.4677
2021-02-02,1011010101,花叶类,193.791,193.791,0.0,923.6397999999999,17,4.7662,3.0123
2021-02-10,1011010101,花叶类,499.848,503.976,4.128,3628.338,17,7.224,3.9214
2021-02-20,1011010101,花叶类,175.262,175.262,0.0,1075.3956,17,6.1359,4.1867
2021-02-25,1011010101,花叶类,156.613,156.613,0.0,867.957,17,5.542,3.1286
2021-03-04,1011010101,花叶类,145.281,145.281,0.0,826.6526,17,5.69,3.7199
2021-03-30,1011010101,花叶类,130.803,130.803,0.0,925.849,17,7.0782,4.611
2021-04-12,1011010101,花叶类,148.371,148.371,0.0,944.04,17,6.3627,4.1098
2021-04-13,1011010101,花叶类,127.20700000000001,127.20700000000001,0.0,778.0074,17,6.1161,3.9744
2021-04-23,1011010101,花叶类,171.226,171.226,0.0,843.8276,17,4.9281,3.2239
2021-05-10,1011010101,花叶类,157.721,157.721,0.0,646.5558,17,4.0994,2.9083
2021-05-11,1011010101,花叶类,190.06,190.06,0.0,730.638,17,3.8443,2.565
2021-05-19,1011010101,花叶类,140.823,140.823,0.0,591.6644,17,4.2015,2.5064
2021-05-21,1011010101,花叶类,106.47200000000001,106.47200000000001,0.0,474.69460000000004,17,4.4584,2.5138
2021-05-24,1011010101,花叶类,148.83100000000002,148.83100000000002,0.0,785.9468,17,5.2808,3.2601
2021-05-28,1011010101,花叶类,123.824,123.824,0.0,586.6604,17,4.7379,3.0493
2021-05-30,1011010101,花叶类,196.236,196.236,0.0,987.7686,17,5.0336,3.1857
2021-06-01,1011010101,花叶类,151.091,151.091,0.0,773.1038,17,5.1168,3.4447
2021-06-06,1011010101,花叶类,222.817,222.817,0.0,1060.7738,17,4.7607,2.7837
2021-06-15,1011010101,花叶类,127.71900000000001,127.71900000000001,0.0,643.0562,17,5.0349,2.9912
2021-06-25,1011010101,花叶类,146.582,146.582,0.0,880.3358000000001,17,6.0058,3.644
2021-06-28,1011010101,花叶类,125.782,125.782,0.0,795.7592,17,6.3265,3.7668
2021-07-02,1011010101,花叶类,133.586,133.586,0.0,815.5383,17,6.105,3.5671
2021-07-09,1011010101,花叶类,114.96600000000001,114.96600000000001,0.0,726.2382,17,6.317,3.5967
2021-07-11,1011010101,花叶类,212.957,212.957,0.0,1285.536,17,6.0366,3.5628
2021-07-12,1011010101,花叶类,140.305,140.305,0.0,856.216,17,6.1025,3.7155
2021-07-15,1011010101,花叶类,141.75,141.75,0.0,852.9634,17,6.0174,3.6273
2021-07-17,1011010101,花叶类,223.655,223.655,0.0,1427.3442,17,6.3819,3.6049
2021-07-27,1011010101,花叶类,189.082,189.082,0.0,1108.737,17,5.8638,3.5102
2021-07-29,1011010101,花叶类,193.613,193.613,0.0,1300.9928,17,6.7196,4.123
2021-08-06,1011010101,花叶类,189.756,189.756,0.0,1238.855,17,6.5287,3.9515
2021-08-08,1011010101,花叶类,265.775,265.775,0.0,1856.5024,17,6.9852,4.1033
2021-08-09,1011010101,花叶类,234.344,234.344,0.0,1618.7516,17,6.9076,4.0293
2021-08-10,1011010101,花叶类,193.189,193.189,0.0,1428.8935999999999,17,7.3964,4.1971
2021-08-12,1011010101,花叶类,275.876,275.876,0.0,1809.879,17,6.5605,4.0053
2021-08-13,1011010101,花叶类,274.08,274.08,0.0,1892.1722,17,6.9037,4.2354
2021-08-14,1011010101,花叶类,281.13,281.13,0.0,1928.865,17,6.8611,4.1727
2021-08-18,1011010101,花叶类,185.59,185.59,0.0,1389.1288,17,7.4849,4.5823
2021-08-19,1011010101,花叶类,183.245,183.245,0.0,1427.83,17,7.7919,4.6984
2021-08-21,1011010101,花叶类,241.956,241.956,0.0,1808.9882,17,7.4765,4.5295
2021-08-24,1011010101,花叶类,168.012,168.012,0.0,1298.313,17,7.7275,4.5946
2021-08-26,1011010101,花叶类,255.505,255.505,0.0,1953.7194,17,7.6465,4.6908
2021-08-28,1011010101,花叶类,244.915,244.915,0.0,1784.108,17,7.2846,4.4446
2021-08-29,1011010101,花叶类,229.082,229.082,0.0,1771.7462,17,7.7341,4.8896
2021-08-30,1011010101,花叶类,178.587,178.587,0.0,1399.7246,17,7.8378,5.0085
2021-08-31,1011010101,花叶类,165.821,165.821,0.0,1290.6386,17,7.7833,4.9916
2021-09-08,1011010101,花叶类,161.268,161.268,0.0,1285.0652,17,7.9685,4.971
2021-09-28,1011010101,花叶类,104.01,104.01,0.0,796.8764,17,7.6615,4.5793
2021-10-01,1011010101,花叶类,205.461,205.461,0.0,1615.2914,17,7.8618,4.6567
2021-10-02,1011010101,花叶类,168.625,171.744,3.1189999999999998,1258.2886,17,7.4362,4.5557
2021-10-04,1011010101,花叶类,170.882,172.9,2.018,1266.151,17,7.39,4.5558
2021-10-08,1011010101,花叶类,138.096,138.652,0.556,917.483,17,6.6332,3.9447
2021-10-10,1011010101,花叶类,262.562,263.384,0.8220000000000001,2018.3732,17,7.7179,4.5607
2021-10-12,1011010101,花叶类,99.674,100.028,0.354,806.4466,17,8.0764,4.9012
2021-10-13,1011010101,花叶类,88.23700000000001,89.902,1.665,666.0304000000001,17,7.5349,4.5711
2021-10-18,1011010101,花叶类,84.784,84.784,0.0,795.0074000000001,17,9.3769,5.8043
2021-10-21,1011010101,花叶类,79.858,79.858,0.0,825.327,17,10.3349,6.0743
2021-10-23,1011010101,花叶类,99.498,100.678,1.1800000000000002,1055.5226,17,10.6761,6.1495
2021-10-30,1011010101,花叶类,140.981,140.981,0.0,1161.3328,17,8.2375,5.6499
2021-11-03,1011010101,花叶类,50.572,50.572,0.0,393.61699999999996,17,7.7833,5.0975
2021-11-09,1011010101,花叶类,44.431,44.867,0.436,369.6,17,8.296,4.4561
2021-11-11,1011010101,花叶类,48.787,48.787,0.0,417.418,17,8.5559,4.5928
2022-02-07,1011010101,花叶类,160.054,160.054,0.0,838.913,17,5.2414,2.8469
2022-02-14,1011010101,花叶类,150.014,150.014,0.0,631.1668,17,4.2074,2.4343
2022-02-18,1011010101,花叶类,98.783,98.783,0.0,444.0188,17,4.4949,2.4925
2022-02-26,1011010101,花叶类,118.507,118.507,0.0,832.3856000000001,17,7.0239,4.0142
2022-03-01,1011010101,花叶类,75.286,75.286,0.0,439.0974,17,5.8324,3.7547
2022-03-02,1011010101,花叶类,70.109,70.109,0.0,391.4318,17,5.5832,3.6342
2022-03-04,1011010101,花叶类,78.622,78.622,0.0,502.9668,17,6.3973,4.0426
2022-03-07,1011010101,花叶类,76.68599999999999,76.68599999999999,0.0,510.35360000000003,17,6.6551,4.1633
2022-03-08,1011010101,花叶类,82.174,82.174,0.0,457.2338,17,5.5642,3.2808
2022-05-02,1011010101,花叶类,115.468,115.468,0.0,755.5264000000001,17,6.5432,3.7152
2022-06-25,1011010101,花叶类,155.786,156.216,0.43,821.0748,17,5.2632,2.9975
2022-06-28,1011010101,花叶类,133.899,133.899,0.0,619.0856,17,4.6235,2.8772
2022-07-30,1011010101,花叶类,343.157,344.157,1.0,1240.8934,17,3.6198,2.0005
2022-08-07,1011010101,花叶类,316.069,319.04200000000003,2.973,1281.4464,17,4.0445,2.359
2022-08-10,1011010101,花叶类,288.214,291.018,2.804,1140.54,17,3.948,2.3236
2022-08-11,1011010101,花叶类,313.919,313.919,0.0,1092.9728,17,3.4817,1.7016
2022-08-12,1011010101,花叶类,326.821,326.821,0.0,1263.7244,17,3.8667,2.0366
2022-08-16,1011010101,花叶类,368.861,368.861,0.0,1364.4483,17,3.6991,2.2855
2022-08-18,1011010101,花叶类,424.262,424.262,0.0,1854.8192,17,4.3719,2.4554
2022-08-29,1011010101,花叶类,297.05,297.05,0.0,1270.8444,17,4.2782,2.5426
2022-09-08,1011010101,花叶类,222.03300000000002,222.246,0.213,1361.2472,17,6.13,3.4173
2022-09-13,1011010101,花叶类,216.669,216.669,0.0,1266.6561000000002,17,5.8461,3.4614
2022-09-14,1011010101,花叶类,185.157,185.157,0.0,1011.2104,17,5.4614,2.908
2022-09-23,1011010101,花叶类,243.19,243.19,0.0,1090.289,17,4.4833,2.6162
2022-09-28,1011010101,花叶类,142.124,142.124,0.0,588.2332,17,4.1389,1.982
2022-10-03,1011010101,花叶类,252.753,253.67,0.917,1106.6565,17,4.3828,1.9996
2022-10-08,1011010101,花叶类,360.319,360.779,0.46,1452.4381999999998,17,4.0348,2.0619
2022-10-14,1011010101,花叶类,135.637,135.637,0.0,426.56919999999997,17,3.145,2.0208
2022-10-22,1011010101,花叶类,299.448,299.448,0.0,1188.7245,17,3.9697,1.935
2022-10-27,1011010101,花叶类,209.0,209.0,0.0,729.427,17,3.4901,2.0717
2022-11-01,1011010101,花叶类,96.786,96.786,0.0,499.346,17,5.1593,2.975
2022-11-06,1011010101,花叶类,162.064,162.064,0.0,726.2628,17,4.4813,2.6567
2022-12-10,1011010101,花叶类,231.009,231.009,0.0,796.966,17,3.4499,1.9503
2022-12-12,1011010101,花叶类,173.035,173.035,0.0,549.5146,17,3.1757,1.8252
2022-12-13,1011010101,花叶类,185.802,185.802,0.0,558.141,17,3.004,1.743
