20260666C/代码与数据/processed/daily_category.csv
date,cat_code,cat_name,qty_net,qty_sold,qty_returned,revenue_net,n_items,avg_retail_price,avg_wholesale_price
2020-08-05,1011010101,花叶类,244.39499999999998,244.39499999999998,0.0,1891.6622,18,7.7402,4.6022
2020-09-26,1011010101,花叶类,226.92600000000002,227.77100000000002,0.845,1769.3468,18,7.8275,4.6692
2020-10-29,1011010101,花叶类,120.551,120.551,0.0,702.4834,18,5.8273,3.512
2020-11-01,1011010101,花叶类,206.956,206.956,0.0,1063.2486,18,5.1376,3.1488
2020-11-11,1011010101,花叶类,150.867,150.867,0.0,587.6944,18,3.8954,2.4187
2020-11-12,1011010101,花叶类,151.144,151.144,0.0,583.2938,18,3.8592,2.394
2020-11-18,1011010101,花叶类,203.322,203.322,0.0,827.3134,18,4.069,2.3835
2020-11-21,1011010101,花叶类,460.103,460.646,0.543,1462.3347999999999,18,3.1776,1.8665
2020-11-28,1011010101,花叶类,400.295,400.295,0.0,1043.2144,18,2.6061,1.5411
2020-12-03,1011010101,花叶类,274.09700000000004,274.09700000000004,0.0,688.7304,18,2.5127,1.4811
2020-12-04,1011010101,花叶类,242.529,242.529,0.0,719.1002,18,2.965,1.9097
2020-12-05,1011010101,花叶类,306.959,306.959,0.0,842.0552,18,2.7432,1.8154
2020-12-06,1011010101,花叶类,367.129,367.129,0.0,941.8606,18,2.5655,1.6515
2020-12-19,1011010101,花叶类,266.55,266.55,0.0,905.8063999999999,18,3.3983,2.1494
2020-12-20,1011010101,花叶类,276.911,276.911,0.0,912.46,18,3.2951,2.1228
2021-02-07,1011010101,花叶类,193.778,193.778,0.0,893.12,18,4.609,3.0302
2021-02-09,1011010101,花叶类,282.558,282.558,0.0,1807.8899999999999,18,6.3983,3.6661
2021-03-03,1011010101,花叶类,186.00799999999998,186.00799999999998,0.0,1202.33,18,6.4639,3.9354
2021-03-15,1011010101,花叶类,90.812,90.812,0.0,628.476,18,6.9206,4.2267
2021-03-25,1011010101,花叶类,86.632,86.632,0.0,650.141,18,7.5046,4.5678
2021-04-11,1011010101,花叶类,211.619,211.619,0.0,1424.2648,18,6.7303,4.2326
2021-04-21,1011010101,花叶类,182.939,182.939,0.0,849.0319999999999,18,4.6411,2.9662
2021-04-22,1011010101,花叶类,150.806,150.806,0.0,786.2776,18,5.2138,3.3499
2021-05-13,1011010101,花叶类,157.293,157.293,0.0,739.3334,18,4.7003,3.0431
2021-05-22,1011010101,花叶类,190.363,190.363,0.0,989.5566,18,5.1983,2.9043
2021-05-26,1011010101,花叶类,166.467,166.467,0.0,838.8032000000001,18,5.0389,3.2229
2021-05-29,1011010101,花叶类,180.875,180.875,0.0,954.1888,18,5.2754,3.2292
2021-05-31,1011010101,花叶类,191.98,191.98,0.0,1014.1018,18,5.2823,3.4386
2021-06-05,1011010101,花叶类,204.287,204.287,0.0,1054.9114,18,5.1639,3.1729
2021-06-23,1011010101,花叶类,123.214,123.214,0.0,718.0432,18,5.8276,3.4823
2021-06-29,1011010101,花叶类,110.196,110.196,0.0,673.6922,18,6.1136,3.5155
2021-07-01,1011010101,花叶类,148.597,148.597,0.0,966.3102,18,6.5029,3.8171
2021-07-08,1011010101,花叶类,143.49099999999999,143.49099999999999,0.0,860.8002,18,5.999,3.5075
2021-07-19,1011010101,花叶类,174.827,174.827,0.0,1089.4348,18,6.2315,3.6201
2021-08-01,1011010101,花叶类,251.27100000000002,251.27100000000002,0.0,1683.5803,18,6.7002,3.9102
2021-08-03,1011010101,花叶类,264.825,264.825,0.0,1646.6174,18,6.2178,3.5452
2021-08-16,1011010101,花叶类,190.57299999999998,190.57299999999998,0.0,1406.8994,18,7.3825,4.4849
2021-08-20,1011010101,花叶类,195.116,195.116,0.0,1445.7372,18,7.4096,4.4519
2021-09-01,1011010101,花叶类,177.642,177.642,0.0,1336.0462,18,7.521,4.9584
2021-09-02,1011010101,花叶类,161.364,161.364,0.0,1276.7444,18,7.9122,5.0564
2021-09-03,1011010101,花叶类,149.219,149.219,0.0,1190.489,18,7.9781,5.0647
2021-09-04,1011010101,花叶类,221.353,221.353,0.0,1716.02,18,7.7524,5.0145
2021-09-05,1011010101,花叶类,238.552,238.552,0.0,1806.7762,18,7.5739,4.8845
2021-09-06,1011010101,花叶类,191.936,191.936,0.0,1573.135,18,8.1961,5.1067
2021-09-07,1011010101,花叶类,163.316,163.316,0.0,1372.8056000000001,18,8.4058,5.2849
2021-09-09,1011010101,花叶类,120.989,120.989,0.0,999.0134,18,8.2571,5.1936
2021-09-10,1011010101,花叶类,133.882,133.882,0.0,1092.973,18,8.1637,5.0435
2021-09-11,1011010101,花叶类,257.43,257.43,0.0,1963.8984,18,7.6289,4.9518
2021-09-12,1011010101,花叶类,275.532,275.532,0.0,2239.3478,18,8.1274,5.4569
2021-09-13,1011010101,花叶类,152.695,152.695,0.0,1040.8032,18,6.8162,4.2156
2021-09-22,1011010101,花叶类,137.039,138.42000000000002,1.381,1168.734,18,8.5226,5.0567
2021-09-23,1011010101,花叶类,107.29,107.29,0.0,882.1366,18,8.222,4.9154
2021-09-24,1011010101,花叶类,104.375,104.729,0.354,833.9536,18,7.9765,4.7733
2021-09-25,1011010101,花叶类,185.574,186.971,1.397,1525.4434,18,8.2014,4.8844
2021-09-26,1011010101,花叶类,148.806,150.342,1.536,1169.5056,18,7.8479,4.6954
2021-09-27,1011010101,花叶类,96.875,96.875,0.0,736.4946,18,7.6025,4.6027
2021-09-29,1011010101,花叶类,113.13499999999999,113.13499999999999,0.0,903.46,18,7.9857,4.5569
2021-09-30,1011010101,花叶类,106.12299999999999,106.12299999999999,0.0,830.5642,18,7.8264,4.4674
2021-10-03,1011010101,花叶类,174.094,176.12300000000002,2.029,1301.8938,18,7.4742,4.307
2021-10-11,1011010101,花叶类,88.447,88.447,0.0,687.6928,18,7.7752,4.9049
2021-10-19,1011010101,花叶类,78.684,78.684,0.0,687.9512,18,8.7432,5.2936
2021-10-20,1011010101,花叶类,109.339,109.339,0.0,1102.1848,18,10.0804,6.039
2021-11-02,1011010101,花叶类,68.05499999999999,68.05499999999999,0.0,517.5858000000001,18,7.6054,4.8288
2021-11-05,1011010101,花叶类,83.345,83.867,0.522,577.9776,18,6.9538,4.4206
2021-11-08,1011010101,花叶类,66.376,66.376,0.0,526.511,18,7.9322,4.528
2021-11-20,1011010101,花叶类,95.31099999999999,95.757,0.446,718.5646,18,7.5199,4.562
2022-01-17,1011010101,花叶类,90.383,90.383,0.0,388.811,18,4.3018,2.275
2022-01-18,1011010101,花叶类,85.852,85.852,0.0,313.046,18,3.6463,1.9231
2022-02-10,1011010101,花叶类,116.133,116.133,0.0,583.8774,18,5.0277,2.8911
2022-02-15,1011010101,花叶类,154.453,154.453,0.0,822.6562,18,5.3263,3.039
2022-02-19,1011010101,花叶类,120.64,120.64,0.0,753.945,18,6.2495,3.4177
2022-02-28,1011010101,花叶类,77.285,77.285,0.0,456.0546,18,5.9009,3.3509
2022-03-03,1011010101,花叶类,62.041,62.041,0.0,359.6576,18,5.7971,3.5073
2022-03-06,1011010101,花叶类,141.174,141.174,0.0,951.4866,18,6.7398,4.0211
2022-06-22,1011010101,花叶类,108.759,108.759,0.0,484.8422,18,4.458,2.6624
2022-08-03,1011010101,花叶类,337.105,337.105,0.0,1218.1118,18,3.6135,2.1139
2022-08-13,1011010101,花叶类,478.995,479.995,1.0,1733.7328,18,3.6201,2.0017
2022-08-23,1011010101,花叶类,258.56,259.56,1.0,976.5360000000001,18,3.7966,2.3684
2022-08-26,1011010101,花叶类,250.941,250.941,0.0,1113.9402,18,4.439,2.7608
2022-08-27,1011010101,花叶类,357.705,357.705,0.0,1535.8485,18,4.2936,2.1473
2022-09-02,1011010101,花叶类,328.216,328.216,0.0,1455.7706,18,4.4354,3.2245
2022-09-03,1011010101,花叶类,419.813,419.813,0.0,1894.5552,18,4.5129,3.1652
2022-09-04,1011010101,花叶类,491.166,491.166,0.0,2251.2349,18,4.5835,3.3106
2022-09-09,1011010101,花叶类,311.923,311.923,0.0,1773.356,18,5.6852,3.4019
2022-09-19,1011010101,花叶类,212.507,212.507,0.0,1053.7772,18,4.9588,3.1269
2022-09-22,1011010101,花叶类,226.528,226.528,0.0,1002.3548000000001,18,4.4249,2.6448
2022-09-30,1011010101,花叶类,200.098,200.098,0.0,863.7442,18,4.3166,1.9904
2022-10-20,1011010101,花叶类,242.853,242.853,0.0,868.2706,18,3.5753,1.9848
2022-10-30,1011010101,花叶类,221.196,221.196,0.0,1061.6493,18,4.7996,2.9574
2022-11-03,1011010101,花叶类,83.973,83.973,0.0,450.6502,18,5.3666,3.0961
2022-11-08,1011010101,花叶类,96.37100000000001,96.37100000000001,0.0,400.1634,18,4.1523,2.1623
2022-11-09,1011010101,花叶类,127.79499999999999,128.56,0.765,407.203,18,3.1793,2.0162
2022-11-20,1011010101,花叶类,146.034,146.034,0.0,495.70120000000003,18,3.3944,1.4335
2022-11-25,1011010101,花叶类,228.796,228.796,0.0,701.4182,18,3.0657,1.1151
2022-12-11,1011010101,花叶类,204.481,204.481,0.0,679.5326,18,3.3232,1.8145
2022-12-14,1011010101,花叶类,226.11499999999998,226.11499999999998,0.0,685.8872,18,3.0333,1.7175
2022-12-21,1011010101,花叶类,285.265,285.265,0.0,1019.3614,18,3.5734,2.046
2020-08-05,1011010504,辣椒类,82.229,82.229,0.0,808.7543999999999,7,9.8354,6.3106
2020-12-29,1011010504,辣椒类,28.906000000000002,28.906000000000002,0.0,598.5573999999999,7,20.707,14.7352
2021-02-19,1011010504,辣椒类,116.07,116.07,0.0,1255.0168,7,10.8126,9.3931
2021-02-22,1011010504,辣椒类,72.834,72.834,0.0,973.7256,7,13.3691,7.4734
2021-02-27,1011010504,辣椒类,122.32199999999999,122.32199999999999,0.0,1106.2048,7,9.0434,5.6556
2021-03-03,1011010504,辣椒类,80.749,80.749,0.0,733.8636,7,9.0882,5.9185
2021-03-16,1011010504,辣椒类,72.12599999999999,72.12599999999999,0.0,409.8922,7,5.683,3.7185
2021-03-22,1011010504,辣椒类,70.689,70.689,0.0,416.65139999999997,7,5.8941,3.506
2021-03-23,1011010504,辣椒类,66.931,66.931,0.0,442.88599999999997,7,6.6171,3.9125
2021-03-24,1011010504,辣椒类,42.484,42.484,0.0,330.29339999999996,7,7.7745,4.0754
2021-03-25,1011010504,辣椒类,50.798,50.798,0.0,408.7842,7,8.0472,4.7506
2021-04-04,1011010504,辣椒类,88.244,88.244,0.0,685.071,7,7.7634,4.8284
2021-04-05,1011010504,辣椒类,112.577,112.577,0.0,679.9222,7,6.0396,4.7162
2021-04-06,1011010504,辣椒类,35.074999999999996,35.074999999999996,0.0,215.84640000000002,7,6.1539,4.8465
2021-04-10,1011010504,辣椒类,84.84,84.84,0.0,627.9862,7,7.402,4.7696
2021-04-15,1011010504,辣椒类,44.413,44.413,0.0,355.7934,7,8.011,5.3776
2021-04-21,1011010504,辣椒类,50.684,50.684,0.0,372.6184,7,7.3518,4.5884
2021-04-28,1011010504,辣椒类,47.189,47.189,0.0,382.688,7,8.1097,5.1584
2021-05-12,1011010504,辣椒类,42.616,42.616,0.0,327.2694,7,7.6795,4.985
2021-05-18,1011010504,辣椒类,84.864,84.864,0.0,438.8932,7,5.1717,3.2717
2021-09-13,1011010504,辣椒类,46.013999999999996,46.013999999999996,0.0,419.366,7,9.1139,6.169
2021-09-14,1011010504,辣椒类,34.598,34.598,0.0,313.25,7,9.054,6.09
2021-09-15,1011010504,辣椒类,33.653,33.653,0.0,314.136,7,9.3346,5.4378
2021-10-11,1011010504,辣椒类,64.75500000000001,64.75500000000001,0.0,380.58,7,5.8772,3.773
2021-10-26,1011010504,辣椒类,35.664,35.664,0.0,399.297,7,11.1961,7.0117
2021-11-01,1011010504,辣椒类,23.438999999999997,23.438999999999997,0.0,272.218,7,11.6139,8.2741
2021-11-02,1011010504,辣椒类,25.556,25.556,0.0,324.118,7,12.6827,9.2111
2021-11-06,1011010504,辣椒类,35.493,35.493,0.0,432.69000000000005,7,12.1908,8.2629
2021-11-09,1011010504,辣椒类,23.625999999999998,23.625999999999998,0.0,303.08200000000005,7,12.8283,8.3934
2021-11-10,1011010504,辣椒类,28.642,28.642,0.0,359.644,7,12.5565,8.5742
2021-11-11,1011010504,辣椒类,22.692,22.692,0.0,293.1318,7,12.9178,8.5321
2021-11-14,1011010504,辣椒类,39.412,39.412,0.0,444.6476,7,11.282,8.3895
2021-11-15,1011010504,辣椒类,29.577,29.577,0.0,332.53839999999997,7,11.2431,7.7805
2021-11-16,1011010504,辣椒类,27.575,27.575,0.0,345.88320000000004,7,12.5434,8.6838
2021-11-18,1011010504,辣椒类,16.566,16.566,0.0,208.8504,7,12.6072,8.2751
2021-11-23,1011010504,辣椒类,18.004,18.004,0.0,204.0052,7,11.3311,8.1369
2021-11-26,1011010504,辣椒类,14.854999999999999,14.854999999999999,0.0,199.3066,7,13.4168,8.5717
2021-12-01,1011010504,辣椒类,24.119,24.119,0.0,244.92479999999998,7,10.1548,8.0596
2021-12-02,1011010504,辣椒类,22.703,22.703,0.0,243.638,7,10.7315,8.1119
2021-12-03,1011010504,辣椒类,25.931000000000004,25.931000000000004,0.0,277.7492,7,10.7111,7.9391
2021-12-04,1011010504,辣椒类,36.36,36.36,0.0,422.15079999999995,7,11.6103,7.5703
2021-12-06,1011010504,辣椒类,37.461,37.461,0.0,433.7952,7,11.5799,7.8561
2021-12-07,1011010504,辣椒类,29.637999999999998,29.637999999999998,0.0,351.3888,7,11.856,7.4388
2021-12-08,1011010504,辣椒类,24.709999999999997,24.709999999999997,0.0,282.617,7,11.4374,7.1284
2021-12-09,1011010504,辣椒类,24.153,24.153,0.0,287.4368,7,11.9007,7.3913
2021-12-12,1011010504,辣椒类,43.444,43.444,0.0,484.652,7,11.1558,7.3508
2021-12-22,1011010504,辣椒类,22.570000000000004,22.570000000000004,0.0,219.5764,7,9.7287,6.575
2021-12-27,1011010504,辣椒类,37.586,37.586,0.0,309.6388,7,8.2381,5.4753
2021-12-30,1011010504,辣椒类,35.101,35.101,0.0,305.4254,7,8.7013,6.1188
2022-06-16,1011010504,辣椒类,49.712,50.132,0.42,244.56840000000003,7,4.9288,3.0228
2022-06-24,1011010504,辣椒类,33.789,33.789,0.0,190.71200000000002,7,5.6442,3.1208
2022-06-30,1011010504,辣椒类,29.259,29.259,0.0,270.968,7,9.261,4.7635
2022-11-22,1011010504,辣椒类,82.21900000000001,82.21900000000001,0.0,332.45320000000004,7,4.0435,1.4208
