20260666C/代码与数据/processed/daily_category.csv
date,cat_code,cat_name,qty_net,qty_sold,qty_returned,revenue_net,n_items,avg_retail_price,avg_wholesale_price
2020-08-07,1011010402,水生根茎类,25.415,25.415,0.0,312.622,4,12.3007,7.9637
2020-08-08,1011010402,水生根茎类,27.461,27.461,0.0,335.90999999999997,4,12.2323,7.9051
2020-08-10,1011010402,水生根茎类,30.683,30.683,0.0,342.8468,4,11.1738,7.154
2020-08-11,1011010402,水生根茎类,20.458,20.458,0.0,248.3272,4,12.1384,7.9422
2020-08-12,1011010402,水生根茎类,27.354999999999997,27.354999999999997,0.0,311.9464,4,11.4036,7.3685
2020-08-14,1011010402,水生根茎类,29.991,29.991,0.0,253.29940000000002,4,8.4458,4.9466
2020-08-21,1011010402,水生根茎类,34.598,34.598,0.0,251.56880000000004,4,7.2712,4.5894
2020-08-23,1011010402,水生根茎类,46.056999999999995,46.056999999999995,0.0,309.383,4,6.7174,4.313
2020-08-27,1011010402,水生根茎类,19.487000000000002,19.487000000000002,0.0,240.0828,4,12.3202,7.2734
2020-08-28,1011010402,水生根茎类,20.997,20.997,0.0,258.92040000000003,4,12.3313,7.094
2020-12-15,1011010402,水生根茎类,51.18,51.769000000000005,0.589,415.428,4,8.1157,5.8109
2020-12-26,1011010402,水生根茎类,103.905,103.905,0.0,876.732,4,8.4378,6.0208
2020-12-29,1011010402,水生根茎类,54.92399999999999,54.92399999999999,0.0,435.606,4,7.9311,6.2108
2020-12-30,1011010402,水生根茎类,75.742,75.742,0.0,624.302,4,8.2425,6.2603
2020-12-31,1011010402,水生根茎类,73.305,73.305,0.0,533.657,4,7.28,6.1835
2021-01-04,1011010402,水生根茎类,68.24799999999999,68.24799999999999,0.0,617.937,4,9.0543,6.8326
2021-01-05,1011010402,水生根茎类,89.144,89.144,0.0,777.9870000000001,4,8.7273,6.3083
2021-01-06,1011010402,水生根茎类,49.852,49.852,0.0,436.277,4,8.7514,6.521
2021-02-10,1011010402,水生根茎类,296.79200000000003,296.79200000000003,0.0,4272.252,4,14.3948,8.8753
2021-02-15,1011010402,水生根茎类,68.394,68.394,0.0,948.224,4,13.8641,9.8339
2021-02-25,1011010402,水生根茎类,74.027,74.027,0.0,856.6824,4,11.5726,7.8553
2021-04-01,1011010402,水生根茎类,20.743,20.743,0.0,263.764,4,12.7158,6.7853
2021-04-02,1011010402,水生根茎类,37.763999999999996,37.763999999999996,0.0,452.092,4,11.9715,7.2531
2021-07-03,1011010402,水生根茎类,29.657,29.657,0.0,322.8914,4,10.8875,6.9385
2021-07-04,1011010402,水生根茎类,24.214,24.214,0.0,235.2362,4,9.7149,6.1664
2021-07-05,1011010402,水生根茎类,14.947000000000001,14.947000000000001,0.0,131.6762,4,8.8095,5.4224
2021-07-08,1011010402,水生根茎类,12.209,12.209,0.0,143.56900000000002,4,11.7593,7.3412
2021-07-12,1011010402,水生根茎类,7.559,7.559,0.0,121.73060000000001,4,16.1041,9.6416
2021-07-13,1011010402,水生根茎类,7.123,7.123,0.0,137.4376,4,19.2949,12.0569
2021-07-19,1011010402,水生根茎类,15.754,15.754,0.0,239.7022,4,15.2153,9.931
2021-07-21,1011010402,水生根茎类,18.057,18.057,0.0,267.75030000000004,4,14.8281,9.7924
2022-01-10,1011010402,水生根茎类,56.153,56.153,0.0,364.11,4,6.4842,4.9303
2022-01-11,1011010402,水生根茎类,29.824,29.824,0.0,201.68800000000002,4,6.7626,5.0616
2022-02-13,1011010402,水生根茎类,38.757,38.757,0.0,309.756,4,7.9923,5.1514
2022-05-10,1011010402,水生根茎类,5.181,5.181,0.0,63.3828,4,12.2337,8.3985
2022-05-12,1011010402,水生根茎类,5.134,5.134,0.0,60.387,4,11.7622,7.9582
2022-05-14,1011010402,水生根茎类,11.341000000000001,11.341000000000001,0.0,126.3278,4,11.139,7.0052
2022-05-16,1011010402,水生根茎类,4.637,4.637,0.0,63.253,4,13.6409,9.42
2022-05-17,1011010402,水生根茎类,1.853,1.853,0.0,33.738,4,18.2072,13.5633
2022-05-27,1011010402,水生根茎类,8.858,8.858,0.0,108.28200000000001,4,12.2242,8.2962
2022-05-28,1011010402,水生根茎类,8.906,8.906,0.0,138.5706,4,15.5592,10.9799
2022-05-30,1011010402,水生根茎类,6.684,6.684,0.0,114.2272,4,17.0896,11.6964
2022-06-05,1011010402,水生根茎类,10.109,10.109,0.0,203.8012,4,20.1604,13.748
2022-06-07,1011010402,水生根茎类,6.312,6.312,0.0,100.79759999999999,4,15.9692,10.9373
2022-06-08,1011010402,水生根茎类,6.725,6.725,0.0,152.65560000000002,4,22.6997,13.7087
2022-06-09,1011010402,水生根茎类,5.241,5.241,0.0,116.2664,4,22.184,12.6935
2022-06-10,1011010402,水生根茎类,9.447000000000001,9.447000000000001,0.0,202.38780000000003,4,21.4235,12.074
2022-06-11,1011010402,水生根茎类,9.209,9.209,0.0,223.401,4,24.259,15.0928
2022-06-13,1011010402,水生根茎类,3.944,3.944,0.0,85.9936,4,21.8037,12.6145
2022-06-16,1011010402,水生根茎类,5.347,5.347,0.0,110.48880000000001,4,20.6637,13.6164
2022-06-19,1011010402,水生根茎类,15.541,15.541,0.0,376.7282,4,24.2409,15.4836
2022-06-20,1011010402,水生根茎类,8.896,8.896,0.0,214.5098,4,24.1131,16.6391
2022-06-22,1011010402,水生根茎类,13.806000000000001,13.806000000000001,0.0,328.4452,4,23.79,16.1544
2022-06-23,1011010402,水生根茎类,5.401999999999999,5.401999999999999,0.0,116.8704,4,21.6347,13.9118
2022-06-27,1011010402,水生根茎类,12.658999999999999,12.658999999999999,0.0,235.8696,4,18.6326,11.7531
2022-06-29,1011010402,水生根茎类,16.118000000000002,16.118000000000002,0.0,341.006,4,21.1568,13.624
2022-06-30,1011010402,水生根茎类,10.625,10.625,0.0,194.8452,4,18.3384,12.4689
2022-07-01,1011010402,水生根茎类,15.086,15.086,0.0,290.4148,4,19.2506,12.6302
2022-07-04,1011010402,水生根茎类,20.219,20.219,0.0,288.6132,4,14.2744,9.3162
2022-07-06,1011010402,水生根茎类,39.018,39.018,0.0,425.6612,4,10.9094,7.1647
2022-07-07,1011010402,水生根茎类,43.066,43.066,0.0,456.13840000000005,4,10.5916,6.8929
2022-07-11,1011010402,水生根茎类,43.103,43.103,0.0,439.01480000000004,4,10.1853,7.0058
2022-07-17,1011010402,水生根茎类,131.3,131.3,0.0,849.4144,4,6.4693,4.5411
2022-07-23,1011010402,水生根茎类,67.395,67.395,0.0,861.2628,4,12.7793,8.609
2022-07-24,1011010402,水生根茎类,112.091,112.091,0.0,860.7352000000001,4,7.6789,4.9373
2022-07-26,1011010402,水生根茎类,68.863,68.863,0.0,639.4624,4,9.286,5.6104
2022-07-27,1011010402,水生根茎类,71.087,71.087,0.0,503.014,4,7.076,4.6154
2022-08-02,1011010402,水生根茎类,28.385,28.385,0.0,333.8544,4,11.7616,7.649
2022-08-03,1011010402,水生根茎类,95.589,95.589,0.0,421.166,4,4.406,3.2034
2022-08-05,1011010402,水生根茎类,43.931000000000004,43.931000000000004,0.0,474.29760000000005,4,10.7964,7.4799
2022-08-13,1011010402,水生根茎类,139.761,139.761,0.0,795.986,4,5.6953,3.8228
2022-08-24,1011010402,水生根茎类,57.232,57.232,0.0,369.3782,4,6.454,4.9389
2022-08-25,1011010402,水生根茎类,51.218999999999994,51.218999999999994,0.0,399.3472,4,7.7969,5.8099
2022-08-27,1011010402,水生根茎类,104.458,104.458,0.0,653.9874,4,6.2608,4.2977
2022-08-28,1011010402,水生根茎类,102.839,102.839,0.0,735.9844,4,7.1567,4.9127
2022-08-30,1011010402,水生根茎类,93.293,93.293,0.0,526.4792,4,5.6433,3.9807
2022-09-01,1011010402,水生根茎类,56.77,56.77,0.0,574.6737,4,10.1228,6.8423
2022-09-04,1011010402,水生根茎类,124.55,124.55,0.0,982.0662000000001,4,7.8849,5.641
2022-09-05,1011010402,水生根茎类,60.192,60.192,0.0,459.9286,4,7.641,5.4821
2022-09-06,1011010402,水生根茎类,54.584,54.584,0.0,470.1676,4,8.6137,6.8347
2022-09-07,1011010402,水生根茎类,58.284000000000006,59.667,1.383,455.3884,4,7.7991,6.3514
2022-09-08,1011010402,水生根茎类,46.658,46.658,0.0,413.26700000000005,4,8.8574,6.9121
2022-09-09,1011010402,水生根茎类,111.676,111.848,0.172,974.417,4,8.7393,6.7457
2022-09-11,1011010402,水生根茎类,97.363,97.363,0.0,816.7698,4,8.3889,5.7728
2022-09-12,1011010402,水生根茎类,38.383,38.383,0.0,389.20300000000003,4,10.14,7.821
2022-09-13,1011010402,水生根茎类,25.627,25.627,0.0,252.5166,4,9.8535,7.5369
2022-09-14,1011010402,水生根茎类,27.935000000000002,27.935000000000002,0.0,202.6268,4,7.2535,5.0557
2022-09-15,1011010402,水生根茎类,29.546,29.546,0.0,273.69820000000004,4,9.2635,6.9893
2022-09-16,1011010402,水生根茎类,26.976999999999997,26.976999999999997,0.0,284.8322,4,10.5583,8.6652
2022-09-26,1011010402,水生根茎类,34.863,34.863,0.0,351.9594,4,10.0955,6.6189
2022-09-27,1011010402,水生根茎类,35.665,35.665,0.0,292.5142,4,8.2017,5.7293
2022-09-29,1011010402,水生根茎类,43.663,43.663,0.0,391.8551,4,8.9745,6.1591
2022-10-02,1011010402,水生根茎类,81.611,81.611,0.0,700.1124,4,8.5787,5.6927
2022-10-04,1011010402,水生根茎类,104.98400000000001,104.98400000000001,0.0,853.3291,4,8.1282,5.6648
2022-10-06,1011010402,水生根茎类,132.357,132.357,0.0,1154.9626,4,8.7261,5.3081
2022-10-07,1011010402,水生根茎类,110.30199999999999,110.30199999999999,0.0,928.4508,4,8.4173,5.4971
2022-10-08,1011010402,水生根茎类,81.908,81.908,0.0,607.3938,4,7.4156,5.2795
2022-10-09,1011010402,水生根茎类,66.479,66.479,0.0,564.835,4,8.4964,5.4423
2022-10-12,1011010402,水生根茎类,39.206,39.206,0.0,306.27880000000005,4,7.812,5.2577
2022-10-13,1011010402,水生根茎类,61.838,61.838,0.0,492.07059999999996,4,7.9574,5.2154
2022-10-14,1011010402,水生根茎类,13.046,13.046,0.0,142.604,4,10.9309,6.6368
2022-11-17,1011010402,水生根茎类,40.679,40.679,0.0,397.0158,4,9.7597,6.1527
2022-11-18,1011010402,水生根茎类,59.900999999999996,59.900999999999996,0.0,495.75340000000006,4,8.2762,5.3768
2022-11-19,1011010402,水生根茎类,183.307,183.307,0.0,1229.2278000000001,4,6.7058,4.5423
2022-12-10,1011010402,水生根茎类,73.28,73.28,0.0,522.7422,4,7.1335,5.0492
2022-12-12,1011010402,水生根茎类,30.168,30.168,0.0,202.0678,4,6.6981,3.8824
2022-12-14,1011010402,水生根茎类,29.923,29.923,0.0,182.5888,4,6.102,4.5138
2022-12-18,1011010402,水生根茎类,65.117,65.117,0.0,444.076,4,6.8197,4.6402
2022-12-20,1011010402,水生根茎类,53.792,53.792,0.0,348.704,4,6.4825,4.3543
2022-12-22,1011010402,水生根茎类,45.018,45.018,0.0,270.321,4,6.0047,3.8263
2020-08-07,1011010801,食用菌,68.177,68.177,0.0,735.9746,11,10.7951,6.2865
2020-08-20,1011010801,食用菌,54.411,54.411,0.0,608.8122,11,11.1891,6.5464
2020-08-28,1011010801,食用菌,55.659,55.659,0.0,652.1884,11,11.7176,6.6547
2020-08-29,1011010801,食用菌,62.431,62.431,0.0,728.2266000000001,11,11.6645,6.7352
2020-08-30,1011010801,食用菌,73.195,73.195,0.0,761.0296,11,10.3973,6.3482
2020-09-05,1011010801,食用菌,62.594,62.594,0.0,733.1446,11,11.7127,7.1099
2020-09-06,1011010801,食用菌,78.472,78.472,0.0,845.633,11,10.7762,6.5697
2020-09-11,1011010801,食用菌,48.467,48.467,0.0,584.8806,11,12.0676,7.0874
2020-09-12,1011010801,食用菌,73.173,73.173,0.0,794.115,11,10.8526,6.6549
2020-10-11,1011010801,食用菌,163.664,163.664,0.0,1149.3134,11,7.0224,4.0675
2020-10-12,1011010801,食用菌,102.38499999999999,102.38499999999999,0.0,712.306,11,6.9571,4.0176
2020-10-19,1011010801,食用菌,58.338,58.338,0.0,562.8824,11,9.6486,5.2777
2020-10-24,1011010801,食用菌,115.39,115.39,0.0,963.0699999999999,11,8.3462,4.703
2020-10-25,1011010801,食用菌,104.16,104.16,0.0,914.669,11,8.7814,5.1473
2020-10-26,1011010801,食用菌,62.363,62.363,0.0,545.738,11,8.751,5.1475
2020-10-28,1011010801,食用菌,75.211,75.211,0.0,607.948,11,8.0832,4.8041
2020-10-29,1011010801,食用菌,81.051,81.051,0.0,661.98,11,8.1675,4.8633
2020-11-02,1011010801,食用菌,78.321,78.321,0.0,676.3304,11,8.6354,4.8933
2020-11-03,1011010801,食用菌,64.34100000000001,65.34100000000001,1.0,533.033,11,8.2633,4.7313
2020-11-08,1011010801,食用菌,124.492,124.492,0.0,1146.977,11,9.2133,5.8456
2020-11-09,1011010801,食用菌,63.22,63.22,0.0,469.443,11,7.4255,4.4034
2020-11-10,1011010801,食用菌,64.18,64.18,0.0,450.616,11,7.0211,4.4374
2020-11-13,1011010801,食用菌,67.676,67.676,0.0,405.834,11,5.9967,3.9343
2020-11-14,1011010801,食用菌,92.793,92.793,0.0,677.133,11,7.2972,4.5675
2020-11-15,1011010801,食用菌,73.108,73.108,0.0,433.123,11,5.9244,3.5884
2020-11-16,1011010801,食用菌,54.363,54.363,0.0,327.347,11,6.0215,3.6688
2020-11-17,1011010801,食用菌,131.979,131.979,0.0,495.592,11,3.7551,2.1384
2020-11-18,1011010801,食用菌,99.089,99.089,0.0,461.105,11,4.6534,2.7571
2020-11-20,1011010801,食用菌,70.888,70.888,0.0,358.984,11,5.0641,2.8831
2020-11-21,1011010801,食用菌,169.382,169.382,0.0,869.03,11,5.1306,3.0831
2020-12-03,1011010801,食用菌,97.39500000000001,97.39500000000001,0.0,786.5790000000001,11,8.0762,5.7526
2021-02-24,1011010801,食用菌,88.233,88.233,0.0,771.2396,11,8.7409,5.5935
2021-02-26,1011010801,食用菌,159.095,159.095,0.0,1245.3274000000001,11,7.8276,4.7202
2021-03-14,1011010801,食用菌,75.95,75.95,0.0,535.0,11,7.0441,4.1963
2021-03-16,1011010801,食用菌,44.844,44.844,0.0,318.8598,11,7.1104,4.3563
2021-03-18,1011010801,食用菌,65.501,65.501,0.0,462.69,11,7.0639,4.1529
2021-03-19,1011010801,食用菌,69.141,69.141,0.0,624.0002,11,9.025,5.4227
2021-03-22,1011010801,食用菌,50.802,50.802,0.0,437.5874,11,8.6136,5.0687
2021-03-27,1011010801,食用菌,69.658,69.658,0.0,523.5427999999999,11,7.5159,4.7256
2021-03-29,1011010801,食用菌,47.327,47.327,0.0,370.217,11,7.8225,4.9194
2021-04-03,1011010801,食用菌,75.739,75.739,0.0,755.2234,11,9.9714,5.9876
2021-04-05,1011010801,食用菌,68.049,68.049,0.0,567.784,11,8.3438,5.0351
2021-04-14,1011010801,食用菌,41.387,41.387,0.0,330.4028,11,7.9833,4.932
2021-04-15,1011010801,食用菌,40.15,40.15,0.0,395.7782,11,9.8575,6.2289
2021-04-16,1011010801,食用菌,47.162,47.162,0.0,387.6686,11,8.2199,5.0989
2021-04-19,1011010801,食用菌,36.293,36.293,0.0,352.4806,11,9.7121,6.2222
2021-04-21,1011010801,食用菌,31.173000000000002,31.173000000000002,0.0,274.7782,11,8.8146,6.1168
2021-04-26,1011010801,食用菌,37.392,37.392,0.0,290.8746,11,7.7791,4.792
2021-04-29,1011010801,食用菌,32.548,32.548,0.0,279.0086,11,8.5722,5.6428
2021-05-09,1011010801,食用菌,44.849000000000004,44.849000000000004,0.0,448.2104,11,9.9938,6.3774
2021-05-15,1011010801,食用菌,49.932,49.932,0.0,476.9222,11,9.5514,5.9716
2021-05-26,1011010801,食用菌,31.969,31.969,0.0,240.2784,11,7.516,4.4161
2021-05-31,1011010801,食用菌,34.114,34.114,0.0,353.5602,11,10.3641,6.7551
2021-06-18,1011010801,食用菌,29.866999999999997,29.866999999999997,0.0,295.10200000000003,11,9.8805,5.9332
2021-06-20,1011010801,食用菌,38.578,38.578,0.0,466.74580000000003,11,12.0988,7.7873
2021-07-01,1011010801,食用菌,32.65,32.65,0.0,346.141,11,10.6016,6.9188
2021-07-02,1011010801,食用菌,34.247,34.247,0.0,357.5962,11,10.4417,6.7051
2021-07-16,1011010801,食用菌,47.644,47.644,0.0,477.73100000000005,11,10.0271,6.0949
2021-07-28,1011010801,食用菌,35.805,35.805,0.0,377.714,11,10.5492,6.5201
2021-08-02,1011010801,食用菌,57.647999999999996,57.647999999999996,0.0,633.1237000000001,11,10.9826,6.7494
2021-08-05,1011010801,食用菌,58.355000000000004,58.355000000000004,0.0,635.8422,11,10.8961,6.8647
2021-08-06,1011010801,食用菌,51.397,51.397,0.0,616.4218,11,11.9933,7.5383
2021-08-07,1011010801,食用菌,53.974000000000004,53.974000000000004,0.0,653.6324000000001,11,12.1101,7.5993
2021-08-09,1011010801,食用菌,41.987,41.987,0.0,523.4756,11,12.4676,8.0209
2021-08-11,1011010801,食用菌,44.244,44.244,0.0,548.2682,11,12.3919,7.7544
2021-08-12,1011010801,食用菌,52.211,52.714,0.503,657.4348,11,12.5481,7.9486
2021-08-13,1011010801,食用菌,57.871,57.871,0.0,640.0096000000001,11,11.0592,6.9884
2021-08-14,1011010801,食用菌,74.363,74.363,0.0,1105.8674,11,14.8712,9.5043
2021-08-15,1011010801,食用菌,61.545,61.545,0.0,677.9512,11,11.0155,6.7505
2021-08-17,1011010801,食用菌,57.879,57.879,0.0,621.136,11,10.7316,6.4976
2021-08-26,1011010801,食用菌,49.747,49.747,0.0,607.1763000000001,11,12.2053,7.1769
2021-08-27,1011010801,食用菌,61.288,61.288,0.0,653.7654,11,10.6671,6.537
2021-08-30,1011010801,食用菌,47.989,47.989,0.0,517.11,11,10.7756,6.6347
2021-08-31,1011010801,食用菌,42.531,42.531,0.0,435.62280000000004,11,10.2425,6.266
2021-09-02,1011010801,食用菌,40.494,40.494,0.0,422.572,11,10.4354,6.4003
2021-09-09,1011010801,食用菌,41.432,41.997,0.565,407.2344,11,9.8044,5.8959
2021-09-11,1011010801,食用菌,62.394000000000005,62.394000000000005,0.0,663.3822,11,10.6322,6.5374
2021-09-12,1011010801,食用菌,57.278000000000006,57.278000000000006,0.0,617.4814,11,10.7804,6.4963
2021-09-18,1011010801,食用菌,41.645,41.645,0.0,415.46320000000003,11,9.9763,6.3938
2021-09-19,1011010801,食用菌,112.917,113.493,0.576,1356.5274,11,12.053,7.5007
2021-09-20,1011010801,食用菌,92.067,92.289,0.222,1170.884,11,12.7348,7.7735
2021-09-21,1011010801,食用菌,80.697,81.116,0.419,1014.4028000000001,11,12.6079,7.7339
2021-09-23,1011010801,食用菌,33.308,33.475,0.167,347.1786,11,10.4701,6.5372
2021-09-24,1011010801,食用菌,40.365,40.365,0.0,415.1176,11,10.2841,6.2193
2022-02-09,1011010801,食用菌,54.397999999999996,54.397999999999996,0.0,386.70120000000003,11,7.1087,4.5467
2022-04-17,1011010801,食用菌,40.244,40.244,0.0,378.0066,11,9.3929,5.1381
2022-07-28,1011010801,食用菌,69.521,69.521,0.0,426.32280000000003,11,6.1323,4.147
2022-09-15,1011010801,食用菌,56.663,56.663,0.0,456.2685,11,8.0523,5.077
2022-10-06,1011010801,食用菌,184.582,184.89,0.308,1529.0190000000002,11,8.3029,4.8074
2022-10-21,1011010801,食用菌,288.383,289.383,1.0,1950.3246,11,6.7666,4.4504
2022-12-11,1011010801,食用菌,144.333,144.333,0.0,999.473,11,6.9248,4.302
2022-12-14,1011010801,食用菌,102.181,102.181,0.0,679.315,11,6.6482,4.02
2022-12-15,1011010801,食用菌,94.03399999999999,94.03399999999999,0.0,669.01,11,7.1146,4.0703
