20260666C/代码与数据/processed/daily_category.csv
date,cat_code,cat_name,qty_net,qty_sold,qty_returned,revenue_net,n_items,avg_retail_price,avg_wholesale_price
2020-08-08,1011010801,食用菌,92.144,92.144,0.0,863.66,12,9.3729,5.4351
2020-09-22,1011010801,食用菌,49.058,49.058,0.0,743.7362,12,15.1603,8.4067
2020-09-24,1011010801,食用菌,61.336,61.336,0.0,770.85,12,12.5677,7.4557
2020-10-01,1011010801,食用菌,103.929,103.929,0.0,1363.191,12,13.1166,7.9805
2020-10-03,1011010801,食用菌,60.052,60.052,0.0,777.5976,12,12.9487,7.5017
2020-10-13,1011010801,食用菌,48.021,48.021,0.0,532.1818,12,11.0823,5.7986
2020-10-15,1011010801,食用菌,72.91,72.91,0.0,692.3814,12,9.4964,5.3621
2020-10-16,1011010801,食用菌,69.80499999999999,69.80499999999999,0.0,804.4312,12,11.524,6.409
2020-10-20,1011010801,食用菌,45.419,45.419,0.0,508.957,12,11.2058,6.3497
2020-10-30,1011010801,食用菌,74.23,74.23,0.0,657.792,12,8.8615,5.3239
2020-10-31,1011010801,食用菌,135.284,135.284,0.0,1339.896,12,9.9043,5.8172
2020-11-23,1011010801,食用菌,195.788,195.788,0.0,1147.439,12,5.8606,3.6753
2020-11-24,1011010801,食用菌,117.661,117.661,0.0,827.3984,12,7.0321,4.4125
2020-11-26,1011010801,食用菌,110.276,110.276,0.0,839.589,12,7.6135,4.7982
2020-12-01,1011010801,食用菌,99.477,99.477,0.0,641.6120000000001,12,6.4499,4.3162
2020-12-02,1011010801,食用菌,185.141,185.141,0.0,1065.2649999999999,12,5.7538,4.137
2021-02-05,1011010801,食用菌,95.222,95.222,0.0,1139.6712,12,11.9686,7.8004
2021-02-22,1011010801,食用菌,66.554,66.554,0.0,584.538,12,8.7829,5.6633
2021-02-23,1011010801,食用菌,77.586,77.586,0.0,619.4122,12,7.9836,5.1911
2021-02-28,1011010801,食用菌,111.764,111.764,0.0,851.8354,12,7.6217,4.873
2021-03-01,1011010801,食用菌,79.404,79.404,0.0,653.6788,12,8.2323,5.365
2021-03-04,1011010801,食用菌,72.465,72.465,0.0,518.853,12,7.16,4.468
2021-03-05,1011010801,食用菌,82.58500000000001,82.58500000000001,0.0,663.894,12,8.0389,5.0196
2021-03-06,1011010801,食用菌,151.214,151.214,0.0,1130.8700000000001,12,7.4786,4.9607
2021-03-07,1011010801,食用菌,125.428,125.428,0.0,891.062,12,7.1042,4.6026
2021-03-08,1011010801,食用菌,78.721,78.721,0.0,646.064,12,8.207,5.3575
2021-03-10,1011010801,食用菌,91.994,91.994,0.0,518.711,12,5.6385,3.5923
2021-03-15,1011010801,食用菌,40.423,40.423,0.0,263.0578,12,6.5076,3.7927
2021-03-17,1011010801,食用菌,44.029,44.029,0.0,400.6696,12,9.1001,5.8135
2021-03-20,1011010801,食用菌,77.235,77.235,0.0,668.4632,12,8.6549,5.1082
2021-03-21,1011010801,食用菌,94.838,94.838,0.0,716.3892,12,7.5538,4.2958
2021-03-24,1011010801,食用菌,35.583,35.583,0.0,342.9976,12,9.6394,5.7833
2021-04-01,1011010801,食用菌,48.978,48.978,0.0,447.0582,12,9.1277,5.8061
2021-04-04,1011010801,食用菌,61.709,61.709,0.0,571.141,12,9.2554,5.3156
2021-04-12,1011010801,食用菌,43.328,43.328,0.0,334.1364,12,7.7118,4.2854
2021-04-22,1011010801,食用菌,40.04,40.04,0.0,246.313,12,6.1517,3.9449
2021-04-24,1011010801,食用菌,78.6,78.6,0.0,692.8226,12,8.8145,5.6079
2021-04-28,1011010801,食用菌,33.609,33.609,0.0,324.088,12,9.6429,6.078
2021-04-30,1011010801,食用菌,34.271,34.271,0.0,281.89459999999997,12,8.2255,5.0011
2021-05-20,1011010801,食用菌,35.447,35.447,0.0,345.051,12,9.7343,5.889
2021-05-21,1011010801,食用菌,43.516,43.516,0.0,468.3954,12,10.7638,6.5166
2021-05-29,1011010801,食用菌,35.882,35.882,0.0,321.6894,12,8.9652,5.5124
2021-06-05,1011010801,食用菌,42.32,42.32,0.0,303.5118,12,7.1718,5.2688
2021-06-06,1011010801,食用菌,32.745000000000005,32.745000000000005,0.0,318.3988,12,9.7236,6.2927
2021-06-09,1011010801,食用菌,31.399,31.399,0.0,358.7652,12,11.426,7.379
2021-06-11,1011010801,食用菌,25.579,25.579,0.0,306.9514,12,12.0001,8.72
2021-06-12,1011010801,食用菌,61.009,62.009,1.0,724.8954,12,11.7692,8.1794
2021-06-14,1011010801,食用菌,56.049,56.049,0.0,635.4052,12,11.3366,7.4586
2021-06-19,1011010801,食用菌,39.484,39.484,0.0,393.3918,12,9.9633,6.4015
2021-06-23,1011010801,食用菌,32.793,32.793,0.0,359.9754,12,10.9772,7.4571
2021-06-27,1011010801,食用菌,49.14,49.14,0.0,574.2844,12,11.6867,8.2382
2021-06-28,1011010801,食用菌,33.153,33.153,0.0,366.3578,12,11.0505,7.4749
2021-07-06,1011010801,食用菌,36.365,36.365,0.0,476.797,12,13.1114,8.3045
2021-07-10,1011010801,食用菌,41.077,41.077,0.0,405.5076,12,9.8719,5.8151
2021-07-14,1011010801,食用菌,43.512,43.512,0.0,472.9676,12,10.8698,6.4591
2021-07-21,1011010801,食用菌,35.828,36.182,0.354,363.42040000000003,12,10.238,6.2202
2021-07-24,1011010801,食用菌,35.038,35.038,0.0,464.90540000000004,12,13.2686,7.5673
2021-08-28,1011010801,食用菌,61.493,61.493,0.0,720.841,12,11.7223,7.1469
2021-09-03,1011010801,食用菌,46.246,46.246,0.0,486.733,12,10.5249,6.3762
2021-09-04,1011010801,食用菌,78.639,78.639,0.0,961.0584,12,12.2211,7.4745
2021-09-06,1011010801,食用菌,37.744,37.744,0.0,418.6324,12,11.0914,6.6138
2021-09-07,1011010801,食用菌,44.438,44.438,0.0,456.6076,12,10.2752,6.2388
2021-09-08,1011010801,食用菌,42.227,42.227,0.0,407.8928,12,9.6595,5.7616
2021-09-17,1011010801,食用菌,33.650999999999996,33.650999999999996,0.0,355.5196,12,10.5649,6.7612
2021-09-22,1011010801,食用菌,36.948,36.948,0.0,358.65160000000003,12,9.7069,5.9993
2022-07-29,1011010801,食用菌,52.634,52.634,0.0,406.0532,12,7.7146,5.0925
2022-12-16,1011010801,食用菌,141.993,146.341,4.348,976.7212,12,6.8521,4.0655
2020-08-09,1011010801,食用菌,73.07300000000001,73.07300000000001,0.0,930.362,10,12.732,7.7675
2020-08-14,1011010801,食用菌,53.795,53.795,0.0,583.87,10,10.8536,6.3386
2020-08-15,1011010801,食用菌,58.015,58.015,0.0,658.7176000000001,10,11.3543,6.7243
2020-08-19,1011010801,食用菌,50.126,50.126,0.0,621.4786,10,12.3983,7.2367
2020-09-02,1011010801,食用菌,51.011,51.011,0.0,550.8762,10,10.7992,6.3574
2020-09-04,1011010801,食用菌,54.43,54.43,0.0,638.4452,10,11.7297,6.7673
2020-09-07,1011010801,食用菌,41.804,41.804,0.0,490.5716,10,11.735,7.02
2020-09-10,1011010801,食用菌,35.789,35.789,0.0,442.84540000000004,10,12.3738,7.5897
2020-09-13,1011010801,食用菌,74.834,74.834,0.0,936.6564000000001,10,12.5165,7.7998
2020-09-15,1011010801,食用菌,41.578,41.578,0.0,525.619,10,12.6418,7.719
2020-09-21,1011010801,食用菌,63.528999999999996,63.528999999999996,0.0,625.1466,10,9.8403,5.2598
2020-10-21,1011010801,食用菌,56.114000000000004,56.114000000000004,0.0,545.6308,10,9.7236,5.2506
2020-10-22,1011010801,食用菌,94.688,94.688,0.0,906.6723999999999,10,9.5754,6.4558
2020-10-23,1011010801,食用菌,114.306,115.306,1.0,1055.0732,10,9.184,5.5622
2020-10-27,1011010801,食用菌,56.508,56.508,0.0,501.14,10,8.8685,5.1577
2020-11-01,1011010801,食用菌,127.967,127.967,0.0,1165.722,10,9.1096,5.3251
2020-11-04,1011010801,食用菌,195.33999999999997,195.33999999999997,0.0,789.968,10,4.0441,2.647
2020-11-05,1011010801,食用菌,129.089,129.089,0.0,664.178,10,5.1451,3.1463
2020-11-07,1011010801,食用菌,122.896,122.896,0.0,1174.584,10,9.5575,5.636
2020-11-11,1011010801,食用菌,64.52199999999999,64.52199999999999,0.0,395.881,10,6.1356,3.829
2020-11-19,1011010801,食用菌,90.297,90.297,0.0,524.004,10,5.8031,3.5368
2020-11-22,1011010801,食用菌,160.154,160.154,0.0,1537.6912,10,9.6013,5.7243
2021-03-09,1011010801,食用菌,143.511,143.511,0.0,655.206,10,4.5655,3.1555
2021-03-30,1011010801,食用菌,32.144999999999996,32.144999999999996,0.0,305.688,10,9.5097,6.3283
2021-03-31,1011010801,食用菌,45.089,45.089,0.0,338.807,10,7.5142,4.6922
2021-04-08,1011010801,食用菌,35.491,35.491,0.0,314.012,10,8.8477,5.2388
2021-04-13,1011010801,食用菌,40.041,40.041,0.0,273.639,10,6.834,4.125
2021-04-20,1011010801,食用菌,37.650999999999996,37.650999999999996,0.0,339.8522,10,9.0264,6.1034
2021-05-01,1011010801,食用菌,50.81,50.81,0.0,471.3142,10,9.276,5.8297
2021-05-05,1011010801,食用菌,60.989,60.989,0.0,704.9932,10,11.5594,7.4918
2021-05-07,1011010801,食用菌,33.543,33.543,0.0,269.9166,10,8.0469,4.9154
2021-05-16,1011010801,食用菌,51.103,51.103,0.0,482.4928,10,9.4416,5.8683
2021-05-19,1011010801,食用菌,28.798000000000002,28.798000000000002,0.0,309.50480000000005,10,10.7474,6.449
2021-05-23,1011010801,食用菌,62.384,62.384,0.0,518.0462,10,8.3042,4.9082
2021-05-24,1011010801,食用菌,29.627000000000002,29.627000000000002,0.0,318.7934,10,10.7602,6.7388
2021-05-28,1011010801,食用菌,28.172,28.172,0.0,280.0812,10,9.9418,6.2599
2021-06-07,1011010801,食用菌,27.872,27.872,0.0,251.323,10,9.017,5.578
2021-06-16,1011010801,食用菌,29.826,29.826,0.0,253.322,10,8.4933,4.988
2021-06-22,1011010801,食用菌,29.299,29.299,0.0,276.0998,10,9.4235,6.1281
2021-06-26,1011010801,食用菌,47.402,47.402,0.0,519.3622,10,10.9565,7.8
2021-06-29,1011010801,食用菌,26.399,26.399,0.0,267.2494,10,10.1235,7.4588
2021-07-08,1011010801,食用菌,34.071,34.071,0.0,327.3754,10,9.6086,5.7518
2021-07-09,1011010801,食用菌,26.496,26.496,0.0,267.5068,10,10.0961,5.9149
2021-07-11,1011010801,食用菌,38.382000000000005,38.382000000000005,0.0,331.023,10,8.6244,5.0138
2021-07-15,1011010801,食用菌,29.008,29.008,0.0,302.82620000000003,10,10.4394,6.5089
2021-07-18,1011010801,食用菌,43.166,43.166,0.0,495.52660000000003,10,11.4796,7.0496
2021-07-29,1011010801,食用菌,26.28,26.28,0.0,332.216,10,12.6414,7.9247
2021-07-30,1011010801,食用菌,28.865000000000002,28.865000000000002,0.0,370.7968,10,12.8459,7.7639
2021-07-31,1011010801,食用菌,44.567,44.567,0.0,447.5231,10,10.0416,6.1123
2021-08-03,1011010801,食用菌,42.284,42.284,0.0,608.031,10,14.3797,8.845
2021-08-04,1011010801,食用菌,50.028,50.028,0.0,621.201,10,12.4171,7.5812
2021-08-08,1011010801,食用菌,57.351,57.351,0.0,603.6348,10,10.5253,6.6332
2021-08-10,1011010801,食用菌,39.230000000000004,39.230000000000004,0.0,497.68240000000003,10,12.6863,8.1405
2021-08-19,1011010801,食用菌,35.688,35.688,0.0,435.3024,10,12.1974,7.5395
2021-08-20,1011010801,食用菌,42.358000000000004,42.358000000000004,0.0,503.93180000000007,10,11.897,7.3452
2021-08-21,1011010801,食用菌,70.575,70.575,0.0,1159.3764,10,16.4276,10.1649
2021-08-23,1011010801,食用菌,40.53,40.53,0.0,498.8602,10,12.3084,7.4913
2021-08-24,1011010801,食用菌,43.365,43.365,0.0,489.493,10,11.2877,6.8041
2021-08-25,1011010801,食用菌,34.177,34.177,0.0,386.7408,10,11.3158,6.595
2021-09-01,1011010801,食用菌,61.883,61.883,0.0,570.0334,10,9.2115,5.6279
2021-09-05,1011010801,食用菌,74.857,74.857,0.0,976.0944000000001,10,13.0395,8.0812
2021-09-10,1011010801,食用菌,35.582,35.582,0.0,422.2126,10,11.8659,7.2367
2021-09-14,1011010801,食用菌,35.185,35.185,0.0,425.1042,10,12.082,7.4418
2021-09-15,1011010801,食用菌,35.282,35.282,0.0,415.7536,10,11.7837,7.1798
2021-09-16,1011010801,食用菌,38.913,38.913,0.0,384.12780000000004,10,9.8715,5.9917
2022-01-20,1011010801,食用菌,78.146,78.146,0.0,593.315,10,7.5924,4.7383
2022-01-21,1011010801,食用菌,77.10300000000001,77.10300000000001,0.0,602.621,10,7.8158,5.088
2022-02-05,1011010801,食用菌,94.217,94.217,0.0,778.4774,10,8.2626,4.9367
2022-02-07,1011010801,食用菌,89.43,89.43,0.0,648.0116,10,7.246,4.3303
2022-02-08,1011010801,食用菌,48.124,48.124,0.0,406.82800000000003,10,8.4537,5.1427
2022-03-18,1011010801,食用菌,29.951999999999998,29.951999999999998,0.0,167.35739999999998,10,5.5875,3.1294
2022-04-18,1011010801,食用菌,28.667,28.667,0.0,255.24,10,8.9036,5.2867
2022-04-19,1011010801,食用菌,23.736,23.736,0.0,253.1907,10,10.6669,6.2536
2022-07-15,1011010801,食用菌,66.136,66.136,0.0,399.67900000000003,10,6.0433,4.2396
2022-07-17,1011010801,食用菌,73.67099999999999,73.67099999999999,0.0,568.9946,10,7.7235,5.369
2022-07-30,1011010801,食用菌,86.456,86.456,0.0,528.8432,10,6.1169,4.1288
2022-08-27,1011010801,食用菌,68.656,68.656,0.0,586.7750000000001,10,8.5466,5.6015
2022-09-11,1011010801,食用菌,92.33,92.533,0.203,1045.2584000000002,10,11.3566,7.1458
2022-09-13,1011010801,食用菌,68.334,68.334,0.0,632.5686000000001,10,9.257,5.5352
2022-09-16,1011010801,食用菌,74.425,74.425,0.0,595.2238,10,7.9976,5.5961
2022-10-07,1011010801,食用菌,154.165,154.165,0.0,1191.0013,10,7.7255,4.7925
2022-10-15,1011010801,食用菌,223.125,223.125,0.0,1224.3402,10,5.4872,3.3177
2022-10-16,1011010801,食用菌,209.72,209.72,0.0,1247.3768,10,5.9478,3.7539
2022-11-01,1011010801,食用菌,96.65899999999999,96.65899999999999,0.0,457.80100000000004,10,4.7363,3.3785
2022-11-05,1011010801,食用菌,176.84300000000002,176.84300000000002,0.0,989.375,10,5.5947,3.5825
2022-11-19,1011010801,食用菌,440.93,440.93,0.0,2479.598,10,5.6236,3.1627
2022-12-10,1011010801,食用菌,149.336,149.336,0.0,1013.54,10,6.787,4.0473
2022-12-17,1011010801,食用菌,142.647,142.647,0.0,972.4026,10,6.8168,4.0839
