20260666C/代码与数据/processed/daily_category.csv
date,cat_code,cat_name,qty_net,qty_sold,qty_returned,revenue_net,n_items,avg_retail_price,avg_wholesale_price
2020-08-16,1011010801,食用菌,55.092999999999996,55.092999999999996,0.0,685.6208,9,12.4448,7.4154
2020-08-17,1011010801,食用菌,47.418,47.418,0.0,538.4362,9,11.3551,6.5818
2020-08-21,1011010801,食用菌,50.0,50.0,0.0,608.3198,9,12.1664,7.1586
2020-08-22,1011010801,食用菌,49.895,49.895,0.0,627.0160000000001,9,12.5667,7.1645
2020-08-24,1011010801,食用菌,39.576,39.576,0.0,472.21580000000006,9,11.9319,7.0275
2020-08-25,1011010801,食用菌,54.488,54.488,0.0,627.6222,9,11.5185,6.8755
2020-08-26,1011010801,食用菌,42.811,42.811,0.0,605.6674,9,14.1475,7.6698
2020-08-27,1011010801,食用菌,50.458,50.458,0.0,600.5288,9,11.9016,6.9973
2020-08-31,1011010801,食用菌,44.775999999999996,44.775999999999996,0.0,605.2586,9,13.5175,8.0997
2020-09-01,1011010801,食用菌,47.282,47.282,0.0,585.404,9,12.3811,7.3062
2020-09-03,1011010801,食用菌,48.163,48.163,0.0,514.7058,9,10.6867,6.7407
2020-09-09,1011010801,食用菌,33.45,33.45,0.0,416.389,9,12.4481,7.3259
2020-09-16,1011010801,食用菌,35.413,35.413,0.0,448.1618,9,12.6553,7.366
2020-09-17,1011010801,食用菌,39.259,39.259,0.0,387.14820000000003,9,9.8614,5.7374
2020-09-19,1011010801,食用菌,60.52,60.52,0.0,587.0486,9,9.7001,6.2076
2020-09-20,1011010801,食用菌,50.42,50.42,0.0,661.0378000000001,9,13.1106,7.0076
2020-11-06,1011010801,食用菌,80.15299999999999,80.588,0.435,552.138,9,6.8838,4.2098
2021-04-10,1011010801,食用菌,60.287,60.287,0.0,546.991,9,9.0731,5.5914
2021-04-11,1011010801,食用菌,52.29,52.29,0.0,461.49,9,8.8256,5.335
2021-04-25,1011010801,食用菌,37.692,37.692,0.0,283.6522,9,7.5255,4.731
2021-04-27,1011010801,食用菌,26.080000000000002,26.080000000000002,0.0,237.571,9,9.1093,5.7061
2021-05-02,1011010801,食用菌,47.435,47.435,0.0,439.92900000000003,9,9.2744,5.9733
2021-05-08,1011010801,食用菌,33.331,33.331,0.0,292.222,9,8.7673,6.0126
2021-05-11,1011010801,食用菌,29.889,29.889,0.0,277.1144,9,9.2715,5.9158
2021-05-12,1011010801,食用菌,31.02,31.02,0.0,244.488,9,7.8816,4.8
2021-05-13,1011010801,食用菌,29.537,29.537,0.0,294.9,9,9.9841,6.252
2021-05-22,1011010801,食用菌,45.209,45.209,0.0,448.15360000000004,9,9.9129,5.976
2021-05-25,1011010801,食用菌,35.047,35.047,0.0,332.0504,9,9.4744,5.8982
2021-05-27,1011010801,食用菌,19.574,19.574,0.0,139.8082,9,7.1425,4.5614
2021-06-10,1011010801,食用菌,29.393,29.393,0.0,292.3026,9,9.9446,7.2752
2021-06-17,1011010801,食用菌,22.835,22.835,0.0,248.19699999999997,9,10.8691,6.6183
2021-07-07,1011010801,食用菌,26.099,26.099,0.0,317.46160000000003,9,12.1638,8.2268
2021-07-12,1011010801,食用菌,24.08,24.08,0.0,161.5922,9,6.7106,3.9397
2021-07-17,1011010801,食用菌,46.115,46.115,0.0,520.0804,9,11.2779,7.0188
2021-07-19,1011010801,食用菌,40.629,40.629,0.0,371.048,9,9.1326,5.8185
2021-07-20,1011010801,食用菌,27.025000000000002,27.025000000000002,0.0,315.73400000000004,9,11.683,7.2114
2021-07-23,1011010801,食用菌,28.61,28.61,0.0,371.2368,9,12.9758,7.8762
2021-07-25,1011010801,食用菌,36.532,36.532,0.0,532.1476,9,14.5666,8.8865
2021-07-26,1011010801,食用菌,30.861,30.861,0.0,434.8576,9,14.0908,8.6013
2021-07-27,1011010801,食用菌,29.008,29.008,0.0,374.1788,9,12.8992,7.7827
2021-08-16,1011010801,食用菌,41.091,41.091,0.0,482.1078,9,11.7327,7.1219
2021-08-18,1011010801,食用菌,38.636,38.636,0.0,449.4128,9,11.632,7.2707
2022-01-13,1011010801,食用菌,48.916,48.916,0.0,289.88100000000003,9,5.9261,3.7693
2022-01-14,1011010801,食用菌,53.083,53.083,0.0,340.029,9,6.4056,4.4022
2022-01-28,1011010801,食用菌,144.04,144.04,0.0,1414.4326,9,9.8197,6.2997
2022-02-06,1011010801,食用菌,90.519,90.519,0.0,789.7434000000001,9,8.7246,5.1982
2022-02-10,1011010801,食用菌,45.478,45.478,0.0,305.704,9,6.722,4.4841
2022-03-22,1011010801,食用菌,31.656,31.656,0.0,317.51890000000003,9,10.0303,5.8179
2022-04-20,1011010801,食用菌,33.394,33.394,0.0,307.6002,9,9.2112,5.392
2022-04-21,1011010801,食用菌,27.479,27.479,0.0,227.9597,9,8.2958,4.9696
2022-04-22,1011010801,食用菌,26.309,26.309,0.0,221.2888,9,8.4111,4.7972
2022-04-24,1011010801,食用菌,32.921,32.921,0.0,325.06820000000005,9,9.8742,5.9588
2022-04-27,1011010801,食用菌,27.102,27.102,0.0,252.87720000000002,9,9.3306,5.7259
2022-07-16,1011010801,食用菌,89.471,89.471,0.0,466.6114,9,5.2152,3.7339
2022-07-22,1011010801,食用菌,60.678,60.678,0.0,357.2206,9,5.8871,3.6809
2022-07-24,1011010801,食用菌,67.64,67.64,0.0,465.3731,9,6.8801,4.9491
2022-07-25,1011010801,食用菌,66.315,66.315,0.0,360.2695,9,5.4327,4.0263
2022-07-26,1011010801,食用菌,59.465,59.465,0.0,354.6028,9,5.9632,4.5192
2022-07-27,1011010801,食用菌,58.869,58.869,0.0,345.68960000000004,9,5.8722,4.3886
2022-08-02,1011010801,食用菌,57.275999999999996,57.275999999999996,0.0,375.4832,9,6.5557,4.7543
2022-08-03,1011010801,食用菌,76.332,76.332,0.0,411.8618,9,5.3957,3.6477
2022-08-04,1011010801,食用菌,81.526,81.526,0.0,477.0955,9,5.8521,3.807
2022-08-05,1011010801,食用菌,66.543,66.543,0.0,404.074,9,6.0724,4.2474
2022-08-08,1011010801,食用菌,87.26599999999999,87.26599999999999,0.0,523.5284,9,5.9992,4.0245
2022-08-16,1011010801,食用菌,71.408,71.408,0.0,540.2728,9,7.566,4.8138
2022-08-19,1011010801,食用菌,91.655,91.655,0.0,635.5918,9,6.9346,4.0606
2022-08-21,1011010801,食用菌,72.191,72.191,0.0,510.83910000000003,9,7.0762,4.5128
2022-08-26,1011010801,食用菌,73.827,73.827,0.0,426.7822,9,5.7808,4.2571
2022-09-10,1011010801,食用菌,114.94200000000001,114.94200000000001,0.0,1152.213,9,10.0243,6.0056
2022-09-12,1011010801,食用菌,98.587,98.587,0.0,1089.4902,9,11.0511,5.6215
2022-09-14,1011010801,食用菌,53.107,53.107,0.0,482.15330000000006,9,9.0789,6.3097
2022-09-17,1011010801,食用菌,90.05,90.05,0.0,996.3704,9,11.0646,6.3523
2022-09-26,1011010801,食用菌,58.141999999999996,58.141999999999996,0.0,508.38520000000005,9,8.7439,4.8563
2022-10-18,1011010801,食用菌,156.31,156.31,0.0,937.657,9,5.9987,3.992
2022-10-23,1011010801,食用菌,152.18099999999998,152.18099999999998,0.0,832.673,9,5.4716,3.5789
2022-10-24,1011010801,食用菌,85.05,85.05,0.0,444.201,9,5.2228,3.6257
2022-10-25,1011010801,食用菌,89.459,89.459,0.0,480.687,9,5.3733,3.8071
2022-10-26,1011010801,食用菌,104.795,104.795,0.0,497.446,9,4.7468,3.526
2022-10-27,1011010801,食用菌,116.582,116.582,0.0,666.39,9,5.7161,4.1123
2022-10-29,1011010801,食用菌,246.82999999999998,248.053,1.223,1311.1970000000001,9,5.3138,3.6482
2022-11-07,1011010801,食用菌,86.0,86.0,0.0,523.076,9,6.0823,4.0391
2022-11-09,1011010801,食用菌,68.901,68.901,0.0,400.7908,9,5.8169,3.649
2022-11-12,1011010801,食用菌,257.06600000000003,257.06600000000003,0.0,1379.687,9,5.3671,2.9924
2022-11-15,1011010801,食用菌,102.92,102.92,0.0,574.95,9,5.5864,3.298
2022-11-17,1011010801,食用菌,90.18,90.18,0.0,518.164,9,5.7459,3.4473
2022-11-18,1011010801,食用菌,153.087,153.087,0.0,861.4179999999999,9,5.627,3.3554
2022-12-13,1011010801,食用菌,91.195,91.195,0.0,559.413,9,6.1342,3.8785
2022-12-18,1011010801,食用菌,131.36,131.36,0.0,894.511,9,6.8096,3.8917
2022-12-19,1011010801,食用菌,86.269,86.269,0.0,654.5388,9,7.5872,4.4798
2022-12-20,1011010801,食用菌,103.84700000000001,103.84700000000001,0.0,734.128,9,7.0693,4.0462
2022-12-21,1011010801,食用菌,128.851,128.851,0.0,856.6968,9,6.6487,3.8401
2020-08-27,1011010501,茄类,19.129,19.129,0.0,191.572,4,10.0147,5.9775
2020-09-05,1011010501,茄类,33.731,33.731,0.0,325.696,4,9.6557,7.3894
2020-09-06,1011010501,茄类,33.397,33.397,0.0,331.62800000000004,4,9.9299,7.4671
2020-09-07,1011010501,茄类,17.365000000000002,17.365000000000002,0.0,166.346,4,9.5794,6.6601
2020-09-08,1011010501,茄类,20.623,20.623,0.0,199.116,4,9.655,6.6708
2020-09-09,1011010501,茄类,12.041,12.041,0.0,105.454,4,8.7579,6.6053
2020-09-10,1011010501,茄类,16.916,16.916,0.0,154.97,4,9.1611,6.6231
2020-09-12,1011010501,茄类,21.411,21.411,0.0,191.94,4,8.9646,5.9826
2020-10-03,1011010501,茄类,63.535,63.535,0.0,340.6044,4,5.3609,3.695
2020-10-06,1011010501,茄类,42.318,42.318,0.0,262.756,4,6.2091,4.074
2020-10-07,1011010501,茄类,29.085,29.085,0.0,192.1696,4,6.6072,4.266
2020-10-08,1011010501,茄类,33.49,33.49,0.0,208.265,4,6.2187,3.8655
2020-10-09,1011010501,茄类,24.289,24.289,0.0,171.199,4,7.0484,4.3524
2020-10-10,1011010501,茄类,26.814,26.814,0.0,178.062,4,6.6406,4.0118
2020-10-11,1011010501,茄类,34.726,34.726,0.0,246.40699999999998,4,7.0957,4.4902
2020-10-12,1011010501,茄类,17.875999999999998,17.875999999999998,0.0,132.674,4,7.4219,4.5721
2020-10-13,1011010501,茄类,23.119,23.119,0.0,169.69799999999998,4,7.3402,4.718
2020-10-14,1011010501,茄类,13.742,13.742,0.0,100.995,4,7.3494,4.749
2020-10-15,1011010501,茄类,19.447,19.447,0.0,133.0996,4,6.8442,4.6476
2020-10-16,1011010501,茄类,20.139,20.139,0.0,132.2908,4,6.5689,4.6079
2020-10-17,1011010501,茄类,30.556,30.556,0.0,198.0428,4,6.4813,4.5923
2020-10-18,1011010501,茄类,36.361,36.361,0.0,233.739,4,6.4283,4.4411
2020-10-19,1011010501,茄类,20.03,20.03,0.0,128.309,4,6.4058,4.4687
2020-10-20,1011010501,茄类,13.777,13.777,0.0,87.99080000000001,4,6.3868,4.5287
2020-10-21,1011010501,茄类,15.327,15.327,0.0,104.6112,4,6.8253,4.3503
2020-10-22,1011010501,茄类,14.725,14.725,0.0,104.8152,4,7.1182,4.4346
2020-10-23,1011010501,茄类,14.427,14.427,0.0,96.299,4,6.6749,4.3969
2020-10-24,1011010501,茄类,22.221,22.221,0.0,146.6556,4,6.5999,4.2694
2020-10-25,1011010501,茄类,30.136,30.136,0.0,200.056,4,6.6384,4.4804
2020-10-27,1011010501,茄类,13.444,13.444,0.0,85.262,4,6.342,4.6355
2020-10-28,1011010501,茄类,12.238,12.238,0.0,75.568,4,6.1749,4.7427
2020-10-29,1011010501,茄类,14.436,14.436,0.0,93.9092,4,6.5052,4.3344
2020-10-30,1011010501,茄类,12.192,12.192,0.0,83.9566,4,6.8862,4.6679
2020-10-31,1011010501,茄类,16.499000000000002,16.499000000000002,0.0,102.1192,4,6.1894,4.2579
2020-11-01,1011010501,茄类,15.407,15.407,0.0,100.832,4,6.5446,4.2505
2020-11-02,1011010501,茄类,11.378,11.378,0.0,72.4372,4,6.3664,4.3762
2020-11-03,1011010501,茄类,10.846,10.846,0.0,70.61959999999999,4,6.5111,4.3305
2020-11-04,1011010501,茄类,10.702,10.702,0.0,70.6324,4,6.5999,4.331
2020-11-06,1011010501,茄类,7.22,7.22,0.0,45.1492,4,6.2534,4.3236
2020-11-07,1011010501,茄类,10.878,10.878,0.0,68.2188,4,6.2713,4.1047
2020-11-08,1011010501,茄类,16.906,16.906,0.0,104.15,4,6.1605,4.181
2020-11-09,1011010501,茄类,10.062999999999999,10.062999999999999,0.0,61.8228,4,6.1436,4.0574
2020-11-10,1011010501,茄类,9.574,9.574,0.0,60.8912,4,6.3601,4.2965
2020-11-11,1011010501,茄类,15.585,15.585,0.0,94.9084,4,6.0897,4.1298
2020-11-12,1011010501,茄类,15.508000000000001,15.508000000000001,0.0,99.9248,4,6.4434,4.2156
2020-11-14,1011010501,茄类,18.146,18.146,0.0,93.6662,4,5.1618,3.4931
2020-11-15,1011010501,茄类,17.735999999999997,18.317999999999998,0.582,97.5306,4,5.4832,3.6623
2020-11-16,1011010501,茄类,15.672,15.672,0.0,86.9058,4,5.5453,3.5791
2020-11-17,1011010501,茄类,12.224,12.224,0.0,68.9412,4,5.6398,3.8574
2020-11-18,1011010501,茄类,15.946,15.946,0.0,96.8378,4,6.0729,3.9365
2020-11-19,1011010501,茄类,12.808,12.808,0.0,86.4716,4,6.7514,4.4938
2020-11-20,1011010501,茄类,9.804,9.804,0.0,65.911,4,6.7229,4.4299
2020-11-21,1011010501,茄类,25.15,25.451,0.301,167.3182,4,6.6569,4.4655
2020-11-22,1011010501,茄类,26.933,26.933,0.0,183.6438,4,6.8185,4.6783
2020-11-24,1011010501,茄类,13.897,13.897,0.0,85.793,4,6.1735,4.5796
2020-11-25,1011010501,茄类,13.199,13.199,0.0,85.3798,4,6.4687,4.117
2020-11-26,1011010501,茄类,12.868,12.868,0.0,91.0904,4,7.0788,4.3467
2020-11-27,1011010501,茄类,13.175,13.175,0.0,103.37440000000001,4,7.8463,4.9661
2020-11-28,1011010501,茄类,18.759,18.759,0.0,138.701,4,7.3938,5.3582
2020-11-29,1011010501,茄类,20.701999999999998,20.701999999999998,0.0,156.622,4,7.5655,5.5373
2020-12-06,1011010501,茄类,18.881,18.881,0.0,146.9104,4,7.7809,5.4113
2020-12-07,1011010501,茄类,10.537,10.537,0.0,86.114,4,8.1725,5.6495
2020-12-08,1011010501,茄类,10.904,10.904,0.0,92.342,4,8.4686,5.8106
2020-12-10,1011010501,茄类,11.411,11.411,0.0,93.746,4,8.2154,5.6391
2020-12-11,1011010501,茄类,14.918,14.918,0.0,128.516,4,8.6148,5.7233
2020-12-12,1011010501,茄类,11.965,11.965,0.0,108.842,4,9.0967,5.6944
2020-12-13,1011010501,茄类,20.845000000000002,20.845000000000002,0.0,178.528,4,8.5645,5.5459
2020-12-15,1011010501,茄类,10.295,10.295,0.0,86.829,4,8.4341,5.4997
2020-12-17,1011010501,茄类,12.154,12.154,0.0,101.346,4,8.3385,5.3159
2020-12-18,1011010501,茄类,19.541,19.541,0.0,157.787,4,8.0747,5.5355
2020-12-22,1011010501,茄类,11.078999999999999,11.078999999999999,0.0,91.13399999999999,4,8.2258,5.541
2020-12-23,1011010501,茄类,9.4,9.4,0.0,78.989,4,8.4031,5.6639
2021-02-01,1011010501,茄类,13.664,13.664,0.0,174.774,4,12.7908,8.4197
2021-02-02,1011010501,茄类,24.133000000000003,24.133000000000003,0.0,323.99,4,13.4252,8.9229
2021-02-03,1011010501,茄类,14.937999999999999,14.937999999999999,0.0,194.198,4,13.0003,8.6388
2021-02-04,1011010501,茄类,27.715999999999998,27.715999999999998,0.0,342.54,4,12.3589,8.5802
2021-02-20,1011010501,茄类,21.798000000000002,21.798000000000002,0.0,238.3638,4,10.9351,8.3215
2021-02-21,1011010501,茄类,33.803,33.803,0.0,346.29,4,10.2444,7.6408
2021-02-22,1011010501,茄类,15.47,15.47,0.0,151.6384,4,9.8021,6.5523
2021-02-23,1011010501,茄类,25.429,25.429,0.0,252.32299999999998,4,9.9226,6.3802
2021-02-24,1011010501,茄类,22.668,22.668,0.0,207.28699999999998,4,9.1445,5.3875
2021-02-25,1011010501,茄类,34.617999999999995,34.617999999999995,0.0,293.604,4,8.4813,4.9476
2021-02-26,1011010501,茄类,31.286,31.286,0.0,280.036,4,8.9508,5.1281
2021-02-27,1011010501,茄类,22.579,22.579,0.0,186.376,4,8.2544,5.2398
2021-02-28,1011010501,茄类,27.705,27.705,0.0,252.25199999999998,4,9.1049,5.3379
2021-03-01,1011010501,茄类,27.232,27.232,0.0,226.77599999999998,4,8.3276,5.1241
2021-03-03,1011010501,茄类,23.654,23.654,0.0,220.226,4,9.3103,5.7369
2021-03-04,1011010501,茄类,20.344,20.344,0.0,175.227,4,8.6132,5.5379
2021-03-31,1011010501,茄类,21.649,21.649,0.0,192.79,4,8.9053,6.1777
2021-04-02,1011010501,茄类,20.665,20.665,0.0,174.35799999999998,4,8.4374,6.0794
2021-04-04,1011010501,茄类,22.976,22.976,0.0,196.462,4,8.5507,5.7883
2021-04-10,1011010501,茄类,25.525,25.525,0.0,259.878,4,10.1813,6.3402
2021-04-13,1011010501,茄类,13.4,13.4,0.0,111.888,4,8.3499,6.0436
2021-04-15,1011010501,茄类,12.151,12.151,0.0,109.578,4,9.018,5.813
2021-04-16,1011010501,茄类,15.371,15.371,0.0,137.131,4,8.9214,5.5383
2021-04-17,1011010501,茄类,20.407,20.407,0.0,172.24,4,8.4402,5.1538
2021-04-18,1011010501,茄类,28.972,28.972,0.0,233.424,4,8.0569,5.0253
2021-04-19,1011010501,茄类,17.311,17.311,0.0,139.05599999999998,4,8.0328,5.1099
2021-04-20,1011010501,茄类,16.234,16.234,0.0,125.125,4,7.7076,4.9451
2021-04-22,1011010501,茄类,15.227,15.227,0.0,110.60839999999999,4,7.264,4.432
2021-04-23,1011010501,茄类,27.427,27.427,0.0,187.59900000000002,4,6.8399,4.5026
2021-04-24,1011010501,茄类,37.796,37.796,0.0,255.6886,4,6.765,4.6428
2021-04-25,1011010501,茄类,24.708,24.708,0.0,190.9974,4,7.7302,4.5386
2021-04-26,1011010501,茄类,12.618,12.618,0.0,101.56020000000001,4,8.0488,4.6062
2021-04-27,1011010501,茄类,31.042,31.042,0.0,219.56939999999997,4,7.0733,4.6927
2021-04-28,1011010501,茄类,27.487,27.487,0.0,207.4876,4,7.5486,5.1235
2021-04-29,1011010501,茄类,15.705,15.705,0.0,123.4332,4,7.8595,5.2599
2021-04-30,1011010501,茄类,26.786,26.786,0.0,229.9156,4,8.5834,5.0028
2021-05-01,1011010501,茄类,19.976,19.976,0.0,168.807,4,8.4505,5.0054
2021-05-02,1011010501,茄类,22.784,22.784,0.0,166.1028,4,7.2903,5.4186
2021-05-03,1011010501,茄类,25.174999999999997,25.174999999999997,0.0,213.0582,4,8.4631,5.177
2021-05-04,1011010501,茄类,18.032,18.032,0.0,146.0018,4,8.0968,4.4303
2021-05-05,1011010501,茄类,17.339000000000002,17.339000000000002,0.0,135.448,4,7.8118,4.2951
2021-05-06,1011010501,茄类,22.682,22.682,0.0,185.983,4,8.1996,4.8922
2021-05-07,1011010501,茄类,20.724,20.724,0.0,144.95499999999998,4,6.9945,5.1485
2021-05-08,1011010501,茄类,22.625,22.625,0.0,172.803,4,7.6377,5.6941
2021-05-09,1011010501,茄类,30.75,30.75,0.0,214.354,4,6.9709,5.1294
2021-05-10,1011010501,茄类,24.956,24.956,0.0,172.118,4,6.8969,4.9822
2021-05-11,1011010501,茄类,26.533,26.533,0.0,167.1336,4,6.2991,4.5065
2021-05-12,1011010501,茄类,19.247,19.247,0.0,109.28,4,5.6778,3.9
2021-05-13,1011010501,茄类,20.687,20.687,0.0,124.9306,4,6.0391,3.7104
2021-05-14,1011010501,茄类,32.193,32.193,0.0,166.5412,4,5.1732,3.3122
2021-05-15,1011010501,茄类,40.776,40.776,0.0,253.839,4,6.2252,3.631
2021-05-16,1011010501,茄类,19.009,19.009,0.0,102.39240000000001,4,5.3865,3.4088
2021-05-17,1011010501,茄类,29.921,29.921,0.0,188.09660000000002,4,6.2864,3.6419
2021-05-18,1011010501,茄类,23.783,23.783,0.0,120.977,4,5.0867,3.0535
2021-05-20,1011010501,茄类,22.177,22.177,0.0,119.748,4,5.3996,3.3669
2021-05-22,1011010501,茄类,25.845,25.845,0.0,180.8472,4,6.9974,3.5805
2021-05-23,1011010501,茄类,42.331,42.331,0.0,296.7594,4,7.0105,3.9534
2021-05-24,1011010501,茄类,17.043,17.043,0.0,119.5666,4,7.0156,4.0766
2021-05-25,1011010501,茄类,17.94,17.94,0.0,122.0698,4,6.8043,4.0734
2021-05-26,1011010501,茄类,15.809999999999999,15.809999999999999,0.0,95.8226,4,6.0609,3.6302
2021-05-27,1011010501,茄类,15.645,15.645,0.0,94.813,4,6.0603,3.9254
2021-05-28,1011010501,茄类,16.472,16.472,0.0,96.63980000000001,4,5.8669,3.779
2021-05-29,1011010501,茄类,18.291,18.291,0.0,119.8882,4,6.5545,4.1018
2021-05-30,1011010501,茄类,27.038,27.038,0.0,159.936,4,5.9152,3.8359
2021-05-31,1011010501,茄类,25.363,25.363,0.0,139.95,4,5.5179,3.1143
2021-06-01,1011010501,茄类,26.938,26.938,0.0,132.09,4,4.9035,2.6526
2021-06-02,1011010501,茄类,27.706,27.706,0.0,148.873,4,5.3733,3.1119
2021-06-03,1011010501,茄类,11.679,11.679,0.0,70.836,4,6.0652,3.5381
2021-06-04,1011010501,茄类,16.743,16.743,0.0,96.555,4,5.7669,3.4461
2021-06-05,1011010501,茄类,36.367000000000004,36.367000000000004,0.0,221.95260000000002,4,6.1031,3.7497
2021-06-06,1011010501,茄类,30.644000000000002,30.644000000000002,0.0,162.585,4,5.3056,3.8534
2021-06-07,1011010501,茄类,29.868000000000002,29.868000000000002,0.0,118.4126,4,3.9645,2.5397
2021-06-08,1011010501,茄类,24.611,24.611,0.0,138.816,4,5.6404,3.236
2021-06-09,1011010501,茄类,19.353,19.353,0.0,93.3834,4,4.8253,2.7922
2021-06-10,1011010501,茄类,24.961,24.961,0.0,122.1056,4,4.8919,2.7591
2021-06-11,1011010501,茄类,16.567,16.567,0.0,49.643,4,2.9965,1.7641
2021-06-15,1011010501,茄类,20.698,20.698,0.0,109.332,4,5.2822,3.4159
2021-06-16,1011010501,茄类,19.793,19.793,0.0,92.512,4,4.674,2.9245
2021-07-02,1011010501,茄类,28.564999999999998,28.564999999999998,0.0,123.388,4,4.3196,2.6106
2021-07-05,1011010501,茄类,49.588,49.588,0.0,227.714,4,4.5921,2.5066
2021-07-06,1011010501,茄类,49.005,49.005,0.0,227.692,4,4.6463,2.5664
2021-07-07,1011010501,茄类,31.752000000000002,31.752000000000002,0.0,116.248,4,3.6611,2.5243
2021-07-08,1011010501,茄类,33.078,33.078,0.0,139.172,4,4.2074,2.3003
