20260666C/代码与数据/processed/daily_category.csv
date,cat_code,cat_name,qty_net,qty_sold,qty_returned,revenue_net,n_items,avg_retail_price,avg_wholesale_price
2021-07-09,1011010501,茄类,22.81,22.81,0.0,100.952,4,4.4258,2.4281
2021-07-10,1011010501,茄类,49.929,49.929,0.0,244.502,4,4.897,2.3922
2021-07-14,1011010501,茄类,20.281,20.281,0.0,101.12,4,4.9859,2.7624
2021-07-16,1011010501,茄类,53.379999999999995,53.379999999999995,0.0,318.996,4,5.9759,3.58
2021-07-19,1011010501,茄类,19.986,19.986,0.0,113.711,4,5.6895,3.2933
2021-07-21,1011010501,茄类,22.554000000000002,22.554000000000002,0.0,160.268,4,7.106,4.2674
2021-07-22,1011010501,茄类,26.636,26.636,0.0,210.27100000000002,4,7.8942,4.304
2021-07-24,1011010501,茄类,37.029,37.029,0.0,292.866,4,7.9091,5.5973
2021-07-25,1011010501,茄类,29.736,29.736,0.0,260.812,4,8.7709,6.1613
2021-07-27,1011010501,茄类,20.927,20.927,0.0,175.163,4,8.3702,5.2712
2021-07-28,1011010501,茄类,15.551,15.551,0.0,140.416,4,9.0294,5.817
2021-07-29,1011010501,茄类,59.522000000000006,59.522000000000006,0.0,286.203,4,4.8084,3.0971
2021-07-31,1011010501,茄类,24.536,24.536,0.0,181.5038,4,7.3974,4.7145
2021-08-02,1011010501,茄类,35.577,35.577,0.0,280.998,4,7.8983,4.8712
2021-08-03,1011010501,茄类,48.443999999999996,48.443999999999996,0.0,395.67,4,8.1676,6.8646
2021-08-04,1011010501,茄类,33.147,33.147,0.0,245.824,4,7.4162,5.5471
2021-08-05,1011010501,茄类,29.119999999999997,29.119999999999997,0.0,226.642,4,7.783,5.938
2021-08-06,1011010501,茄类,20.331,20.331,0.0,180.138,4,8.8603,5.9816
2021-08-07,1011010501,茄类,23.784,23.784,0.0,229.052,4,9.6305,6.3569
2021-08-09,1011010501,茄类,31.015,31.015,0.0,238.654,4,7.6948,5.0076
2021-08-10,1011010501,茄类,22.361,22.361,0.0,200.91,4,8.9848,6.5566
2021-08-11,1011010501,茄类,25.757,25.757,0.0,245.6835,4,9.5385,7.2792
2021-08-12,1011010501,茄类,37.175,37.175,0.0,284.422,4,7.6509,5.0287
2021-08-13,1011010501,茄类,49.079,49.079,0.0,373.146,4,7.603,5.6947
2021-08-14,1011010501,茄类,35.09,35.09,0.0,245.624,4,6.9998,4.1351
2021-08-15,1011010501,茄类,31.244999999999997,31.244999999999997,0.0,211.173,4,6.7586,3.8332
2021-08-17,1011010501,茄类,28.565,28.565,0.0,196.07,4,6.864,4.315
2021-08-18,1011010501,茄类,25.035,25.035,0.0,192.989,4,7.7088,4.9441
2021-08-19,1011010501,茄类,31.477999999999998,31.477999999999998,0.0,229.489,4,7.2905,4.5483
2021-08-20,1011010501,茄类,25.752,25.752,0.0,248.06600000000003,4,9.6329,5.4344
2021-08-21,1011010501,茄类,33.887,33.887,0.0,231.68800000000002,4,6.8371,4.6439
2021-08-22,1011010501,茄类,21.861,21.861,0.0,159.38500000000002,4,7.2908,5.3366
2021-08-23,1011010501,茄类,29.713,29.713,0.0,199.834,4,6.7255,5.0516
2021-08-24,1011010501,茄类,22.695,22.695,0.0,153.405,4,6.7594,4.6776
2021-08-25,1011010501,茄类,27.139,27.139,0.0,182.23999999999998,4,6.7151,4.3934
2021-08-27,1011010501,茄类,33.381,33.381,0.0,233.774,4,7.0032,4.2412
2021-08-28,1011010501,茄类,34.078,34.078,0.0,253.705,4,7.4448,4.6232
2021-08-29,1011010501,茄类,39.917,39.917,0.0,310.353,4,7.775,5.276
2021-08-30,1011010501,茄类,41.208,41.208,0.0,314.522,4,7.6325,4.9577
2021-08-31,1011010501,茄类,39.432,39.432,0.0,305.287,4,7.7421,4.9592
2021-09-01,1011010501,茄类,27.264000000000003,27.264000000000003,0.0,231.483,4,8.4904,5.2908
2021-09-02,1011010501,茄类,24.511000000000003,24.511000000000003,0.0,205.6,4,8.3881,4.7832
2021-09-03,1011010501,茄类,20.685,20.685,0.0,181.352,4,8.7673,5.1384
2021-09-04,1011010501,茄类,26.823,26.823,0.0,241.69400000000002,4,9.0107,5.4562
2021-09-05,1011010501,茄类,30.823,30.823,0.0,260.966,4,8.4666,5.4173
2021-09-06,1011010501,茄类,20.716,20.716,0.0,184.626,4,8.9122,5.3437
2021-09-07,1011010501,茄类,19.175,19.175,0.0,159.586,4,8.3226,5.536
2021-09-08,1011010501,茄类,16.32,16.32,0.0,133.052,4,8.1527,5.7088
2021-09-09,1011010501,茄类,12.804,12.804,0.0,107.13199999999999,4,8.3671,5.8127
2021-09-10,1011010501,茄类,13.491,13.491,0.0,113.02799999999999,4,8.378,5.4592
2021-09-11,1011010501,茄类,26.026,26.026,0.0,214.934,4,8.2584,5.3577
2021-09-12,1011010501,茄类,34.906,34.906,0.0,282.924,4,8.1053,5.0385
2021-09-13,1011010501,茄类,26.428,26.428,0.0,204.86800000000002,4,7.7519,4.7395
2021-09-14,1011010501,茄类,24.411,24.411,0.0,186.907,4,7.6567,4.7237
2021-09-15,1011010501,茄类,20.887,20.887,0.0,157.74300000000002,4,7.5522,4.4641
2021-09-17,1011010501,茄类,22.689,22.689,0.0,157.075,4,6.9229,4.0801
2021-09-19,1011010501,茄类,46.834999999999994,46.834999999999994,0.0,307.554,4,6.5667,3.7394
2021-09-20,1011010501,茄类,40.869,40.869,0.0,290.425,4,7.1062,4.006
2021-09-21,1011010501,茄类,32.084,32.473,0.389,230.132,4,7.1827,3.8916
2021-09-22,1011010501,茄类,31.009,31.009,0.0,214.52100000000002,4,6.918,4.0647
2021-09-23,1011010501,茄类,22.845,22.845,0.0,153.977,4,6.7401,3.9246
2021-09-26,1011010501,茄类,28.75,28.75,0.0,216.667,4,7.5362,4.2146
2021-09-27,1011010501,茄类,11.333,11.333,0.0,90.664,4,8.0,4.0842
2021-09-28,1011010501,茄类,19.695999999999998,19.695999999999998,0.0,145.414,4,7.3829,4.1393
2021-09-29,1011010501,茄类,14.816,14.816,0.0,114.188,4,7.7071,4.6007
2021-09-30,1011010501,茄类,18.756999999999998,18.756999999999998,0.0,144.265,4,7.6913,4.3985
2021-10-01,1011010501,茄类,36.474,36.474,0.0,284.07599999999996,4,7.7885,4.8529
2021-10-02,1011010501,茄类,31.701,31.974,0.273,259.332,4,8.1705,4.8352
2021-10-03,1011010501,茄类,27.064999999999998,27.064999999999998,0.0,219.23499999999999,4,8.1003,4.3744
2021-10-04,1011010501,茄类,20.632,20.632,0.0,183.23600000000002,4,8.8812,5.4593
2021-10-05,1011010501,茄类,35.634,36.423,0.789,257.682,4,7.2047,5.8676
2021-10-06,1011010501,茄类,23.643,24.095,0.452,209.06900000000002,4,8.8269,6.0933
2021-10-07,1011010501,茄类,20.343000000000004,20.343000000000004,0.0,196.923,4,9.6801,6.7021
2021-10-08,1011010501,茄类,23.041,23.041,0.0,225.098,4,9.7695,6.4879
2021-10-09,1011010501,茄类,16.791999999999998,16.791999999999998,0.0,164.88,4,9.819,6.371
2021-10-10,1011010501,茄类,24.273,24.273,0.0,251.773,4,10.3726,6.2831
2021-10-11,1011010501,茄类,14.56,14.56,0.0,130.286,4,8.9482,5.6411
2021-10-12,1011010501,茄类,12.799000000000001,12.799000000000001,0.0,127.99,4,10.0,5.3768
2021-10-13,1011010501,茄类,11.277000000000001,11.277000000000001,0.0,116.582,4,10.338,6.1485
2021-10-15,1011010501,茄类,10.811,10.811,0.0,132.124,4,12.2213,6.8102
2021-10-17,1011010501,茄类,13.639,13.639,0.0,171.464,4,12.5716,7.1823
2021-10-18,1011010501,茄类,10.502,10.502,0.0,138.232,4,13.1624,7.3507
2021-10-20,1011010501,茄类,8.978,8.978,0.0,104.88,4,11.6819,7.9209
2021-10-21,1011010501,茄类,11.262,11.262,0.0,154.956,4,13.7592,7.5248
2021-10-24,1011010501,茄类,11.389000000000001,11.389000000000001,0.0,150.57,4,13.2207,8.3971
2021-10-26,1011010501,茄类,8.68,8.68,0.0,115.686,4,13.3279,9.1818
2021-10-31,1011010501,茄类,8.639,8.639,0.0,106.164,4,12.2889,8.9901
2021-11-02,1011010501,茄类,13.551,13.551,0.0,152.258,4,11.2359,6.8351
2021-11-03,1011010501,茄类,5.176,5.176,0.0,65.61,4,12.6758,7.1948
2021-11-07,1011010501,茄类,14.185,14.185,0.0,156.752,4,11.0505,6.8446
2021-11-24,1011010501,茄类,9.217,9.217,0.0,115.586,4,12.5405,7.8456
2021-11-27,1011010501,茄类,11.622000000000002,11.622000000000002,0.0,115.078,4,9.9017,6.1359
2021-11-29,1011010501,茄类,5.796,5.796,0.0,68.826,4,11.8747,7.0547
2021-11-30,1011010501,茄类,7.103,7.103,0.0,77.78999999999999,4,10.9517,6.1869
2021-12-07,1011010501,茄类,6.648000000000001,6.648000000000001,0.0,70.562,4,10.614,6.4318
2021-12-12,1011010501,茄类,10.425999999999998,10.425999999999998,0.0,108.898,4,10.4448,5.6705
2021-12-14,1011010501,茄类,5.472,5.472,0.0,59.519999999999996,4,10.8772,6.7916
2021-12-15,1011010501,茄类,6.299,6.299,0.0,66.534,4,10.5626,6.0593
2021-12-16,1011010501,茄类,4.506,4.506,0.0,47.468,4,10.5344,6.006
2021-12-21,1011010501,茄类,6.431,6.431,0.0,72.88199999999999,4,11.3329,6.9368
2022-01-07,1011010501,茄类,16.284,16.284,0.0,178.166,4,10.9412,6.2701
2022-01-08,1011010501,茄类,14.224,14.224,0.0,152.986,4,10.7555,6.4769
2022-01-09,1011010501,茄类,11.879,11.879,0.0,131.102,4,11.0365,6.3064
2022-01-11,1011010501,茄类,10.573,10.573,0.0,106.534,4,10.076,5.9766
2022-01-12,1011010501,茄类,10.637,10.637,0.0,114.042,4,10.7213,6.223
2022-01-13,1011010501,茄类,12.889,12.889,0.0,144.233,4,11.1904,6.4296
2022-01-19,1011010501,茄类,4.2059999999999995,4.2059999999999995,0.0,45.372,4,10.7874,6.1559
2022-01-20,1011010501,茄类,22.912,22.912,0.0,250.06,4,10.9139,6.4496
2022-01-22,1011010501,茄类,22.592000000000002,22.592000000000002,0.0,328.213,4,14.5278,6.5588
2022-01-25,1011010501,茄类,26.834,26.834,0.0,382.132,4,14.2406,9.5971
2022-01-26,1011010501,茄类,31.875,31.875,0.0,462.492,4,14.5096,9.4575
2022-01-27,1011010501,茄类,21.963,21.963,0.0,356.442,4,16.2292,9.4467
2022-01-28,1011010501,茄类,54.803000000000004,54.803000000000004,0.0,968.3842,4,17.6703,9.4725
2022-01-29,1011010501,茄类,85.672,86.261,0.589,1509.0580000000002,4,17.6033,10.0951
2022-01-30,1011010501,茄类,88.02799999999999,88.02799999999999,0.0,1526.0572,4,17.336,10.4751
2022-02-01,1011010501,茄类,18.86,18.86,0.0,328.4054,4,17.4128,10.16
2022-02-04,1011010501,茄类,49.812,49.812,0.0,717.406,4,14.4023,10.6557
2022-02-23,1011010501,茄类,10.987,10.987,0.0,121.35100000000001,4,11.045,7.756
2022-02-26,1011010501,茄类,22.413,22.413,0.0,256.314,4,11.436,7.7599
2022-03-02,1011010501,茄类,8.61,8.61,0.0,113.056,4,13.1308,8.6869
2022-03-05,1011010501,茄类,14.836,14.836,0.0,204.0128,4,13.7512,9.2512
2022-03-17,1011010501,茄类,15.834,15.834,0.0,207.55200000000002,4,13.108,8.5543
2022-03-19,1011010501,茄类,26.011,26.011,0.0,352.676,4,13.5587,8.8822
2022-03-24,1011010501,茄类,16.036,16.036,0.0,210.76800000000003,4,13.1434,8.6881
2022-04-19,1011010501,茄类,16.985,16.985,0.0,173.3884,4,10.2083,5.4425
2022-04-23,1011010501,茄类,25.194,25.194,0.0,256.75280000000004,4,10.191,6.3211
2022-04-25,1011010501,茄类,20.592,20.592,0.0,189.652,4,9.21,5.924
2022-04-27,1011010501,茄类,24.953,24.953,0.0,234.596,4,9.4015,5.6915
2022-05-01,1011010501,茄类,36.606,36.606,0.0,332.5316,4,9.0841,5.7025
2022-05-03,1011010501,茄类,42.378,42.378,0.0,306.558,4,7.2339,5.8604
2022-05-04,1011010501,茄类,44.495000000000005,44.495000000000005,0.0,334.22040000000004,4,7.5114,6.4354
2022-05-05,1011010501,茄类,26.05,26.05,0.0,210.7572,4,8.0905,6.7965
2022-05-10,1011010501,茄类,13.224,13.224,0.0,146.094,4,11.0476,6.8176
2022-05-11,1011010501,茄类,15.419,15.419,0.0,162.63,4,10.5474,7.2242
2022-05-12,1011010501,茄类,22.173,22.173,0.0,193.796,4,8.7402,6.506
2022-05-15,1011010501,茄类,43.626999999999995,43.626999999999995,0.0,411.374,4,9.4293,6.1843
2022-05-17,1011010501,茄类,23.194000000000003,23.194000000000003,0.0,208.35399999999998,4,8.9831,5.886
2022-05-19,1011010501,茄类,21.799,21.799,0.0,201.164,4,9.2281,5.7648
2022-05-22,1011010501,茄类,29.841,29.841,0.0,269.788,4,9.0408,6.3248
2022-05-24,1011010501,茄类,29.284999999999997,29.284999999999997,0.0,236.528,4,8.0768,5.6181
2022-05-26,1011010501,茄类,29.903000000000002,29.903000000000002,0.0,204.54399999999998,4,6.8403,5.5465
2022-05-27,1011010501,茄类,27.341,27.341,0.0,165.80599999999998,4,6.0644,4.18
2022-05-31,1011010501,茄类,18.11,18.11,0.0,95.4294,4,5.2694,3.3626
2022-06-02,1011010501,茄类,34.716,34.716,0.0,198.594,4,5.7205,3.6819
2022-06-03,1011010501,茄类,59.95,59.95,0.0,343.148,4,5.7239,3.7129
2022-06-06,1011010501,茄类,37.312,37.312,0.0,194.708,4,5.2184,2.9028
2022-06-09,1011010501,茄类,35.271,35.271,0.0,156.211,4,4.4289,2.9989
2022-06-13,1011010501,茄类,33.306,33.306,0.0,162.54919999999998,4,4.8805,2.8044
2022-06-15,1011010501,茄类,33.775999999999996,33.775999999999996,0.0,226.2886,4,6.6997,3.7888
2022-06-17,1011010501,茄类,36.326,36.326,0.0,242.784,4,6.6835,4.1162
2022-06-22,1011010501,茄类,22.451,22.451,0.0,163.3068,4,7.2739,4.5276
2022-06-25,1011010501,茄类,28.57,28.57,0.0,207.693,4,7.2696,4.4534
2022-06-27,1011010501,茄类,21.427,21.427,0.0,166.18599999999998,4,7.7559,5.256
2022-06-28,1011010501,茄类,13.137,13.137,0.0,98.02,4,7.4614,5.1544
2022-06-30,1011010501,茄类,21.969,21.969,0.0,139.9018,4,6.3681,4.2163
2022-07-01,1011010501,茄类,17.165,17.165,0.0,127.70020000000001,4,7.4396,4.36
2022-07-10,1011010501,茄类,21.797,21.797,0.0,163.073,4,7.4814,4.5719
2022-07-13,1011010501,茄类,12.754999999999999,12.754999999999999,0.0,82.113,4,6.4377,3.4539
2022-07-16,1011010501,茄类,18.431,18.431,0.0,151.32180000000002,4,8.2102,3.7057
2022-07-17,1011010501,茄类,21.933999999999997,21.933999999999997,0.0,176.5404,4,8.0487,4.1003
2022-07-30,1011010501,茄类,13.837,13.837,0.0,94.672,4,6.8419,4.3114
2022-08-04,1011010501,茄类,17.149,17.149,0.0,128.411,4,7.488,5.325
2022-08-07,1011010501,茄类,26.316000000000003,26.316000000000003,0.0,234.197,4,8.8994,5.1974
2022-08-08,1011010501,茄类,18.528,18.528,0.0,157.298,4,8.4897,5.5698
2022-08-11,1011010501,茄类,13.387,13.387,0.0,129.53,4,9.6758,5.3017
2022-08-28,1011010501,茄类,25.88,25.88,0.0,218.8246,4,8.4554,5.0918
2020-09-18,1011010801,食用菌,38.541,38.541,0.0,494.7814,13,12.8378,7.6487
2020-09-23,1011010801,食用菌,56.265,56.265,0.0,629.0034,13,11.1793,6.3795
2020-09-28,1011010801,食用菌,46.913000000000004,46.913000000000004,0.0,559.5806,13,11.928,6.7585
2020-09-29,1011010801,食用菌,45.485,45.485,0.0,561.5908,13,12.3467,6.8071
2020-09-30,1011010801,食用菌,110.358,110.358,0.0,1347.0066000000002,13,12.2058,7.2325
2020-10-02,1011010801,食用菌,89.316,89.316,0.0,957.4802,13,10.7201,6.1974
2020-10-07,1011010801,食用菌,80.421,80.421,0.0,1044.4744,13,12.9876,6.7999
2020-10-08,1011010801,食用菌,328.488,328.488,0.0,1355.1604,13,4.1254,2.3686
2020-10-09,1011010801,食用菌,57.257999999999996,57.257999999999996,0.0,567.0858000000001,13,9.904,5.5394
2020-10-10,1011010801,食用菌,75.63000000000001,75.63000000000001,0.0,805.1394,13,10.6458,6.1492
2020-10-14,1011010801,食用菌,73.831,73.831,0.0,723.5074,13,9.7995,5.362
2020-10-17,1011010801,食用菌,115.557,115.896,0.339,1251.6254000000001,13,10.8522,6.2107
2020-10-18,1011010801,食用菌,113.125,113.125,0.0,1339.16,13,11.8379,6.74
2020-11-12,1011010801,食用菌,68.656,68.656,0.0,397.194,13,5.7853,3.6598
2020-11-25,1011010801,食用菌,95.581,95.581,0.0,803.3278,13,8.4047,5.4786
2020-11-28,1011010801,食用菌,187.133,187.133,0.0,1306.8872000000001,13,6.9837,4.4919
2020-11-29,1011010801,食用菌,168.218,168.218,0.0,1362.4976000000001,13,8.0996,5.3194
2020-11-30,1011010801,食用菌,100.48599999999999,100.48599999999999,0.0,609.4374,13,6.0649,4.1878
2020-12-04,1011010801,食用菌,110.875,110.875,0.0,910.5812,13,8.2127,5.5922
2020-12-06,1011010801,食用菌,234.205,234.205,0.0,1740.892,13,7.4332,5.188
2020-12-21,1011010801,食用菌,84.045,84.045,0.0,802.8054,13,9.5521,7.1581
2020-12-28,1011010801,食用菌,69.819,69.819,0.0,681.142,13,9.7558,6.8719
2021-01-13,1011010801,食用菌,76.684,76.684,0.0,779.543,13,10.1656,6.8844
2021-02-08,1011010801,食用菌,240.205,240.205,0.0,2369.981,13,9.8665,6.5084
2021-02-19,1011010801,食用菌,92.327,92.327,0.0,785.2096,13,8.5047,5.4617
2021-02-21,1011010801,食用菌,79.403,79.403,0.0,718.7456,13,9.0519,5.9173
2021-02-25,1011010801,食用菌,110.55699999999999,110.55699999999999,0.0,849.2956,13,7.682,4.8521
2021-02-27,1011010801,食用菌,116.814,116.814,0.0,921.104,13,7.8852,4.8553
2021-03-03,1011010801,食用菌,71.027,71.027,0.0,526.704,13,7.4155,4.684
2021-03-11,1011010801,食用菌,75.477,75.477,0.0,551.5098,13,7.307,4.2982
2021-03-13,1011010801,食用菌,101.865,101.865,0.0,707.574,13,6.9462,4.2488
2021-03-23,1011010801,食用菌,48.174,48.174,0.0,385.9092,13,8.0107,4.6707
2021-03-28,1011010801,食用菌,55.673,55.673,0.0,429.5506,13,7.7156,4.7404
2021-04-02,1011010801,食用菌,72.574,72.574,0.0,626.0194,13,8.6259,5.2696
2021-04-07,1011010801,食用菌,47.805,47.805,0.0,399.742,13,8.3619,5.3032
2021-04-17,1011010801,食用菌,70.81700000000001,70.81700000000001,0.0,565.912,13,7.9912,5.2775
2021-04-18,1011010801,食用菌,56.607,56.607,0.0,425.227,13,7.5119,4.9425
2021-06-01,1011010801,食用菌,33.668,33.668,0.0,390.0558,13,11.5854,7.6382
2021-06-02,1011010801,食用菌,43.528,43.528,0.0,429.843,13,9.8751,6.5014
2021-06-03,1011010801,食用菌,48.365,48.365,0.0,440.7986,13,9.114,5.9512
2021-06-04,1011010801,食用菌,47.048,47.048,0.0,475.4778,13,10.1062,6.8325
2021-06-15,1011010801,食用菌,31.346,31.346,0.0,272.3302,13,8.6879,5.5983
2021-06-24,1011010801,食用菌,31.747,31.747,0.0,303.3978,13,9.5567,6.4133
2021-06-30,1011010801,食用菌,41.537,41.537,0.0,413.7296,13,9.9605,6.7093
2021-07-03,1011010801,食用菌,66.849,66.849,0.0,808.725,13,12.0978,8.1511
2021-07-05,1011010801,食用菌,40.491,40.491,0.0,428.57820000000004,13,10.5845,7.1834
2021-08-29,1011010801,食用菌,65.999,65.999,0.0,729.445,13,11.0524,6.8521
2022-11-21,1011010801,食用菌,343.02,343.02,0.0,1871.1912,13,5.4551,3.1059
