20260666C/代码与数据/processed/daily_category.csv
date,cat_code,cat_name,qty_net,qty_sold,qty_returned,revenue_net,n_items,avg_retail_price,avg_wholesale_price
2020-09-25,1011010101,花叶类,173.781,173.781,0.0,1331.6094,20,7.6626,4.4885
2021-02-08,1011010101,花叶类,234.405,234.405,0.0,1232.6736,20,5.2587,3.2013
2021-03-02,1011010101,花叶类,182.984,182.984,0.0,1158.5064,20,6.3312,4.0895
2021-03-10,1011010101,花叶类,119.599,119.599,0.0,674.7836,20,5.6421,3.114
2021-03-11,1011010101,花叶类,158.357,158.357,0.0,963.0020000000001,20,6.0812,3.4151
2021-03-12,1011010101,花叶类,152.44,152.44,0.0,975.3532,20,6.3983,3.8524
2021-03-16,1011010101,花叶类,100.12100000000001,100.12100000000001,0.0,629.4896,20,6.2873,3.6912
2021-03-18,1011010101,花叶类,128.058,128.058,0.0,852.0296,20,6.6535,4.1415
2021-03-20,1011010101,花叶类,267.979,267.979,0.0,1811.3624,20,6.7593,4.2808
2021-04-01,1011010101,花叶类,162.291,162.291,0.0,1153.2736,20,7.1062,4.8388
2021-04-04,1011010101,花叶类,192.021,192.021,0.0,1269.6168,20,6.6119,4.0227
2021-04-15,1011010101,花叶类,130.081,130.081,0.0,742.2238,20,5.7059,3.5174
2021-04-16,1011010101,花叶类,130.808,130.808,0.0,701.8084,20,5.3652,3.3333
2021-04-17,1011010101,花叶类,194.95100000000002,194.95100000000002,0.0,1138.454,20,5.8397,3.6166
2021-04-18,1011010101,花叶类,194.451,194.451,0.0,1123.6348,20,5.7785,3.6201
2021-04-19,1011010101,花叶类,134.781,134.781,0.0,762.6614,20,5.6585,3.6007
2021-04-25,1011010101,花叶类,221.785,221.785,0.0,1119.8696,20,5.0493,3.2296
2021-04-26,1011010101,花叶类,151.258,151.258,0.0,744.8266,20,4.9242,3.224
2021-04-28,1011010101,花叶类,125.4,125.78500000000001,0.385,607.1252,20,4.8451,3.1617
2021-04-29,1011010101,花叶类,134.898,134.898,0.0,635.1394,20,4.7083,2.9649
2021-05-01,1011010101,花叶类,171.826,171.826,0.0,890.2396,20,5.1811,3.3759
2021-05-05,1011010101,花叶类,203.532,203.532,0.0,1003.3548,20,4.9297,3.2458
2021-05-06,1011010101,花叶类,151.84,151.84,0.0,820.8354,20,5.4059,3.6585
2021-05-07,1011010101,花叶类,147.508,147.508,0.0,706.4214,20,4.789,3.0229
2021-05-09,1011010101,花叶类,216.668,216.668,0.0,1128.83,20,5.21,3.178
2021-05-14,1011010101,花叶类,191.116,191.116,0.0,884.0084,20,4.6255,2.8079
2021-05-18,1011010101,花叶类,173.271,173.271,0.0,771.1895999999999,20,4.4508,2.5879
2021-05-20,1011010101,花叶类,148.851,148.851,0.0,641.9808,20,4.3129,2.49
2021-06-08,1011010101,花叶类,144.482,144.482,0.0,690.284,20,4.7776,2.8607
2021-06-11,1011010101,花叶类,129.982,129.982,0.0,789.5222,20,6.0741,3.4025
2021-06-12,1011010101,花叶类,210.267,210.267,0.0,1237.7112,20,5.8864,3.3381
2021-07-18,1011010101,花叶类,234.028,234.028,0.0,1391.1018,20,5.9442,3.4943
2021-07-20,1011010101,花叶类,152.362,152.362,0.0,988.2304,20,6.4861,3.6457
2021-07-23,1011010101,花叶类,150.636,150.636,0.0,975.7726,20,6.4777,3.5559
2021-07-30,1011010101,花叶类,214.155,214.155,0.0,1472.2514,20,6.8747,4.0561
2021-09-15,1011010101,花叶类,150.327,150.327,0.0,1103.619,20,7.3414,4.6533
2021-09-20,1011010101,花叶类,224.186,224.8,0.614,1883.106,20,8.4014,5.066
2021-10-17,1011010101,花叶类,163.589,163.589,0.0,1519.983,20,9.2915,5.7314
2021-12-16,1011010101,花叶类,99.125,99.125,0.0,420.4444,20,4.2416,2.5291
2021-12-17,1011010101,花叶类,97.582,97.582,0.0,459.1418,20,4.7052,2.8028
2021-12-27,1011010101,花叶类,82.705,82.705,0.0,324.002,20,3.9176,2.0861
2022-01-01,1011010101,花叶类,138.402,138.402,0.0,600.517,20,4.3389,2.4753
2022-01-03,1011010101,花叶类,90.081,90.081,0.0,378.9412,20,4.2067,2.411
2022-01-04,1011010101,花叶类,70.388,70.388,0.0,286.0908,20,4.0645,2.2278
2022-01-05,1011010101,花叶类,65.654,65.654,0.0,262.4934,20,3.9981,2.1985
2022-01-10,1011010101,花叶类,76.365,76.365,0.0,281.7392,20,3.6894,1.9597
2022-01-12,1011010101,花叶类,85.232,85.232,0.0,322.03000000000003,20,3.7783,2.0561
2022-01-19,1011010101,花叶类,129.677,129.677,0.0,519.6736,20,4.0074,2.0938
2022-01-21,1011010101,花叶类,146.062,146.062,0.0,597.668,20,4.0919,2.1408
2022-02-04,1011010101,花叶类,216.497,216.497,0.0,1324.3794,20,6.1173,3.5279
2022-02-09,1011010101,花叶类,138.288,138.288,0.0,740.5578,20,5.3552,2.9727
2022-02-12,1011010101,花叶类,154.467,154.467,0.0,871.2256,20,5.6402,3.2963
2022-03-11,1011010101,花叶类,88.822,88.822,0.0,527.4428,20,5.9382,3.676
2022-04-17,1011010101,花叶类,107.549,107.549,0.0,719.8602000000001,20,6.6933,4.1913
2022-06-30,1011010101,花叶类,127.274,127.274,0.0,638.0496,20,5.0132,3.1002
2022-08-06,1011010101,花叶类,355.128,355.128,0.0,1374.4929,20,3.8704,2.2716
2022-09-21,1011010101,花叶类,213.475,213.475,0.0,1014.2253000000001,20,4.751,2.8453
2022-10-05,1011010101,花叶类,373.666,373.666,0.0,1752.4306,20,4.6898,2.1533
2022-10-21,1011010101,花叶类,611.5939999999999,613.973,2.379,2539.93,20,4.1507,2.0829
2022-11-13,1011010101,花叶类,312.032,312.032,0.0,844.2566,20,2.7057,1.2128
2022-11-16,1011010101,花叶类,205.406,205.406,0.0,521.6956,20,2.5398,1.3164
2022-11-23,1011010101,花叶类,247.572,247.572,0.0,707.5224000000001,20,2.8578,1.5261
2020-09-25,1011010801,食用菌,64.509,64.509,0.0,768.5568,15,11.9139,6.9627
2020-09-26,1011010801,食用菌,94.495,94.495,0.0,1114.7232,15,11.7966,7.0246
2020-09-27,1011010801,食用菌,72.522,72.522,0.0,827.3038,15,11.4076,6.3714
2020-12-07,1011010801,食用菌,91.333,91.333,0.0,737.082,15,8.0703,5.7285
2020-12-14,1011010801,食用菌,83.089,83.089,0.0,834.34,15,10.0415,7.0122
2020-12-19,1011010801,食用菌,154.68099999999998,154.68099999999998,0.0,1478.816,15,9.5604,6.615
2020-12-20,1011010801,食用菌,142.972,142.972,0.0,1316.8008,15,9.2102,6.6794
2020-12-22,1011010801,食用菌,75.886,76.199,0.313,689.7420000000001,15,9.1176,6.7941
2020-12-23,1011010801,食用菌,67.604,67.604,0.0,626.556,15,9.268,6.8904
2020-12-24,1011010801,食用菌,75.626,76.09,0.464,662.687,15,8.7646,5.8234
2020-12-27,1011010801,食用菌,118.129,118.129,0.0,1153.7684,15,9.767,7.9633
2020-12-31,1011010801,食用菌,120.945,120.945,0.0,1031.806,15,8.5312,6.001
2021-01-04,1011010801,食用菌,95.499,95.499,0.0,838.3734000000001,15,8.7789,5.8925
2021-01-05,1011010801,食用菌,83.705,83.705,0.0,757.7944,15,9.0532,6.3687
2021-01-06,1011010801,食用菌,81.462,81.462,0.0,760.2542,15,9.3326,6.6752
2021-01-08,1011010801,食用菌,90.415,90.415,0.0,808.26,15,8.9394,6.0727
2021-01-09,1011010801,食用菌,129.833,129.833,0.0,1199.151,15,9.2361,6.2591
2021-01-12,1011010801,食用菌,73.283,73.283,0.0,755.002,15,10.3026,6.8086
2021-01-15,1011010801,食用菌,101.383,101.383,0.0,1069.2340000000002,15,10.5465,7.0301
2021-01-16,1011010801,食用菌,150.015,150.015,0.0,1398.2766000000001,15,9.3209,6.2275
2021-01-18,1011010801,食用菌,72.532,72.532,0.0,711.6726,15,9.8118,6.5029
2021-01-22,1011010801,食用菌,88.79599999999999,88.79599999999999,0.0,883.9342,15,9.9547,6.5331
2021-01-25,1011010801,食用菌,79.116,79.116,0.0,888.5816,15,11.2314,7.5221
2021-01-26,1011010801,食用菌,101.362,101.362,0.0,944.9025,15,9.3221,7.427
2021-01-29,1011010801,食用菌,69.324,69.324,0.0,811.3958,15,11.7044,7.8705
2021-02-01,1011010801,食用菌,69.564,69.564,0.0,798.2628,15,11.4752,7.8448
2021-02-07,1011010801,食用菌,147.812,147.812,0.0,1539.4088000000002,15,10.4146,6.7509
2021-02-10,1011010801,食用菌,511.136,511.136,0.0,5487.0608,15,10.735,6.641
2021-02-16,1011010801,食用菌,174.61,174.61,0.0,1462.5614,15,8.3762,5.4302
2021-02-17,1011010801,食用菌,144.793,144.793,0.0,1420.0274000000002,15,9.8073,6.3865
2020-10-04,1011010801,食用菌,122.501,122.501,0.0,1049.7052,14,8.569,5.2516
2020-10-05,1011010801,食用菌,126.518,126.518,0.0,1250.1502,14,9.8812,5.6626
2020-10-06,1011010801,食用菌,124.059,124.059,0.0,1159.6624000000002,14,9.3477,5.3965
2020-11-27,1011010801,食用菌,112.979,112.979,0.0,901.7318,14,7.9814,5.0791
2020-12-05,1011010801,食用菌,155.115,155.115,0.0,1375.4551999999999,14,8.8673,6.02
2021-01-01,1011010801,食用菌,136.338,136.338,0.0,1247.1206,14,9.1473,6.2896
2021-01-02,1011010801,食用菌,115.296,115.296,0.0,1000.7444,14,8.6798,5.9755
2021-01-07,1011010801,食用菌,96.002,96.002,0.0,935.4934,14,9.7445,7.0649
2021-01-11,1011010801,食用菌,81.67,81.67,0.0,782.5884,14,9.5823,6.3716
2021-01-14,1011010801,食用菌,75.963,75.963,0.0,812.038,14,10.6899,7.3119
2021-01-27,1011010801,食用菌,108.756,108.756,0.0,1086.4284,14,9.9896,7.4617
2021-02-02,1011010801,食用菌,88.048,88.048,0.0,866.5928,14,9.8423,6.5904
2021-02-03,1011010801,食用菌,91.564,91.564,0.0,973.4816,14,10.6317,7.3199
2021-02-06,1011010801,食用菌,119.696,119.696,0.0,1280.115,14,10.6947,6.9574
2021-02-09,1011010801,食用菌,326.993,326.993,0.0,3373.5314000000003,14,10.3168,6.9601
2021-02-14,1011010801,食用菌,164.586,164.586,0.0,1306.5456000000001,14,7.9384,5.1231
2021-02-20,1011010801,食用菌,88.794,88.794,0.0,827.3514,14,9.3176,5.9708
2021-03-02,1011010801,食用菌,62.044,62.044,0.0,549.2722,14,8.8529,5.8359
2021-03-12,1011010801,食用菌,84.232,84.232,0.0,665.9982,14,7.9067,4.4315
2021-03-25,1011010801,食用菌,46.89,46.89,0.0,416.565,14,8.8839,5.2821
2021-03-26,1011010801,食用菌,83.562,83.562,0.0,618.2998,14,7.3993,4.4834
2021-04-23,1011010801,食用菌,49.109,49.109,0.0,431.2328,14,8.7811,5.5386
2021-07-04,1011010801,食用菌,44.466,44.466,0.0,486.5004,14,10.941,7.108
2020-10-30,1011010101,花叶类,148.243,148.243,0.0,823.8969999999999,19,5.5577,3.406
2020-11-14,1011010101,花叶类,207.145,207.145,0.0,933.8278,19,4.5081,2.5431
2020-12-07,1011010101,花叶类,197.718,197.718,0.0,576.0326,19,2.9134,1.8634
2021-02-05,1011010101,花叶类,194.292,194.292,0.0,1055.124,19,5.4306,3.55
2021-02-06,1011010101,花叶类,212.817,212.817,0.0,1042.609,19,4.8991,3.1797
2021-03-01,1011010101,花叶类,241.709,241.709,0.0,1334.866,19,5.5226,3.6104
2021-03-05,1011010101,花叶类,211.185,211.185,0.0,1031.8946,19,4.8862,3.0121
2021-03-23,1011010101,花叶类,134.706,134.706,0.0,801.274,19,5.9483,3.4154
2021-03-24,1011010101,花叶类,103.50500000000001,103.50500000000001,0.0,704.0186,19,6.8018,4.0973
2021-03-27,1011010101,花叶类,199.727,199.727,0.0,1471.48,19,7.3675,4.4041
2021-03-28,1011010101,花叶类,161.16400000000002,161.16400000000002,0.0,1238.1616000000001,19,7.6826,4.8622
2021-03-29,1011010101,花叶类,111.30799999999999,111.30799999999999,0.0,853.9466,19,7.6719,4.8897
2021-04-06,1011010101,花叶类,55.611000000000004,55.611000000000004,0.0,324.1472,19,5.8288,3.9087
2021-04-07,1011010101,花叶类,198.107,198.107,0.0,1341.5794,19,6.772,4.1507
2021-04-10,1011010101,花叶类,203.93,204.156,0.226,1304.5230000000001,19,6.3987,3.9992
2021-04-20,1011010101,花叶类,150.715,150.715,0.0,848.2013999999999,19,5.6278,3.7289
2021-04-27,1011010101,花叶类,135.216,135.216,0.0,640.3558,19,4.7358,2.9215
2021-04-30,1011010101,花叶类,138.58499999999998,138.58499999999998,0.0,691.2256,19,4.9877,3.2414
2021-05-02,1011010101,花叶类,198.544,198.544,0.0,1065.5776,19,5.367,3.5103
2021-05-03,1011010101,花叶类,226.26500000000001,226.26500000000001,0.0,1100.4112,19,4.8634,3.2274
2021-05-04,1011010101,花叶类,200.985,200.985,0.0,1066.0246,19,5.304,3.5115
2021-05-08,1011010101,花叶类,160.786,160.786,0.0,817.532,19,5.0846,3.3141
2021-05-15,1011010101,花叶类,258.278,258.278,0.0,1169.0012000000002,19,4.5261,2.6441
2021-05-17,1011010101,花叶类,176.65800000000002,176.65800000000002,0.0,751.529,19,4.2541,2.4595
2021-05-27,1011010101,花叶类,145.237,145.237,0.0,677.9590000000001,19,4.6679,2.9095
2021-06-02,1011010101,花叶类,178.517,178.517,0.0,895.9152,19,5.0187,3.2995
2021-06-03,1011010101,花叶类,142.372,142.372,0.0,654.9906,19,4.6006,2.8889
2021-06-07,1011010101,花叶类,148.539,148.539,0.0,805.0144,19,5.4195,3.1232
2021-06-13,1011010101,花叶类,211.28,211.28,0.0,1111.3354,19,5.26,3.1208
2021-06-24,1011010101,花叶类,127.946,127.946,0.0,729.972,19,5.7053,3.3599
2021-07-03,1011010101,花叶类,197.925,197.925,0.0,1228.9836,19,6.2093,3.5739
2021-07-04,1011010101,花叶类,197.322,197.322,0.0,1195.2086,19,6.0571,3.5385
2021-07-05,1011010101,花叶类,176.276,176.276,0.0,1105.9436,19,6.2739,3.6064
2021-07-06,1011010101,花叶类,173.864,173.864,0.0,1063.0446,19,6.1142,3.5793
2021-07-07,1011010101,花叶类,149.514,149.514,0.0,865.4684,19,5.7885,3.4953
2021-07-10,1011010101,花叶类,176.065,176.065,0.0,1072.244,19,6.09,3.3736
2021-07-28,1011010101,花叶类,205.803,205.803,0.0,1317.1194,19,6.3999,3.8452
2021-07-31,1011010101,花叶类,255.972,255.972,0.0,1738.0036,19,6.7898,3.9259
2021-09-14,1011010101,花叶类,163.291,163.291,0.0,1193.244,19,7.3075,4.5928
2021-09-16,1011010101,花叶类,97.458,97.458,0.0,821.3688,19,8.4279,5.1393
2021-09-17,1011010101,花叶类,128.348,128.348,0.0,1108.2166,19,8.6345,5.2224
2021-09-18,1011010101,花叶类,134.22,134.812,0.592,1088.5368,19,8.114,4.863
2021-09-19,1011010101,花叶类,216.23,217.32,1.0899999999999999,1848.182,19,8.5387,5.0774
2021-09-21,1011010101,花叶类,239.505,239.76999999999998,0.265,1970.959,19,8.2357,4.9507
2021-10-06,1011010101,花叶类,264.068,265.796,1.728,1934.577,19,7.3283,4.3675
2021-10-07,1011010101,花叶类,183.46699999999998,183.783,0.316,1264.1273999999999,19,6.8904,4.0868
2021-10-09,1011010101,花叶类,132.744,133.096,0.352,1008.1576,19,7.5905,4.3423
2021-10-14,1011010101,花叶类,77.809,77.809,0.0,680.1736,19,8.7416,5.5482
2021-10-15,1011010101,花叶类,146.297,146.297,0.0,1397.2452,19,9.5507,6.1534
2021-10-16,1011010101,花叶类,273.582,273.582,0.0,2324.489,19,8.4965,5.3608
2022-01-06,1011010101,花叶类,60.316,60.316,0.0,231.144,19,3.8322,2.0396
2022-01-09,1011010101,花叶类,147.52800000000002,147.52800000000002,0.0,569.5886,19,3.8609,2.2179
2022-01-15,1011010101,花叶类,124.109,124.109,0.0,479.8588,19,3.8664,2.073
2022-01-16,1011010101,花叶类,137.15,137.15,0.0,539.614,19,3.9345,2.1043
2022-01-20,1011010101,花叶类,134.88,134.88,0.0,573.1784,19,4.2495,2.3166
2022-02-06,1011010101,花叶类,219.985,219.985,0.0,1398.8696,19,6.3589,3.8176
2022-02-08,1011010101,花叶类,162.297,162.297,0.0,965.4962,19,5.9489,3.395
2022-02-11,1011010101,花叶类,132.508,132.508,0.0,677.0574,19,5.1096,3.022
2022-02-13,1011010101,花叶类,165.85,165.85,0.0,881.5966,19,5.3156,3.1941
2022-02-23,1011010101,花叶类,65.21,65.21,0.0,399.698,19,6.1294,3.2809
2022-03-05,1011010101,花叶类,125.495,125.495,0.0,805.6016,19,6.4194,4.1716
2022-03-13,1011010101,花叶类,101.51,101.51,0.0,573.2736,19,5.6475,3.3801
2022-03-23,1011010101,花叶类,88.81099999999999,89.497,0.686,577.9016,19,6.5492,3.9102
2022-05-01,1011010101,花叶类,147.275,147.275,0.0,898.6082,19,6.1016,3.6176
2022-07-01,1011010101,花叶类,149.719,149.719,0.0,720.7138,19,4.8138,2.6984
2022-08-04,1011010101,花叶类,354.404,354.404,0.0,1225.2222,19,3.4571,2.1917
2022-08-05,1011010101,花叶类,329.423,329.423,0.0,1226.9078,19,3.7244,2.2755
2022-09-10,1011010101,花叶类,418.26300000000003,419.26300000000003,1.0,2718.7512,19,6.4987,3.5328
2022-09-11,1011010101,花叶类,349.924,351.176,1.252,2168.1176,19,6.1916,3.4494
2022-09-12,1011010101,花叶类,315.002,315.002,0.0,1909.7152,19,6.0625,3.3911
2022-09-16,1011010101,花叶类,193.806,193.806,0.0,1066.1680000000001,19,5.5012,3.0602
2022-09-17,1011010101,花叶类,358.256,359.256,1.0,1970.7287999999999,19,5.497,3.0943
2022-09-18,1011010101,花叶类,376.496,377.496,1.0,1959.4705000000001,19,5.2,2.9157
2022-09-20,1011010101,花叶类,262.543,262.543,0.0,1196.8922,19,4.5588,2.7461
2022-09-24,1011010101,花叶类,345.852,345.852,0.0,1700.3086,19,4.9163,2.5316
2022-09-25,1011010101,花叶类,320.644,320.644,0.0,1379.6480000000001,19,4.3027,2.0877
2022-09-26,1011010101,花叶类,196.445,196.445,0.0,893.2804,19,4.5472,2.3568
2022-09-29,1011010101,花叶类,175.757,175.757,0.0,688.9396,19,3.9198,1.8647
2022-10-04,1011010101,花叶类,328.918,328.918,0.0,1582.7668,19,4.812,2.2381
2022-11-15,1011010101,花叶类,165.843,165.843,0.0,414.29359999999997,19,2.4981,0.9538
2022-11-22,1011010101,花叶类,173.192,173.192,0.0,518.9032,19,2.9961,1.4065
2020-11-30,1011010501,茄类,18.29,18.29,0.0,137.4694,5,7.5161,5.1941
2020-12-01,1011010501,茄类,9.271,9.271,0.0,77.7902,5,8.3907,5.7465
2020-12-02,1011010501,茄类,9.603,9.603,0.0,78.403,5,8.1644,5.4092
2020-12-03,1011010501,茄类,12.913,12.913,0.0,115.8798,5,8.9739,5.9102
2020-12-04,1011010501,茄类,11.517,11.517,0.0,92.636,5,8.0434,5.44
2020-12-05,1011010501,茄类,18.692999999999998,18.692999999999998,0.0,149.888,5,8.0184,5.6349
2021-02-05,1011010501,茄类,25.906,25.906,0.0,336.963,5,13.0071,8.7002
2021-02-06,1011010501,茄类,39.051,39.051,0.0,474.40799999999996,5,12.1484,8.2081
2021-02-07,1011010501,茄类,43.635000000000005,43.635000000000005,0.0,579.03,5,13.2699,9.1133
2021-02-08,1011010501,茄类,58.326,58.326,0.0,775.564,5,13.2971,8.851
2021-06-12,1011010501,茄类,48.073,48.073,0.0,289.865,5,6.0297,3.4063
2021-06-13,1011010501,茄类,40.009,40.009,0.0,233.1483,5,5.8274,2.8123
2021-06-14,1011010501,茄类,37.545,37.545,0.0,176.366,5,4.6975,3.2684
2021-07-17,1011010501,茄类,29.918,29.918,0.0,198.727,5,6.6424,3.7157
2021-07-18,1011010501,茄类,31.604,31.604,0.0,190.15699999999998,5,6.0169,3.5072
2021-07-20,1011010501,茄类,19.324,19.324,0.0,121.593,5,6.2923,3.7862
2022-05-08,1011010501,茄类,33.433,33.433,0.0,285.32399999999996,5,8.5342,6.9295
2022-05-09,1011010501,茄类,34.866,34.866,0.0,289.986,5,8.3172,5.9793
2022-05-13,1011010501,茄类,45.528,45.528,0.0,383.834,5,8.4307,6.2164
2022-05-14,1011010501,茄类,51.014,51.014,0.0,498.366,5,9.7692,5.971
2022-05-16,1011010501,茄类,19.412,19.412,0.0,167.984,5,8.6536,5.7728
2022-05-20,1011010501,茄类,22.675,22.675,0.0,215.24,5,9.4924,5.957
2022-05-21,1011010501,茄类,43.426,43.426,0.0,357.99,5,8.2437,5.4325
2022-05-25,1011010501,茄类,22.563,22.563,0.0,169.7336,5,7.5227,5.6378
2022-06-07,1011010501,茄类,23.212,23.212,0.0,141.244,5,6.085,3.4388
2022-06-24,1011010501,茄类,22.836,22.836,0.0,176.291,5,7.7199,4.2938
2022-06-29,1011010501,茄类,26.758,26.758,0.0,183.3872,5,6.8535,4.7849
2022-08-06,1011010501,茄类,15.462,15.462,0.0,130.9382,5,8.4684,5.5435
2022-08-09,1011010501,茄类,17.542,17.542,0.0,171.48700000000002,5,9.7758,5.3229
