20260666C/代码与数据/processed/daily_category.csv
date,cat_code,cat_name,qty_net,qty_sold,qty_returned,revenue_net,n_items,avg_retail_price,avg_wholesale_price
2020-12-08,1011010801,食用菌,89.028,89.028,0.0,783.5738,16,8.8014,6.0681
2020-12-25,1011010801,食用菌,148.943,148.943,0.0,1323.4408,16,8.8856,7.3694
2020-12-26,1011010801,食用菌,135.65800000000002,136.159,0.501,1095.3318,16,8.096,6.3869
2020-12-29,1011010801,食用菌,79.647,79.647,0.0,759.3048,16,9.5334,6.5773
2020-12-30,1011010801,食用菌,66.631,66.631,0.0,618.0835,16,9.2762,6.5574
2021-01-03,1011010801,食用菌,103.871,103.871,0.0,978.1916000000001,16,9.4174,6.4779
2021-01-10,1011010801,食用菌,137.986,137.986,0.0,1401.8242,16,10.1592,6.7371
2021-01-17,1011010801,食用菌,141.492,141.492,0.0,1245.6994,16,8.804,5.7919
2021-01-19,1011010801,食用菌,74.431,74.431,0.0,633.9358,16,8.5171,5.5954
2021-01-20,1011010801,食用菌,90.131,90.131,0.0,844.8264,16,9.3733,6.1624
2021-01-21,1011010801,食用菌,63.013,63.013,0.0,584.0122,16,9.2681,6.0378
2021-01-23,1011010801,食用菌,117.521,117.521,0.0,1200.526,16,10.2154,6.6954
2021-01-24,1011010801,食用菌,127.934,127.934,0.0,1285.3666,16,10.0471,6.5321
2021-01-31,1011010801,食用菌,104.054,104.054,0.0,1160.3586,16,11.1515,7.512
2021-02-04,1011010801,食用菌,111.069,111.069,0.0,1187.9912,16,10.696,7.0274
2021-02-15,1011010801,食用菌,210.745,212.364,1.619,1797.5466,16,8.6307,5.4704
2021-02-18,1011010801,食用菌,130.174,130.174,0.0,1222.3283999999999,16,9.39,6.1625
2020-12-14,1011010504,辣椒类,48.394,48.394,0.0,673.5412,6,13.9179,10.0129
2021-07-26,1011010504,辣椒类,47.928000000000004,47.928000000000004,0.0,316.58079999999995,6,6.6053,4.4828
2021-11-03,1011010504,辣椒类,25.358999999999998,25.358999999999998,0.0,317.808,6,12.5324,8.302
2021-11-07,1011010504,辣椒类,46.669,46.669,0.0,573.1400000000001,6,12.2809,8.0301
2021-11-08,1011010504,辣椒类,24.775000000000002,24.775000000000002,0.0,310.748,6,12.5428,8.9388
2021-11-12,1011010504,辣椒类,25.182000000000002,25.182000000000002,0.0,323.0602,6,12.829,8.6268
2021-11-13,1011010504,辣椒类,28.791999999999998,28.791999999999998,0.0,376.8948,6,13.0903,8.8008
2021-11-19,1011010504,辣椒类,19.490000000000002,19.490000000000002,0.0,238.0916,6,12.2161,8.505
2021-11-21,1011010504,辣椒类,30.26,30.26,0.0,356.2488,6,11.7729,8.2754
2021-11-22,1011010504,辣椒类,22.036,22.036,0.0,246.2924,6,11.1768,8.2067
2021-11-24,1011010504,辣椒类,21.68,21.68,0.0,254.7816,6,11.7519,8.4934
2021-11-25,1011010504,辣椒类,20.413,20.413,0.0,269.6948,6,13.2119,8.5429
2021-11-27,1011010504,辣椒类,37.347,37.591,0.244,459.01239999999996,6,12.3016,7.9071
2021-11-28,1011010504,辣椒类,25.149,25.149,0.0,309.5644,6,12.3092,7.9627
2021-11-29,1011010504,辣椒类,19.811999999999998,19.811999999999998,0.0,247.37640000000002,6,12.4862,7.7263
2021-11-30,1011010504,辣椒类,32.472,32.472,0.0,336.066,6,10.3494,8.098
2021-12-19,1011010504,辣椒类,52.98,52.98,0.0,432.88520000000005,6,8.1707,6.7753
2022-05-04,1011010504,辣椒类,51.194,51.194,0.0,494.59180000000003,6,9.6611,4.848
2022-05-05,1011010504,辣椒类,32.252,32.252,0.0,311.6298,6,9.6623,5.0605
2022-05-06,1011010504,辣椒类,56.612,56.612,0.0,430.03499999999997,6,7.5962,5.1705
2022-05-22,1011010504,辣椒类,40.385,40.928,0.543,287.2948,6,7.0885,4.8109
2022-05-23,1011010504,辣椒类,35.072,35.072,0.0,249.72000000000003,6,7.1202,4.3954
2022-05-25,1011010504,辣椒类,31.823,31.823,0.0,206.6812,6,6.4947,4.7301
2022-05-26,1011010504,辣椒类,39.188,39.188,0.0,215.2036,6,5.4916,4.5894
2022-05-27,1011010504,辣椒类,31.927,31.927,0.0,174.82920000000001,6,5.4759,4.2834
2022-05-28,1011010504,辣椒类,55.568,55.568,0.0,306.28360000000004,6,5.5119,3.8512
2022-06-06,1011010504,辣椒类,40.803,40.803,0.0,217.153,6,5.322,3.4256
2022-06-15,1011010504,辣椒类,39.656,39.656,0.0,193.6048,6,4.8821,2.9841
2022-06-22,1011010504,辣椒类,35.161,35.161,0.0,188.08079999999998,6,5.3491,3.7192
2022-06-25,1011010504,辣椒类,39.414,39.414,0.0,216.82,6,5.5011,3.6348
2022-06-27,1011010504,辣椒类,28.077,28.077,0.0,218.1834,6,7.7709,4.1143
2022-07-01,1011010504,辣椒类,25.326,25.326,0.0,251.924,6,9.9472,7.4852
2022-12-04,1011010504,辣椒类,53.404,53.404,0.0,199.4992,6,3.7357,1.1691
2022-12-19,1011010504,辣椒类,97.845,98.288,0.443,326.54,6,3.3367,1.2714
2021-01-12,1011010501,茄类,6.304,6.304,0.0,63.04,1,10.0,7.04
2021-02-13,1011010501,茄类,28.967,28.967,0.0,347.604,1,12.0,8.84
2021-02-14,1011010501,茄类,25.06,25.06,0.0,300.72,1,12.0,8.84
2021-02-15,1011010501,茄类,39.655,39.655,0.0,475.86,1,12.0,8.78
2021-02-16,1011010501,茄类,31.647,31.647,0.0,379.764,1,12.0,8.24
2021-02-17,1011010501,茄类,30.358,30.358,0.0,364.296,1,12.0,8.1
2021-02-18,1011010501,茄类,18.169999999999998,18.169999999999998,0.0,218.04,1,12.0,7.96
2021-11-09,1011010501,茄类,3.419,3.419,0.0,41.028,1,12.0,6.84
2022-02-16,1011010501,茄类,8.002,8.002,0.0,80.02,1,10.0,6.53
2022-09-10,1011010501,茄类,0.491,0.491,0.0,4.5172,1,9.2,5.62
2022-09-11,1011010501,茄类,6.927,6.927,0.0,96.97800000000001,1,14.0,8.37
2022-10-16,1011010501,茄类,2.55,2.55,0.0,25.5,1,10.0,5.28
2022-10-17,1011010501,茄类,5.7620000000000005,5.7620000000000005,0.0,57.620000000000005,1,10.0,5.37
2022-10-19,1011010501,茄类,13.004,13.004,0.0,104.032,1,8.0,5.4
2022-10-20,1011010501,茄类,4.7010000000000005,4.7010000000000005,0.0,37.608000000000004,1,8.0,5.41
2022-10-22,1011010501,茄类,7.952,7.952,0.0,79.52,1,10.0,4.65
2022-10-23,1011010501,茄类,14.581,14.581,0.0,145.81,1,10.0,4.65
2022-10-24,1011010501,茄类,3.223,3.223,0.0,32.230000000000004,1,10.0,4.65
2022-10-25,1011010501,茄类,4.156,4.156,0.0,41.56,1,10.0,4.65
2022-10-26,1011010501,茄类,4.56,4.56,0.0,36.48,1,8.0,4.65
2022-10-27,1011010501,茄类,2.299,2.299,0.0,18.392,1,8.0,4.65
2022-10-28,1011010501,茄类,11.885,11.885,0.0,95.08,1,8.0,4.65
2022-10-29,1011010501,茄类,11.396,11.396,0.0,91.168,1,8.0,4.65
2022-10-30,1011010501,茄类,10.805,10.805,0.0,75.635,1,7.0,4.65
2022-10-31,1011010501,茄类,3.319,3.319,0.0,23.233,1,7.0,4.65
2022-11-01,1011010501,茄类,3.305,3.305,0.0,23.135,1,7.0,4.65
2022-11-03,1011010501,茄类,4.0120000000000005,4.0120000000000005,0.0,24.072000000000003,1,6.0,4.11
2022-11-05,1011010501,茄类,9.815999999999999,9.815999999999999,0.0,58.896,1,6.0,4.03
2022-11-06,1011010501,茄类,4.647,4.647,0.0,27.881999999999998,1,6.0,3.97
2022-11-07,1011010501,茄类,3.256,3.256,0.0,19.536,1,6.0,3.97
2022-11-08,1011010501,茄类,3.86,3.86,0.0,23.16,1,6.0,3.85
2022-11-09,1011010501,茄类,2.871,2.871,0.0,17.226,1,6.0,3.78
2022-11-10,1011010501,茄类,6.897,6.897,0.0,41.382,1,6.0,3.78
2022-11-11,1011010501,茄类,7.801,7.801,0.0,46.806000000000004,1,6.0,3.76
2022-11-12,1011010501,茄类,10.572,10.572,0.0,63.432,1,6.0,3.75
2022-11-13,1011010501,茄类,7.366,7.366,0.0,44.196,1,6.0,3.73
2022-11-14,1011010501,茄类,5.605,5.605,0.0,33.63,1,6.0,3.57
2022-11-15,1011010501,茄类,7.266,7.266,0.0,43.596,1,6.0,3.52
2022-11-16,1011010501,茄类,2.568,2.568,0.0,15.408,1,6.0,3.52
2022-11-17,1011010501,茄类,8.038,8.038,0.0,48.228,1,6.0,3.44
2022-11-18,1011010501,茄类,17.923,17.923,0.0,107.538,1,6.0,3.41
2022-11-20,1011010501,茄类,0.252,0.252,0.0,1.512,1,6.0,3.46
2022-11-22,1011010501,茄类,4.816,4.816,0.0,28.896,1,6.0,3.39
2022-11-27,1011010501,茄类,4.146,4.146,0.0,24.875999999999998,1,6.0,4.51
2022-11-28,1011010501,茄类,1.04,1.04,0.0,3.12,1,3.0,4.07
2022-11-29,1011010501,茄类,1.778,1.778,0.0,5.334,1,3.0,3.91
2022-12-04,1011010501,茄类,1.168,1.168,0.0,9.344,1,8.0,3.61
2022-12-06,1011010501,茄类,7.977,7.977,0.0,63.816,1,8.0,4.61
2022-12-07,1011010501,茄类,11.597,11.597,0.0,92.776,1,8.0,4.87
2022-12-08,1011010501,茄类,4.524,4.524,0.0,36.192,1,8.0,4.9
2022-12-09,1011010501,茄类,4.422,4.422,0.0,35.376,1,8.0,4.91
2022-12-10,1011010501,茄类,6.572,6.572,0.0,52.576,1,8.0,5.17
2022-12-12,1011010501,茄类,3.379,3.379,0.0,27.032,1,8.0,5.43
2022-12-13,1011010501,茄类,5.316,5.316,0.0,42.528,1,8.0,5.43
2022-12-14,1011010501,茄类,6.973,6.973,0.0,55.784,1,8.0,5.51
2022-12-15,1011010501,茄类,8.607,8.607,0.0,68.856,1,8.0,5.67
2022-12-18,1011010501,茄类,12.025,12.025,0.0,96.2,1,8.0,5.41
2022-12-19,1011010501,茄类,11.56,11.56,0.0,92.48,1,8.0,5.16
2022-12-20,1011010501,茄类,6.731,6.731,0.0,53.848,1,8.0,5.03
2022-12-21,1011010501,茄类,17.740000000000002,17.740000000000002,0.0,141.92000000000002,1,8.0,5.03
2021-01-17,1011010201,花菜类,45.21,45.21,0.0,601.6602,3,13.3081,8.3175
2021-01-19,1011010201,花菜类,33.818,33.818,0.0,419.34000000000003,3,12.3999,8.1337
2021-01-20,1011010201,花菜类,33.626999999999995,33.626999999999995,0.0,436.85,3,12.991,8.4732
2021-01-21,1011010201,花菜类,27.553,27.553,0.0,358.74199999999996,3,13.0201,8.4754
2021-01-23,1011010201,花菜类,48.218,48.218,0.0,604.2439999999999,3,12.5315,8.2534
2021-01-24,1011010201,花菜类,56.086,56.086,0.0,727.484,3,12.9709,8.4411
2021-01-26,1011010201,花菜类,36.857,36.857,0.0,436.58360000000005,3,11.8453,7.5962
2021-01-27,1011010201,花菜类,50.986000000000004,50.986000000000004,0.0,539.164,3,10.5747,7.5105
2021-01-29,1011010201,花菜类,56.588,56.588,0.0,567.098,3,10.0215,6.9537
2021-02-09,1011010201,花菜类,139.056,139.056,0.0,1149.585,3,8.2671,4.467
2022-04-23,1011010201,花菜类,19.648,19.648,0.0,227.016,3,11.5542,7.8359
2022-09-07,1011010201,花菜类,40.007000000000005,40.007000000000005,0.0,542.2059999999999,3,13.5528,8.7299
2022-09-08,1011010201,花菜类,42.528000000000006,42.893,0.365,589.4952,3,13.8625,8.3433
2021-02-10,1011010504,辣椒类,505.888,505.888,0.0,12406.8506,13,24.5249,14.2337
2021-08-13,1011010504,辣椒类,88.147,88.147,0.0,648.948,13,7.3621,4.6458
2021-09-03,1011010504,辣椒类,42.436,42.436,0.0,361.144,13,8.5103,5.5703
2021-09-05,1011010504,辣椒类,63.285,63.285,0.0,597.361,13,9.4392,5.9445
2021-09-06,1011010504,辣椒类,42.718,42.718,0.0,348.586,13,8.1602,5.5378
2021-09-08,1011010504,辣椒类,36.083,36.083,0.0,367.914,13,10.1963,5.8479
2022-01-14,1011010504,辣椒类,78.342,78.342,0.0,631.7322,13,8.0638,4.9798
2022-01-15,1011010504,辣椒类,96.244,96.244,0.0,817.2482,13,8.4914,5.3786
2022-01-20,1011010504,辣椒类,68.17,68.17,0.0,657.9262,13,9.6513,5.3568
2022-01-27,1011010504,辣椒类,155.221,157.221,2.0,2285.401,13,14.624,9.8681
2022-01-28,1011010504,辣椒类,222.648,222.648,0.0,3474.2282,13,15.6041,10.1918
2022-01-30,1011010504,辣椒类,403.185,403.185,0.0,7456.5416000000005,13,18.4941,11.9639
2022-02-05,1011010504,辣椒类,79.349,79.349,0.0,1235.3020000000001,13,15.568,10.6621
2022-02-08,1011010504,辣椒类,83.106,83.106,0.0,1018.077,13,12.2503,8.1089
2022-02-09,1011010504,辣椒类,81.859,81.859,0.0,913.734,13,11.1623,7.5711
2022-02-14,1011010504,辣椒类,56.165,56.165,0.0,567.3326000000001,13,10.1012,6.0658
2022-02-23,1011010504,辣椒类,46.044,46.044,0.0,400.681,13,8.7021,5.7667
2022-02-24,1011010504,辣椒类,60.707,60.707,0.0,652.5508,13,10.7492,6.6371
2022-02-25,1011010504,辣椒类,66.539,66.539,0.0,729.3868,13,10.9618,6.9153
2022-02-27,1011010504,辣椒类,90.842,90.842,0.0,1024.7628,13,11.2807,8.9241
2022-03-31,1011010504,辣椒类,54.92,54.92,0.0,742.2912,13,13.5159,9.0997
2022-04-18,1011010504,辣椒类,62.95,62.95,0.0,670.8258000000001,13,10.6565,7.0232
2022-04-23,1011010504,辣椒类,86.55,86.55,0.0,898.418,13,10.3803,8.1801
2022-07-05,1011010504,辣椒类,49.727999999999994,49.727999999999994,0.0,475.6652,13,9.5653,6.5739
2022-07-24,1011010504,辣椒类,55.957,55.957,0.0,344.9162,13,6.164,3.2511
2022-07-26,1011010504,辣椒类,98.29,98.29,0.0,507.24,13,5.1606,3.0316
2022-08-01,1011010504,辣椒类,154.113,154.113,0.0,760.3288,13,4.9336,2.651
2022-08-03,1011010504,辣椒类,159.987,159.987,0.0,732.4436000000001,13,4.5781,2.4266
2022-08-04,1011010504,辣椒类,152.644,152.644,0.0,678.4984000000001,13,4.445,2.3947
2022-08-05,1011010504,辣椒类,169.692,169.692,0.0,666.4422,13,3.9274,2.4339
2022-08-07,1011010504,辣椒类,211.184,211.184,0.0,889.6802,13,4.2128,2.1876
2022-08-09,1011010504,辣椒类,161.631,161.631,0.0,677.8952,13,4.1941,2.3033
2022-08-10,1011010504,辣椒类,168.921,168.921,0.0,682.4974,13,4.0403,2.1438
2022-08-12,1011010504,辣椒类,166.473,166.473,0.0,540.5488,13,3.2471,2.0248
2022-08-13,1011010504,辣椒类,223.38400000000001,223.38400000000001,0.0,775.3038,13,3.4707,2.0989
2022-08-15,1011010504,辣椒类,120.999,120.999,0.0,501.3041,13,4.1431,2.0578
2022-08-21,1011010504,辣椒类,219.055,219.055,0.0,969.841,13,4.4274,1.9
2022-08-23,1011010504,辣椒类,111.097,111.097,0.0,511.01520000000005,13,4.5997,2.4364
2022-08-24,1011010504,辣椒类,73.184,73.184,0.0,331.9602,13,4.536,2.3914
2022-08-25,1011010504,辣椒类,110.13,110.13,0.0,558.85,13,5.0745,2.4746
2022-08-27,1011010504,辣椒类,154.266,154.266,0.0,804.4029,13,5.2144,2.5498
2022-09-01,1011010504,辣椒类,100.922,100.922,0.0,581.0047,13,5.757,2.8133
2022-09-05,1011010504,辣椒类,117.607,117.607,0.0,585.4141999999999,13,4.9777,2.9566
2022-09-10,1011010504,辣椒类,146.777,146.777,0.0,951.2634,13,6.481,3.278
2022-09-17,1011010504,辣椒类,168.436,168.436,0.0,1119.3328000000001,13,6.6455,4.3538
2022-09-25,1011010504,辣椒类,132.468,132.468,0.0,821.0926,13,6.1984,3.3906
2022-09-26,1011010504,辣椒类,59.178,59.178,0.0,399.3745,13,6.7487,4.1786
2022-10-11,1011010504,辣椒类,119.426,119.426,0.0,640.2038,13,5.3607,2.9132
2022-10-30,1011010504,辣椒类,203.145,203.145,0.0,965.0404,13,4.7505,2.698
2021-02-13,1011010201,花菜类,22.759,22.759,0.0,182.072,1,8.0,4.2
2021-08-01,1011010201,花菜类,66.798,66.798,0.0,610.62,1,9.1413,6.62
2021-08-02,1011010201,花菜类,24.162,24.162,0.0,219.818,1,9.0977,6.71
2021-08-07,1011010201,花菜类,40.416,40.416,0.0,404.16,1,10.0,7.02
2021-08-08,1011010201,花菜类,50.406,50.406,0.0,504.06,1,10.0,7.02
2021-08-09,1011010201,花菜类,56.607,56.607,0.0,566.07,1,10.0,6.81
2021-08-11,1011010201,花菜类,1.054,1.054,0.0,10.540000000000001,1,10.0,6.78
2021-08-13,1011010201,花菜类,3.504,3.504,0.0,35.04,1,10.0,7.26
2021-08-14,1011010201,花菜类,16.528,16.528,0.0,165.28,1,10.0,7.3
2021-08-15,1011010201,花菜类,8.103,8.103,0.0,81.03,1,10.0,7.35
2021-08-16,1011010201,花菜类,6.045,6.045,0.0,60.45,1,10.0,7.4
2021-08-17,1011010201,花菜类,9.498000000000001,9.498000000000001,0.0,94.98,1,10.0,7.41
2021-08-19,1011010201,花菜类,8.906,8.906,0.0,89.06,1,10.0,7.49
2021-08-22,1011010201,花菜类,1.546,1.546,0.0,15.46,1,10.0,7.73
2021-08-23,1011010201,花菜类,4.509,4.509,0.0,45.09,1,10.0,7.11
2021-08-24,1011010201,花菜类,9.206999999999999,9.206999999999999,0.0,92.07,1,10.0,6.97
2021-09-01,1011010201,花菜类,8.003,8.003,0.0,80.03,1,10.0,8.16
2021-09-02,1011010201,花菜类,27.869,27.869,0.0,334.428,1,12.0,8.17
2021-09-03,1011010201,花菜类,24.967,24.967,0.0,299.604,1,12.0,8.45
2021-09-04,1011010201,花菜类,32.878,32.878,0.0,394.536,1,12.0,8.72
2021-09-06,1011010201,花菜类,34.751,34.751,0.0,354.082,1,10.1891,7.86
2021-09-07,1011010201,花菜类,23.172,23.172,0.0,236.618,1,10.2114,7.81
2021-09-08,1011010201,花菜类,15.183,15.183,0.0,157.314,1,10.3612,7.77
2021-09-10,1011010201,花菜类,24.651,24.651,0.0,254.806,1,10.3365,7.91
2021-09-12,1011010201,花菜类,32.063,32.063,0.0,256.504,1,8.0,7.01
2021-09-13,1011010201,花菜类,11.356,11.356,0.0,136.272,1,12.0,6.72
2021-09-14,1011010201,花菜类,10.777000000000001,10.777000000000001,0.0,129.324,1,12.0,7.8
2021-09-15,1011010201,花菜类,12.702,12.702,0.0,152.424,1,12.0,7.8
2021-09-16,1011010201,花菜类,9.283,9.283,0.0,111.396,1,12.0,7.83
2021-09-17,1011010201,花菜类,13.163,13.163,0.0,157.956,1,12.0,7.14
2021-09-18,1011010201,花菜类,35.325,35.325,0.0,396.374,1,11.2208,6.69
2021-09-19,1011010201,花菜类,51.647,51.647,0.0,516.47,1,10.0,6.21
2021-09-21,1011010201,花菜类,56.3,56.3,0.0,563.0,1,10.0,6.88
2021-09-22,1011010201,花菜类,38.956,39.227000000000004,0.271,389.56,1,10.0,6.34
2021-09-23,1011010201,花菜类,27.236,27.567,0.331,272.36,1,10.0,6.32
2021-09-24,1011010201,花菜类,8.431000000000001,8.431000000000001,0.0,67.44800000000001,1,8.0,6.09
2021-09-25,1011010201,花菜类,46.058,48.621,2.5629999999999997,369.22540000000004,1,8.0,5.87
2021-09-26,1011010201,花菜类,2.299,2.299,0.0,18.392,1,8.0,5.96
2021-09-27,1011010201,花菜类,4.863,4.863,0.0,38.904,1,8.0,5.79
2021-09-29,1011010201,花菜类,23.336,23.336,0.0,233.36,1,10.0,6.57
2021-09-30,1011010201,花菜类,34.511,34.511,0.0,345.11,1,10.0,6.57
2021-10-01,1011010201,花菜类,56.82,57.402,0.582,550.841,1,9.6976,6.86
2021-10-02,1011010201,花菜类,40.392,40.743,0.351,393.357,1,9.7407,7.39
2021-10-03,1011010201,花菜类,41.672000000000004,41.993,0.321,403.841,1,9.6933,7.03
2021-10-04,1011010201,花菜类,39.913,40.928,1.0150000000000001,399.13,1,10.0,7.0
2021-10-05,1011010201,花菜类,51.134,51.957,0.823,511.3399999999999,1,10.0,7.0
2021-10-06,1011010201,花菜类,41.573,42.165,0.592,415.72999999999996,1,10.0,7.21
2021-10-07,1011010201,花菜类,23.278,23.278,0.0,279.336,1,12.0,7.88
2021-10-08,1011010201,花菜类,19.823,19.823,0.0,277.522,1,14.0,8.4
2021-10-09,1011010201,花菜类,22.221999999999998,22.221999999999998,0.0,311.108,1,14.0,8.76
2021-10-10,1011010201,花菜类,40.329,41.877,1.548,560.99,1,13.9137,8.88
2021-10-11,1011010201,花菜类,4.407,4.407,0.0,44.07,1,10.0,8.99
2021-10-12,1011010201,花菜类,18.362,18.627,0.265,246.954,1,13.4286,9.18
2021-10-13,1011010201,花菜类,16.528,16.528,0.0,220.318,1,13.33,9.45
2021-10-14,1011010201,花菜类,14.852,14.852,0.0,198.29999999999998,1,13.3517,9.45
2021-10-16,1011010201,花菜类,36.28,36.28,0.0,490.196,1,13.5115,9.47
2021-10-17,1011010201,花菜类,26.795,26.795,0.0,364.308,1,13.5961,9.58
2021-10-19,1011010201,花菜类,16.958,16.958,0.0,237.412,1,14.0,10.22
2021-10-20,1011010201,花菜类,25.154,25.154,0.0,352.156,1,14.0,11.4
2021-10-21,1011010201,花菜类,11.947,11.947,0.0,215.046,1,18.0,11.4
2021-10-22,1011010201,花菜类,16.412,16.412,0.0,295.416,1,18.0,12.01
2021-10-23,1011010201,花菜类,18.086,18.086,0.0,358.1028,1,19.8,12.58
2021-10-24,1011010201,花菜类,9.108,9.108,0.0,180.3384,1,19.8,13.34
2021-10-25,1011010201,花菜类,8.749,8.749,0.0,173.2302,1,19.8,14.38
2021-10-26,1011010201,花菜类,12.041,12.041,0.0,238.41180000000003,1,19.8,14.38
2021-10-27,1011010201,花菜类,15.305,15.305,0.0,303.039,1,19.8,14.22
2021-10-28,1011010201,花菜类,6.449,6.449,0.0,127.6902,1,19.8,14.0
2021-10-29,1011010201,花菜类,13.574,13.574,0.0,244.332,1,18.0,14.02
2021-10-30,1011010201,花菜类,17.279,17.279,0.0,241.906,1,14.0,13.82
2021-10-31,1011010201,花菜类,28.424,28.424,0.0,397.936,1,14.0,9.73
2021-11-01,1011010201,花菜类,26.24,26.24,0.0,314.88,1,12.0,8.63
2021-11-02,1011010201,花菜类,25.844,25.844,0.0,310.128,1,12.0,8.64
2021-11-03,1011010201,花菜类,27.868,27.868,0.0,334.416,1,12.0,8.64
2021-11-04,1011010201,花菜类,23.879,23.879,0.0,286.548,1,12.0,8.63
2021-11-06,1011010201,花菜类,26.724999999999998,28.063,1.338,271.564,1,10.1537,6.88
2021-11-07,1011010201,花菜类,35.638,35.638,0.0,367.066,1,10.2998,7.75
2021-11-08,1011010201,花菜类,28.296,28.296,0.0,294.816,1,10.419,8.43
2021-11-09,1011010201,花菜类,27.373,27.933,0.56,281.822,1,10.2897,8.52
2021-11-10,1011010201,花菜类,27.656,27.656,0.0,280.626,1,10.147,8.98
2021-11-11,1011010201,花菜类,13.156,13.156,0.0,184.184,1,14.0,9.07
2021-11-12,1011010201,花菜类,18.935,18.935,0.0,265.09,1,14.0,8.89
2021-11-13,1011010201,花菜类,20.049,20.049,0.0,280.686,1,14.0,8.87
