20260666C/代码与数据/processed/daily_category.csv
date,cat_code,cat_name,qty_net,qty_sold,qty_returned,revenue_net,n_items,avg_retail_price,avg_wholesale_price
2021-11-14,1011010201,花菜类,30.582,30.582,0.0,428.148,1,14.0,8.89
2021-11-15,1011010201,花菜类,12.677,12.677,0.0,177.478,1,14.0,8.89
2021-11-16,1011010201,花菜类,12.525,12.525,0.0,175.35,1,14.0,8.89
2021-11-17,1011010201,花菜类,15.791,15.791,0.0,221.074,1,14.0,9.02
2021-11-18,1011010201,花菜类,6.018,6.018,0.0,84.25200000000001,1,14.0,9.12
2021-11-19,1011010201,花菜类,8.768,8.768,0.0,122.752,1,14.0,9.21
2021-11-20,1011010201,花菜类,14.406,14.406,0.0,230.496,1,16.0,9.24
2021-11-21,1011010201,花菜类,19.739,19.739,0.0,315.824,1,16.0,9.24
2021-11-22,1011010201,花菜类,9.756,9.756,0.0,136.584,1,14.0,9.24
2021-11-23,1011010201,花菜类,9.495,9.495,0.0,132.93,1,14.0,10.48
2021-11-24,1011010201,花菜类,12.559,12.559,0.0,175.826,1,14.0,10.54
2021-11-25,1011010201,花菜类,10.217,10.217,0.0,143.038,1,14.0,10.69
2021-11-26,1011010201,花菜类,17.511,17.511,0.0,210.132,1,12.0,8.28
2021-11-27,1011010201,花菜类,23.115,23.115,0.0,277.38,1,12.0,8.52
2021-11-28,1011010201,花菜类,21.817,21.817,0.0,261.80400000000003,1,12.0,8.6
2021-11-29,1011010201,花菜类,9.182,9.182,0.0,110.184,1,12.0,9.13
2021-11-30,1011010201,花菜类,25.737,25.737,0.0,257.37,1,10.0,8.11
2021-12-01,1011010201,花菜类,18.538,18.93,0.392,185.38000000000002,1,10.0,7.22
2021-12-02,1011010201,花菜类,18.262999999999998,18.262999999999998,0.0,182.63,1,10.0,7.29
2021-12-03,1011010201,花菜类,20.739,20.739,0.0,248.868,1,12.0,7.48
2021-12-04,1011010201,花菜类,22.865000000000002,22.865000000000002,0.0,320.11,1,14.0,8.35
2021-12-05,1011010201,花菜类,25.795,25.795,0.0,361.13,1,14.0,8.47
2021-12-06,1011010201,花菜类,14.424,14.424,0.0,173.088,1,12.0,8.64
2021-12-07,1011010201,花菜类,16.639,16.639,0.0,199.668,1,12.0,8.77
2021-12-08,1011010201,花菜类,15.059000000000001,15.059000000000001,0.0,210.826,1,14.0,8.96
2021-12-09,1011010201,花菜类,12.175,12.175,0.0,170.45,1,14.0,9.12
2021-12-10,1011010201,花菜类,14.231,14.231,0.0,199.234,1,14.0,9.36
2021-12-11,1011010201,花菜类,30.45,30.45,0.0,426.3,1,14.0,9.42
2021-12-12,1011010201,花菜类,15.656,15.656,0.0,219.184,1,14.0,9.35
2021-12-14,1011010201,花菜类,13.141,13.141,0.0,183.974,1,14.0,8.21
2021-12-15,1011010201,花菜类,18.179,18.179,0.0,218.148,1,12.0,8.06
2021-12-16,1011010201,花菜类,25.768,25.768,0.0,206.144,1,8.0,7.47
2021-12-17,1011010201,花菜类,34.299,34.299,0.0,274.392,1,8.0,6.84
2021-12-18,1011010201,花菜类,42.242,42.242,0.0,337.936,1,8.0,6.76
2021-12-19,1011010201,花菜类,51.133,51.133,0.0,409.064,1,8.0,6.34
2021-12-20,1011010201,花菜类,24.901,25.78,0.879,199.208,1,8.0,4.96
2021-12-21,1011010201,花菜类,18.202,18.202,0.0,145.616,1,8.0,4.97
2021-12-22,1011010201,花菜类,14.458,14.458,0.0,115.664,1,8.0,4.98
2021-12-24,1011010201,花菜类,30.134999999999998,30.134999999999998,0.0,271.215,1,9.0,5.54
2021-12-25,1011010201,花菜类,33.162,33.162,0.0,298.458,1,9.0,5.69
2021-12-26,1011010201,花菜类,28.498,28.498,0.0,256.482,1,9.0,5.96
2021-12-27,1011010201,花菜类,15.213,15.213,0.0,136.917,1,9.0,5.97
2021-12-28,1011010201,花菜类,24.145,24.145,0.0,217.305,1,9.0,5.94
2021-12-29,1011010201,花菜类,24.749,24.749,0.0,197.992,1,8.0,5.68
2021-12-30,1011010201,花菜类,17.651,17.651,0.0,141.208,1,8.0,5.11
2022-01-01,1011010201,花菜类,38.272,38.272,0.0,306.176,1,8.0,5.19
2022-01-02,1011010201,花菜类,26.605,26.605,0.0,212.84,1,8.0,5.4
2022-01-03,1011010201,花菜类,38.027,38.027,0.0,228.162,1,6.0,5.57
2022-01-04,1011010201,花菜类,45.257,45.257,0.0,271.542,1,6.0,5.38
2022-01-05,1011010201,花菜类,39.688,39.688,0.0,238.128,1,6.0,5.46
2022-01-06,1011010201,花菜类,35.897,35.897,0.0,215.382,1,6.0,5.41
2022-01-07,1011010201,花菜类,31.834,31.834,0.0,254.672,1,8.0,5.1
2022-01-08,1011010201,花菜类,43.284,43.284,0.0,346.272,1,8.0,4.84
2022-01-10,1011010201,花菜类,35.175,35.175,0.0,211.05,1,6.0,3.82
2022-01-11,1011010201,花菜类,54.466,54.466,0.0,326.796,1,6.0,4.06
2022-01-12,1011010201,花菜类,35.007,35.007,0.0,210.042,1,6.0,3.76
2022-01-13,1011010201,花菜类,21.816,21.816,0.0,130.89600000000002,1,6.0,4.0
2022-01-14,1011010201,花菜类,23.405,23.405,0.0,163.835,1,7.0,4.0
2022-01-15,1011010201,花菜类,37.538,37.538,0.0,262.766,1,7.0,4.0
2022-01-16,1011010201,花菜类,58.007,58.007,0.0,348.042,1,6.0,4.06
2022-01-17,1011010201,花菜类,11.754999999999999,11.754999999999999,0.0,82.285,1,7.0,4.15
2022-01-18,1011010201,花菜类,9.211,9.211,0.0,64.477,1,7.0,4.1
2022-01-19,1011010201,花菜类,16.223,16.223,0.0,113.56099999999999,1,7.0,4.1
2022-01-20,1011010201,花菜类,32.318,32.318,0.0,226.226,1,7.0,4.16
2022-01-21,1011010201,花菜类,32.031,32.031,0.0,224.217,1,7.0,4.44
2022-01-22,1011010201,花菜类,64.541,64.541,0.0,516.328,1,8.0,4.68
2022-01-24,1011010201,花菜类,22.147,22.147,0.0,199.323,1,9.0,5.73
2022-01-25,1011010201,花菜类,48.877,48.877,0.0,488.77,1,10.0,6.0
2022-01-26,1011010201,花菜类,32.217,32.217,0.0,322.17,1,10.0,6.22
2022-01-27,1011010201,花菜类,58.027,58.027,0.0,580.27,1,10.0,6.4
2022-01-28,1011010201,花菜类,85.253,85.253,0.0,852.53,1,10.0,6.32
2022-01-29,1011010201,花菜类,90.907,90.907,0.0,909.07,1,10.0,6.13
2022-02-01,1011010201,花菜类,13.968,13.968,0.0,139.68,1,10.0,6.4
2022-02-02,1011010201,花菜类,38.729,38.729,0.0,387.29,1,10.0,6.4
2022-02-03,1011010201,花菜类,26.229,26.229,0.0,262.29,1,10.0,6.4
2022-02-04,1011010201,花菜类,48.036,48.036,0.0,480.36,1,10.0,6.3
2022-02-05,1011010201,花菜类,45.665,45.665,0.0,410.985,1,9.0,5.24
2022-02-06,1011010201,花菜类,52.784,52.784,0.0,475.056,1,9.0,5.2
2022-02-07,1011010201,花菜类,43.144,43.144,0.0,388.296,1,9.0,5.47
2022-02-09,1011010201,花菜类,25.255,25.255,0.0,227.29500000000002,1,9.0,5.95
2022-02-10,1011010201,花菜类,23.057,23.057,0.0,184.456,1,8.0,5.2
2022-02-11,1011010201,花菜类,24.982,24.982,0.0,199.856,1,8.0,5.2
2022-02-12,1011010201,花菜类,35.481,35.481,0.0,283.848,1,8.0,5.32
2022-02-13,1011010201,花菜类,37.882,37.882,0.0,303.056,1,8.0,5.43
2022-02-14,1011010201,花菜类,35.754,35.754,0.0,286.032,1,8.0,5.24
2022-02-15,1011010201,花菜类,30.547,30.547,0.0,244.376,1,8.0,5.09
2022-02-16,1011010201,花菜类,21.875,21.875,0.0,175.0,1,8.0,5.16
2022-02-17,1011010201,花菜类,20.645,20.645,0.0,165.16,1,8.0,5.3
2022-02-18,1011010201,花菜类,24.401,24.401,0.0,195.208,1,8.0,5.3
2022-02-19,1011010201,花菜类,49.665,49.665,0.0,397.32,1,8.0,5.3
2022-02-21,1011010201,花菜类,28.045,28.045,0.0,224.36,1,8.0,5.4
2022-02-22,1011010201,花菜类,21.47,21.47,0.0,171.76,1,8.0,5.49
2022-02-23,1011010201,花菜类,28.796,28.796,0.0,230.368,1,8.0,5.6
2022-02-24,1011010201,花菜类,34.624,34.624,0.0,276.992,1,8.0,5.74
2022-02-25,1011010201,花菜类,25.668,25.668,0.0,205.344,1,8.0,6.0
2022-02-26,1011010201,花菜类,29.244,29.244,0.0,292.44,1,10.0,6.07
2022-02-27,1011010201,花菜类,34.072,34.072,0.0,340.72,1,10.0,6.6
2022-02-28,1011010201,花菜类,22.582,22.582,0.0,225.82,1,10.0,6.6
2022-03-01,1011010201,花菜类,22.944,22.944,0.0,229.44,1,10.0,6.6
2022-03-02,1011010201,花菜类,18.905,18.905,0.0,189.05,1,10.0,6.6
2022-03-03,1011010201,花菜类,21.88,21.88,0.0,218.8,1,10.0,6.6
2022-03-04,1011010201,花菜类,20.119,20.119,0.0,201.19,1,10.0,6.6
2022-03-05,1011010201,花菜类,29.269,29.269,0.0,292.69,1,10.0,6.6
2022-03-07,1011010201,花菜类,0.632,0.632,0.0,6.32,1,10.0,6.6
2022-03-08,1011010201,花菜类,14.951,14.951,0.0,123.784,1,8.2793,4.8
2022-03-09,1011010201,花菜类,15.084,15.084,0.0,122.72,1,8.1358,4.8
2022-03-10,1011010201,花菜类,16.971,16.971,0.0,140.146,1,8.258,4.97
2022-03-13,1011010201,花菜类,30.393,30.393,0.0,249.59,1,8.2121,7.0
2022-03-14,1011010201,花菜类,9.127,9.127,0.0,91.27,1,10.0,7.0
2022-03-15,1011010201,花菜类,7.721,7.721,0.0,77.21000000000001,1,10.0,6.77
2022-03-17,1011010201,花菜类,12.813,12.813,0.0,128.13,1,10.0,7.19
2022-03-18,1011010201,花菜类,14.473,14.473,0.0,173.676,1,12.0,7.02
2022-03-19,1011010201,花菜类,24.298000000000002,24.298000000000002,0.0,291.576,1,12.0,7.02
2022-03-20,1011010201,花菜类,16.749,16.749,0.0,200.988,1,12.0,7.22
2022-03-21,1011010201,花菜类,13.613,13.613,0.0,163.356,1,12.0,7.3
2022-03-22,1011010201,花菜类,16.239,16.239,0.0,194.868,1,12.0,7.3
2022-03-23,1011010201,花菜类,7.625,7.625,0.0,91.5,1,12.0,7.27
2022-03-24,1011010201,花菜类,7.711,7.711,0.0,92.532,1,12.0,7.22
2022-03-26,1011010201,花菜类,16.707,16.707,0.0,167.07,1,10.0,7.4
2022-03-27,1011010201,花菜类,11.68,11.68,0.0,116.80000000000001,1,10.0,7.4
2022-03-28,1011010201,花菜类,2.089,2.089,0.0,20.89,1,10.0,6.73
2022-03-30,1011010201,花菜类,30.3,30.3,0.0,248.604,1,8.2048,6.75
2022-03-31,1011010201,花菜类,25.097,25.097,0.0,204.35,1,8.1424,6.75
2022-04-01,1011010201,花菜类,25.701,26.303,0.602,214.926,1,8.4,7.32
2022-04-02,1011010201,花菜类,26.163,26.163,0.0,217.398,1,8.3094,7.4
2022-04-03,1011010201,花菜类,16.438,16.438,0.0,135.742,1,8.2578,7.48
2022-04-04,1011010201,花菜类,22.224,22.224,0.0,266.688,1,12.0,7.48
2022-04-05,1011010201,花菜类,21.248,21.248,0.0,254.976,1,12.0,7.48
2022-04-07,1011010201,花菜类,10.494,10.494,0.0,125.928,1,12.0,7.48
2022-04-08,1011010201,花菜类,10.629,10.629,0.0,127.548,1,12.0,7.48
2022-04-09,1011010201,花菜类,15.591,15.591,0.0,218.274,1,14.0,7.68
2022-04-10,1011010201,花菜类,7.757000000000001,7.757000000000001,0.0,108.598,1,14.0,7.95
2022-04-11,1011010201,花菜类,6.383,6.383,0.0,76.596,1,12.0,7.96
2022-04-12,1011010201,花菜类,6.375,6.375,0.0,89.25,1,14.0,7.96
2022-04-13,1011010201,花菜类,9.797,9.797,0.0,137.158,1,14.0,7.8
2022-04-14,1011010201,花菜类,6.047,6.047,0.0,84.658,1,14.0,7.72
2022-04-15,1011010201,花菜类,10.73,10.73,0.0,150.22,1,14.0,8.32
2022-04-16,1011010201,花菜类,12.666,12.666,0.0,177.32399999999998,1,14.0,8.32
2022-04-17,1011010201,花菜类,20.254,20.254,0.0,283.556,1,14.0,8.4
2022-04-18,1011010201,花菜类,12.087,12.087,0.0,169.218,1,14.0,8.6
2022-04-19,1011010201,花菜类,7.869,7.869,0.0,110.166,1,14.0,8.6
2022-04-20,1011010201,花菜类,11.413,11.413,0.0,159.782,1,14.0,9.34
2022-04-22,1011010201,花菜类,18.726,18.726,0.0,262.164,1,14.0,9.5
2022-04-24,1011010201,花菜类,15.603,15.603,0.0,218.442,1,14.0,9.37
2022-04-25,1011010201,花菜类,16.833,16.833,0.0,201.996,1,12.0,8.27
2022-04-27,1011010201,花菜类,9.138,9.138,0.0,109.656,1,12.0,7.44
2022-04-28,1011010201,花菜类,11.202,11.202,0.0,134.424,1,12.0,7.18
2022-04-30,1011010201,花菜类,28.319,28.319,0.0,283.19,1,10.0,6.77
2022-05-01,1011010201,花菜类,23.295,23.295,0.0,232.95,1,10.0,6.13
2022-05-02,1011010201,花菜类,13.734,13.734,0.0,112.542,1,8.1944,5.75
2022-05-03,1011010201,花菜类,27.601,27.601,0.0,220.808,1,8.0,5.78
2022-05-04,1011010201,花菜类,26.182,26.182,0.0,213.4388,1,8.1521,5.81
2022-05-05,1011010201,花菜类,18.79,18.79,0.0,151.748,1,8.076,5.81
2022-05-06,1011010201,花菜类,20.488,20.488,0.0,168.0296,1,8.2014,3.4
2022-05-07,1011010201,花菜类,23.375,23.375,0.0,140.25,1,6.0,3.2
2022-05-08,1011010201,花菜类,42.607,42.607,0.0,255.642,1,6.0,4.32
2022-05-09,1011010201,花菜类,29.087,29.087,0.0,232.696,1,8.0,5.85
2022-05-10,1011010201,花菜类,22.638,22.638,0.0,181.104,1,8.0,4.42
2022-05-11,1011010201,花菜类,19.261,19.261,0.0,154.088,1,8.0,5.2
2022-05-12,1011010201,花菜类,24.59,24.59,0.0,196.72,1,8.0,5.5
2022-05-13,1011010201,花菜类,21.993,21.993,0.0,175.944,1,8.0,5.44
2022-05-14,1011010201,花菜类,48.521,48.521,0.0,388.168,1,8.0,5.43
2022-05-15,1011010201,花菜类,43.781,43.781,0.0,350.248,1,8.0,5.61
2022-05-16,1011010201,花菜类,23.633,23.633,0.0,189.064,1,8.0,5.45
2022-05-17,1011010201,花菜类,15.163,15.163,0.0,121.304,1,8.0,6.1
2022-05-18,1011010201,花菜类,20.24,20.24,0.0,161.92,1,8.0,5.96
2022-05-19,1011010201,花菜类,17.603,17.603,0.0,140.824,1,8.0,5.61
2022-05-20,1011010201,花菜类,13.908,13.908,0.0,127.9536,1,9.2,5.59
2022-05-21,1011010201,花菜类,26.494,26.494,0.0,243.7448,1,9.2,5.57
2022-05-22,1011010201,花菜类,23.847,23.847,0.0,219.39239999999998,1,9.2,5.85
2022-05-23,1011010201,花菜类,15.361,15.361,0.0,141.32119999999998,1,9.2,6.57
2022-05-24,1011010201,花菜类,27.64,27.64,0.0,221.12,1,8.0,6.45
2022-05-25,1011010201,花菜类,19.562,19.562,0.0,156.496,1,8.0,6.15
2022-05-26,1011010201,花菜类,25.011,25.011,0.0,200.088,1,8.0,6.82
2022-05-27,1011010201,花菜类,18.568,18.568,0.0,148.544,1,8.0,6.82
2022-05-28,1011010201,花菜类,35.114,35.114,0.0,280.912,1,8.0,6.18
2022-05-29,1011010201,花菜类,42.403,42.403,0.0,339.224,1,8.0,5.69
2022-05-30,1011010201,花菜类,24.336,24.336,0.0,194.688,1,8.0,5.69
2022-05-31,1011010201,花菜类,15.854,15.854,0.0,126.832,1,8.0,5.69
2022-06-01,1011010201,花菜类,22.234,22.234,0.0,177.872,1,8.0,5.72
2022-06-02,1011010201,花菜类,20.605,20.605,0.0,164.84,1,8.0,5.8
2022-06-03,1011010201,花菜类,29.489,29.489,0.0,271.29879999999997,1,9.2,5.84
2022-06-04,1011010201,花菜类,13.898,13.898,0.0,127.8616,1,9.2,6.2
2022-06-05,1011010201,花菜类,21.97,21.97,0.0,219.7,1,10.0,6.26
2022-06-06,1011010201,花菜类,23.309,23.309,0.0,214.44279999999998,1,9.2,6.46
2022-06-07,1011010201,花菜类,20.909,20.909,0.0,192.3628,1,9.2,6.54
2022-06-08,1011010201,花菜类,17.046,17.046,0.0,156.82319999999999,1,9.2,6.73
2022-06-09,1011010201,花菜类,21.532,21.532,0.0,198.09439999999998,1,9.2,6.51
2022-06-10,1011010201,花菜类,13.058,13.058,0.0,130.57999999999998,1,10.0,6.27
2022-06-11,1011010201,花菜类,34.691,34.691,0.0,346.91,1,10.0,6.45
2022-06-12,1011010201,花菜类,29.698,29.698,0.0,296.98,1,10.0,6.71
2022-06-13,1011010201,花菜类,23.638,23.638,0.0,236.38,1,10.0,6.24
2022-06-14,1011010201,花菜类,23.587,23.587,0.0,235.87,1,10.0,6.35
2022-06-15,1011010201,花菜类,18.931,18.931,0.0,189.31,1,10.0,6.35
2022-06-16,1011010201,花菜类,18.079,18.079,0.0,180.79,1,10.0,6.43
2022-06-17,1011010201,花菜类,27.301,27.301,0.0,273.01,1,10.0,6.44
2022-06-18,1011010201,花菜类,29.834,29.834,0.0,298.34,1,10.0,6.08
2022-06-19,1011010201,花菜类,31.956,31.956,0.0,293.99519999999995,1,9.2,6.07
2022-06-20,1011010201,花菜类,26.02,26.02,0.0,239.384,1,9.2,6.07
2022-06-21,1011010201,花菜类,22.014,22.014,0.0,158.5008,1,7.2,5.91
2022-06-22,1011010201,花菜类,23.449,23.449,0.0,168.8328,1,7.2,6.0
2022-06-23,1011010201,花菜类,14.583,14.583,0.0,104.9976,1,7.2,5.97
2022-06-24,1011010201,花菜类,17.64,17.64,0.0,162.28799999999998,1,9.2,5.05
2022-06-25,1011010201,花菜类,22.426,22.426,0.0,179.408,1,8.0,5.19
2022-06-26,1011010201,花菜类,36.32,36.32,0.0,261.504,1,7.2,4.96
2022-06-27,1011010201,花菜类,21.772000000000002,21.772000000000002,0.0,156.7584,1,7.2,4.94
2022-06-28,1011010201,花菜类,23.307,23.307,0.0,186.456,1,8.0,5.75
2022-07-04,1011010201,花菜类,27.955000000000002,27.955000000000002,0.0,279.55,1,10.0,6.27
2022-07-09,1011010201,花菜类,44.535000000000004,44.535000000000004,0.0,356.28000000000003,1,8.0,5.6
2022-07-14,1011010201,花菜类,34.033,34.033,0.0,340.33,1,10.0,6.2
2022-07-15,1011010201,花菜类,30.18,30.18,0.0,301.8,1,10.0,6.2
2022-07-16,1011010201,花菜类,59.714,59.714,0.0,597.14,1,10.0,6.12
2022-07-18,1011010201,花菜类,43.19,43.19,0.0,431.9,1,10.0,5.63
2022-07-20,1011010201,花菜类,43.777,43.777,0.0,402.74839999999995,1,9.2,5.68
2022-07-21,1011010201,花菜类,38.147,38.147,0.0,350.95239999999995,1,9.2,5.94
2022-07-22,1011010201,花菜类,33.655,33.655,0.0,309.626,1,9.2,6.0
2022-07-23,1011010201,花菜类,45.47,45.47,0.0,418.32399999999996,1,9.2,6.0
2022-07-24,1011010201,花菜类,45.96,45.96,0.0,422.832,1,9.2,5.63
2022-11-27,1011010201,花菜类,3.192,3.192,0.0,15.3216,1,4.8,1.46
2022-12-05,1011010201,花菜类,30.282,30.282,0.0,145.3536,1,4.8,1.47
2021-03-06,1011010101,花叶类,288.817,288.817,0.0,1462.1032,22,5.0624,3.1207
2021-03-07,1011010101,花叶类,257.809,264.314,6.505,1158.7531999999999,22,4.5317,2.6762
2021-04-09,1011010101,花叶类,145.026,145.026,0.0,1004.9686,22,6.9296,4.4683
2021-07-21,1011010101,花叶类,152.653,152.653,0.0,976.6402,22,6.3978,3.6374
2021-07-22,1011010101,花叶类,154.625,154.625,0.0,1038.613,22,6.717,3.6461
2021-12-28,1011010101,花叶类,86.04299999999999,86.04299999999999,0.0,351.1462,22,4.0811,2.2646
2022-01-02,1011010101,花叶类,110.056,110.54299999999999,0.487,442.5638,22,4.03,2.2944
2022-01-07,1011010101,花叶类,90.664,90.664,0.0,357.384,22,3.9419,2.461
2022-01-23,1011010101,花叶类,186.693,186.693,0.0,1042.094,22,5.5819,3.0858
2022-01-27,1011010101,花叶类,169.503,170.614,1.111,843.2486,22,4.9685,2.8449
2022-02-05,1011010101,花叶类,208.189,208.189,0.0,1364.369,22,6.5535,3.8276
2022-03-14,1011010101,花叶类,98.279,98.279,0.0,547.4912,22,5.5708,3.537
2022-07-02,1011010101,花叶类,195.29500000000002,195.29500000000002,0.0,1054.8592,22,5.4014,3.0347
2022-11-10,1011010101,花叶类,122.883,122.883,0.0,367.5026,22,2.9907,1.6306
2022-11-11,1011010101,花叶类,173.21,173.21,0.0,519.0468,22,2.9966,1.5122
2021-03-08,1011010101,花叶类,211.746,211.746,0.0,1129.3342,21,5.3334,3.1294
2021-03-14,1011010101,花叶类,176.032,176.032,0.0,1191.3326000000002,21,6.7677,4.1707
2021-03-17,1011010101,花叶类,107.653,107.653,0.0,699.0722000000001,21,6.4938,4.0615
2021-03-19,1011010101,花叶类,140.893,140.893,0.0,813.718,21,5.7754,3.609
2021-03-21,1011010101,花叶类,199.712,199.712,0.0,1261.989,21,6.319,3.5288
2021-03-22,1011010101,花叶类,115.022,115.022,0.0,789.3078,21,6.8622,4.0907
2021-04-05,1011010101,花叶类,178.469,178.469,0.0,1196.6456,21,6.7051,4.1744
2021-04-14,1011010101,花叶类,151.82999999999998,151.82999999999998,0.0,836.6424,21,5.5104,3.4484
2021-04-24,1011010101,花叶类,264.803,264.803,0.0,1347.0164,21,5.0869,3.2078
2021-05-12,1011010101,花叶类,182.519,182.519,0.0,765.7536,21,4.1955,2.6197
2021-06-09,1011010101,花叶类,126.35900000000001,126.35900000000001,0.0,715.7282,21,5.6642,3.372
2021-06-10,1011010101,花叶类,122.004,122.004,0.0,711.3776,21,5.8308,3.1899
2021-12-24,1011010101,花叶类,120.944,120.944,0.0,474.8304,21,3.926,2.1214
2021-12-26,1011010101,花叶类,209.308,209.712,0.404,925.344,21,4.4202,2.5496
2021-12-30,1011010101,花叶类,84.271,84.271,0.0,324.49600000000004,21,3.8506,2.2193
2022-01-08,1011010101,花叶类,130.766,130.766,0.0,513.2044,21,3.9246,2.2463
2022-01-11,1011010101,花叶类,86.15,86.15,0.0,322.407,21,3.7424,1.9822
2022-01-13,1011010101,花叶类,73.369,73.369,0.0,256.6266,21,3.4978,1.8864
2022-01-14,1011010101,花叶类,103.099,103.099,0.0,378.4884,21,3.6711,2.027
2022-01-22,1011010101,花叶类,210.297,210.297,0.0,1085.6298,21,5.1624,2.9189
2022-03-28,1011010101,花叶类,85.85,85.85,0.0,492.4398,21,5.736,3.7949
2022-06-29,1011010101,花叶类,156.09,156.09,0.0,760.677,21,4.8733,2.9432
2022-10-01,1011010101,花叶类,318.485,318.485,0.0,1372.6009,21,4.3098,2.0938
2022-11-12,1011010101,花叶类,293.677,293.677,0.0,883.9066,21,3.0098,1.512
2022-11-17,1011010101,花叶类,232.975,232.975,0.0,585.1296,21,2.5116,1.1733
2022-11-18,1011010101,花叶类,367.523,376.605,9.082,971.7074,21,2.6284,1.1813
2022-12-17,1011010101,花叶类,265.09,265.09,0.0,951.5306,21,3.5895,2.0401
