20260666C/代码与数据/processed/daily_category.csv
date,cat_code,cat_name,qty_net,qty_sold,qty_returned,revenue_net,n_items,avg_retail_price,avg_wholesale_price
2021-03-09,1011010101,花叶类,170.907,170.907,0.0,914.3914,24,5.3502,2.9804
2021-03-13,1011010101,花叶类,169.055,169.055,0.0,1138.2034,24,6.7327,4.0383
2021-04-08,1011010101,花叶类,136.899,136.899,0.0,843.4982,24,6.1615,3.8318
2022-01-26,1011010101,花叶类,172.651,172.651,0.0,1024.105,24,5.9316,3.3876
2022-03-24,1011010101,花叶类,106.202,106.202,0.0,700.2048,24,6.5931,5.1869
2022-03-26,1011010101,花叶类,152.529,152.529,0.0,1328.9338,24,8.7127,6.1963
2022-04-05,1011010101,花叶类,146.419,146.419,0.0,881.3226000000001,24,6.0192,3.4731
2022-04-07,1011010101,花叶类,85.20100000000001,85.20100000000001,0.0,529.0872,24,6.2099,3.7662
2022-04-08,1011010101,花叶类,87.65,87.65,0.0,480.9732,24,5.4874,3.0841
2022-04-11,1011010101,花叶类,93.428,93.428,0.0,541.3698,24,5.7945,3.0516
2022-04-14,1011010101,花叶类,128.586,128.586,0.0,638.2548,24,4.9636,4.4027
2022-04-18,1011010101,花叶类,112.679,112.679,0.0,549.3274,24,4.8751,2.6978
2022-04-20,1011010101,花叶类,105.275,105.275,0.0,517.1444,24,4.9123,2.8702
2022-04-23,1011010101,花叶类,118.653,118.653,0.0,794.7858,24,6.6984,3.9022
2022-04-28,1011010101,花叶类,111.59400000000001,111.59400000000001,0.0,545.7222,24,4.8902,3.1647
2022-08-25,1011010101,花叶类,243.786,243.786,0.0,1143.5782,24,4.6909,2.813
2021-04-02,1011010101,花叶类,178.71,179.383,0.673,1236.0444,23,6.9168,4.9843
2021-04-03,1011010101,花叶类,212.267,212.267,0.0,1581.0556000000001,23,7.4484,4.8602
2021-12-25,1011010101,花叶类,180.787,180.787,0.0,800.295,23,4.4267,2.4688
2021-12-31,1011010101,花叶类,125.70100000000001,125.70100000000001,0.0,561.5304,23,4.4672,2.5989
2022-01-25,1011010101,花叶类,153.198,153.198,0.0,837.6786,23,5.4679,3.3511
2022-01-28,1011010101,花叶类,188.131,188.131,0.0,1082.726,23,5.7552,3.3919
2022-03-22,1011010101,花叶类,133.244,133.244,0.0,935.4998,23,7.021,4.4694
2022-03-29,1011010101,花叶类,75.286,75.286,0.0,539.3804,23,7.1644,4.9035
2022-03-30,1011010101,花叶类,86.195,86.195,0.0,577.1882,23,6.6963,4.0487
2022-04-01,1011010101,花叶类,130.262,130.262,0.0,791.3334,23,6.0749,3.4648
2022-04-04,1011010101,花叶类,148.726,148.726,0.0,967.8308,23,6.5075,3.9478
2022-04-15,1011010101,花叶类,131.828,131.828,0.0,698.7378,23,5.3004,3.2577
2022-04-24,1011010101,花叶类,99.189,99.189,0.0,543.2594,23,5.477,3.2133
2022-04-26,1011010101,花叶类,91.764,91.764,0.0,487.4498,23,5.312,3.0719
2022-04-27,1011010101,花叶类,88.807,88.807,0.0,474.1012,23,5.3386,3.2672
2022-11-21,1011010101,花叶类,821.168,821.168,0.0,2810.9292,23,3.4231,1.8864
2021-07-14,1011010402,水生根茎类,14.182,14.182,0.0,149.3462,5,10.5307,7.1374
2021-07-16,1011010402,水生根茎类,23.636,23.636,0.0,221.40640000000002,5,9.3673,7.3841
2021-07-17,1011010402,水生根茎类,27.115000000000002,27.115000000000002,0.0,339.122,5,12.5068,8.3504
2021-07-18,1011010402,水生根茎类,30.137999999999998,30.137999999999998,0.0,343.8446,5,11.409,7.843
2022-06-02,1011010402,水生根茎类,11.329999999999998,11.329999999999998,0.0,227.3292,5,20.0644,13.6898
2022-06-03,1011010402,水生根茎类,14.235,14.235,0.0,271.144,5,19.0477,12.8332
2022-06-12,1011010402,水生根茎类,10.588000000000001,10.588000000000001,0.0,218.9422,5,20.6783,12.2322
2022-06-14,1011010402,水生根茎类,14.604000000000001,14.604000000000001,0.0,350.3868,5,23.9925,15.274
2022-06-15,1011010402,水生根茎类,5.184,5.184,0.0,102.148,5,19.7045,11.1824
2022-06-17,1011010402,水生根茎类,6.5489999999999995,6.77,0.221,128.6422,5,19.3282,12.7889
2022-06-18,1011010402,水生根茎类,18.484,18.484,0.0,408.96500000000003,5,22.1254,13.6787
2022-06-21,1011010402,水生根茎类,6.063,6.063,0.0,120.025,5,19.7963,13.2168
2022-06-24,1011010402,水生根茎类,25.878,25.878,0.0,336.7208,5,13.0119,8.8048
2022-06-26,1011010402,水生根茎类,31.364,31.364,0.0,530.6208,5,16.9181,11.4099
2022-07-03,1011010402,水生根茎类,63.873,63.873,0.0,690.4424,5,10.8096,6.5895
2022-07-05,1011010402,水生根茎类,34.507999999999996,34.507999999999996,0.0,488.4832,5,14.1557,9.1729
2022-07-08,1011010402,水生根茎类,32.713,32.713,0.0,304.1364,5,9.2971,6.0388
2022-07-10,1011010402,水生根茎类,35.703,35.703,0.0,381.6576,5,10.6898,6.5196
2022-07-15,1011010402,水生根茎类,43.241,43.241,0.0,511.592,5,11.8312,7.7242
2022-07-16,1011010402,水生根茎类,107.272,107.272,0.0,893.9044,5,8.3331,5.5515
2022-07-18,1011010402,水生根茎类,57.442,57.442,0.0,538.1616,5,9.3688,6.4897
2022-07-20,1011010402,水生根茎类,89.35499999999999,89.35499999999999,0.0,618.3884,5,6.9206,4.5499
2022-07-25,1011010402,水生根茎类,90.633,90.633,0.0,575.1684,5,6.3461,4.0061
2022-07-28,1011010402,水生根茎类,70.756,70.756,0.0,582.6468,5,8.2346,5.2746
2022-07-29,1011010402,水生根茎类,66.925,66.925,0.0,526.4456,5,7.8662,5.2545
2022-07-31,1011010402,水生根茎类,131.59099999999998,131.59099999999998,0.0,808.4,5,6.1433,3.9909
2022-08-01,1011010402,水生根茎类,91.81299999999999,91.81299999999999,0.0,580.2783,5,6.3202,4.2481
2022-08-04,1011010402,水生根茎类,64.17099999999999,64.17099999999999,0.0,583.3256,5,9.0902,6.357
2022-08-06,1011010402,水生根茎类,106.723,106.723,0.0,707.9432,5,6.6335,4.6744
2022-08-07,1011010402,水生根茎类,89.746,89.746,0.0,629.2316,5,7.0112,4.964
2022-08-08,1011010402,水生根茎类,86.53099999999999,86.53099999999999,0.0,525.1404,5,6.0688,4.4061
2022-08-09,1011010402,水生根茎类,54.281000000000006,54.281000000000006,0.0,437.0684,5,8.052,5.8224
2022-08-10,1011010402,水生根茎类,89.973,89.973,0.0,515.5532,5,5.7301,3.9907
2022-08-11,1011010402,水生根茎类,70.377,70.377,0.0,472.33119999999997,5,6.7114,4.6491
2022-08-12,1011010402,水生根茎类,79.938,79.938,0.0,532.4216,5,6.6604,4.7135
2022-08-15,1011010402,水生根茎类,102.925,102.925,0.0,654.8948,5,6.3628,4.442
2022-08-20,1011010402,水生根茎类,95.69800000000001,95.69800000000001,0.0,766.0681999999999,5,8.0051,5.6067
2022-08-21,1011010402,水生根茎类,87.971,87.971,0.0,682.2852,5,7.7558,5.3707
2022-08-22,1011010402,水生根茎类,66.488,66.488,0.0,371.6752,5,5.5901,4.2442
2022-08-23,1011010402,水生根茎类,86.205,86.205,0.0,503.4854,5,5.8406,4.1308
2022-09-10,1011010402,水生根茎类,155.46699999999998,155.46699999999998,0.0,1119.5176000000001,5,7.201,4.8177
2022-09-18,1011010402,水生根茎类,58.668,58.668,0.0,358.5917,5,6.1122,4.1393
2022-09-30,1011010402,水生根茎类,70.235,70.235,0.0,553.0966000000001,5,7.8749,5.7161
2022-11-21,1011010402,水生根茎类,264.657,264.657,0.0,2026.8300000000004,5,7.6583,4.9364
2022-12-13,1011010402,水生根茎类,50.434000000000005,50.434000000000005,0.0,337.144,5,6.6849,4.3841
2022-12-19,1011010402,水生根茎类,67.122,67.122,0.0,496.088,5,7.3908,4.9773
2022-12-21,1011010402,水生根茎类,61.727000000000004,61.727000000000004,0.0,407.0017,5,6.5936,4.3456
2021-07-17,1011010504,辣椒类,60.20399999999999,60.20399999999999,0.0,446.59499999999997,12,7.418,4.4688
2021-07-21,1011010504,辣椒类,58.081,58.081,0.0,419.509,12,7.2228,4.5287
2021-07-22,1011010504,辣椒类,56.815,56.815,0.0,403.981,12,7.1105,4.4718
2021-07-24,1011010504,辣椒类,82.893,82.893,0.0,565.806,12,6.8257,4.3059
2021-07-29,1011010504,辣椒类,33.377,33.377,0.0,251.3928,12,7.5319,4.3344
2021-08-01,1011010504,辣椒类,76.324,76.324,0.0,578.4027,12,7.5782,4.9746
2021-08-20,1011010504,辣椒类,47.075,47.075,0.0,353.637,12,7.5122,5.2671
2021-08-21,1011010504,辣椒类,67.62899999999999,67.62899999999999,0.0,533.398,12,7.8871,4.8717
2021-08-22,1011010504,辣椒类,94.447,94.447,0.0,669.673,12,7.0905,4.5452
2021-08-24,1011010504,辣椒类,53.891000000000005,53.891000000000005,0.0,320.849,12,5.9537,3.2352
2021-08-30,1011010504,辣椒类,65.327,65.327,0.0,382.244,12,5.8512,3.8419
2021-08-31,1011010504,辣椒类,66.341,66.341,0.0,428.4972,12,6.459,4.1018
2021-09-04,1011010504,辣椒类,90.712,90.712,0.0,719.0899999999999,12,7.9272,5.5208
2021-09-10,1011010504,辣椒类,36.978,36.978,0.0,366.501,12,9.9113,7.074
2021-09-27,1011010504,辣椒类,32.674,32.674,0.0,314.337,12,9.6204,6.1978
2022-01-24,1011010504,辣椒类,117.056,117.056,0.0,1434.487,12,12.2547,7.4695
2022-01-25,1011010504,辣椒类,85.379,85.379,0.0,1275.5726000000002,12,14.9401,9.6349
2022-02-07,1011010504,辣椒类,105.783,105.783,0.0,1367.798,12,12.9302,8.8998
2022-02-10,1011010504,辣椒类,95.39,95.39,0.0,900.0088000000001,12,9.435,6.7758
2022-02-11,1011010504,辣椒类,80.496,80.496,0.0,817.711,12,10.1584,6.9919
2022-02-12,1011010504,辣椒类,63.244,63.244,0.0,671.8514,12,10.6232,7.021
2022-02-13,1011010504,辣椒类,53.381,53.381,0.0,583.6494,12,10.9337,6.5022
2022-02-17,1011010504,辣椒类,64.96,66.319,1.359,463.148,12,7.1066,5.9227
2022-02-20,1011010504,辣椒类,80.204,80.204,0.0,635.0724,12,7.9182,5.314
2022-02-21,1011010504,辣椒类,54.127,54.127,0.0,544.3702000000001,12,10.0573,6.0174
2022-03-22,1011010504,辣椒类,87.671,87.671,0.0,1196.7796,12,13.6508,9.3357
2022-03-26,1011010504,辣椒类,94.554,94.554,0.0,1343.6686000000002,12,14.2106,10.5718
2022-04-11,1011010504,辣椒类,69.30499999999999,69.30499999999999,0.0,706.9408000000001,12,10.2004,7.7116
2022-04-15,1011010504,辣椒类,69.72,69.72,0.0,847.589,12,12.157,8.1786
2022-04-25,1011010504,辣椒类,94.828,95.828,1.0,773.91,12,8.1992,6.4879
2022-04-30,1011010504,辣椒类,81.21,81.21,0.0,638.9932,12,7.8684,4.7289
2022-07-04,1011010504,辣椒类,47.458,47.642,0.184,510.0156,12,10.7515,6.7391
2022-07-08,1011010504,辣椒类,42.7,42.7,0.0,431.1114,12,10.0963,6.657
2022-07-09,1011010504,辣椒类,73.124,73.124,0.0,698.3694,12,9.5505,5.9595
2022-07-31,1011010504,辣椒类,142.906,142.906,0.0,736.4888000000001,12,5.1537,2.5831
2022-08-08,1011010504,辣椒类,138.495,138.495,0.0,517.793,12,3.7387,1.9487
2022-08-22,1011010504,辣椒类,104.65299999999999,104.65299999999999,0.0,492.7943,12,4.7088,2.4779
2022-08-28,1011010504,辣椒类,251.609,251.609,0.0,1140.4652,12,4.5327,2.2084
2022-08-30,1011010504,辣椒类,114.188,114.188,0.0,583.0832,12,5.1063,2.5313
2022-09-06,1011010504,辣椒类,93.76899999999999,93.76899999999999,0.0,572.9438,12,6.1102,3.6289
2022-09-07,1011010504,辣椒类,69.663,69.663,0.0,416.5858,12,5.98,3.6586
2022-09-08,1011010504,辣椒类,90.435,91.68599999999999,1.251,483.13050000000004,12,5.335,2.9316
2022-09-16,1011010504,辣椒类,107.825,107.825,0.0,625.4736,12,5.8008,4.0489
2022-09-18,1011010504,辣椒类,177.806,177.806,0.0,1036.3175,12,5.8284,4.1137
2022-09-23,1011010504,辣椒类,85.824,87.3,1.476,550.7548,12,6.4636,3.6658
2022-09-24,1011010504,辣椒类,193.743,193.743,0.0,1260.3078,12,6.505,3.5381
2022-09-28,1011010504,辣椒类,77.96000000000001,77.96000000000001,0.0,515.8229,12,6.6165,4.3932
2022-10-03,1011010504,辣椒类,116.32300000000001,117.32300000000001,1.0,781.1075,12,6.6995,3.3793
2022-10-05,1011010504,辣椒类,162.721,162.721,0.0,994.2322,12,6.11,2.8257
2022-10-06,1011010504,辣椒类,208.677,208.677,0.0,1228.9714,12,5.8894,2.476
2022-10-07,1011010504,辣椒类,169.976,170.183,0.207,1097.587,12,6.4735,3.4571
2022-10-09,1011010504,辣椒类,110.966,110.966,0.0,682.8895,12,6.154,3.2972
2022-10-10,1011010504,辣椒类,134.737,134.737,0.0,730.2017,12,5.4195,2.7547
2022-10-12,1011010504,辣椒类,121.317,123.317,2.0,639.4619,12,5.2423,3.1293
2022-10-26,1011010504,辣椒类,117.386,117.386,0.0,571.6953,12,4.8702,3.262
2022-11-03,1011010504,辣椒类,129.249,129.249,0.0,568.2546,12,4.3966,2.7605
2022-11-05,1011010504,辣椒类,158.362,158.362,0.0,702.2452,12,4.4344,2.4235
2022-11-19,1011010504,辣椒类,436.061,436.061,0.0,1691.8145,12,3.8798,1.8083
2021-09-27,1011010801,食用菌,12.762,12.762,0.0,138.67100000000002,3,10.8659,6.5643
2021-09-29,1011010801,食用菌,15.119,15.119,0.0,189.2476,3,12.5172,7.8254
2021-09-30,1011010801,食用菌,22.234,22.234,0.0,229.1998,3,10.3085,6.5774
2021-10-02,1011010801,食用菌,38.088,38.088,0.0,475.37940000000003,3,12.4811,8.1016
2021-10-03,1011010801,食用菌,43.269999999999996,43.269999999999996,0.0,450.3192,3,10.4072,6.7058
2021-10-04,1011010801,食用菌,38.497,38.497,0.0,404.46180000000004,3,10.5063,6.7876
2021-10-07,1011010801,食用菌,45.794,45.794,0.0,475.87440000000004,3,10.3916,7.1847
2021-10-08,1011010801,食用菌,49.062,50.073,1.0110000000000001,519.6912,3,10.734,7.4315
2021-10-09,1011010801,食用菌,33.34,33.34,0.0,312.232,3,9.3651,5.8535
2021-10-22,1011010801,食用菌,40.039,40.039,0.0,357.6052,3,8.9314,5.352
2021-10-25,1011010801,食用菌,46.731,46.731,0.0,396.696,3,8.4889,5.4925
2021-10-28,1011010801,食用菌,31.659,31.659,0.0,330.044,3,10.425,6.8633
2021-10-29,1011010801,食用菌,47.926,47.926,0.0,413.364,3,8.625,6.1509
2021-10-30,1011010801,食用菌,79.731,79.731,0.0,692.9340000000001,3,8.6909,5.667
2021-11-23,1011010801,食用菌,24.705,24.705,0.0,189.68,3,7.6778,4.9322
2021-11-24,1011010801,食用菌,22.259,22.259,0.0,111.244,3,4.9977,3.2553
2021-11-25,1011010801,食用菌,17.266,17.266,0.0,66.056,3,3.8258,2.6416
2021-11-30,1011010801,食用菌,30.467,30.467,0.0,122.869,3,4.0329,2.5789
2021-12-07,1011010801,食用菌,36.621,36.621,0.0,319.695,3,8.7298,5.6695
2021-12-28,1011010801,食用菌,39.004,39.004,0.0,148.186,3,3.7992,2.3864
2022-01-10,1011010801,食用菌,46.232,46.232,0.0,417.8,3,9.037,6.8431
2022-02-22,1011010801,食用菌,14.498999999999999,14.498999999999999,0.0,139.082,3,9.5925,5.6748
2022-03-11,1011010801,食用菌,11.525,11.525,0.0,160.44,3,13.921,8.3132
2022-05-03,1011010801,食用菌,18.375,18.375,0.0,178.925,3,9.7374,5.8974
2022-05-10,1011010801,食用菌,9.417,9.417,0.0,138.35660000000001,3,14.6922,9.2608
2022-05-11,1011010801,食用菌,20.87,20.87,0.0,229.32600000000002,3,10.9883,7.1995
2022-05-16,1011010801,食用菌,18.527,18.527,0.0,165.0346,3,8.9078,5.8324
2022-05-18,1011010801,食用菌,20.598,20.598,0.0,188.24040000000002,3,9.1388,6.0284
2022-05-19,1011010801,食用菌,13.195,13.195,0.0,195.661,3,14.8284,9.8025
2022-05-20,1011010801,食用菌,14.719000000000001,14.719000000000001,0.0,158.2362,3,10.7505,6.9958
2022-05-24,1011010801,食用菌,14.041,14.041,0.0,128.9118,3,9.1811,5.9206
2022-05-25,1011010801,食用菌,18.698,18.698,0.0,168.52040000000002,3,9.0128,5.919
2022-05-29,1011010801,食用菌,33.516999999999996,33.516999999999996,0.0,285.0366,3,8.5042,5.5892
2022-06-14,1011010801,食用菌,16.266,16.266,0.0,163.1668,3,10.0312,6.4067
2022-11-28,1011010801,食用菌,3.012,3.012,0.0,21.750999999999998,3,7.2214,5.922
2022-12-04,1011010801,食用菌,30.0,30.0,0.0,127.6,3,4.2533,2.1513
2022-12-05,1011010801,食用菌,114.0,114.0,0.0,408.4,3,3.5825,2.1181
2022-12-06,1011010801,食用菌,98.62,98.62,0.0,654.32,3,6.6347,4.2722
