20260666C/代码与数据/processed/daily_category.csv
date,cat_code,cat_name,qty_net,qty_sold,qty_returned,revenue_net,n_items,avg_retail_price,avg_wholesale_price
2021-09-28,1011010801,食用菌,21.671,21.671,0.0,181.7495,4,8.3867,5.0742
2021-10-05,1011010801,食用菌,33.255,33.416,0.161,266.12940000000003,4,8.0595,5.2066
2021-10-11,1011010801,食用菌,26.96,26.96,0.0,156.236,4,5.7951,3.4987
2021-10-14,1011010801,食用菌,28.438000000000002,28.438000000000002,0.0,314.5724,4,11.0617,6.9559
2021-10-18,1011010801,食用菌,30.066000000000003,30.066000000000003,0.0,267.3668,4,8.8927,5.4806
2021-10-19,1011010801,食用菌,32.2,32.2,0.0,309.259,4,9.6043,6.1602
2021-10-20,1011010801,食用菌,41.794,41.873,0.079,358.6298,4,8.6055,5.5358
2021-10-21,1011010801,食用菌,38.753,38.753,0.0,300.949,4,7.7658,4.7103
2021-10-23,1011010801,食用菌,87.828,87.828,0.0,731.548,4,8.3293,6.2532
2021-10-24,1011010801,食用菌,55.632000000000005,55.632000000000005,0.0,461.51200000000006,4,8.2958,5.2787
2021-10-27,1011010801,食用菌,35.369,35.369,0.0,327.904,4,9.2709,6.0438
2021-11-05,1011010801,食用菌,104.608,104.608,0.0,959.3960000000001,4,9.1713,5.51
2021-11-08,1011010801,食用菌,58.55799999999999,58.55799999999999,0.0,583.904,4,9.9714,5.5386
2021-11-09,1011010801,食用菌,52.288000000000004,52.288000000000004,0.0,567.844,4,10.8599,5.9959
2021-11-10,1011010801,食用菌,48.096000000000004,48.096000000000004,0.0,487.24,4,10.1306,5.2314
2021-11-11,1011010801,食用菌,47.256,47.256,0.0,449.828,4,9.519,4.7801
2021-11-12,1011010801,食用菌,55.135999999999996,55.135999999999996,0.0,607.74,4,11.0226,5.4668
2021-11-13,1011010801,食用菌,57.321,57.321,0.0,628.64,4,10.967,5.5355
2021-11-14,1011010801,食用菌,71.072,71.072,0.0,815.024,4,11.4676,6.537
2021-11-15,1011010801,食用菌,36.29,36.29,0.0,343.214,4,9.4575,5.8189
2021-11-16,1011010801,食用菌,35.93,36.117999999999995,0.188,340.572,4,9.5023,6.1471
2021-11-17,1011010801,食用菌,43.704,44.036,0.332,371.904,4,8.551,5.8132
2021-11-18,1011010801,食用菌,35.182,35.182,0.0,306.168,4,8.7024,6.1923
2021-11-19,1011010801,食用菌,35.174,35.174,0.0,318.5713,4,9.057,6.6592
2021-11-20,1011010801,食用菌,73.711,73.711,0.0,562.54,4,7.6317,5.4434
2021-11-22,1011010801,食用菌,24.416,24.416,0.0,260.62399999999997,4,10.6743,6.7288
2021-11-26,1011010801,食用菌,23.644,23.644,0.0,101.261,4,4.2827,2.808
2021-11-27,1011010801,食用菌,43.646,44.646,1.0,188.845,4,4.2948,2.7662
2021-11-28,1011010801,食用菌,56.96,56.96,0.0,441.946,4,7.7589,5.0893
2021-12-01,1011010801,食用菌,24.864,24.864,0.0,92.75699999999999,4,3.7306,2.4344
2021-12-02,1011010801,食用菌,20.085,20.085,0.0,92.00999999999999,4,4.581,2.6282
2021-12-03,1011010801,食用菌,54.498,54.498,0.0,453.18,4,8.3155,6.2004
2021-12-04,1011010801,食用菌,92.695,92.695,0.0,723.915,4,7.8096,5.623
2021-12-05,1011010801,食用菌,100.244,100.244,0.0,726.938,4,7.2517,5.2987
2021-12-06,1011010801,食用菌,45.510999999999996,45.510999999999996,0.0,301.809,4,6.6316,4.2158
2021-12-10,1011010801,食用菌,55.263,55.263,0.0,435.138,4,7.8739,5.477
2021-12-11,1011010801,食用菌,121.63499999999999,121.63499999999999,0.0,876.3439999999999,4,7.2047,5.6074
2021-12-13,1011010801,食用菌,92.884,92.884,0.0,421.356,4,4.5364,3.0232
2021-12-14,1011010801,食用菌,103.51599999999999,103.51599999999999,0.0,481.832,4,4.6546,3.008
2021-12-15,1011010801,食用菌,63.724,64.376,0.652,417.55199999999996,4,6.6077,5.0844
2021-12-16,1011010801,食用菌,51.855999999999995,51.855999999999995,0.0,438.312,4,8.4525,6.5619
2021-12-17,1011010801,食用菌,69.729,69.729,0.0,504.21799999999996,4,7.2311,5.3466
2021-12-18,1011010801,食用菌,114.017,114.017,0.0,790.5600000000001,4,6.9337,5.0851
2021-12-19,1011010801,食用菌,118.836,118.836,0.0,602.258,4,5.068,3.4749
2021-12-20,1011010801,食用菌,60.872,60.872,0.0,390.216,4,6.4104,3.9922
2021-12-21,1011010801,食用菌,54.261,54.261,0.0,457.43600000000004,4,8.4303,6.4277
2021-12-22,1011010801,食用菌,50.263000000000005,50.263000000000005,0.0,351.966,4,7.0025,5.2524
2021-12-23,1011010801,食用菌,47.43,47.43,0.0,424.63500000000005,4,8.9529,7.1027
2021-12-24,1011010801,食用菌,63.083999999999996,63.471999999999994,0.388,527.473,4,8.3531,6.5196
2021-12-25,1011010801,食用菌,137.522,137.522,0.0,1078.604,4,7.8432,5.9164
2021-12-26,1011010801,食用菌,92.322,92.322,0.0,832.728,4,9.0198,6.2999
2021-12-27,1011010801,食用菌,37.641999999999996,39.641999999999996,2.0,205.886,4,5.3399,3.7057
2022-01-01,1011010801,食用菌,90.656,90.656,0.0,759.684,4,8.3799,5.5783
2022-02-21,1011010801,食用菌,11.197,11.197,0.0,118.946,4,10.623,6.3996
2022-02-28,1011010801,食用菌,11.887,11.887,0.0,132.36599999999999,4,11.1354,7.2426
2022-03-02,1011010801,食用菌,17.916,17.916,0.0,165.388,4,9.2313,5.4722
2022-03-07,1011010801,食用菌,12.626,12.626,0.0,96.368,4,7.6325,4.4916
2022-03-10,1011010801,食用菌,14.375,14.375,0.0,126.50000000000001,4,8.8,5.2355
2022-03-12,1011010801,食用菌,23.441000000000003,23.441000000000003,0.0,247.5256,4,10.5595,6.3159
2022-03-14,1011010801,食用菌,13.799,13.799,0.0,107.6616,4,7.8021,4.4494
2022-05-01,1011010801,食用菌,33.083,33.083,0.0,234.76700000000002,4,7.0963,4.1522
2022-05-02,1011010801,食用菌,42.191,42.191,0.0,336.1818,4,7.9681,4.7208
2022-05-04,1011010801,食用菌,27.070999999999998,27.070999999999998,0.0,219.63580000000002,4,8.1133,4.7669
2022-05-05,1011010801,食用菌,16.992,16.992,0.0,136.4112,4,8.028,4.8291
2022-05-06,1011010801,食用菌,19.454,19.454,0.0,183.5774,4,9.4365,5.9457
2022-05-08,1011010801,食用菌,35.067,35.067,0.0,331.52660000000003,4,9.4541,5.8444
2022-05-12,1011010801,食用菌,21.925,21.925,0.0,166.815,4,7.6085,4.8789
2022-05-26,1011010801,食用菌,21.185,21.185,0.0,164.06300000000002,4,7.7443,4.9753
2022-05-27,1011010801,食用菌,19.308,19.308,0.0,201.3984,4,10.4308,6.8213
2022-06-03,1011010801,食用菌,61.149,61.149,0.0,468.5502,4,7.6624,4.9806
2022-06-04,1011010801,食用菌,27.698,27.698,0.0,172.9204,4,6.2431,4.0455
2022-06-05,1011010801,食用菌,41.369,41.369,0.0,296.50620000000004,4,7.1674,4.6552
2022-06-08,1011010801,食用菌,28.048000000000002,28.048000000000002,0.0,185.2504,4,6.6048,4.5901
2022-06-09,1011010801,食用菌,27.768,27.768,0.0,229.8064,4,8.2759,5.7036
2022-06-11,1011010801,食用菌,36.533,36.533,0.0,313.2534,4,8.5745,5.6249
2022-06-15,1011010801,食用菌,26.243000000000002,26.243000000000002,0.0,222.5114,4,8.4789,5.5099
2022-06-23,1011010801,食用菌,29.488,29.488,0.0,188.7624,4,6.4013,4.1949
2022-06-24,1011010801,食用菌,29.265,29.265,0.0,217.947,4,7.4474,4.6827
2022-06-25,1011010801,食用菌,47.569,48.569,1.0,308.0662,4,6.4643,3.9385
2022-06-27,1011010801,食用菌,26.887,26.887,0.0,187.8454,4,6.9865,4.6214
2022-07-01,1011010801,食用菌,50.953,50.953,0.0,256.8174,4,5.0403,3.5197
2022-07-02,1011010801,食用菌,45.704,45.704,0.0,393.2678,4,8.6047,5.7967
2022-07-12,1011010801,食用菌,27.869,27.869,0.0,232.6062,4,8.3464,5.8164
2022-11-27,1011010801,食用菌,8.596,8.596,0.0,54.778999999999996,4,6.3726,2.9684
2022-11-29,1011010801,食用菌,8.283,8.283,0.0,47.893,4,5.7821,3.3676
2022-01-19,1011010504,辣椒类,55.99,55.99,0.0,541.0184,14,9.6628,5.658
2022-01-21,1011010504,辣椒类,81.348,81.348,0.0,831.4364,14,10.2207,5.1735
2022-01-29,1011010504,辣椒类,356.031,356.647,0.616,6271.501800000001,14,17.6219,10.8593
2022-02-18,1011010504,辣椒类,77.479,77.479,0.0,604.1516,14,7.7976,5.8745
2022-02-28,1011010504,辣椒类,66.122,66.122,0.0,663.3378,14,10.032,7.6313
2022-03-01,1011010504,辣椒类,60.582,60.582,0.0,627.8882,14,10.3643,7.416
2022-03-03,1011010504,辣椒类,54.074999999999996,54.074999999999996,0.0,617.3778,14,11.4171,8.0842
2022-03-21,1011010504,辣椒类,72.925,72.925,0.0,1034.2772,14,14.1828,9.6141
2022-03-24,1011010504,辣椒类,48.68,48.68,0.0,716.856,14,14.7259,9.7847
2022-03-25,1011010504,辣椒类,74.387,74.387,0.0,1000.3072999999999,14,13.4473,9.5734
2022-03-29,1011010504,辣椒类,65.004,65.004,0.0,719.7746,14,11.0728,7.9391
2022-04-01,1011010504,辣椒类,80.48,80.48,0.0,1010.1254,14,12.5513,8.751
2022-04-04,1011010504,辣椒类,107.732,107.732,0.0,1424.683,14,13.2243,9.7209
2022-04-06,1011010504,辣椒类,38.127,38.127,0.0,453.805,14,11.9025,9.8022
2022-04-07,1011010504,辣椒类,28.799,28.799,0.0,384.052,14,13.3356,10.1592
2022-04-10,1011010504,辣椒类,113.881,113.881,0.0,1316.123,14,11.557,9.1149
2022-04-12,1011010504,辣椒类,76.22,76.22,0.0,915.6602,14,12.0134,8.1013
2022-04-20,1011010504,辣椒类,51.324000000000005,51.324000000000005,0.0,588.1108,14,11.4588,7.2115
2022-04-21,1011010504,辣椒类,59.830999999999996,59.830999999999996,0.0,579.5748,14,9.6869,7.088
2022-04-27,1011010504,辣椒类,64.366,64.366,0.0,509.2136,14,7.9112,4.9843
2022-04-28,1011010504,辣椒类,80.389,80.389,0.0,660.0256,14,8.2104,6.0942
2022-07-06,1011010504,辣椒类,51.119,51.119,0.0,530.9294,14,10.3861,7.0143
2022-07-18,1011010504,辣椒类,50.507,50.507,0.0,528.6268,14,10.4664,6.9386
2022-07-21,1011010504,辣椒类,130.268,130.268,0.0,758.9562,14,5.8261,3.7006
2022-07-22,1011010504,辣椒类,91.719,91.719,0.0,573.571,14,6.2536,4.4539
2022-07-29,1011010504,辣椒类,120.741,120.741,0.0,630.89,14,5.2251,2.7829
2022-07-30,1011010504,辣椒类,141.664,141.664,0.0,740.1163,14,5.2244,2.0418
2022-08-06,1011010504,辣椒类,183.489,183.489,0.0,806.2198000000001,14,4.3938,2.5411
2022-08-14,1011010504,辣椒类,188.234,188.234,0.0,701.575,14,3.7271,2.0355
2022-08-16,1011010504,辣椒类,183.738,183.738,0.0,817.8724,14,4.4513,1.9754
2022-08-18,1011010504,辣椒类,223.117,223.117,0.0,965.0011999999999,14,4.3251,2.1388
2022-08-19,1011010504,辣椒类,334.781,334.781,0.0,1613.3063,14,4.819,2.2453
2022-08-26,1011010504,辣椒类,129.03,129.03,0.0,591.9562,14,4.5877,2.5683
2022-08-29,1011010504,辣椒类,116.07600000000001,116.07600000000001,0.0,529.9348,14,4.5654,2.2567
2022-09-03,1011010504,辣椒类,176.62800000000001,176.62800000000001,0.0,906.7526,14,5.1337,3.0836
2022-09-04,1011010504,辣椒类,185.40200000000002,185.40200000000002,0.0,987.2132,14,5.3247,3.1217
2022-09-09,1011010504,辣椒类,179.34,180.34,1.0,1134.5468,14,6.3106,3.3384
2022-09-29,1011010504,辣椒类,84.368,84.368,0.0,471.7934,14,5.5921,3.4799
2022-11-21,1011010504,辣椒类,352.42199999999997,352.42199999999997,0.0,1511.3627999999999,14,4.2885,1.9132
2022-01-24,1011010101,花叶类,187.463,187.463,0.0,839.58,25,4.4786,2.7008
2022-03-15,1011010101,花叶类,102.32900000000001,102.32900000000001,0.0,592.4250000000001,25,5.7894,3.6224
2022-03-17,1011010101,花叶类,108.39399999999999,108.39399999999999,0.0,540.366,25,4.9852,3.0765
2022-03-18,1011010101,花叶类,112.098,112.098,0.0,499.3154,25,4.4543,2.7146
2022-03-19,1011010101,花叶类,201.276,201.276,0.0,1278.1608,25,6.3503,3.857
2022-03-20,1011010101,花叶类,173.788,173.788,0.0,1120.3332,25,6.4466,4.2129
2022-03-21,1011010101,花叶类,192.734,192.734,0.0,1272.7012,25,6.6034,4.4487
2022-03-25,1011010101,花叶类,132.493,132.493,0.0,764.0994,25,5.7671,3.6622
2022-03-27,1011010101,花叶类,140.651,140.651,0.0,1103.7378,25,7.8473,5.0813
2022-04-13,1011010101,花叶类,100.363,100.363,0.0,650.2318,25,6.4788,3.6493
2022-04-16,1011010101,花叶类,124.808,124.808,0.0,651.143,25,5.2172,3.1447
2022-04-29,1011010101,花叶类,106.05199999999999,106.05199999999999,0.0,519.2018,25,4.8957,2.8497
2022-11-19,1011010101,花叶类,1265.473,1265.473,0.0,3715.4856,25,2.936,1.0952
2022-02-19,1011010504,辣椒类,84.40899999999999,84.40899999999999,0.0,644.9956,16,7.6413,5.7955
2022-02-26,1011010504,辣椒类,96.277,96.277,0.0,1020.8488,16,10.6032,8.185
2022-03-02,1011010504,辣椒类,69.755,69.755,0.0,740.0594,16,10.6094,7.4749
2022-03-12,1011010504,辣椒类,95.029,95.029,0.0,1139.0744,16,11.9866,8.6071
2022-03-13,1011010504,辣椒类,77.903,77.903,0.0,986.548,16,12.6638,8.4087
2022-03-17,1011010504,辣椒类,84.519,84.519,0.0,920.2844,16,10.8885,7.5606
2022-03-27,1011010504,辣椒类,89.283,89.283,0.0,1266.2438,16,14.1824,10.9177
2022-04-08,1011010504,辣椒类,36.973,36.973,0.0,360.5274,16,9.7511,6.9782
2022-04-22,1011010504,辣椒类,69.833,69.833,0.0,690.4784,16,9.8876,6.9926
2022-02-22,1011010504,辣椒类,83.428,83.428,0.0,750.9346,15,9.001,6.1002
2022-03-11,1011010504,辣椒类,53.281,53.281,0.0,581.6292,15,10.9163,8.4182
2022-03-18,1011010504,辣椒类,94.461,94.461,0.0,1155.2118,15,12.2295,8.693
2022-03-20,1011010504,辣椒类,105.56599999999999,105.56599999999999,0.0,1666.1534,15,15.7831,10.5545
2022-03-23,1011010504,辣椒类,82.278,82.278,0.0,1163.4533000000001,15,14.1405,9.4295
2022-03-28,1011010504,辣椒类,64.16,64.16,0.0,769.4396,15,11.9925,8.7735
2022-03-30,1011010504,辣椒类,69.721,69.721,0.0,974.4091999999999,15,13.9758,9.7672
2022-04-02,1011010504,辣椒类,71.349,71.349,0.0,942.9616,15,13.2162,9.1896
2022-04-03,1011010504,辣椒类,96.131,96.131,0.0,1107.3378,15,11.519,8.9993
2022-04-05,1011010504,辣椒类,38.664,38.664,0.0,551.1934,15,14.256,10.6116
2022-04-09,1011010504,辣椒类,133.106,133.106,0.0,1411.298,15,10.6028,8.0794
2022-04-13,1011010504,辣椒类,76.95,76.95,0.0,939.6642,15,12.2114,8.8766
2022-04-16,1011010504,辣椒类,84.376,84.376,0.0,1007.7892,15,11.944,7.559
2022-04-17,1011010504,辣椒类,85.746,85.746,0.0,900.8538000000001,15,10.5061,6.9798
2022-04-19,1011010504,辣椒类,53.306,53.306,0.0,630.2574,15,11.8234,7.3422
2022-04-24,1011010504,辣椒类,63.739000000000004,63.739000000000004,0.0,531.8552,15,8.3443,7.3732
2022-04-29,1011010504,辣椒类,96.804,96.804,0.0,756.4174,15,7.8139,5.1073
2022-07-12,1011010504,辣椒类,49.014,49.014,0.0,566.7348000000001,15,11.5627,7.7095
2022-07-13,1011010504,辣椒类,57.841,57.841,0.0,478.78340000000003,15,8.2776,5.4783
2022-07-16,1011010504,辣椒类,73.235,73.235,0.0,819.6466,15,11.192,6.9174
2022-07-23,1011010504,辣椒类,128.405,128.405,0.0,841.2851,15,6.5518,4.0915
2022-07-27,1011010504,辣椒类,108.891,108.891,0.0,630.673,15,5.7918,3.1368
2022-07-28,1011010504,辣椒类,116.81,116.81,0.0,689.081,15,5.8992,3.3147
2022-08-02,1011010504,辣椒类,122.28399999999999,122.28399999999999,0.0,579.9284,15,4.7425,2.7204
2022-08-17,1011010504,辣椒类,146.131,146.131,0.0,689.5565,15,4.7188,2.4987
2022-09-02,1011010504,辣椒类,103.825,103.825,0.0,532.366,15,5.1275,3.2752
2022-05-02,1011010504,辣椒类,57.464,57.464,0.0,462.40799999999996,5,8.0469,5.0461
2022-05-07,1011010504,辣椒类,86.212,86.212,0.0,548.458,5,6.3617,4.382
2022-05-08,1011010504,辣椒类,86.554,86.554,0.0,579.6204,5,6.6966,3.948
2022-05-09,1011010504,辣椒类,55.772999999999996,55.772999999999996,0.0,399.5404,5,7.1637,4.2167
2022-05-10,1011010504,辣椒类,59.294000000000004,59.294000000000004,0.0,401.5956,5,6.773,4.4497
2022-05-12,1011010504,辣椒类,37.193000000000005,37.193000000000005,0.0,280.3704,5,7.5383,4.8361
2022-05-13,1011010504,辣椒类,58.386,58.386,0.0,451.2604,5,7.7289,4.8069
2022-05-14,1011010504,辣椒类,79.242,79.242,0.0,524.406,5,6.6178,4.161
2022-05-15,1011010504,辣椒类,63.751000000000005,63.751000000000005,0.0,451.3036,5,7.0792,4.1874
2022-05-16,1011010504,辣椒类,41.681,41.681,0.0,299.7452,5,7.1914,4.2105
2022-05-17,1011010504,辣椒类,41.52,41.52,0.0,291.5116,5,7.021,4.3978
2022-05-18,1011010504,辣椒类,40.714,40.714,0.0,282.69759999999997,5,6.9435,4.2869
2022-05-19,1011010504,辣椒类,31.665999999999997,31.665999999999997,0.0,253.30599999999998,5,7.9993,4.4057
2022-05-20,1011010504,辣椒类,37.853,37.853,0.0,281.258,5,7.4303,4.5438
2022-05-21,1011010504,辣椒类,45.846999999999994,45.846999999999994,0.0,335.7432,5,7.3231,4.9852
2022-05-24,1011010504,辣椒类,32.071999999999996,32.071999999999996,0.0,214.114,5,6.676,4.9226
2022-05-29,1011010504,辣椒类,62.521,62.521,0.0,362.09000000000003,5,5.7915,3.6979
2022-05-30,1011010504,辣椒类,31.081,31.081,0.0,161.192,5,5.1862,3.5812
2022-05-31,1011010504,辣椒类,38.356,38.356,0.0,194.49200000000002,5,5.0707,2.941
2022-06-01,1011010504,辣椒类,43.718,43.718,0.0,259.9596,5,5.9463,3.4948
2022-06-02,1011010504,辣椒类,47.188,47.188,0.0,257.5942,5,5.4589,3.3461
2022-06-03,1011010504,辣椒类,69.903,69.903,0.0,377.3274,5,5.3979,3.8411
2022-06-04,1011010504,辣椒类,38.876000000000005,38.876000000000005,0.0,216.90240000000003,5,5.5793,3.3916
2022-06-05,1011010504,辣椒类,41.001,41.001,0.0,237.3812,5,5.7896,3.3107
2022-06-07,1011010504,辣椒类,38.975,38.975,0.0,201.5864,5,5.1722,3.3419
2022-06-08,1011010504,辣椒类,40.959,40.959,0.0,221.52,5,5.4083,3.4141
2022-06-09,1011010504,辣椒类,41.650999999999996,41.650999999999996,0.0,209.09720000000002,5,5.0202,3.4263
2022-06-10,1011010504,辣椒类,37.531,37.531,0.0,202.0308,5,5.383,3.2981
2022-06-11,1011010504,辣椒类,61.053999999999995,61.053999999999995,0.0,312.1852,5,5.1133,2.9964
2022-06-12,1011010504,辣椒类,67.529,67.529,0.0,323.3824,5,4.7888,2.6823
2022-06-13,1011010504,辣椒类,29.923,29.923,0.0,154.1124,5,5.1503,3.4049
2022-06-14,1011010504,辣椒类,29.213,29.213,0.0,151.41320000000002,5,5.1831,3.4476
2022-06-17,1011010504,辣椒类,47.1,47.1,0.0,236.4708,5,5.0206,3.2508
2022-12-07,1011010504,辣椒类,82.55,82.55,0.0,269.23220000000003,5,3.2614,1.4063
2022-06-25,1011010402,水生根茎类,40.332,40.332,0.0,459.5476,6,11.3941,7.5551
2022-06-28,1011010402,水生根茎类,19.500999999999998,19.500999999999998,0.0,278.0434,6,14.2579,9.24
2022-07-09,1011010402,水生根茎类,44.591,44.591,0.0,613.4956,6,13.7583,8.6178
2022-07-19,1011010402,水生根茎类,90.19,90.19,0.0,564.6268,6,6.2604,4.1427
2022-07-21,1011010402,水生根茎类,75.92,75.92,0.0,649.4168,6,8.554,5.6671
2022-07-22,1011010402,水生根茎类,44.43,44.43,0.0,529.7936,6,11.9242,7.7857
2022-07-30,1011010402,水生根茎类,71.29299999999999,71.29299999999999,0.0,683.9091999999999,6,9.5929,6.377
2022-08-14,1011010402,水生根茎类,97.04400000000001,97.04400000000001,0.0,887.806,6,9.1485,5.9282
2022-08-16,1011010402,水生根茎类,69.881,69.881,0.0,585.3552,6,8.3765,5.3497
2022-08-17,1011010402,水生根茎类,104.095,104.095,0.0,648.7412,6,6.2322,4.4702
2022-08-18,1011010402,水生根茎类,81.503,81.503,0.0,623.9322,6,7.6553,5.3785
2022-08-19,1011010402,水生根茎类,144.451,144.451,0.0,1110.2574,6,7.6861,5.4955
2022-09-17,1011010402,水生根茎类,50.024,50.024,0.0,436.579,6,8.7274,6.3367
